
> cuentos-killa-fe@0.0.0 test
> ng test

node.exe : - Generating browser application bundles (phase: setup)...
En C:\Program Files\nodejs\npm.ps1: 29 Carácter: 3
+   & $NODE_EXE $NPM_CLI_JS $args
+   ~~~~~~~~~~~~~~~~~~~~~~~~~~~~~
    + CategoryInfo          : NotSpecified: (- Generating br...hase: setup)...:String) [], RemoteException
    + FullyQualifiedErrorId : NativeCommandError
 
ÔêÜ Browser application bundle generation complete.
[33m27 02 2026 16:11:09.434:WARN [karma]: [39mNo captured browser, open http://localhost:9881/
[32m27 02 2026 16:11:09.478:INFO [karma-server]: [39mKarma v6.4.4 server started at http://localhost:9881/
[32m27 02 2026 16:11:09.478:INFO [launcher]: [39mLaunching browsers Chrome with concurrency unlimited
[32m27 02 2026 16:11:09.486:INFO [launcher]: [39mStarting browser Chrome
[32m27 02 2026 16:11:10.379:INFO [Chrome 145.0.0.0 (Windows 10)]: [39mConnected on socket mEPi8ALknOFk3Yl2AAAB with id 4880472
Chrome 145.0.0.0 (Windows 10): Executed 0 of 77[32m SUCCESS[39m (0 secs / 0 secs)
[1A[2K[31mChrome 145.0.0.0 (Windows 10) LoginComponent should create FAILED[39m
	NullInjectorError: R3InjectorError(Standalone[LoginComponent])[ActivatedRoute -> ActivatedRoute -> ActivatedRoute]: 
	  NullInjectorError: No provider for ActivatedRoute!
	error properties: Object({ ngTempTokenPath: null, ngTokenPath: [ 'ActivatedRoute', 'ActivatedRoute', 'ActivatedRoute' ] })
	    at NullInjector.get (node_modules/@angular/core/fesm2022/core.mjs:1663:27)
	    at R3Injector.get (node_modules/@angular/core/fesm2022/core.mjs:3109:33)
	    at R3Injector.get (node_modules/@angular/core/fesm2022/core.mjs:3109:33)
	    at R3Injector.get (node_modules/@angular/core/fesm2022/core.mjs:3109:33)
	    at ChainedInjector.get (node_modules/@angular/core/fesm2022/core.mjs:5454:36)
	    at lookupTokenUsingModuleInjector (node_modules/@angular/core/fesm2022/core.mjs:5807:39)
	    at getOrCreateInjectable (node_modules/@angular/core/fesm2022/core.mjs:5855:12)
	    at ╔Á╔ÁdirectiveInject (node_modules/@angular/core/fesm2022/core.mjs:11933:19)
	    at NodeInjectorFactory.factory (ng:///LoginComponent/╔Áfac.js:5:45)
	    at getNodeInjectable (node_modules/@angular/core/fesm2022/core.mjs:6067:44)
Chrome 145.0.0.0 (Windows 10): Executed 1 of 77[31m (1 FAILED)[39m (0 secs / 0.074 secs)
[1A[2K[31mChrome 145.0.0.0 (Windows 10) PagoComponent ngOnInit - Mercado Pago Callback should confirm payment if collection_status is "approved" and external_reference matches pedidoId FAILED[39m
	Error: <spyOnProperty> : location is not declared configurable
	Usage: spyOnProperty(<object>, <propName>, [accessType])
	    at <Jasmine>
	    at UserContext.<anonymous> (src/app/components/pages/pago/pago.component.spec.ts:71:17)
	    at Generator.next (<anonymous>)
	    at asyncGeneratorStep (node_modules/@babel/runtime/helpers/esm/asyncToGenerator.js:3:1)
	    at apply (node_modules/@babel/runtime/helpers/esm/asyncToGenerator.js:17:1)
	    at _ZoneDelegate.invoke (node_modules/zone.js/fesm2015/zone.js:369:28)
	    at ProxyZoneSpec.onInvoke (node_modules/zone.js/fesm2015/zone-testing.js:2081:39)
	    at _ZoneDelegate.invoke (node_modules/zone.js/fesm2015/zone.js:368:34)
Chrome 145.0.0.0 (Windows 10): Executed 2 of 77[31m (2 FAILED)[39m (0 secs / 0.118 secs)
[1A[2K[31mChrome 145.0.0.0 (Windows 10) PagoComponent ngOnInit - Mercado Pago Callback should handle error if confirmarPagoMercadoPago fails FAILED[39m
	Error: <spyOnProperty> : location is not declared configurable
	Usage: spyOnProperty(<object>, <propName>, [accessType])
	    at <Jasmine>
	    at UserContext.<anonymous> (src/app/components/pages/pago/pago.component.spec.ts:71:17)
	    at Generator.next (<anonymous>)
	    at asyncGeneratorStep (node_modules/@babel/runtime/helpers/esm/asyncToGenerator.js:3:1)
	    at apply (node_modules/@babel/runtime/helpers/esm/asyncToGenerator.js:17:1)
	    at _ZoneDelegate.invoke (node_modules/zone.js/fesm2015/zone.js:369:28)
	    at ProxyZoneSpec.onInvoke (node_modules/zone.js/fesm2015/zone-testing.js:2081:39)
	    at _ZoneDelegate.invoke (node_modules/zone.js/fesm2015/zone.js:368:34)
Chrome 145.0.0.0 (Windows 10): Executed 3 of 77[31m (3 FAILED)[39m (0 secs / 0.122 secs)
[1A[2K[31mChrome 145.0.0.0 (Windows 10) PagoComponent ngOnInit - Mercado Pago Callback should show info message if payment status is not "approved" but external_reference matches FAILED[39m
	Error: <spyOnProperty> : location is not declared configurable
	Usage: spyOnProperty(<object>, <propName>, [accessType])
	    at <Jasmine>
	    at UserContext.<anonymous> (src/app/components/pages/pago/pago.component.spec.ts:71:17)
	    at Generator.next (<anonymous>)
	    at asyncGeneratorStep (node_modules/@babel/runtime/helpers/esm/asyncToGenerator.js:3:1)
	    at apply (node_modules/@babel/runtime/helpers/esm/asyncToGenerator.js:17:1)
	    at _ZoneDelegate.invoke (node_modules/zone.js/fesm2015/zone.js:369:28)
	    at ProxyZoneSpec.onInvoke (node_modules/zone.js/fesm2015/zone-testing.js:2081:39)
	    at _ZoneDelegate.invoke (node_modules/zone.js/fesm2015/zone.js:368:34)
Chrome 145.0.0.0 (Windows 10): Executed 4 of 77[31m (4 FAILED)[39m (0 secs / 0.125 secs)
[1A[2K[31mChrome 145.0.0.0 (Windows 10) PagoComponent ngOnInit - Mercado Pago Callback should NOT confirm payment if external_reference does not match pedidoId FAILED[39m
	Error: <spyOnProperty> : location is not declared configurable
	Usage: spyOnProperty(<object>, <propName>, [accessType])
	    at <Jasmine>
	    at UserContext.<anonymous> (src/app/components/pages/pago/pago.component.spec.ts:71:17)
	    at Generator.next (<anonymous>)
	    at asyncGeneratorStep (node_modules/@babel/runtime/helpers/esm/asyncToGenerator.js:3:1)
	    at apply (node_modules/@babel/runtime/helpers/esm/asyncToGenerator.js:17:1)
	    at _ZoneDelegate.invoke (node_modules/zone.js/fesm2015/zone.js:369:28)
	    at ProxyZoneSpec.onInvoke (node_modules/zone.js/fesm2015/zone-testing.js:2081:39)
	    at _ZoneDelegate.invoke (node_modules/zone.js/fesm2015/zone.js:368:34)
Chrome 145.0.0.0 (Windows 10): Executed 5 of 77[31m (5 FAILED)[39m (0 secs / 0.129 secs)
[1A[2K[31mChrome 145.0.0.0 (Windows 10) PagoComponent ngOnInit - Mercado Pago Callback should not call confirmarPagoMercadoPago if no relevant query params are present FAILED[39m
	Error: <spyOnProperty> : location is not declared configurable
	Usage: spyOnProperty(<object>, <propName>, [accessType])
	    at <Jasmine>
	    at UserContext.<anonymous> (src/app/components/pages/pago/pago.component.spec.ts:71:17)
	    at Generator.next (<anonymous>)
	    at asyncGeneratorStep (node_modules/@babel/runtime/helpers/esm/asyncToGenerator.js:3:1)
	    at apply (node_modules/@babel/runtime/helpers/esm/asyncToGenerator.js:17:1)
	    at _ZoneDelegate.invoke (node_modules/zone.js/fesm2015/zone.js:369:28)
	    at ProxyZoneSpec.onInvoke (node_modules/zone.js/fesm2015/zone-testing.js:2081:39)
	    at _ZoneDelegate.invoke (node_modules/zone.js/fesm2015/zone.js:368:34)
Chrome 145.0.0.0 (Windows 10): Executed 6 of 77[31m (6 FAILED)[39m (0 secs / 0.132 secs)
[1A[2K[31mChrome 145.0.0.0 (Windows 10) PagoComponent ngOnInit - Mercado Pago Callback should NOT confirm payment if collection_status is not "approved" FAILED[39m
	Error: <spyOnProperty> : location is not declared configurable
	Usage: spyOnProperty(<object>, <propName>, [accessType])
	    at <Jasmine>
	    at UserContext.<anonymous> (src/app/components/pages/pago/pago.component.spec.ts:71:17)
	    at Generator.next (<anonymous>)
	    at asyncGeneratorStep (node_modules/@babel/runtime/helpers/esm/asyncToGenerator.js:3:1)
	    at apply (node_modules/@babel/runtime/helpers/esm/asyncToGenerator.js:17:1)
	    at _ZoneDelegate.invoke (node_modules/zone.js/fesm2015/zone.js:369:28)
	    at ProxyZoneSpec.onInvoke (node_modules/zone.js/fesm2015/zone-testing.js:2081:39)
	    at _ZoneDelegate.invoke (node_modules/zone.js/fesm2015/zone.js:368:34)
Chrome 145.0.0.0 (Windows 10): Executed 7 of 77[31m (7 FAILED)[39m (0 secs / 0.135 secs)
[1A[2K[31mChrome 145.0.0.0 (Windows 10) PagoComponent should create FAILED[39m
	Error: <spyOnProperty> : location is not declared configurable
	Usage: spyOnProperty(<object>, <propName>, [accessType])
	    at <Jasmine>
	    at UserContext.<anonymous> (src/app/components/pages/pago/pago.component.spec.ts:71:17)
	    at Generator.next (<anonymous>)
	    at asyncGeneratorStep (node_modules/@babel/runtime/helpers/esm/asyncToGenerator.js:3:1)
	    at apply (node_modules/@babel/runtime/helpers/esm/asyncToGenerator.js:17:1)
	    at _ZoneDelegate.invoke (node_modules/zone.js/fesm2015/zone.js:369:28)
	    at ProxyZoneSpec.onInvoke (node_modules/zone.js/fesm2015/zone-testing.js:2081:39)
	    at _ZoneDelegate.invoke (node_modules/zone.js/fesm2015/zone.js:368:34)
Chrome 145.0.0.0 (Windows 10): Executed 8 of 77[31m (8 FAILED)[39m (0 secs / 0.137 secs)
[1A[2K[31mChrome 145.0.0.0 (Windows 10) PagoComponent should fetch order status on init FAILED[39m
	Error: <spyOnProperty> : location is not declared configurable
	Usage: spyOnProperty(<object>, <propName>, [accessType])
	    at <Jasmine>
	    at UserContext.<anonymous> (src/app/components/pages/pago/pago.component.spec.ts:71:17)
	    at Generator.next (<anonymous>)
	    at asyncGeneratorStep (node_modules/@babel/runtime/helpers/esm/asyncToGenerator.js:3:1)
	    at apply (node_modules/@babel/runtime/helpers/esm/asyncToGenerator.js:17:1)
	    at _ZoneDelegate.invoke (node_modules/zone.js/fesm2015/zone.js:369:28)
	    at ProxyZoneSpec.onInvoke (node_modules/zone.js/fesm2015/zone-testing.js:2081:39)
	    at _ZoneDelegate.invoke (node_modules/zone.js/fesm2015/zone.js:368:34)
Chrome 145.0.0.0 (Windows 10): Executed 9 of 77[31m (9 FAILED)[39m (0 secs / 0.14 secs)
[1A[2K[31mChrome 145.0.0.0 (Windows 10) PagoComponent pagarConMercadoPagoConfirmado should redirect to the correct Mercado Pago URL FAILED[39m
	Error: <spyOnProperty> : location is not declared configurable
	Usage: spyOnProperty(<object>, <propName>, [accessType])
	    at <Jasmine>
	    at UserContext.<anonymous> (src/app/components/pages/pago/pago.component.spec.ts:71:17)
	    at Generator.next (<anonymous>)
	    at asyncGeneratorStep (node_modules/@babel/runtime/helpers/esm/asyncToGenerator.js:3:1)
	    at apply (node_modules/@babel/runtime/helpers/esm/asyncToGenerator.js:17:1)
	    at _ZoneDelegate.invoke (node_modules/zone.js/fesm2015/zone.js:369:28)
	    at ProxyZoneSpec.onInvoke (node_modules/zone.js/fesm2015/zone-testing.js:2081:39)
	    at _ZoneDelegate.invoke (node_modules/zone.js/fesm2015/zone.js:368:34)
Chrome 145.0.0.0 (Windows 10): Executed 10 of 77[31m (10 FAILED)[39m (0 secs / 0.143 secs)
[1A[2K[31mChrome 145.0.0.0 (Windows 10) VoucherComponent should create FAILED[39m
	NullInjectorError: R3InjectorError(Standalone[VoucherComponent])[PedidoService -> PedidoService -> HttpClient -> HttpClient]: 
	  NullInjectorError: No provider for HttpClient!
	error properties: Object({ ngTempTokenPath: null, ngTokenPath: [ 'PedidoService', 'PedidoService', 'HttpClient', 'HttpClient' ] })
	    at NullInjector.get (node_modules/@angular/core/fesm2022/core.mjs:1663:27)
	    at R3Injector.get (node_modules/@angular/core/fesm2022/core.mjs:3109:33)
	    at R3Injector.get (node_modules/@angular/core/fesm2022/core.mjs:3109:33)
	    at injectInjectorOnly (node_modules/@angular/core/fesm2022/core.mjs:1107:40)
	    at ╔Á╔Áinject (node_modules/@angular/core/fesm2022/core.mjs:1113:60)
	    at Object.factory (ng:///PedidoService/╔Áfac.js:4:57)
	    at callback (node_modules/@angular/core/fesm2022/core.mjs:3237:47)
	    at runInInjectorProfilerContext (node_modules/@angular/core/fesm2022/core.mjs:872:9)
	    at R3Injector.hydrate (node_modules/@angular/core/fesm2022/core.mjs:3236:21)
	    at R3Injector.get (node_modules/@angular/core/fesm2022/core.mjs:3099:33)
Chrome 145.0.0.0 (Windows 10): Executed 11 of 77[31m (11 FAILED)[39m (0 secs / 0.147 secs)
[1A[2K[31mChrome 145.0.0.0 (Windows 10) OrderListComponent should create FAILED[39m
	Error: Unexpected "OrderListComponent" found in the "declarations" array of the "TestBed.configureTestingModule" call, "OrderListComponent" is marked as standalone and can't be declared in any NgModule - did you intend to import it instead (by adding it to the "imports" array)?
	    at forEach (node_modules/@angular/core/fesm2022/testing.mjs:798:23)
	    at Array.forEach (<anonymous>)
	    at assertNoStandaloneComponents (node_modules/@angular/core/fesm2022/testing.mjs:794:11)
	    at TestBedCompiler.configureTestingModule (node_modules/@angular/core/fesm2022/testing.mjs:869:13)
	    at TestBedImpl.configureTestingModule (node_modules/@angular/core/fesm2022/testing.mjs:1962:23)
	    at TestBedImpl.configureTestingModule (node_modules/@angular/core/fesm2022/testing.mjs:1789:37)
	    at UserContext.<anonymous> (src/app/components/pages/order-list/order-list.component.spec.ts:27:19)
	    at Generator.next (<anonymous>)
	    at asyncGeneratorStep (node_modules/@babel/runtime/helpers/esm/asyncToGenerator.js:3:1)
	    at _next (node_modules/@babel/runtime/helpers/esm/asyncToGenerator.js:17:1)
Chrome 145.0.0.0 (Windows 10): Executed 12 of 77[31m (12 FAILED)[39m (0 secs / 0.148 secs)
[1A[2K[31mChrome 145.0.0.0 (Windows 10) OrderListComponent Template Rendering should render order cards when pedidos has data FAILED[39m
	Error: Unexpected "OrderListComponent" found in the "declarations" array of the "TestBed.configureTestingModule" call, "OrderListComponent" is marked as standalone and can't be declared in any NgModule - did you intend to import it instead (by adding it to the "imports" array)?
	    at forEach (node_modules/@angular/core/fesm2022/testing.mjs:798:23)
	    at Array.forEach (<anonymous>)
	    at assertNoStandaloneComponents (node_modules/@angular/core/fesm2022/testing.mjs:794:11)
	    at TestBedCompiler.configureTestingModule (node_modules/@angular/core/fesm2022/testing.mjs:869:13)
	    at TestBedImpl.configureTestingModule (node_modules/@angular/core/fesm2022/testing.mjs:1962:23)
	    at TestBedImpl.configureTestingModule (node_modules/@angular/core/fesm2022/testing.mjs:1789:37)
	    at UserContext.<anonymous> (src/app/components/pages/order-list/order-list.component.spec.ts:27:19)
	    at Generator.next (<anonymous>)
	    at asyncGeneratorStep (node_modules/@babel/runtime/helpers/esm/asyncToGenerator.js:3:1)
	    at _next (node_modules/@babel/runtime/helpers/esm/asyncToGenerator.js:17:1)
Chrome 145.0.0.0 (Windows 10): Executed 13 of 77[31m (13 FAILED)[39m (0 secs / 0.148 secs)
[1A[2K[31mChrome 145.0.0.0 (Windows 10) OrderListComponent Template Rendering should display "A├║n no tienes pedidos." when pedidos is empty and not loading and no error FAILED[39m
	Error: Unexpected "OrderListComponent" found in the "declarations" array of the "TestBed.configureTestingModule" call, "OrderListComponent" is marked as standalone and can't be declared in any NgModule - did you intend to import it instead (by adding it to the "imports" array)?
	    at forEach (node_modules/@angular/core/fesm2022/testing.mjs:798:23)
	    at Array.forEach (<anonymous>)
	    at assertNoStandaloneComponents (node_modules/@angular/core/fesm2022/testing.mjs:794:11)
	    at TestBedCompiler.configureTestingModule (node_modules/@angular/core/fesm2022/testing.mjs:869:13)
	    at TestBedImpl.configureTestingModule (node_modules/@angular/core/fesm2022/testing.mjs:1962:23)
	    at TestBedImpl.configureTestingModule (node_modules/@angular/core/fesm2022/testing.mjs:1789:37)
	    at UserContext.<anonymous> (src/app/components/pages/order-list/order-list.component.spec.ts:27:19)
	    at Generator.next (<anonymous>)
	    at asyncGeneratorStep (node_modules/@babel/runtime/helpers/esm/asyncToGenerator.js:3:1)
	    at _next (node_modules/@babel/runtime/helpers/esm/asyncToGenerator.js:17:1)
Chrome 145.0.0.0 (Windows 10): Executed 14 of 77[31m (14 FAILED)[39m (0 secs / 0.148 secs)
[1A[2K[31mChrome 145.0.0.0 (Windows 10) OrderListComponent Template Rendering should display "Pedidos" title FAILED[39m
	Error: Unexpected "OrderListComponent" found in the "declarations" array of the "TestBed.configureTestingModule" call, "OrderListComponent" is marked as standalone and can't be declared in any NgModule - did you intend to import it instead (by adding it to the "imports" array)?
	    at forEach (node_modules/@angular/core/fesm2022/testing.mjs:798:23)
	    at Array.forEach (<anonymous>)
	    at assertNoStandaloneComponents (node_modules/@angular/core/fesm2022/testing.mjs:794:11)
	    at TestBedCompiler.configureTestingModule (node_modules/@angular/core/fesm2022/testing.mjs:869:13)
	    at TestBedImpl.configureTestingModule (node_modules/@angular/core/fesm2022/testing.mjs:1962:23)
	    at TestBedImpl.configureTestingModule (node_modules/@angular/core/fesm2022/testing.mjs:1789:37)
	    at UserContext.<anonymous> (src/app/components/pages/order-list/order-list.component.spec.ts:27:19)
	    at Generator.next (<anonymous>)
	    at asyncGeneratorStep (node_modules/@babel/runtime/helpers/esm/asyncToGenerator.js:3:1)
	    at _next (node_modules/@babel/runtime/helpers/esm/asyncToGenerator.js:17:1)
Chrome 145.0.0.0 (Windows 10): Executed 15 of 77[31m (15 FAILED)[39m (0 secs / 0.149 secs)
[1A[2K[31mChrome 145.0.0.0 (Windows 10) OrderListComponent Template Rendering should display error message when errorMensaje is set FAILED[39m
	Error: Unexpected "OrderListComponent" found in the "declarations" array of the "TestBed.configureTestingModule" call, "OrderListComponent" is marked as standalone and can't be declared in any NgModule - did you intend to import it instead (by adding it to the "imports" array)?
	    at forEach (node_modules/@angular/core/fesm2022/testing.mjs:798:23)
	    at Array.forEach (<anonymous>)
	    at assertNoStandaloneComponents (node_modules/@angular/core/fesm2022/testing.mjs:794:11)
	    at TestBedCompiler.configureTestingModule (node_modules/@angular/core/fesm2022/testing.mjs:869:13)
	    at TestBedImpl.configureTestingModule (node_modules/@angular/core/fesm2022/testing.mjs:1962:23)
	    at TestBedImpl.configureTestingModule (node_modules/@angular/core/fesm2022/testing.mjs:1789:37)
	    at UserContext.<anonymous> (src/app/components/pages/order-list/order-list.component.spec.ts:27:19)
	    at Generator.next (<anonymous>)
	    at asyncGeneratorStep (node_modules/@babel/runtime/helpers/esm/asyncToGenerator.js:3:1)
	    at _next (node_modules/@babel/runtime/helpers/esm/asyncToGenerator.js:17:1)
Chrome 145.0.0.0 (Windows 10): Executed 16 of 77[31m (16 FAILED)[39m (0 secs / 0.15 secs)
[1A[2K[31mChrome 145.0.0.0 (Windows 10) OrderListComponent Template Rendering should display "Cargando pedidos..." when isLoading is true FAILED[39m
	Error: Unexpected "OrderListComponent" found in the "declarations" array of the "TestBed.configureTestingModule" call, "OrderListComponent" is marked as standalone and can't be declared in any NgModule - did you intend to import it instead (by adding it to the "imports" array)?
	    at forEach (node_modules/@angular/core/fesm2022/testing.mjs:798:23)
	    at Array.forEach (<anonymous>)
	    at assertNoStandaloneComponents (node_modules/@angular/core/fesm2022/testing.mjs:794:11)
	    at TestBedCompiler.configureTestingModule (node_modules/@angular/core/fesm2022/testing.mjs:869:13)
	    at TestBedImpl.configureTestingModule (node_modules/@angular/core/fesm2022/testing.mjs:1962:23)
	    at TestBedImpl.configureTestingModule (node_modules/@angular/core/fesm2022/testing.mjs:1789:37)
	    at UserContext.<anonymous> (src/app/components/pages/order-list/order-list.component.spec.ts:27:19)
	    at Generator.next (<anonymous>)
	    at asyncGeneratorStep (node_modules/@babel/runtime/helpers/esm/asyncToGenerator.js:3:1)
	    at _next (node_modules/@babel/runtime/helpers/esm/asyncToGenerator.js:17:1)
Chrome 145.0.0.0 (Windows 10): Executed 17 of 77[31m (17 FAILED)[39m (0 secs / 0.151 secs)
[1A[2K[31mChrome 145.0.0.0 (Windows 10) OrderListComponent Template Rendering should call irAPago when primary action button is clicked FAILED[39m
	Error: Unexpected "OrderListComponent" found in the "declarations" array of the "TestBed.configureTestingModule" call, "OrderListComponent" is marked as standalone and can't be declared in any NgModule - did you intend to import it instead (by adding it to the "imports" array)?
	    at forEach (node_modules/@angular/core/fesm2022/testing.mjs:798:23)
	    at Array.forEach (<anonymous>)
	    at assertNoStandaloneComponents (node_modules/@angular/core/fesm2022/testing.mjs:794:11)
	    at TestBedCompiler.configureTestingModule (node_modules/@angular/core/fesm2022/testing.mjs:869:13)
	    at TestBedImpl.configureTestingModule (node_modules/@angular/core/fesm2022/testing.mjs:1962:23)
	    at TestBedImpl.configureTestingModule (node_modules/@angular/core/fesm2022/testing.mjs:1789:37)
	    at UserContext.<anonymous> (src/app/components/pages/order-list/order-list.component.spec.ts:27:19)
	    at Generator.next (<anonymous>)
	    at asyncGeneratorStep (node_modules/@babel/runtime/helpers/esm/asyncToGenerator.js:3:1)
	    at _next (node_modules/@babel/runtime/helpers/esm/asyncToGenerator.js:17:1)
Chrome 145.0.0.0 (Windows 10): Executed 18 of 77[31m (18 FAILED)[39m (0 secs / 0.152 secs)
[1A[2K[31mChrome 145.0.0.0 (Windows 10) OrderListComponent verDetalle should navigate to the order detail page with the correct pedidoId FAILED[39m
	Error: Unexpected "OrderListComponent" found in the "declarations" array of the "TestBed.configureTestingModule" call, "OrderListComponent" is marked as standalone and can't be declared in any NgModule - did you intend to import it instead (by adding it to the "imports" array)?
	    at forEach (node_modules/@angular/core/fesm2022/testing.mjs:798:23)
	    at Array.forEach (<anonymous>)
	    at assertNoStandaloneComponents (node_modules/@angular/core/fesm2022/testing.mjs:794:11)
	    at TestBedCompiler.configureTestingModule (node_modules/@angular/core/fesm2022/testing.mjs:869:13)
	    at TestBedImpl.configureTestingModule (node_modules/@angular/core/fesm2022/testing.mjs:1962:23)
	    at TestBedImpl.configureTestingModule (node_modules/@angular/core/fesm2022/testing.mjs:1789:37)
	    at UserContext.<anonymous> (src/app/components/pages/order-list/order-list.component.spec.ts:27:19)
	    at Generator.next (<anonymous>)
	    at asyncGeneratorStep (node_modules/@babel/runtime/helpers/esm/asyncToGenerator.js:3:1)
	    at _next (node_modules/@babel/runtime/helpers/esm/asyncToGenerator.js:17:1)
Chrome 145.0.0.0 (Windows 10): Executed 19 of 77[31m (19 FAILED)[39m (0 secs / 0.153 secs)
[1A[2K[31mChrome 145.0.0.0 (Windows 10) OrderListComponent ngOnInit should call pedidoService.getOrders and set isLoading to true initially, then false FAILED[39m
	Error: Unexpected "OrderListComponent" found in the "declarations" array of the "TestBed.configureTestingModule" call, "OrderListComponent" is marked as standalone and can't be declared in any NgModule - did you intend to import it instead (by adding it to the "imports" array)?
	    at forEach (node_modules/@angular/core/fesm2022/testing.mjs:798:23)
	    at Array.forEach (<anonymous>)
	    at assertNoStandaloneComponents (node_modules/@angular/core/fesm2022/testing.mjs:794:11)
	    at TestBedCompiler.configureTestingModule (node_modules/@angular/core/fesm2022/testing.mjs:869:13)
	    at TestBedImpl.configureTestingModule (node_modules/@angular/core/fesm2022/testing.mjs:1962:23)
	    at TestBedImpl.configureTestingModule (node_modules/@angular/core/fesm2022/testing.mjs:1789:37)
	    at UserContext.<anonymous> (src/app/components/pages/order-list/order-list.component.spec.ts:27:19)
	    at Generator.next (<anonymous>)
	    at asyncGeneratorStep (node_modules/@babel/runtime/helpers/esm/asyncToGenerator.js:3:1)
	    at _next (node_modules/@babel/runtime/helpers/esm/asyncToGenerator.js:17:1)
Chrome 145.0.0.0 (Windows 10): Executed 20 of 77[31m (20 FAILED)[39m (0 secs / 0.154 secs)
[1A[2K[31mChrome 145.0.0.0 (Windows 10) OrderListComponent ngOnInit should assign pedidos on successful data fetch FAILED[39m
	Error: Unexpected "OrderListComponent" found in the "declarations" array of the "TestBed.configureTestingModule" call, "OrderListComponent" is marked as standalone and can't be declared in any NgModule - did you intend to import it instead (by adding it to the "imports" array)?
	    at forEach (node_modules/@angular/core/fesm2022/testing.mjs:798:23)
	    at Array.forEach (<anonymous>)
	    at assertNoStandaloneComponents (node_modules/@angular/core/fesm2022/testing.mjs:794:11)
	    at TestBedCompiler.configureTestingModule (node_modules/@angular/core/fesm2022/testing.mjs:869:13)
	    at TestBedImpl.configureTestingModule (node_modules/@angular/core/fesm2022/testing.mjs:1962:23)
	    at TestBedImpl.configureTestingModule (node_modules/@angular/core/fesm2022/testing.mjs:1789:37)
	    at UserContext.<anonymous> (src/app/components/pages/order-list/order-list.component.spec.ts:27:19)
	    at Generator.next (<anonymous>)
	    at asyncGeneratorStep (node_modules/@babel/runtime/helpers/esm/asyncToGenerator.js:3:1)
	    at _next (node_modules/@babel/runtime/helpers/esm/asyncToGenerator.js:17:1)
Chrome 145.0.0.0 (Windows 10): Executed 21 of 77[31m (21 FAILED)[39m (0 secs / 0.155 secs)
[1A[2K[31mChrome 145.0.0.0 (Windows 10) OrderListComponent ngOnInit should set errorMensaje and isLoading to false if service call fails FAILED[39m
	Error: Unexpected "OrderListComponent" found in the "declarations" array of the "TestBed.configureTestingModule" call, "OrderListComponent" is marked as standalone and can't be declared in any NgModule - did you intend to import it instead (by adding it to the "imports" array)?
	    at forEach (node_modules/@angular/core/fesm2022/testing.mjs:798:23)
	    at Array.forEach (<anonymous>)
	    at assertNoStandaloneComponents (node_modules/@angular/core/fesm2022/testing.mjs:794:11)
	    at TestBedCompiler.configureTestingModule (node_modules/@angular/core/fesm2022/testing.mjs:869:13)
	    at TestBedImpl.configureTestingModule (node_modules/@angular/core/fesm2022/testing.mjs:1962:23)
	    at TestBedImpl.configureTestingModule (node_modules/@angular/core/fesm2022/testing.mjs:1789:37)
	    at UserContext.<anonymous> (src/app/components/pages/order-list/order-list.component.spec.ts:27:19)
	    at Generator.next (<anonymous>)
	    at asyncGeneratorStep (node_modules/@babel/runtime/helpers/esm/asyncToGenerator.js:3:1)
	    at _next (node_modules/@babel/runtime/helpers/esm/asyncToGenerator.js:17:1)
Chrome 145.0.0.0 (Windows 10): Executed 22 of 77[31m (22 FAILED)[39m (0 secs / 0.156 secs)
[1A[2K[31mChrome 145.0.0.0 (Windows 10) LayoutComponent should create FAILED[39m
	NullInjectorError: R3InjectorError(Standalone[LayoutComponent])[AuthService -> AuthService -> HttpClient -> HttpClient]: 
	  NullInjectorError: No provider for HttpClient!
	error properties: Object({ ngTempTokenPath: null, ngTokenPath: [ 'AuthService', 'AuthService', 'HttpClient', 'HttpClient' ] })
	    at NullInjector.get (node_modules/@angular/core/fesm2022/core.mjs:1663:27)
	    at R3Injector.get (node_modules/@angular/core/fesm2022/core.mjs:3109:33)
	    at R3Injector.get (node_modules/@angular/core/fesm2022/core.mjs:3109:33)
	    at injectInjectorOnly (node_modules/@angular/core/fesm2022/core.mjs:1107:40)
	    at ╔Á╔Áinject (node_modules/@angular/core/fesm2022/core.mjs:1113:60)
	    at Object.factory (ng:///AuthService/╔Áfac.js:4:55)
	    at callback (node_modules/@angular/core/fesm2022/core.mjs:3237:47)
	    at runInInjectorProfilerContext (node_modules/@angular/core/fesm2022/core.mjs:872:9)
	    at R3Injector.hydrate (node_modules/@angular/core/fesm2022/core.mjs:3236:21)
	    at R3Injector.get (node_modules/@angular/core/fesm2022/core.mjs:3099:33)
Chrome 145.0.0.0 (Windows 10): Executed 23 of 77[31m (23 FAILED)[39m (0 secs / 0.182 secs)
[1A[2KChrome 145.0.0.0 (Windows 10): Executed 24 of 77[31m (23 FAILED)[39m (0 secs / 0.195 secs)
[1A[2KChrome 145.0.0.0 (Windows 10): Executed 25 of 77[31m (23 FAILED)[39m (0 secs / 0.201 secs)
[1A[2KChrome 145.0.0.0 (Windows 10): Executed 26 of 77[31m (23 FAILED)[39m (0 secs / 0.205 secs)
[1A[2K[31mChrome 145.0.0.0 (Windows 10) OrderDetailComponent volverAPedidos should navigate to /pedidos FAILED[39m
	Error: Unexpected "OrderDetailComponent" found in the "declarations" array of the "TestBed.configureTestingModule" call, "OrderDetailComponent" is marked as standalone and can't be declared in any NgModule - did you intend to import it instead (by adding it to the "imports" array)?
	    at forEach (node_modules/@angular/core/fesm2022/testing.mjs:798:23)
	    at Array.forEach (<anonymous>)
	    at assertNoStandaloneComponents (node_modules/@angular/core/fesm2022/testing.mjs:794:11)
	    at TestBedCompiler.configureTestingModule (node_modules/@angular/core/fesm2022/testing.mjs:869:13)
	    at TestBedImpl.configureTestingModule (node_modules/@angular/core/fesm2022/testing.mjs:1962:23)
	    at TestBedImpl.configureTestingModule (node_modules/@angular/core/fesm2022/testing.mjs:1789:37)
	    at UserContext.<anonymous> (src/app/components/pages/order-detail/order-detail.component.spec.ts:48:19)
	    at Generator.next (<anonymous>)
	    at asyncGeneratorStep (node_modules/@babel/runtime/helpers/esm/asyncToGenerator.js:3:1)
	    at _next (node_modules/@babel/runtime/helpers/esm/asyncToGenerator.js:17:1)
Chrome 145.0.0.0 (Windows 10): Executed 27 of 77[31m (24 FAILED)[39m (0 secs / 0.205 secs)
[1A[2K[31mChrome 145.0.0.0 (Windows 10) OrderDetailComponent should create FAILED[39m
	Error: Unexpected "OrderDetailComponent" found in the "declarations" array of the "TestBed.configureTestingModule" call, "OrderDetailComponent" is marked as standalone and can't be declared in any NgModule - did you intend to import it instead (by adding it to the "imports" array)?
	    at forEach (node_modules/@angular/core/fesm2022/testing.mjs:798:23)
	    at Array.forEach (<anonymous>)
	    at assertNoStandaloneComponents (node_modules/@angular/core/fesm2022/testing.mjs:794:11)
	    at TestBedCompiler.configureTestingModule (node_modules/@angular/core/fesm2022/testing.mjs:869:13)
	    at TestBedImpl.configureTestingModule (node_modules/@angular/core/fesm2022/testing.mjs:1962:23)
	    at TestBedImpl.configureTestingModule (node_modules/@angular/core/fesm2022/testing.mjs:1789:37)
	    at UserContext.<anonymous> (src/app/components/pages/order-detail/order-detail.component.spec.ts:48:19)
	    at Generator.next (<anonymous>)
	    at asyncGeneratorStep (node_modules/@babel/runtime/helpers/esm/asyncToGenerator.js:3:1)
	    at _next (node_modules/@babel/runtime/helpers/esm/asyncToGenerator.js:17:1)
Chrome 145.0.0.0 (Windows 10): Executed 28 of 77[31m (25 FAILED)[39m (0 secs / 0.205 secs)
[1A[2K[31mChrome 145.0.0.0 (Windows 10) OrderDetailComponent Template Rendering should display "Pagar ahora" button if order status is PAGO_PENDIENTE FAILED[39m
	Error: Unexpected "OrderDetailComponent" found in the "declarations" array of the "TestBed.configureTestingModule" call, "OrderDetailComponent" is marked as standalone and can't be declared in any NgModule - did you intend to import it instead (by adding it to the "imports" array)?
	    at forEach (node_modules/@angular/core/fesm2022/testing.mjs:798:23)
	    at Array.forEach (<anonymous>)
	    at assertNoStandaloneComponents (node_modules/@angular/core/fesm2022/testing.mjs:794:11)
	    at TestBedCompiler.configureTestingModule (node_modules/@angular/core/fesm2022/testing.mjs:869:13)
	    at TestBedImpl.configureTestingModule (node_modules/@angular/core/fesm2022/testing.mjs:1962:23)
	    at TestBedImpl.configureTestingModule (node_modules/@angular/core/fesm2022/testing.mjs:1789:37)
	    at UserContext.<anonymous> (src/app/components/pages/order-detail/order-detail.component.spec.ts:48:19)
	    at Generator.next (<anonymous>)
	    at asyncGeneratorStep (node_modules/@babel/runtime/helpers/esm/asyncToGenerator.js:3:1)
	    at _next (node_modules/@babel/runtime/helpers/esm/asyncToGenerator.js:17:1)
Chrome 145.0.0.0 (Windows 10): Executed 29 of 77[31m (26 FAILED)[39m (0 secs / 0.205 secs)
[1A[2K[31mChrome 145.0.0.0 (Windows 10) OrderDetailComponent Template Rendering should display "Detalle del Pedido #ID" title FAILED[39m
	Error: Unexpected "OrderDetailComponent" found in the "declarations" array of the "TestBed.configureTestingModule" call, "OrderDetailComponent" is marked as standalone and can't be declared in any NgModule - did you intend to import it instead (by adding it to the "imports" array)?
	    at forEach (node_modules/@angular/core/fesm2022/testing.mjs:798:23)
	    at Array.forEach (<anonymous>)
	    at assertNoStandaloneComponents (node_modules/@angular/core/fesm2022/testing.mjs:794:11)
	    at TestBedCompiler.configureTestingModule (node_modules/@angular/core/fesm2022/testing.mjs:869:13)
	    at TestBedImpl.configureTestingModule (node_modules/@angular/core/fesm2022/testing.mjs:1962:23)
	    at TestBedImpl.configureTestingModule (node_modules/@angular/core/fesm2022/testing.mjs:1789:37)
	    at UserContext.<anonymous> (src/app/components/pages/order-detail/order-detail.component.spec.ts:48:19)
	    at Generator.next (<anonymous>)
	    at asyncGeneratorStep (node_modules/@babel/runtime/helpers/esm/asyncToGenerator.js:3:1)
	    at _next (node_modules/@babel/runtime/helpers/esm/asyncToGenerator.js:17:1)
Chrome 145.0.0.0 (Windows 10): Executed 30 of 77[31m (27 FAILED)[39m (0 secs / 0.206 secs)
[1A[2K[31mChrome 145.0.0.0 (Windows 10) OrderDetailComponent Template Rendering should display order items FAILED[39m
	Error: Unexpected "OrderDetailComponent" found in the "declarations" array of the "TestBed.configureTestingModule" call, "OrderDetailComponent" is marked as standalone and can't be declared in any NgModule - did you intend to import it instead (by adding it to the "imports" array)?
	    at forEach (node_modules/@angular/core/fesm2022/testing.mjs:798:23)
	    at Array.forEach (<anonymous>)
	    at assertNoStandaloneComponents (node_modules/@angular/core/fesm2022/testing.mjs:794:11)
	    at TestBedCompiler.configureTestingModule (node_modules/@angular/core/fesm2022/testing.mjs:869:13)
	    at TestBedImpl.configureTestingModule (node_modules/@angular/core/fesm2022/testing.mjs:1962:23)
	    at TestBedImpl.configureTestingModule (node_modules/@angular/core/fesm2022/testing.mjs:1789:37)
	    at UserContext.<anonymous> (src/app/components/pages/order-detail/order-detail.component.spec.ts:48:19)
	    at Generator.next (<anonymous>)
	    at asyncGeneratorStep (node_modules/@babel/runtime/helpers/esm/asyncToGenerator.js:3:1)
	    at _next (node_modules/@babel/runtime/helpers/esm/asyncToGenerator.js:17:1)
Chrome 145.0.0.0 (Windows 10): Executed 31 of 77[31m (28 FAILED)[39m (0 secs / 0.207 secs)
[1A[2K[31mChrome 145.0.0.0 (Windows 10) OrderDetailComponent Template Rendering should NOT display "Pagar ahora" button if order status is not PAGO_PENDIENTE FAILED[39m
	Error: Unexpected "OrderDetailComponent" found in the "declarations" array of the "TestBed.configureTestingModule" call, "OrderDetailComponent" is marked as standalone and can't be declared in any NgModule - did you intend to import it instead (by adding it to the "imports" array)?
	    at forEach (node_modules/@angular/core/fesm2022/testing.mjs:798:23)
	    at Array.forEach (<anonymous>)
	    at assertNoStandaloneComponents (node_modules/@angular/core/fesm2022/testing.mjs:794:11)
	    at TestBedCompiler.configureTestingModule (node_modules/@angular/core/fesm2022/testing.mjs:869:13)
	    at TestBedImpl.configureTestingModule (node_modules/@angular/core/fesm2022/testing.mjs:1962:23)
	    at TestBedImpl.configureTestingModule (node_modules/@angular/core/fesm2022/testing.mjs:1789:37)
	    at UserContext.<anonymous> (src/app/components/pages/order-detail/order-detail.component.spec.ts:48:19)
	    at Generator.next (<anonymous>)
	    at asyncGeneratorStep (node_modules/@babel/runtime/helpers/esm/asyncToGenerator.js:3:1)
	    at _next (node_modules/@babel/runtime/helpers/esm/asyncToGenerator.js:17:1)
Chrome 145.0.0.0 (Windows 10): Executed 32 of 77[31m (29 FAILED)[39m (0 secs / 0.207 secs)
[1A[2K[31mChrome 145.0.0.0 (Windows 10) OrderDetailComponent Template Rendering should call pagarAhora when "Pagar ahora" button is clicked FAILED[39m
	Error: Unexpected "OrderDetailComponent" found in the "declarations" array of the "TestBed.configureTestingModule" call, "OrderDetailComponent" is marked as standalone and can't be declared in any NgModule - did you intend to import it instead (by adding it to the "imports" array)?
	    at forEach (node_modules/@angular/core/fesm2022/testing.mjs:798:23)
	    at Array.forEach (<anonymous>)
	    at assertNoStandaloneComponents (node_modules/@angular/core/fesm2022/testing.mjs:794:11)
	    at TestBedCompiler.configureTestingModule (node_modules/@angular/core/fesm2022/testing.mjs:869:13)
	    at TestBedImpl.configureTestingModule (node_modules/@angular/core/fesm2022/testing.mjs:1962:23)
	    at TestBedImpl.configureTestingModule (node_modules/@angular/core/fesm2022/testing.mjs:1789:37)
	    at UserContext.<anonymous> (src/app/components/pages/order-detail/order-detail.component.spec.ts:48:19)
	    at Generator.next (<anonymous>)
	    at asyncGeneratorStep (node_modules/@babel/runtime/helpers/esm/asyncToGenerator.js:3:1)
	    at _next (node_modules/@babel/runtime/helpers/esm/asyncToGenerator.js:17:1)
Chrome 145.0.0.0 (Windows 10): Executed 33 of 77[31m (30 FAILED)[39m (0 secs / 0.207 secs)
[1A[2K[31mChrome 145.0.0.0 (Windows 10) OrderDetailComponent Template Rendering should display "Volver a mis pedidos" button and it should call volverAPedidos FAILED[39m
	Error: Unexpected "OrderDetailComponent" found in the "declarations" array of the "TestBed.configureTestingModule" call, "OrderDetailComponent" is marked as standalone and can't be declared in any NgModule - did you intend to import it instead (by adding it to the "imports" array)?
	    at forEach (node_modules/@angular/core/fesm2022/testing.mjs:798:23)
	    at Array.forEach (<anonymous>)
	    at assertNoStandaloneComponents (node_modules/@angular/core/fesm2022/testing.mjs:794:11)
	    at TestBedCompiler.configureTestingModule (node_modules/@angular/core/fesm2022/testing.mjs:869:13)
	    at TestBedImpl.configureTestingModule (node_modules/@angular/core/fesm2022/testing.mjs:1962:23)
	    at TestBedImpl.configureTestingModule (node_modules/@angular/core/fesm2022/testing.mjs:1789:37)
	    at UserContext.<anonymous> (src/app/components/pages/order-detail/order-detail.component.spec.ts:48:19)
	    at Generator.next (<anonymous>)
	    at asyncGeneratorStep (node_modules/@babel/runtime/helpers/esm/asyncToGenerator.js:3:1)
	    at _next (node_modules/@babel/runtime/helpers/esm/asyncToGenerator.js:17:1)
Chrome 145.0.0.0 (Windows 10): Executed 34 of 77[31m (31 FAILED)[39m (0 secs / 0.208 secs)
[1A[2K[31mChrome 145.0.0.0 (Windows 10) OrderDetailComponent Template Rendering should display general order information FAILED[39m
	Error: Unexpected "OrderDetailComponent" found in the "declarations" array of the "TestBed.configureTestingModule" call, "OrderDetailComponent" is marked as standalone and can't be declared in any NgModule - did you intend to import it instead (by adding it to the "imports" array)?
	    at forEach (node_modules/@angular/core/fesm2022/testing.mjs:798:23)
	    at Array.forEach (<anonymous>)
	    at assertNoStandaloneComponents (node_modules/@angular/core/fesm2022/testing.mjs:794:11)
	    at TestBedCompiler.configureTestingModule (node_modules/@angular/core/fesm2022/testing.mjs:869:13)
	    at TestBedImpl.configureTestingModule (node_modules/@angular/core/fesm2022/testing.mjs:1962:23)
	    at TestBedImpl.configureTestingModule (node_modules/@angular/core/fesm2022/testing.mjs:1789:37)
	    at UserContext.<anonymous> (src/app/components/pages/order-detail/order-detail.component.spec.ts:48:19)
	    at Generator.next (<anonymous>)
	    at asyncGeneratorStep (node_modules/@babel/runtime/helpers/esm/asyncToGenerator.js:3:1)
	    at _next (node_modules/@babel/runtime/helpers/esm/asyncToGenerator.js:17:1)
Chrome 145.0.0.0 (Windows 10): Executed 35 of 77[31m (32 FAILED)[39m (0 secs / 0.208 secs)
[1A[2K[31mChrome 145.0.0.0 (Windows 10) OrderDetailComponent pagarAhora should log a message and show a toast FAILED[39m
	Error: Unexpected "OrderDetailComponent" found in the "declarations" array of the "TestBed.configureTestingModule" call, "OrderDetailComponent" is marked as standalone and can't be declared in any NgModule - did you intend to import it instead (by adding it to the "imports" array)?
	    at forEach (node_modules/@angular/core/fesm2022/testing.mjs:798:23)
	    at Array.forEach (<anonymous>)
	    at assertNoStandaloneComponents (node_modules/@angular/core/fesm2022/testing.mjs:794:11)
	    at TestBedCompiler.configureTestingModule (node_modules/@angular/core/fesm2022/testing.mjs:869:13)
	    at TestBedImpl.configureTestingModule (node_modules/@angular/core/fesm2022/testing.mjs:1962:23)
	    at TestBedImpl.configureTestingModule (node_modules/@angular/core/fesm2022/testing.mjs:1789:37)
	    at UserContext.<anonymous> (src/app/components/pages/order-detail/order-detail.component.spec.ts:48:19)
	    at Generator.next (<anonymous>)
	    at asyncGeneratorStep (node_modules/@babel/runtime/helpers/esm/asyncToGenerator.js:3:1)
	    at _next (node_modules/@babel/runtime/helpers/esm/asyncToGenerator.js:17:1)
Chrome 145.0.0.0 (Windows 10): Executed 36 of 77[31m (33 FAILED)[39m (0 secs / 0.209 secs)
[1A[2K[31mChrome 145.0.0.0 (Windows 10) OrderDetailComponent ngOnInit should call pedidoService.getOrderById with correct ID and set isLoading correctly FAILED[39m
	Error: Unexpected "OrderDetailComponent" found in the "declarations" array of the "TestBed.configureTestingModule" call, "OrderDetailComponent" is marked as standalone and can't be declared in any NgModule - did you intend to import it instead (by adding it to the "imports" array)?
	    at forEach (node_modules/@angular/core/fesm2022/testing.mjs:798:23)
	    at Array.forEach (<anonymous>)
	    at assertNoStandaloneComponents (node_modules/@angular/core/fesm2022/testing.mjs:794:11)
	    at TestBedCompiler.configureTestingModule (node_modules/@angular/core/fesm2022/testing.mjs:869:13)
	    at TestBedImpl.configureTestingModule (node_modules/@angular/core/fesm2022/testing.mjs:1962:23)
	    at TestBedImpl.configureTestingModule (node_modules/@angular/core/fesm2022/testing.mjs:1789:37)
	    at UserContext.<anonymous> (src/app/components/pages/order-detail/order-detail.component.spec.ts:48:19)
	    at Generator.next (<anonymous>)
	    at asyncGeneratorStep (node_modules/@babel/runtime/helpers/esm/asyncToGenerator.js:3:1)
	    at _next (node_modules/@babel/runtime/helpers/esm/asyncToGenerator.js:17:1)
Chrome 145.0.0.0 (Windows 10): Executed 37 of 77[31m (34 FAILED)[39m (0 secs / 0.21 secs)
[1A[2K[31mChrome 145.0.0.0 (Windows 10) OrderDetailComponent ngOnInit should set errorMensaje and isLoading to false if service call fails FAILED[39m
	Error: Unexpected "OrderDetailComponent" found in the "declarations" array of the "TestBed.configureTestingModule" call, "OrderDetailComponent" is marked as standalone and can't be declared in any NgModule - did you intend to import it instead (by adding it to the "imports" array)?
	    at forEach (node_modules/@angular/core/fesm2022/testing.mjs:798:23)
	    at Array.forEach (<anonymous>)
	    at assertNoStandaloneComponents (node_modules/@angular/core/fesm2022/testing.mjs:794:11)
	    at TestBedCompiler.configureTestingModule (node_modules/@angular/core/fesm2022/testing.mjs:869:13)
	    at TestBedImpl.configureTestingModule (node_modules/@angular/core/fesm2022/testing.mjs:1962:23)
	    at TestBedImpl.configureTestingModule (node_modules/@angular/core/fesm2022/testing.mjs:1789:37)
	    at UserContext.<anonymous> (src/app/components/pages/order-detail/order-detail.component.spec.ts:48:19)
	    at Generator.next (<anonymous>)
	    at asyncGeneratorStep (node_modules/@babel/runtime/helpers/esm/asyncToGenerator.js:3:1)
	    at _next (node_modules/@babel/runtime/helpers/esm/asyncToGenerator.js:17:1)
Chrome 145.0.0.0 (Windows 10): Executed 38 of 77[31m (35 FAILED)[39m (0 secs / 0.211 secs)
[1A[2K[31mChrome 145.0.0.0 (Windows 10) OrderDetailComponent ngOnInit should set errorMensaje if idParam is not found in route FAILED[39m
	Error: Unexpected "OrderDetailComponent" found in the "declarations" array of the "TestBed.configureTestingModule" call, "OrderDetailComponent" is marked as standalone and can't be declared in any NgModule - did you intend to import it instead (by adding it to the "imports" array)?
	    at forEach (node_modules/@angular/core/fesm2022/testing.mjs:798:23)
	    at Array.forEach (<anonymous>)
	    at assertNoStandaloneComponents (node_modules/@angular/core/fesm2022/testing.mjs:794:11)
	    at TestBedCompiler.configureTestingModule (node_modules/@angular/core/fesm2022/testing.mjs:869:13)
	    at TestBedImpl.configureTestingModule (node_modules/@angular/core/fesm2022/testing.mjs:1962:23)
	    at TestBedImpl.configureTestingModule (node_modules/@angular/core/fesm2022/testing.mjs:1789:37)
	    at UserContext.<anonymous> (src/app/components/pages/order-detail/order-detail.component.spec.ts:48:19)
	    at Generator.next (<anonymous>)
	    at asyncGeneratorStep (node_modules/@babel/runtime/helpers/esm/asyncToGenerator.js:3:1)
	    at _next (node_modules/@babel/runtime/helpers/esm/asyncToGenerator.js:17:1)
Chrome 145.0.0.0 (Windows 10): Executed 39 of 77[31m (36 FAILED)[39m (0 secs / 0.212 secs)
[1A[2K[31mChrome 145.0.0.0 (Windows 10) OrderDetailComponent ngOnInit should assign pedido data on successful fetch FAILED[39m
	Error: Unexpected "OrderDetailComponent" found in the "declarations" array of the "TestBed.configureTestingModule" call, "OrderDetailComponent" is marked as standalone and can't be declared in any NgModule - did you intend to import it instead (by adding it to the "imports" array)?
	    at forEach (node_modules/@angular/core/fesm2022/testing.mjs:798:23)
	    at Array.forEach (<anonymous>)
	    at assertNoStandaloneComponents (node_modules/@angular/core/fesm2022/testing.mjs:794:11)
	    at TestBedCompiler.configureTestingModule (node_modules/@angular/core/fesm2022/testing.mjs:869:13)
	    at TestBedImpl.configureTestingModule (node_modules/@angular/core/fesm2022/testing.mjs:1962:23)
	    at TestBedImpl.configureTestingModule (node_modules/@angular/core/fesm2022/testing.mjs:1789:37)
	    at UserContext.<anonymous> (src/app/components/pages/order-detail/order-detail.component.spec.ts:48:19)
	    at Generator.next (<anonymous>)
	    at asyncGeneratorStep (node_modules/@babel/runtime/helpers/esm/asyncToGenerator.js:3:1)
	    at _next (node_modules/@babel/runtime/helpers/esm/asyncToGenerator.js:17:1)
Chrome 145.0.0.0 (Windows 10): Executed 40 of 77[31m (37 FAILED)[39m (0 secs / 0.213 secs)
[1A[2K[31mChrome 145.0.0.0 (Windows 10) OrderDetailComponent isPagoPendiente should return false if pedido is undefined FAILED[39m
	Error: Unexpected "OrderDetailComponent" found in the "declarations" array of the "TestBed.configureTestingModule" call, "OrderDetailComponent" is marked as standalone and can't be declared in any NgModule - did you intend to import it instead (by adding it to the "imports" array)?
	    at forEach (node_modules/@angular/core/fesm2022/testing.mjs:798:23)
	    at Array.forEach (<anonymous>)
	    at assertNoStandaloneComponents (node_modules/@angular/core/fesm2022/testing.mjs:794:11)
	    at TestBedCompiler.configureTestingModule (node_modules/@angular/core/fesm2022/testing.mjs:869:13)
	    at TestBedImpl.configureTestingModule (node_modules/@angular/core/fesm2022/testing.mjs:1962:23)
	    at TestBedImpl.configureTestingModule (node_modules/@angular/core/fesm2022/testing.mjs:1789:37)
	    at UserContext.<anonymous> (src/app/components/pages/order-detail/order-detail.component.spec.ts:48:19)
	    at Generator.next (<anonymous>)
	    at asyncGeneratorStep (node_modules/@babel/runtime/helpers/esm/asyncToGenerator.js:3:1)
	    at _next (node_modules/@babel/runtime/helpers/esm/asyncToGenerator.js:17:1)
Chrome 145.0.0.0 (Windows 10): Executed 41 of 77[31m (38 FAILED)[39m (0 secs / 0.214 secs)
[1A[2K[31mChrome 145.0.0.0 (Windows 10) OrderDetailComponent isPagoPendiente should return false if estado is not PAGO_PENDIENTE FAILED[39m
	Error: Unexpected "OrderDetailComponent" found in the "declarations" array of the "TestBed.configureTestingModule" call, "OrderDetailComponent" is marked as standalone and can't be declared in any NgModule - did you intend to import it instead (by adding it to the "imports" array)?
	    at forEach (node_modules/@angular/core/fesm2022/testing.mjs:798:23)
	    at Array.forEach (<anonymous>)
	    at assertNoStandaloneComponents (node_modules/@angular/core/fesm2022/testing.mjs:794:11)
	    at TestBedCompiler.configureTestingModule (node_modules/@angular/core/fesm2022/testing.mjs:869:13)
	    at TestBedImpl.configureTestingModule (node_modules/@angular/core/fesm2022/testing.mjs:1962:23)
	    at TestBedImpl.configureTestingModule (node_modules/@angular/core/fesm2022/testing.mjs:1789:37)
	    at UserContext.<anonymous> (src/app/components/pages/order-detail/order-detail.component.spec.ts:48:19)
	    at Generator.next (<anonymous>)
	    at asyncGeneratorStep (node_modules/@babel/runtime/helpers/esm/asyncToGenerator.js:3:1)
	    at _next (node_modules/@babel/runtime/helpers/esm/asyncToGenerator.js:17:1)
Chrome 145.0.0.0 (Windows 10): Executed 42 of 77[31m (39 FAILED)[39m (0 secs / 0.214 secs)
[1A[2K[31mChrome 145.0.0.0 (Windows 10) OrderDetailComponent isPagoPendiente should return true if estado is PENDIENTE (case insensitive) FAILED[39m
	Error: Unexpected "OrderDetailComponent" found in the "declarations" array of the "TestBed.configureTestingModule" call, "OrderDetailComponent" is marked as standalone and can't be declared in any NgModule - did you intend to import it instead (by adding it to the "imports" array)?
	    at forEach (node_modules/@angular/core/fesm2022/testing.mjs:798:23)
	    at Array.forEach (<anonymous>)
	    at assertNoStandaloneComponents (node_modules/@angular/core/fesm2022/testing.mjs:794:11)
	    at TestBedCompiler.configureTestingModule (node_modules/@angular/core/fesm2022/testing.mjs:869:13)
	    at TestBedImpl.configureTestingModule (node_modules/@angular/core/fesm2022/testing.mjs:1962:23)
	    at TestBedImpl.configureTestingModule (node_modules/@angular/core/fesm2022/testing.mjs:1789:37)
	    at UserContext.<anonymous> (src/app/components/pages/order-detail/order-detail.component.spec.ts:48:19)
	    at Generator.next (<anonymous>)
	    at asyncGeneratorStep (node_modules/@babel/runtime/helpers/esm/asyncToGenerator.js:3:1)
	    at _next (node_modules/@babel/runtime/helpers/esm/asyncToGenerator.js:17:1)
Chrome 145.0.0.0 (Windows 10): Executed 43 of 77[31m (40 FAILED)[39m (0 secs / 0.214 secs)
[1A[2K[31mChrome 145.0.0.0 (Windows 10) OrderDetailComponent isPagoPendiente should return true if estado is PAGO_ENDIENTE FAILED[39m
	Error: Unexpected "OrderDetailComponent" found in the "declarations" array of the "TestBed.configureTestingModule" call, "OrderDetailComponent" is marked as standalone and can't be declared in any NgModule - did you intend to import it instead (by adding it to the "imports" array)?
	    at forEach (node_modules/@angular/core/fesm2022/testing.mjs:798:23)
	    at Array.forEach (<anonymous>)
	    at assertNoStandaloneComponents (node_modules/@angular/core/fesm2022/testing.mjs:794:11)
	    at TestBedCompiler.configureTestingModule (node_modules/@angular/core/fesm2022/testing.mjs:869:13)
	    at TestBedImpl.configureTestingModule (node_modules/@angular/core/fesm2022/testing.mjs:1962:23)
	    at TestBedImpl.configureTestingModule (node_modules/@angular/core/fesm2022/testing.mjs:1789:37)
	    at UserContext.<anonymous> (src/app/components/pages/order-detail/order-detail.component.spec.ts:48:19)
	    at Generator.next (<anonymous>)
	    at asyncGeneratorStep (node_modules/@babel/runtime/helpers/esm/asyncToGenerator.js:3:1)
	    at _next (node_modules/@babel/runtime/helpers/esm/asyncToGenerator.js:17:1)
Chrome 145.0.0.0 (Windows 10): Executed 44 of 77[31m (41 FAILED)[39m (0 secs / 0.215 secs)
[1A[2KChrome 145.0.0.0 (Windows 10): Executed 45 of 77[31m (41 FAILED)[39m (0 secs / 0.23 secs)
[1A[2K[31mChrome 145.0.0.0 (Windows 10) RegisterComponent should create FAILED[39m
	NullInjectorError: R3InjectorError(Standalone[RegisterComponent])[AuthService -> AuthService -> HttpClient -> HttpClient]: 
	  NullInjectorError: No provider for HttpClient!
	error properties: Object({ ngTempTokenPath: null, ngTokenPath: [ 'AuthService', 'AuthService', 'HttpClient', 'HttpClient' ] })
	    at NullInjector.get (node_modules/@angular/core/fesm2022/core.mjs:1663:27)
	    at R3Injector.get (node_modules/@angular/core/fesm2022/core.mjs:3109:33)
	    at R3Injector.get (node_modules/@angular/core/fesm2022/core.mjs:3109:33)
	    at injectInjectorOnly (node_modules/@angular/core/fesm2022/core.mjs:1107:40)
	    at ╔Á╔Áinject (node_modules/@angular/core/fesm2022/core.mjs:1113:60)
	    at Object.factory (ng:///AuthService/╔Áfac.js:4:55)
	    at callback (node_modules/@angular/core/fesm2022/core.mjs:3237:47)
	    at runInInjectorProfilerContext (node_modules/@angular/core/fesm2022/core.mjs:872:9)
	    at R3Injector.hydrate (node_modules/@angular/core/fesm2022/core.mjs:3236:21)
	    at R3Injector.get (node_modules/@angular/core/fesm2022/core.mjs:3099:33)
Chrome 145.0.0.0 (Windows 10): Executed 46 of 77[31m (42 FAILED)[39m (0 secs / 0.251 secs)
[1A[2KChrome 145.0.0.0 (Windows 10): Executed 47 of 77[31m (42 FAILED)[39m (0 secs / 0.253 secs)
[1A[2KChrome 145.0.0.0 (Windows 10): Executed 48 of 77[31m (42 FAILED)[39m (0 secs / 0.254 secs)
[1A[2KChrome 145.0.0.0 (Windows 10): Executed 49 of 77[31m (42 FAILED)[39m (0 secs / 0.255 secs)
[1A[2KChrome 145.0.0.0 (Windows 10): Executed 50 of 77[31m (42 FAILED)[39m (0 secs / 0.257 secs)
[1A[2KChrome 145.0.0.0 (Windows 10): Executed 51 of 77[31m (42 FAILED)[39m (0 secs / 0.259 secs)
[1A[2KChrome 145.0.0.0 (Windows 10): Executed 52 of 77[31m (42 FAILED)[39m (0 secs / 0.261 secs)
[1A[2KChrome 145.0.0.0 (Windows 10): Executed 53 of 77[31m (42 FAILED)[39m (0 secs / 0.262 secs)
[1A[2K[31mChrome 145.0.0.0 (Windows 10) AdminPedidosComponent trackByPedidoId should fall back to id when Id is undefined FAILED[39m
	Error: Unexpected "InputDialogComponent" found in the "declarations" array of the "TestBed.configureTestingModule" call, "InputDialogComponent" is marked as standalone and can't be declared in any NgModule - did you intend to import it instead (by adding it to the "imports" array)?
	    at forEach (node_modules/@angular/core/fesm2022/testing.mjs:798:23)
	    at Array.forEach (<anonymous>)
	    at assertNoStandaloneComponents (node_modules/@angular/core/fesm2022/testing.mjs:794:11)
	    at TestBedCompiler.configureTestingModule (node_modules/@angular/core/fesm2022/testing.mjs:869:13)
	    at TestBedImpl.configureTestingModule (node_modules/@angular/core/fesm2022/testing.mjs:1962:23)
	    at TestBedImpl.configureTestingModule (node_modules/@angular/core/fesm2022/testing.mjs:1789:37)
	    at UserContext.<anonymous> (src/app/components/pages/admin/admin-pedidos/admin-pedidos.component.spec.ts:18:19)
	    at Generator.next (<anonymous>)
	    at asyncGeneratorStep (node_modules/@babel/runtime/helpers/esm/asyncToGenerator.js:3:1)
	    at _next (node_modules/@babel/runtime/helpers/esm/asyncToGenerator.js:17:1)
Chrome 145.0.0.0 (Windows 10): Executed 54 of 77[31m (43 FAILED)[39m (0 secs / 0.263 secs)
[1A[2K[31mChrome 145.0.0.0 (Windows 10) AdminPedidosComponent trackByPedidoId should return Id when present FAILED[39m
	Error: Unexpected "InputDialogComponent" found in the "declarations" array of the "TestBed.configureTestingModule" call, "InputDialogComponent" is marked as standalone and can't be declared in any NgModule - did you intend to import it instead (by adding it to the "imports" array)?
	    at forEach (node_modules/@angular/core/fesm2022/testing.mjs:798:23)
	    at Array.forEach (<anonymous>)
	    at assertNoStandaloneComponents (node_modules/@angular/core/fesm2022/testing.mjs:794:11)
	    at TestBedCompiler.configureTestingModule (node_modules/@angular/core/fesm2022/testing.mjs:869:13)
	    at TestBedImpl.configureTestingModule (node_modules/@angular/core/fesm2022/testing.mjs:1962:23)
	    at TestBedImpl.configureTestingModule (node_modules/@angular/core/fesm2022/testing.mjs:1789:37)
	    at UserContext.<anonymous> (src/app/components/pages/admin/admin-pedidos/admin-pedidos.component.spec.ts:18:19)
	    at Generator.next (<anonymous>)
	    at asyncGeneratorStep (node_modules/@babel/runtime/helpers/esm/asyncToGenerator.js:3:1)
	    at _next (node_modules/@babel/runtime/helpers/esm/asyncToGenerator.js:17:1)
Chrome 145.0.0.0 (Windows 10): Executed 55 of 77[31m (44 FAILED)[39m (0 secs / 0.264 secs)
[1A[2K[31mChrome 145.0.0.0 (Windows 10) AdminPedidosComponent should not call service when canceling FAILED[39m
	Error: Unexpected "InputDialogComponent" found in the "declarations" array of the "TestBed.configureTestingModule" call, "InputDialogComponent" is marked as standalone and can't be declared in any NgModule - did you intend to import it instead (by adding it to the "imports" array)?
	    at forEach (node_modules/@angular/core/fesm2022/testing.mjs:798:23)
	    at Array.forEach (<anonymous>)
	    at assertNoStandaloneComponents (node_modules/@angular/core/fesm2022/testing.mjs:794:11)
	    at TestBedCompiler.configureTestingModule (node_modules/@angular/core/fesm2022/testing.mjs:869:13)
	    at TestBedImpl.configureTestingModule (node_modules/@angular/core/fesm2022/testing.mjs:1962:23)
	    at TestBedImpl.configureTestingModule (node_modules/@angular/core/fesm2022/testing.mjs:1789:37)
	    at UserContext.<anonymous> (src/app/components/pages/admin/admin-pedidos/admin-pedidos.component.spec.ts:18:19)
	    at Generator.next (<anonymous>)
	    at asyncGeneratorStep (node_modules/@babel/runtime/helpers/esm/asyncToGenerator.js:3:1)
	    at _next (node_modules/@babel/runtime/helpers/esm/asyncToGenerator.js:17:1)
Chrome 145.0.0.0 (Windows 10): Executed 56 of 77[31m (45 FAILED)[39m (0 secs / 0.264 secs)
[1A[2K[31mChrome 145.0.0.0 (Windows 10) AdminPedidosComponent should create FAILED[39m
	Error: Unexpected "InputDialogComponent" found in the "declarations" array of the "TestBed.configureTestingModule" call, "InputDialogComponent" is marked as standalone and can't be declared in any NgModule - did you intend to import it instead (by adding it to the "imports" array)?
	    at forEach (node_modules/@angular/core/fesm2022/testing.mjs:798:23)
	    at Array.forEach (<anonymous>)
	    at assertNoStandaloneComponents (node_modules/@angular/core/fesm2022/testing.mjs:794:11)
	    at TestBedCompiler.configureTestingModule (node_modules/@angular/core/fesm2022/testing.mjs:869:13)
	    at TestBedImpl.configureTestingModule (node_modules/@angular/core/fesm2022/testing.mjs:1962:23)
	    at TestBedImpl.configureTestingModule (node_modules/@angular/core/fesm2022/testing.mjs:1789:37)
	    at UserContext.<anonymous> (src/app/components/pages/admin/admin-pedidos/admin-pedidos.component.spec.ts:18:19)
	    at Generator.next (<anonymous>)
	    at asyncGeneratorStep (node_modules/@babel/runtime/helpers/esm/asyncToGenerator.js:3:1)
	    at _next (node_modules/@babel/runtime/helpers/esm/asyncToGenerator.js:17:1)
Chrome 145.0.0.0 (Windows 10): Executed 57 of 77[31m (46 FAILED)[39m (0 secs / 0.264 secs)
[1A[2K[31mChrome 145.0.0.0 (Windows 10) AdminPedidosComponent should open dialog on rechazarPago and call service on confirm FAILED[39m
	Error: Unexpected "InputDialogComponent" found in the "declarations" array of the "TestBed.configureTestingModule" call, "InputDialogComponent" is marked as standalone and can't be declared in any NgModule - did you intend to import it instead (by adding it to the "imports" array)?
	    at forEach (node_modules/@angular/core/fesm2022/testing.mjs:798:23)
	    at Array.forEach (<anonymous>)
	    at assertNoStandaloneComponents (node_modules/@angular/core/fesm2022/testing.mjs:794:11)
	    at TestBedCompiler.configureTestingModule (node_modules/@angular/core/fesm2022/testing.mjs:869:13)
	    at TestBedImpl.configureTestingModule (node_modules/@angular/core/fesm2022/testing.mjs:1962:23)
	    at TestBedImpl.configureTestingModule (node_modules/@angular/core/fesm2022/testing.mjs:1789:37)
	    at UserContext.<anonymous> (src/app/components/pages/admin/admin-pedidos/admin-pedidos.component.spec.ts:18:19)
	    at Generator.next (<anonymous>)
	    at asyncGeneratorStep (node_modules/@babel/runtime/helpers/esm/asyncToGenerator.js:3:1)
	    at _next (node_modules/@babel/runtime/helpers/esm/asyncToGenerator.js:17:1)
Chrome 145.0.0.0 (Windows 10): Executed 58 of 77[31m (47 FAILED)[39m (0 secs / 0.265 secs)
[1A[2KChrome 145.0.0.0 (Windows 10): Executed 59 of 77[31m (47 FAILED)[39m (0 secs / 0.267 secs)
[1A[2KChrome 145.0.0.0 (Windows 10): Executed 60 of 77[31m (47 FAILED)[39m (0 secs / 0.269 secs)
[1A[2KChrome 145.0.0.0 (Windows 10): Executed 61 of 77[31m (47 FAILED)[39m (0 secs / 0.271 secs)
[1A[2KChrome 145.0.0.0 (Windows 10): Executed 62 of 77[31m (47 FAILED)[39m (0 secs / 0.273 secs)
[1A[2K[31mChrome 145.0.0.0 (Windows 10) PedidoService getOrderById should handle non-numeric or invalid ID for getOrderById gracefully (compile-time check) FAILED[39m
	Error: Expected one matching request for criteria "Match URL: http://localhost:8080/api/orders/NaN", found none.
	    at HttpClientTestingBackend.expectOne (node_modules/@angular/common/fesm2022/http/testing.mjs:270:19)
	    at UserContext.apply (src/app/services/pedido.service.spec.ts:97:28)
	    at _ZoneDelegate.invoke (node_modules/zone.js/fesm2015/zone.js:369:28)
	    at ProxyZoneSpec.onInvoke (node_modules/zone.js/fesm2015/zone-testing.js:2081:39)
	    at _ZoneDelegate.invoke (node_modules/zone.js/fesm2015/zone.js:368:34)
	    at ZoneImpl.run (node_modules/zone.js/fesm2015/zone.js:111:43)
	    at runInTestZone (node_modules/zone.js/fesm2015/zone-testing.js:216:38)
	    at UserContext.<anonymous> (node_modules/zone.js/fesm2015/zone-testing.js:234:32)
	    at <Jasmine>
Chrome 145.0.0.0 (Windows 10): Executed 63 of 77[31m (48 FAILED)[39m (0 secs / 0.275 secs)
[1A[2KChrome 145.0.0.0 (Windows 10): Executed 64 of 77[31m (48 FAILED)[39m (0 secs / 0.276 secs)
[1A[2KChrome 145.0.0.0 (Windows 10): Executed 65 of 77[31m (48 FAILED)[39m (0 secs / 0.282 secs)
[1A[2KChrome 145.0.0.0 (Windows 10): Executed 66 of 77[31m (48 FAILED)[39m (0 secs / 0.293 secs)
[1A[2KChrome 145.0.0.0 (Windows 10): Executed 67 of 77[31m (48 FAILED)[39m (0 secs / 0.298 secs)
[33m27 02 2026 16:11:13.426:WARN [web-server]: [39m404: /_karma_webpack_/assets/icons/dashboard.svg
[33m27 02 2026 16:11:13.428:WARN [web-server]: [39m404: /_karma_webpack_/assets/icons/cuentos.svg
[33m27 02 2026 16:11:13.429:WARN [web-server]: [39m404: /_karma_webpack_/assets/icons/pedidos.svg
[1A[2K[31mChrome 145.0.0.0 (Windows 10) AdminDashboardComponent should handle service errors FAILED[39m
	NullInjectorError: R3InjectorError(DynamicTestModule)[ActivatedRoute -> ActivatedRoute]: 
	  NullInjectorError: No provider for ActivatedRoute!
	error properties: Object({ ngTempTokenPath: null, ngTokenPath: [ 'ActivatedRoute', 'ActivatedRoute' ] })
	    at NullInjector.get (node_modules/@angular/core/fesm2022/core.mjs:1663:27)
	    at R3Injector.get (node_modules/@angular/core/fesm2022/core.mjs:3109:33)
	    at R3Injector.get (node_modules/@angular/core/fesm2022/core.mjs:3109:33)
	    at ChainedInjector.get (node_modules/@angular/core/fesm2022/core.mjs:5454:36)
	    at lookupTokenUsingModuleInjector (node_modules/@angular/core/fesm2022/core.mjs:5807:39)
	    at getOrCreateInjectable (node_modules/@angular/core/fesm2022/core.mjs:5855:12)
	    at Module.╔Á╔ÁdirectiveInject (node_modules/@angular/core/fesm2022/core.mjs:11933:19)
	    at NodeInjectorFactory.factory (node_modules/@angular/router/fesm2022/router.mjs:424:104)
	    at getNodeInjectable (node_modules/@angular/core/fesm2022/core.mjs:6067:44)
	    at instantiateAllDirectives (node_modules/@angular/core/fesm2022/core.mjs:12803:27)
Chrome 145.0.0.0 (Windows 10): Executed 68 of 77[31m (49 FAILED)[39m (0 secs / 0.311 secs)
[33m27 02 2026 16:11:13.444:WARN [web-server]: [39m404: /_karma_webpack_/assets/icons/usuarios.svg
[33m27 02 2026 16:11:13.445:WARN [web-server]: [39m404: /_karma_webpack_/assets/icons/config.svg
[1A[2K[31mChrome 145.0.0.0 (Windows 10) AdminDashboardComponent should update counters with data from services FAILED[39m
	NullInjectorError: R3InjectorError(DynamicTestModule)[ActivatedRoute -> ActivatedRoute]: 
	  NullInjectorError: No provider for ActivatedRoute!
	error properties: Object({ ngTempTokenPath: null, ngTokenPath: [ 'ActivatedRoute', 'ActivatedRoute' ] })
	    at NullInjector.get (node_modules/@angular/core/fesm2022/core.mjs:1663:27)
	    at R3Injector.get (node_modules/@angular/core/fesm2022/core.mjs:3109:33)
	    at R3Injector.get (node_modules/@angular/core/fesm2022/core.mjs:3109:33)
	    at ChainedInjector.get (node_modules/@angular/core/fesm2022/core.mjs:5454:36)
	    at lookupTokenUsingModuleInjector (node_modules/@angular/core/fesm2022/core.mjs:5807:39)
	    at getOrCreateInjectable (node_modules/@angular/core/fesm2022/core.mjs:5855:12)
	    at Module.╔Á╔ÁdirectiveInject (node_modules/@angular/core/fesm2022/core.mjs:11933:19)
	    at NodeInjectorFactory.factory (node_modules/@angular/router/fesm2022/router.mjs:424:104)
	    at getNodeInjectable (node_modules/@angular/core/fesm2022/core.mjs:6067:44)
	    at instantiateAllDirectives (node_modules/@angular/core/fesm2022/core.mjs:12803:27)
Chrome 145.0.0.0 (Windows 10): Executed 69 of 77[31m (50 FAILED)[39m (0 secs / 0.32 secs)
[1A[2KChrome 145.0.0.0 (Windows 10): Executed 70 of 77[31m (50 FAILED)[39m (0 secs / 0.323 secs)
[1A[2K[31mChrome 145.0.0.0 (Windows 10) DetalleCuentoComponent should create FAILED[39m
	Error: Unexpected directive 'DetalleCuentoComponent' imported by the module 'DynamicTestModule'. Please add an @NgModule annotation.
	    at verifySemanticsOfNgModuleImport (node_modules/@angular/core/fesm2022/core.mjs:30215:19)
	    at forEach (node_modules/@angular/core/fesm2022/core.mjs:30109:9)
	    at Array.forEach (<anonymous>)
	    at verifySemanticsOfNgModuleDef (node_modules/@angular/core/fesm2022/core.mjs:30108:10)
	    at DynamicTestModule.get (node_modules/@angular/core/fesm2022/core.mjs:30056:30)
	    at TestBedCompiler.applyProviderOverridesInScope (node_modules/@angular/core/fesm2022/testing.mjs:1213:33)
	    at TestBedCompiler.compileTestModule (node_modules/@angular/core/fesm2022/testing.mjs:1536:14)
	    at TestBedCompiler.finalize (node_modules/@angular/core/fesm2022/testing.mjs:1038:14)
	    at TestBedImpl.testModuleRef (node_modules/@angular/core/fesm2022/testing.mjs:2071:49)
	    at TestBedImpl.inject (node_modules/@angular/core/fesm2022/testing.mjs:1973:29)
Chrome 145.0.0.0 (Windows 10): Executed 71 of 77[31m (51 FAILED)[39m (0 secs / 0.349 secs)
[1A[2K[31mChrome 145.0.0.0 (Windows 10) AdminCuentosComponent should create FAILED[39m
	Error: Unexpected directive 'AdminCuentosComponent' imported by the module 'DynamicTestModule'. Please add an @NgModule annotation.
	    at verifySemanticsOfNgModuleImport (node_modules/@angular/core/fesm2022/core.mjs:30215:19)
	    at forEach (node_modules/@angular/core/fesm2022/core.mjs:30109:9)
	    at Array.forEach (<anonymous>)
	    at verifySemanticsOfNgModuleDef (node_modules/@angular/core/fesm2022/core.mjs:30108:10)
	    at DynamicTestModule.get (node_modules/@angular/core/fesm2022/core.mjs:30056:30)
	    at TestBedCompiler.applyProviderOverridesInScope (node_modules/@angular/core/fesm2022/testing.mjs:1213:33)
	    at TestBedCompiler.compileTestModule (node_modules/@angular/core/fesm2022/testing.mjs:1536:14)
	    at TestBedCompiler.finalize (node_modules/@angular/core/fesm2022/testing.mjs:1038:14)
	    at TestBedImpl.testModuleRef (node_modules/@angular/core/fesm2022/testing.mjs:2071:49)
	    at TestBedImpl.inject (node_modules/@angular/core/fesm2022/testing.mjs:1973:29)
Chrome 145.0.0.0 (Windows 10): Executed 72 of 77[31m (52 FAILED)[39m (0 secs / 0.356 secs)
[1A[2KChrome 145.0.0.0 (Windows 10): Executed 73 of 77[31m (52 FAILED)[39m (0 secs / 0.372 secs)
[1A[2KChrome 145.0.0.0 (Windows 10): Executed 74 of 77[31m (52 FAILED)[39m (0 secs / 0.379 secs)
[1A[2K[31mChrome 145.0.0.0 (Windows 10) AppComponent should create the app FAILED[39m
	NullInjectorError: R3InjectorError(Standalone[AppComponent])[AuthService -> AuthService -> HttpClient -> HttpClient]: 
	  NullInjectorError: No provider for HttpClient!
	error properties: Object({ ngTempTokenPath: null, ngTokenPath: [ 'AuthService', 'AuthService', 'HttpClient', 'HttpClient' ] })
	    at NullInjector.get (node_modules/@angular/core/fesm2022/core.mjs:1663:27)
	    at R3Injector.get (node_modules/@angular/core/fesm2022/core.mjs:3109:33)
	    at R3Injector.get (node_modules/@angular/core/fesm2022/core.mjs:3109:33)
	    at injectInjectorOnly (node_modules/@angular/core/fesm2022/core.mjs:1107:40)
	    at ╔Á╔Áinject (node_modules/@angular/core/fesm2022/core.mjs:1113:60)
	    at Object.factory (ng:///AuthService/╔Áfac.js:4:55)
	    at callback (node_modules/@angular/core/fesm2022/core.mjs:3237:47)
	    at runInInjectorProfilerContext (node_modules/@angular/core/fesm2022/core.mjs:872:9)
	    at R3Injector.hydrate (node_modules/@angular/core/fesm2022/core.mjs:3236:21)
	    at R3Injector.get (node_modules/@angular/core/fesm2022/core.mjs:3099:33)
Chrome 145.0.0.0 (Windows 10): Executed 75 of 77[31m (53 FAILED)[39m (0 secs / 0.391 secs)
[1A[2K[31mChrome 145.0.0.0 (Windows 10) AppComponent should have the 'cuentos-killa-FE' title FAILED[39m
	NullInjectorError: R3InjectorError(Standalone[AppComponent])[AuthService -> AuthService -> HttpClient -> HttpClient]: 
	  NullInjectorError: No provider for HttpClient!
	error properties: Object({ ngTempTokenPath: null, ngTokenPath: [ 'AuthService', 'AuthService', 'HttpClient', 'HttpClient' ] })
	    at NullInjector.get (node_modules/@angular/core/fesm2022/core.mjs:1663:27)
	    at R3Injector.get (node_modules/@angular/core/fesm2022/core.mjs:3109:33)
	    at R3Injector.get (node_modules/@angular/core/fesm2022/core.mjs:3109:33)
	    at injectInjectorOnly (node_modules/@angular/core/fesm2022/core.mjs:1107:40)
	    at ╔Á╔Áinject (node_modules/@angular/core/fesm2022/core.mjs:1113:60)
	    at Object.factory (ng:///AuthService/╔Áfac.js:4:55)
	    at callback (node_modules/@angular/core/fesm2022/core.mjs:3237:47)
	    at runInInjectorProfilerContext (node_modules/@angular/core/fesm2022/core.mjs:872:9)
	    at R3Injector.hydrate (node_modules/@angular/core/fesm2022/core.mjs:3236:21)
	    at R3Injector.get (node_modules/@angular/core/fesm2022/core.mjs:3099:33)
Chrome 145.0.0.0 (Windows 10): Executed 76 of 77[31m (54 FAILED)[39m (0 secs / 0.394 secs)
[1A[2K[31mChrome 145.0.0.0 (Windows 10) AppComponent should render title FAILED[39m
	NullInjectorError: R3InjectorError(Standalone[AppComponent])[AuthService -> AuthService -> HttpClient -> HttpClient]: 
	  NullInjectorError: No provider for HttpClient!
	error properties: Object({ ngTempTokenPath: null, ngTokenPath: [ 'AuthService', 'AuthService', 'HttpClient', 'HttpClient' ] })
	    at NullInjector.get (node_modules/@angular/core/fesm2022/core.mjs:1663:27)
	    at R3Injector.get (node_modules/@angular/core/fesm2022/core.mjs:3109:33)
	    at R3Injector.get (node_modules/@angular/core/fesm2022/core.mjs:3109:33)
	    at injectInjectorOnly (node_modules/@angular/core/fesm2022/core.mjs:1107:40)
	    at ╔Á╔Áinject (node_modules/@angular/core/fesm2022/core.mjs:1113:60)
	    at Object.factory (ng:///AuthService/╔Áfac.js:4:55)
	    at callback (node_modules/@angular/core/fesm2022/core.mjs:3237:47)
	    at runInInjectorProfilerContext (node_modules/@angular/core/fesm2022/core.mjs:872:9)
	    at R3Injector.hydrate (node_modules/@angular/core/fesm2022/core.mjs:3236:21)
	    at R3Injector.get (node_modules/@angular/core/fesm2022/core.mjs:3099:33)
Chrome 145.0.0.0 (Windows 10): Executed 77 of 77[31m (55 FAILED)[39m (0 secs / 0.396 secs)
[1A[2KChrome 145.0.0.0 (Windows 10): Executed 77 of 77[31m (55 FAILED)[39m (0.458 secs / 0.396 secs)
[31mTOTAL: 55 FAILED, 22 SUCCESS[39m
ÔêÜ Browser application bundle generation complete.
ÔêÜ Browser application bundle generation complete.
ÔêÜ Browser application bundle generation complete.
ÔêÜ Browser application bundle generation complete.
Chrome 145.0.0.0 (Windows 10): Executed 0 of 77[32m SUCCESS[39m (0 secs / 0 secs)
[1A[2KChrome 145.0.0.0 (Windows 10): Executed 0 of 77[32m SUCCESS[39m (0.007 secs / 0 secs)
[32mTOTAL: 0 SUCCESS[39m
[33m27 02 2026 17:29:52.120:WARN [Chrome 145.0.0.0 (Windows 10)]: [39mAdapter did not report total number of specs.

[1A[2K[1A[2KChrome 145.0.0.0 (Windows 10): Executed 0 of null[32m SUCCESS[39m (0 secs / 0 secs)
Chrome 145.0.0.0 (Windows 10): Executed 0 of null[32m SUCCESS[39m (0 secs / 0 secs)
[1A[2K[1A[2K[31mChrome 145.0.0.0 (Windows 10) RegisterComponent should create FAILED[39m
	NullInjectorError: R3InjectorError(Standalone[RegisterComponent])[AuthService -> AuthService -> HttpClient -> HttpClient]: 
	  NullInjectorError: No provider for HttpClient!
	error properties: Object({ ngTempTokenPath: null, ngTokenPath: [ 'AuthService', 'AuthService', 'HttpClient', 'HttpClient' ] })
	    at NullInjector.get (node_modules/@angular/core/fesm2022/core.mjs:1663:27)
	    at R3Injector.get (node_modules/@angular/core/fesm2022/core.mjs:3109:33)
	    at R3Injector.get (node_modules/@angular/core/fesm2022/core.mjs:3109:33)
	    at injectInjectorOnly (node_modules/@angular/core/fesm2022/core.mjs:1107:40)
	    at ╔Á╔Áinject (node_modules/@angular/core/fesm2022/core.mjs:1113:60)
	    at Object.factory (ng:///AuthService/╔Áfac.js:4:55)
	    at callback (node_modules/@angular/core/fesm2022/core.mjs:3237:47)
	    at runInInjectorProfilerContext (node_modules/@angular/core/fesm2022/core.mjs:872:9)
	    at R3Injector.hydrate (node_modules/@angular/core/fesm2022/core.mjs:3236:21)
	    at R3Injector.get (node_modules/@angular/core/fesm2022/core.mjs:3099:33)
Chrome 145.0.0.0 (Windows 10): Executed 1 of null[31m (1 FAILED)[39m (0 secs / 0.111 secs)
Chrome 145.0.0.0 (Windows 10): Executed 1 of null[31m (1 FAILED)[39m (0 secs / 0.111 secs)
[1A[2K[1A[2KChrome 145.0.0.0 (Windows 10): Executed 2 of 77[31m (1 FAILED)[39m (0 secs / 0.159 secs)
Chrome 145.0.0.0 (Windows 10): Executed 2 of 77[31m (1 FAILED)[39m (0 secs / 0.159 secs)
[1A[2K[1A[2KChrome 145.0.0.0 (Windows 10): Executed 3 of 77[31m (1 FAILED)[39m (0 secs / 0.165 secs)
Chrome 145.0.0.0 (Windows 10): Executed 3 of 77[31m (1 FAILED)[39m (0 secs / 0.165 secs)
[1A[2K[1A[2KChrome 145.0.0.0 (Windows 10): Executed 4 of 77[31m (1 FAILED)[39m (0 secs / 0.169 secs)
Chrome 145.0.0.0 (Windows 10): Executed 4 of 77[31m (1 FAILED)[39m (0 secs / 0.169 secs)
[1A[2K[1A[2KChrome 145.0.0.0 (Windows 10): Executed 5 of 77[31m (1 FAILED)[39m (0 secs / 0.177 secs)
Chrome 145.0.0.0 (Windows 10): Executed 5 of 77[31m (1 FAILED)[39m (0 secs / 0.177 secs)
[1A[2K[1A[2K[31mChrome 145.0.0.0 (Windows 10) OrderListComponent should create FAILED[39m
	NullInjectorError: R3InjectorError(Standalone[OrderListComponent])[AuthService -> AuthService -> HttpClient -> HttpClient]: 
	  NullInjectorError: No provider for HttpClient!
	error properties: Object({ ngTempTokenPath: null, ngTokenPath: [ 'AuthService', 'AuthService', 'HttpClient', 'HttpClient' ] })
	    at NullInjector.get (node_modules/@angular/core/fesm2022/core.mjs:1663:27)
	    at R3Injector.get (node_modules/@angular/core/fesm2022/core.mjs:3109:33)
	    at R3Injector.get (node_modules/@angular/core/fesm2022/core.mjs:3109:33)
	    at injectInjectorOnly (node_modules/@angular/core/fesm2022/core.mjs:1107:40)
	    at ╔Á╔Áinject (node_modules/@angular/core/fesm2022/core.mjs:1113:60)
	    at Object.factory (ng:///AuthService/╔Áfac.js:4:55)
	    at callback (node_modules/@angular/core/fesm2022/core.mjs:3237:47)
	    at runInInjectorProfilerContext (node_modules/@angular/core/fesm2022/core.mjs:872:9)
	    at R3Injector.hydrate (node_modules/@angular/core/fesm2022/core.mjs:3236:21)
	    at R3Injector.get (node_modules/@angular/core/fesm2022/core.mjs:3099:33)
Chrome 145.0.0.0 (Windows 10): Executed 6 of 77[31m (2 FAILED)[39m (0 secs / 0.211 secs)
Chrome 145.0.0.0 (Windows 10): Executed 6 of 77[31m (2 FAILED)[39m (0 secs / 0.211 secs)
[1A[2K[1A[2K[31mChrome 145.0.0.0 (Windows 10) OrderListComponent ngOnInit should call pedidoService.getOrders and set isLoading to true initially, then false FAILED[39m
	NullInjectorError: R3InjectorError(Standalone[OrderListComponent])[AuthService -> AuthService -> HttpClient -> HttpClient]: 
	  NullInjectorError: No provider for HttpClient!
	error properties: Object({ ngTempTokenPath: null, ngTokenPath: [ 'AuthService', 'AuthService', 'HttpClient', 'HttpClient' ] })
	    at NullInjector.get (node_modules/@angular/core/fesm2022/core.mjs:1663:27)
	    at R3Injector.get (node_modules/@angular/core/fesm2022/core.mjs:3109:33)
	    at R3Injector.get (node_modules/@angular/core/fesm2022/core.mjs:3109:33)
	    at injectInjectorOnly (node_modules/@angular/core/fesm2022/core.mjs:1107:40)
	    at ╔Á╔Áinject (node_modules/@angular/core/fesm2022/core.mjs:1113:60)
	    at Object.factory (ng:///AuthService/╔Áfac.js:4:55)
	    at callback (node_modules/@angular/core/fesm2022/core.mjs:3237:47)
	    at runInInjectorProfilerContext (node_modules/@angular/core/fesm2022/core.mjs:872:9)
	    at R3Injector.hydrate (node_modules/@angular/core/fesm2022/core.mjs:3236:21)
	    at R3Injector.get (node_modules/@angular/core/fesm2022/core.mjs:3099:33)
Chrome 145.0.0.0 (Windows 10): Executed 7 of 77[31m (3 FAILED)[39m (0 secs / 0.214 secs)
Chrome 145.0.0.0 (Windows 10): Executed 7 of 77[31m (3 FAILED)[39m (0 secs / 0.214 secs)
[1A[2K[1A[2K[31mChrome 145.0.0.0 (Windows 10) OrderListComponent ngOnInit should set errorMensaje and isLoading to false if service call fails FAILED[39m
	NullInjectorError: R3InjectorError(Standalone[OrderListComponent])[AuthService -> AuthService -> HttpClient -> HttpClient]: 
	  NullInjectorError: No provider for HttpClient!
	error properties: Object({ ngTempTokenPath: null, ngTokenPath: [ 'AuthService', 'AuthService', 'HttpClient', 'HttpClient' ] })
	    at NullInjector.get (node_modules/@angular/core/fesm2022/core.mjs:1663:27)
	    at R3Injector.get (node_modules/@angular/core/fesm2022/core.mjs:3109:33)
	    at R3Injector.get (node_modules/@angular/core/fesm2022/core.mjs:3109:33)
	    at injectInjectorOnly (node_modules/@angular/core/fesm2022/core.mjs:1107:40)
	    at ╔Á╔Áinject (node_modules/@angular/core/fesm2022/core.mjs:1113:60)
	    at Object.factory (ng:///AuthService/╔Áfac.js:4:55)
	    at callback (node_modules/@angular/core/fesm2022/core.mjs:3237:47)
	    at runInInjectorProfilerContext (node_modules/@angular/core/fesm2022/core.mjs:872:9)
	    at R3Injector.hydrate (node_modules/@angular/core/fesm2022/core.mjs:3236:21)
	    at R3Injector.get (node_modules/@angular/core/fesm2022/core.mjs:3099:33)
Chrome 145.0.0.0 (Windows 10): Executed 8 of 77[31m (4 FAILED)[39m (0 secs / 0.217 secs)
Chrome 145.0.0.0 (Windows 10): Executed 8 of 77[31m (4 FAILED)[39m (0 secs / 0.217 secs)
[1A[2K[1A[2K[31mChrome 145.0.0.0 (Windows 10) OrderListComponent ngOnInit should assign pedidos on successful data fetch FAILED[39m
	NullInjectorError: R3InjectorError(Standalone[OrderListComponent])[AuthService -> AuthService -> HttpClient -> HttpClient]: 
	  NullInjectorError: No provider for HttpClient!
	error properties: Object({ ngTempTokenPath: null, ngTokenPath: [ 'AuthService', 'AuthService', 'HttpClient', 'HttpClient' ] })
	    at NullInjector.get (node_modules/@angular/core/fesm2022/core.mjs:1663:27)
	    at R3Injector.get (node_modules/@angular/core/fesm2022/core.mjs:3109:33)
	    at R3Injector.get (node_modules/@angular/core/fesm2022/core.mjs:3109:33)
	    at injectInjectorOnly (node_modules/@angular/core/fesm2022/core.mjs:1107:40)
	    at ╔Á╔Áinject (node_modules/@angular/core/fesm2022/core.mjs:1113:60)
	    at Object.factory (ng:///AuthService/╔Áfac.js:4:55)
	    at callback (node_modules/@angular/core/fesm2022/core.mjs:3237:47)
	    at runInInjectorProfilerContext (node_modules/@angular/core/fesm2022/core.mjs:872:9)
	    at R3Injector.hydrate (node_modules/@angular/core/fesm2022/core.mjs:3236:21)
	    at R3Injector.get (node_modules/@angular/core/fesm2022/core.mjs:3099:33)
Chrome 145.0.0.0 (Windows 10): Executed 9 of 77[31m (5 FAILED)[39m (0 secs / 0.22 secs)
Chrome 145.0.0.0 (Windows 10): Executed 9 of 77[31m (5 FAILED)[39m (0 secs / 0.22 secs)
[1A[2K[1A[2K[31mChrome 145.0.0.0 (Windows 10) OrderListComponent Template Rendering should display "Cargando pedidos..." when isLoading is true FAILED[39m
	NullInjectorError: R3InjectorError(Standalone[OrderListComponent])[AuthService -> AuthService -> HttpClient -> HttpClient]: 
	  NullInjectorError: No provider for HttpClient!
	error properties: Object({ ngTempTokenPath: null, ngTokenPath: [ 'AuthService', 'AuthService', 'HttpClient', 'HttpClient' ] })
	    at NullInjector.get (node_modules/@angular/core/fesm2022/core.mjs:1663:27)
	    at R3Injector.get (node_modules/@angular/core/fesm2022/core.mjs:3109:33)
	    at R3Injector.get (node_modules/@angular/core/fesm2022/core.mjs:3109:33)
	    at injectInjectorOnly (node_modules/@angular/core/fesm2022/core.mjs:1107:40)
	    at ╔Á╔Áinject (node_modules/@angular/core/fesm2022/core.mjs:1113:60)
	    at Object.factory (ng:///AuthService/╔Áfac.js:4:55)
	    at callback (node_modules/@angular/core/fesm2022/core.mjs:3237:47)
	    at runInInjectorProfilerContext (node_modules/@angular/core/fesm2022/core.mjs:872:9)
	    at R3Injector.hydrate (node_modules/@angular/core/fesm2022/core.mjs:3236:21)
	    at R3Injector.get (node_modules/@angular/core/fesm2022/core.mjs:3099:33)
Chrome 145.0.0.0 (Windows 10): Executed 10 of 77[31m (6 FAILED)[39m (0 secs / 0.223 secs)
Chrome 145.0.0.0 (Windows 10): Executed 10 of 77[31m (6 FAILED)[39m (0 secs / 0.223 secs)
[1A[2K[1A[2K[31mChrome 145.0.0.0 (Windows 10) OrderListComponent Template Rendering should render order cards when pedidos has data FAILED[39m
	NullInjectorError: R3InjectorError(Standalone[OrderListComponent])[AuthService -> AuthService -> HttpClient -> HttpClient]: 
	  NullInjectorError: No provider for HttpClient!
	error properties: Object({ ngTempTokenPath: null, ngTokenPath: [ 'AuthService', 'AuthService', 'HttpClient', 'HttpClient' ] })
	    at NullInjector.get (node_modules/@angular/core/fesm2022/core.mjs:1663:27)
	    at R3Injector.get (node_modules/@angular/core/fesm2022/core.mjs:3109:33)
	    at R3Injector.get (node_modules/@angular/core/fesm2022/core.mjs:3109:33)
	    at injectInjectorOnly (node_modules/@angular/core/fesm2022/core.mjs:1107:40)
	    at ╔Á╔Áinject (node_modules/@angular/core/fesm2022/core.mjs:1113:60)
	    at Object.factory (ng:///AuthService/╔Áfac.js:4:55)
	    at callback (node_modules/@angular/core/fesm2022/core.mjs:3237:47)
	    at runInInjectorProfilerContext (node_modules/@angular/core/fesm2022/core.mjs:872:9)
	    at R3Injector.hydrate (node_modules/@angular/core/fesm2022/core.mjs:3236:21)
	    at R3Injector.get (node_modules/@angular/core/fesm2022/core.mjs:3099:33)
Chrome 145.0.0.0 (Windows 10): Executed 11 of 77[31m (7 FAILED)[39m (0 secs / 0.226 secs)
Chrome 145.0.0.0 (Windows 10): Executed 11 of 77[31m (7 FAILED)[39m (0 secs / 0.226 secs)
[1A[2K[1A[2K[31mChrome 145.0.0.0 (Windows 10) OrderListComponent Template Rendering should display "A├║n no tienes pedidos." when pedidos is empty and not loading and no error FAILED[39m
	NullInjectorError: R3InjectorError(Standalone[OrderListComponent])[AuthService -> AuthService -> HttpClient -> HttpClient]: 
	  NullInjectorError: No provider for HttpClient!
	error properties: Object({ ngTempTokenPath: null, ngTokenPath: [ 'AuthService', 'AuthService', 'HttpClient', 'HttpClient' ] })
	    at NullInjector.get (node_modules/@angular/core/fesm2022/core.mjs:1663:27)
	    at R3Injector.get (node_modules/@angular/core/fesm2022/core.mjs:3109:33)
	    at R3Injector.get (node_modules/@angular/core/fesm2022/core.mjs:3109:33)
	    at injectInjectorOnly (node_modules/@angular/core/fesm2022/core.mjs:1107:40)
	    at ╔Á╔Áinject (node_modules/@angular/core/fesm2022/core.mjs:1113:60)
	    at Object.factory (ng:///AuthService/╔Áfac.js:4:55)
	    at callback (node_modules/@angular/core/fesm2022/core.mjs:3237:47)
	    at runInInjectorProfilerContext (node_modules/@angular/core/fesm2022/core.mjs:872:9)
	    at R3Injector.hydrate (node_modules/@angular/core/fesm2022/core.mjs:3236:21)
	    at R3Injector.get (node_modules/@angular/core/fesm2022/core.mjs:3099:33)
Chrome 145.0.0.0 (Windows 10): Executed 12 of 77[31m (8 FAILED)[39m (0 secs / 0.229 secs)
Chrome 145.0.0.0 (Windows 10): Executed 12 of 77[31m (8 FAILED)[39m (0 secs / 0.229 secs)
[1A[2K[1A[2K[31mChrome 145.0.0.0 (Windows 10) OrderListComponent Template Rendering should display error message when errorMensaje is set FAILED[39m
	NullInjectorError: R3InjectorError(Standalone[OrderListComponent])[AuthService -> AuthService -> HttpClient -> HttpClient]: 
	  NullInjectorError: No provider for HttpClient!
	error properties: Object({ ngTempTokenPath: null, ngTokenPath: [ 'AuthService', 'AuthService', 'HttpClient', 'HttpClient' ] })
	    at NullInjector.get (node_modules/@angular/core/fesm2022/core.mjs:1663:27)
	    at R3Injector.get (node_modules/@angular/core/fesm2022/core.mjs:3109:33)
	    at R3Injector.get (node_modules/@angular/core/fesm2022/core.mjs:3109:33)
	    at injectInjectorOnly (node_modules/@angular/core/fesm2022/core.mjs:1107:40)
	    at ╔Á╔Áinject (node_modules/@angular/core/fesm2022/core.mjs:1113:60)
	    at Object.factory (ng:///AuthService/╔Áfac.js:4:55)
	    at callback (node_modules/@angular/core/fesm2022/core.mjs:3237:47)
	    at runInInjectorProfilerContext (node_modules/@angular/core/fesm2022/core.mjs:872:9)
	    at R3Injector.hydrate (node_modules/@angular/core/fesm2022/core.mjs:3236:21)
	    at R3Injector.get (node_modules/@angular/core/fesm2022/core.mjs:3099:33)
Chrome 145.0.0.0 (Windows 10): Executed 13 of 77[31m (9 FAILED)[39m (0 secs / 0.231 secs)
Chrome 145.0.0.0 (Windows 10): Executed 13 of 77[31m (9 FAILED)[39m (0 secs / 0.231 secs)
[1A[2K[1A[2K[31mChrome 145.0.0.0 (Windows 10) OrderListComponent Template Rendering should display "Pedidos" title FAILED[39m
	NullInjectorError: R3InjectorError(Standalone[OrderListComponent])[AuthService -> AuthService -> HttpClient -> HttpClient]: 
	  NullInjectorError: No provider for HttpClient!
	error properties: Object({ ngTempTokenPath: null, ngTokenPath: [ 'AuthService', 'AuthService', 'HttpClient', 'HttpClient' ] })
	    at NullInjector.get (node_modules/@angular/core/fesm2022/core.mjs:1663:27)
	    at R3Injector.get (node_modules/@angular/core/fesm2022/core.mjs:3109:33)
	    at R3Injector.get (node_modules/@angular/core/fesm2022/core.mjs:3109:33)
	    at injectInjectorOnly (node_modules/@angular/core/fesm2022/core.mjs:1107:40)
	    at ╔Á╔Áinject (node_modules/@angular/core/fesm2022/core.mjs:1113:60)
	    at Object.factory (ng:///AuthService/╔Áfac.js:4:55)
	    at callback (node_modules/@angular/core/fesm2022/core.mjs:3237:47)
	    at runInInjectorProfilerContext (node_modules/@angular/core/fesm2022/core.mjs:872:9)
	    at R3Injector.hydrate (node_modules/@angular/core/fesm2022/core.mjs:3236:21)
	    at R3Injector.get (node_modules/@angular/core/fesm2022/core.mjs:3099:33)
Chrome 145.0.0.0 (Windows 10): Executed 14 of 77[31m (10 FAILED)[39m (0 secs / 0.234 secs)
Chrome 145.0.0.0 (Windows 10): Executed 14 of 77[31m (10 FAILED)[39m (0 secs / 0.234 secs)
[1A[2K[1A[2K[31mChrome 145.0.0.0 (Windows 10) OrderListComponent Template Rendering should call irAPago when primary action button is clicked FAILED[39m
	NullInjectorError: R3InjectorError(Standalone[OrderListComponent])[AuthService -> AuthService -> HttpClient -> HttpClient]: 
	  NullInjectorError: No provider for HttpClient!
	error properties: Object({ ngTempTokenPath: null, ngTokenPath: [ 'AuthService', 'AuthService', 'HttpClient', 'HttpClient' ] })
	    at NullInjector.get (node_modules/@angular/core/fesm2022/core.mjs:1663:27)
	    at R3Injector.get (node_modules/@angular/core/fesm2022/core.mjs:3109:33)
	    at R3Injector.get (node_modules/@angular/core/fesm2022/core.mjs:3109:33)
	    at injectInjectorOnly (node_modules/@angular/core/fesm2022/core.mjs:1107:40)
	    at ╔Á╔Áinject (node_modules/@angular/core/fesm2022/core.mjs:1113:60)
	    at Object.factory (ng:///AuthService/╔Áfac.js:4:55)
	    at callback (node_modules/@angular/core/fesm2022/core.mjs:3237:47)
	    at runInInjectorProfilerContext (node_modules/@angular/core/fesm2022/core.mjs:872:9)
	    at R3Injector.hydrate (node_modules/@angular/core/fesm2022/core.mjs:3236:21)
	    at R3Injector.get (node_modules/@angular/core/fesm2022/core.mjs:3099:33)
Chrome 145.0.0.0 (Windows 10): Executed 15 of 77[31m (11 FAILED)[39m (0 secs / 0.236 secs)
Chrome 145.0.0.0 (Windows 10): Executed 15 of 77[31m (11 FAILED)[39m (0 secs / 0.236 secs)
[1A[2K[1A[2K[31mChrome 145.0.0.0 (Windows 10) OrderListComponent verDetalle should navigate to the order detail page with the correct pedidoId FAILED[39m
	NullInjectorError: R3InjectorError(Standalone[OrderListComponent])[AuthService -> AuthService -> HttpClient -> HttpClient]: 
	  NullInjectorError: No provider for HttpClient!
	error properties: Object({ ngTempTokenPath: null, ngTokenPath: [ 'AuthService', 'AuthService', 'HttpClient', 'HttpClient' ] })
	    at NullInjector.get (node_modules/@angular/core/fesm2022/core.mjs:1663:27)
	    at R3Injector.get (node_modules/@angular/core/fesm2022/core.mjs:3109:33)
	    at R3Injector.get (node_modules/@angular/core/fesm2022/core.mjs:3109:33)
	    at injectInjectorOnly (node_modules/@angular/core/fesm2022/core.mjs:1107:40)
	    at ╔Á╔Áinject (node_modules/@angular/core/fesm2022/core.mjs:1113:60)
	    at Object.factory (ng:///AuthService/╔Áfac.js:4:55)
	    at callback (node_modules/@angular/core/fesm2022/core.mjs:3237:47)
	    at runInInjectorProfilerContext (node_modules/@angular/core/fesm2022/core.mjs:872:9)
	    at R3Injector.hydrate (node_modules/@angular/core/fesm2022/core.mjs:3236:21)
	    at R3Injector.get (node_modules/@angular/core/fesm2022/core.mjs:3099:33)
Chrome 145.0.0.0 (Windows 10): Executed 16 of 77[31m (12 FAILED)[39m (0 secs / 0.238 secs)
Chrome 145.0.0.0 (Windows 10): Executed 16 of 77[31m (12 FAILED)[39m (0 secs / 0.238 secs)
[1A[2K[1A[2K[31mChrome 145.0.0.0 (Windows 10) LayoutComponent should create FAILED[39m
	NullInjectorError: R3InjectorError(Standalone[LayoutComponent])[AuthService -> AuthService -> HttpClient -> HttpClient]: 
	  NullInjectorError: No provider for HttpClient!
	error properties: Object({ ngTempTokenPath: null, ngTokenPath: [ 'AuthService', 'AuthService', 'HttpClient', 'HttpClient' ] })
	    at NullInjector.get (node_modules/@angular/core/fesm2022/core.mjs:1663:27)
	    at R3Injector.get (node_modules/@angular/core/fesm2022/core.mjs:3109:33)
	    at R3Injector.get (node_modules/@angular/core/fesm2022/core.mjs:3109:33)
	    at injectInjectorOnly (node_modules/@angular/core/fesm2022/core.mjs:1107:40)
	    at ╔Á╔Áinject (node_modules/@angular/core/fesm2022/core.mjs:1113:60)
	    at Object.factory (ng:///AuthService/╔Áfac.js:4:55)
	    at callback (node_modules/@angular/core/fesm2022/core.mjs:3237:47)
	    at runInInjectorProfilerContext (node_modules/@angular/core/fesm2022/core.mjs:872:9)
	    at R3Injector.hydrate (node_modules/@angular/core/fesm2022/core.mjs:3236:21)
	    at R3Injector.get (node_modules/@angular/core/fesm2022/core.mjs:3099:33)
Chrome 145.0.0.0 (Windows 10): Executed 17 of 77[31m (13 FAILED)[39m (0 secs / 0.257 secs)
Chrome 145.0.0.0 (Windows 10): Executed 17 of 77[31m (13 FAILED)[39m (0 secs / 0.257 secs)
[1A[2K[1A[2K[31mChrome 145.0.0.0 (Windows 10) AdminPedidosComponent trackByPedidoId should fall back to id when Id is undefined FAILED[39m
	Error: Unexpected "ModalComponent" found in the "declarations" array of the "TestBed.configureTestingModule" call, "ModalComponent" is marked as standalone and can't be declared in any NgModule - did you intend to import it instead (by adding it to the "imports" array)?
	    at forEach (node_modules/@angular/core/fesm2022/testing.mjs:798:23)
	    at Array.forEach (<anonymous>)
	    at assertNoStandaloneComponents (node_modules/@angular/core/fesm2022/testing.mjs:794:11)
	    at TestBedCompiler.configureTestingModule (node_modules/@angular/core/fesm2022/testing.mjs:869:13)
	    at TestBedImpl.configureTestingModule (node_modules/@angular/core/fesm2022/testing.mjs:1962:23)
	    at TestBedImpl.configureTestingModule (node_modules/@angular/core/fesm2022/testing.mjs:1789:37)
	    at UserContext.<anonymous> (src/app/components/pages/admin/admin-pedidos/admin-pedidos.component.spec.ts:18:19)
	    at Generator.next (<anonymous>)
	    at asyncGeneratorStep (node_modules/@babel/runtime/helpers/esm/asyncToGenerator.js:3:1)
	    at _next (node_modules/@babel/runtime/helpers/esm/asyncToGenerator.js:17:1)
Chrome 145.0.0.0 (Windows 10): Executed 18 of 77[31m (14 FAILED)[39m (0 secs / 0.258 secs)
Chrome 145.0.0.0 (Windows 10): Executed 18 of 77[31m (14 FAILED)[39m (0 secs / 0.258 secs)
[1A[2K[1A[2K[31mChrome 145.0.0.0 (Windows 10) AdminPedidosComponent trackByPedidoId should return Id when present FAILED[39m
	Error: Unexpected "ModalComponent" found in the "declarations" array of the "TestBed.configureTestingModule" call, "ModalComponent" is marked as standalone and can't be declared in any NgModule - did you intend to import it instead (by adding it to the "imports" array)?
	    at forEach (node_modules/@angular/core/fesm2022/testing.mjs:798:23)
	    at Array.forEach (<anonymous>)
	    at assertNoStandaloneComponents (node_modules/@angular/core/fesm2022/testing.mjs:794:11)
	    at TestBedCompiler.configureTestingModule (node_modules/@angular/core/fesm2022/testing.mjs:869:13)
	    at TestBedImpl.configureTestingModule (node_modules/@angular/core/fesm2022/testing.mjs:1962:23)
	    at TestBedImpl.configureTestingModule (node_modules/@angular/core/fesm2022/testing.mjs:1789:37)
	    at UserContext.<anonymous> (src/app/components/pages/admin/admin-pedidos/admin-pedidos.component.spec.ts:18:19)
	    at Generator.next (<anonymous>)
	    at asyncGeneratorStep (node_modules/@babel/runtime/helpers/esm/asyncToGenerator.js:3:1)
	    at _next (node_modules/@babel/runtime/helpers/esm/asyncToGenerator.js:17:1)
Chrome 145.0.0.0 (Windows 10): Executed 19 of 77[31m (15 FAILED)[39m (0 secs / 0.258 secs)
Chrome 145.0.0.0 (Windows 10): Executed 19 of 77[31m (15 FAILED)[39m (0 secs / 0.258 secs)
[1A[2K[1A[2K[31mChrome 145.0.0.0 (Windows 10) AdminPedidosComponent should not call service when canceling FAILED[39m
	Error: Unexpected "ModalComponent" found in the "declarations" array of the "TestBed.configureTestingModule" call, "ModalComponent" is marked as standalone and can't be declared in any NgModule - did you intend to import it instead (by adding it to the "imports" array)?
	    at forEach (node_modules/@angular/core/fesm2022/testing.mjs:798:23)
	    at Array.forEach (<anonymous>)
	    at assertNoStandaloneComponents (node_modules/@angular/core/fesm2022/testing.mjs:794:11)
	    at TestBedCompiler.configureTestingModule (node_modules/@angular/core/fesm2022/testing.mjs:869:13)
	    at TestBedImpl.configureTestingModule (node_modules/@angular/core/fesm2022/testing.mjs:1962:23)
	    at TestBedImpl.configureTestingModule (node_modules/@angular/core/fesm2022/testing.mjs:1789:37)
	    at UserContext.<anonymous> (src/app/components/pages/admin/admin-pedidos/admin-pedidos.component.spec.ts:18:19)
	    at Generator.next (<anonymous>)
	    at asyncGeneratorStep (node_modules/@babel/runtime/helpers/esm/asyncToGenerator.js:3:1)
	    at _next (node_modules/@babel/runtime/helpers/esm/asyncToGenerator.js:17:1)
Chrome 145.0.0.0 (Windows 10): Executed 20 of 77[31m (16 FAILED)[39m (0 secs / 0.259 secs)
Chrome 145.0.0.0 (Windows 10): Executed 20 of 77[31m (16 FAILED)[39m (0 secs / 0.259 secs)
[1A[2K[1A[2K[31mChrome 145.0.0.0 (Windows 10) AdminPedidosComponent should open dialog on rechazarPago and call service on confirm FAILED[39m
	Error: Unexpected "ModalComponent" found in the "declarations" array of the "TestBed.configureTestingModule" call, "ModalComponent" is marked as standalone and can't be declared in any NgModule - did you intend to import it instead (by adding it to the "imports" array)?
	    at forEach (node_modules/@angular/core/fesm2022/testing.mjs:798:23)
	    at Array.forEach (<anonymous>)
	    at assertNoStandaloneComponents (node_modules/@angular/core/fesm2022/testing.mjs:794:11)
	    at TestBedCompiler.configureTestingModule (node_modules/@angular/core/fesm2022/testing.mjs:869:13)
	    at TestBedImpl.configureTestingModule (node_modules/@angular/core/fesm2022/testing.mjs:1962:23)
	    at TestBedImpl.configureTestingModule (node_modules/@angular/core/fesm2022/testing.mjs:1789:37)
	    at UserContext.<anonymous> (src/app/components/pages/admin/admin-pedidos/admin-pedidos.component.spec.ts:18:19)
	    at Generator.next (<anonymous>)
	    at asyncGeneratorStep (node_modules/@babel/runtime/helpers/esm/asyncToGenerator.js:3:1)
	    at _next (node_modules/@babel/runtime/helpers/esm/asyncToGenerator.js:17:1)
Chrome 145.0.0.0 (Windows 10): Executed 21 of 77[31m (17 FAILED)[39m (0 secs / 0.259 secs)
Chrome 145.0.0.0 (Windows 10): Executed 21 of 77[31m (17 FAILED)[39m (0 secs / 0.259 secs)
[1A[2K[1A[2K[31mChrome 145.0.0.0 (Windows 10) AdminPedidosComponent should create FAILED[39m
	Error: Unexpected "ModalComponent" found in the "declarations" array of the "TestBed.configureTestingModule" call, "ModalComponent" is marked as standalone and can't be declared in any NgModule - did you intend to import it instead (by adding it to the "imports" array)?
	    at forEach (node_modules/@angular/core/fesm2022/testing.mjs:798:23)
	    at Array.forEach (<anonymous>)
	    at assertNoStandaloneComponents (node_modules/@angular/core/fesm2022/testing.mjs:794:11)
	    at TestBedCompiler.configureTestingModule (node_modules/@angular/core/fesm2022/testing.mjs:869:13)
	    at TestBedImpl.configureTestingModule (node_modules/@angular/core/fesm2022/testing.mjs:1962:23)
	    at TestBedImpl.configureTestingModule (node_modules/@angular/core/fesm2022/testing.mjs:1789:37)
	    at UserContext.<anonymous> (src/app/components/pages/admin/admin-pedidos/admin-pedidos.component.spec.ts:18:19)
	    at Generator.next (<anonymous>)
	    at asyncGeneratorStep (node_modules/@babel/runtime/helpers/esm/asyncToGenerator.js:3:1)
	    at _next (node_modules/@babel/runtime/helpers/esm/asyncToGenerator.js:17:1)
Chrome 145.0.0.0 (Windows 10): Executed 22 of 77[31m (18 FAILED)[39m (0 secs / 0.26 secs)
Chrome 145.0.0.0 (Windows 10): Executed 22 of 77[31m (18 FAILED)[39m (0 secs / 0.26 secs)
[1A[2K[1A[2KChrome 145.0.0.0 (Windows 10): Executed 23 of 77[31m (18 FAILED)[39m (0 secs / 0.273 secs)
Chrome 145.0.0.0 (Windows 10): Executed 23 of 77[31m (18 FAILED)[39m (0 secs / 0.273 secs)
[33m27 02 2026 17:29:55.611:WARN [web-server]: [39m404: /_karma_webpack_/assets/icons/dashboard.svg
[33m27 02 2026 17:29:55.611:WARN [web-server]: [39m404: /_karma_webpack_/assets/icons/cuentos.svg
[1A[2K[1A[2K[31mChrome 145.0.0.0 (Windows 10) RegisterComponent should create FAILED[39m
	NullInjectorError: R3InjectorError(Standalone[RegisterComponent])[AuthService -> AuthService -> HttpClient -> HttpClient]: 
	  NullInjectorError: No provider for HttpClient!
	error properties: Object({ ngTempTokenPath: null, ngTokenPath: [ 'AuthService', 'AuthService', 'HttpClient', 'HttpClient' ] })
	    at NullInjector.get (node_modules/@angular/core/fesm2022/core.mjs:1663:27)
	    at R3Injector.get (node_modules/@angular/core/fesm2022/core.mjs:3109:33)
	    at R3Injector.get (node_modules/@angular/core/fesm2022/core.mjs:3109:33)
	    at injectInjectorOnly (node_modules/@angular/core/fesm2022/core.mjs:1107:40)
	    at ╔Á╔Áinject (node_modules/@angular/core/fesm2022/core.mjs:1113:60)
	    at Object.factory (ng:///AuthService/╔Áfac.js:4:55)
	    at callback (node_modules/@angular/core/fesm2022/core.mjs:3237:47)
	    at runInInjectorProfilerContext (node_modules/@angular/core/fesm2022/core.mjs:872:9)
	    at R3Injector.hydrate (node_modules/@angular/core/fesm2022/core.mjs:3236:21)
	    at R3Injector.get (node_modules/@angular/core/fesm2022/core.mjs:3099:33)
Chrome 145.0.0.0 (Windows 10): Executed 24 of 77[31m (19 FAILED)[39m (0 secs / 0.281 secs)
Chrome 145.0.0.0 (Windows 10): Executed 24 of 77[31m (19 FAILED)[39m (0 secs / 0.281 secs)
[33m27 02 2026 17:29:55.620:WARN [web-server]: [39m404: /_karma_webpack_/assets/icons/pedidos.svg
[33m27 02 2026 17:29:55.620:WARN [web-server]: [39m404: /_karma_webpack_/assets/icons/usuarios.svg
[1A[2K[1A[2K[31mChrome 145.0.0.0 (Windows 10) LoginComponent should create FAILED[39m
	NullInjectorError: R3InjectorError(Standalone[LoginComponent])[AuthService -> AuthService -> HttpClient -> HttpClient]: 
	  NullInjectorError: No provider for HttpClient!
	error properties: Object({ ngTempTokenPath: null, ngTokenPath: [ 'AuthService', 'AuthService', 'HttpClient', 'HttpClient' ] })
	    at NullInjector.get (node_modules/@angular/core/fesm2022/core.mjs:1663:27)
	    at R3Injector.get (node_modules/@angular/core/fesm2022/core.mjs:3109:33)
	    at R3Injector.get (node_modules/@angular/core/fesm2022/core.mjs:3109:33)
	    at injectInjectorOnly (node_modules/@angular/core/fesm2022/core.mjs:1107:40)
	    at ╔Á╔Áinject (node_modules/@angular/core/fesm2022/core.mjs:1113:60)
	    at Object.factory (ng:///AuthService/╔Áfac.js:4:55)
	    at callback (node_modules/@angular/core/fesm2022/core.mjs:3237:47)
	    at runInInjectorProfilerContext (node_modules/@angular/core/fesm2022/core.mjs:872:9)
	    at R3Injector.hydrate (node_modules/@angular/core/fesm2022/core.mjs:3236:21)
	    at R3Injector.get (node_modules/@angular/core/fesm2022/core.mjs:3099:33)
Chrome 145.0.0.0 (Windows 10): Executed 25 of 77[31m (20 FAILED)[39m (0 secs / 0.287 secs)
Chrome 145.0.0.0 (Windows 10): Executed 25 of 77[31m (20 FAILED)[39m (0 secs / 0.287 secs)
[33m27 02 2026 17:29:55.627:WARN [web-server]: [39m404: /_karma_webpack_/assets/icons/config.svg
[1A[2K[1A[2KChrome 145.0.0.0 (Windows 10): Executed 26 of 77[31m (20 FAILED)[39m (0 secs / 0.29 secs)
Chrome 145.0.0.0 (Windows 10): Executed 26 of 77[31m (20 FAILED)[39m (0 secs / 0.29 secs)
[1A[2K[1A[2K[31mChrome 145.0.0.0 (Windows 10) AdminDashboardComponent should handle service errors FAILED[39m
	NullInjectorError: R3InjectorError(DynamicTestModule)[ActivatedRoute -> ActivatedRoute]: 
	  NullInjectorError: No provider for ActivatedRoute!
	error properties: Object({ ngTempTokenPath: null, ngTokenPath: [ 'ActivatedRoute', 'ActivatedRoute' ] })
	    at NullInjector.get (node_modules/@angular/core/fesm2022/core.mjs:1663:27)
	    at R3Injector.get (node_modules/@angular/core/fesm2022/core.mjs:3109:33)
	    at R3Injector.get (node_modules/@angular/core/fesm2022/core.mjs:3109:33)
	    at ChainedInjector.get (node_modules/@angular/core/fesm2022/core.mjs:5454:36)
	    at lookupTokenUsingModuleInjector (node_modules/@angular/core/fesm2022/core.mjs:5807:39)
	    at getOrCreateInjectable (node_modules/@angular/core/fesm2022/core.mjs:5855:12)
	    at Module.╔Á╔ÁdirectiveInject (node_modules/@angular/core/fesm2022/core.mjs:11933:19)
	    at NodeInjectorFactory.factory (node_modules/@angular/router/fesm2022/router.mjs:424:104)
	    at getNodeInjectable (node_modules/@angular/core/fesm2022/core.mjs:6067:44)
	    at instantiateAllDirectives (node_modules/@angular/core/fesm2022/core.mjs:12803:27)
Chrome 145.0.0.0 (Windows 10): Executed 27 of 77[31m (21 FAILED)[39m (0 secs / 0.306 secs)
Chrome 145.0.0.0 (Windows 10): Executed 27 of 77[31m (21 FAILED)[39m (0 secs / 0.306 secs)
[1A[2K[1A[2K[31mChrome 145.0.0.0 (Windows 10) AdminDashboardComponent should update counters with data from services FAILED[39m
	NullInjectorError: R3InjectorError(DynamicTestModule)[ActivatedRoute -> ActivatedRoute]: 
	  NullInjectorError: No provider for ActivatedRoute!
	error properties: Object({ ngTempTokenPath: null, ngTokenPath: [ 'ActivatedRoute', 'ActivatedRoute' ] })
	    at NullInjector.get (node_modules/@angular/core/fesm2022/core.mjs:1663:27)
	    at R3Injector.get (node_modules/@angular/core/fesm2022/core.mjs:3109:33)
	    at R3Injector.get (node_modules/@angular/core/fesm2022/core.mjs:3109:33)
	    at ChainedInjector.get (node_modules/@angular/core/fesm2022/core.mjs:5454:36)
	    at lookupTokenUsingModuleInjector (node_modules/@angular/core/fesm2022/core.mjs:5807:39)
	    at getOrCreateInjectable (node_modules/@angular/core/fesm2022/core.mjs:5855:12)
	    at Module.╔Á╔ÁdirectiveInject (node_modules/@angular/core/fesm2022/core.mjs:11933:19)
	    at NodeInjectorFactory.factory (node_modules/@angular/router/fesm2022/router.mjs:424:104)
	    at getNodeInjectable (node_modules/@angular/core/fesm2022/core.mjs:6067:44)
	    at instantiateAllDirectives (node_modules/@angular/core/fesm2022/core.mjs:12803:27)
Chrome 145.0.0.0 (Windows 10): Executed 28 of 77[31m (22 FAILED)[39m (0 secs / 0.312 secs)
Chrome 145.0.0.0 (Windows 10): Executed 28 of 77[31m (22 FAILED)[39m (0 secs / 0.312 secs)
[1A[2K[1A[2K[31mChrome 145.0.0.0 (Windows 10) PagoComponent pagarConMercadoPagoConfirmado should redirect to the correct Mercado Pago URL FAILED[39m
	Error: <spyOnProperty> : location is not declared configurable
	Usage: spyOnProperty(<object>, <propName>, [accessType])
	    at <Jasmine>
	    at UserContext.<anonymous> (src/app/components/pages/pago/pago.component.spec.ts:71:17)
	    at Generator.next (<anonymous>)
	    at asyncGeneratorStep (node_modules/@babel/runtime/helpers/esm/asyncToGenerator.js:3:1)
	    at apply (node_modules/@babel/runtime/helpers/esm/asyncToGenerator.js:17:1)
	    at _ZoneDelegate.invoke (node_modules/zone.js/fesm2015/zone.js:369:28)
	    at ProxyZoneSpec.onInvoke (node_modules/zone.js/fesm2015/zone-testing.js:2081:39)
	    at _ZoneDelegate.invoke (node_modules/zone.js/fesm2015/zone.js:368:34)
Chrome 145.0.0.0 (Windows 10): Executed 29 of 77[31m (23 FAILED)[39m (0 secs / 0.328 secs)
Chrome 145.0.0.0 (Windows 10): Executed 29 of 77[31m (23 FAILED)[39m (0 secs / 0.328 secs)
[1A[2K[1A[2K[31mChrome 145.0.0.0 (Windows 10) PagoComponent should fetch order status on init FAILED[39m
	Error: <spyOnProperty> : location is not declared configurable
	Usage: spyOnProperty(<object>, <propName>, [accessType])
	    at <Jasmine>
	    at UserContext.<anonymous> (src/app/components/pages/pago/pago.component.spec.ts:71:17)
	    at Generator.next (<anonymous>)
	    at asyncGeneratorStep (node_modules/@babel/runtime/helpers/esm/asyncToGenerator.js:3:1)
	    at apply (node_modules/@babel/runtime/helpers/esm/asyncToGenerator.js:17:1)
	    at _ZoneDelegate.invoke (node_modules/zone.js/fesm2015/zone.js:369:28)
	    at ProxyZoneSpec.onInvoke (node_modules/zone.js/fesm2015/zone-testing.js:2081:39)
	    at _ZoneDelegate.invoke (node_modules/zone.js/fesm2015/zone.js:368:34)
Chrome 145.0.0.0 (Windows 10): Executed 30 of 77[31m (24 FAILED)[39m (0 secs / 0.33 secs)
Chrome 145.0.0.0 (Windows 10): Executed 30 of 77[31m (24 FAILED)[39m (0 secs / 0.33 secs)
[1A[2K[1A[2K[31mChrome 145.0.0.0 (Windows 10) PagoComponent should create FAILED[39m
	Error: <spyOnProperty> : location is not declared configurable
	Usage: spyOnProperty(<object>, <propName>, [accessType])
	    at <Jasmine>
	    at UserContext.<anonymous> (src/app/components/pages/pago/pago.component.spec.ts:71:17)
	    at Generator.next (<anonymous>)
	    at asyncGeneratorStep (node_modules/@babel/runtime/helpers/esm/asyncToGenerator.js:3:1)
	    at apply (node_modules/@babel/runtime/helpers/esm/asyncToGenerator.js:17:1)
	    at _ZoneDelegate.invoke (node_modules/zone.js/fesm2015/zone.js:369:28)
	    at ProxyZoneSpec.onInvoke (node_modules/zone.js/fesm2015/zone-testing.js:2081:39)
	    at _ZoneDelegate.invoke (node_modules/zone.js/fesm2015/zone.js:368:34)
Chrome 145.0.0.0 (Windows 10): Executed 31 of 77[31m (25 FAILED)[39m (0 secs / 0.332 secs)
Chrome 145.0.0.0 (Windows 10): Executed 31 of 77[31m (25 FAILED)[39m (0 secs / 0.332 secs)
[1A[2K[1A[2K[31mChrome 145.0.0.0 (Windows 10) PagoComponent ngOnInit - Mercado Pago Callback should show info message if payment status is not "approved" but external_reference matches FAILED[39m
	Error: <spyOnProperty> : location is not declared configurable
	Usage: spyOnProperty(<object>, <propName>, [accessType])
	    at <Jasmine>
	    at UserContext.<anonymous> (src/app/components/pages/pago/pago.component.spec.ts:71:17)
	    at Generator.next (<anonymous>)
	    at asyncGeneratorStep (node_modules/@babel/runtime/helpers/esm/asyncToGenerator.js:3:1)
	    at apply (node_modules/@babel/runtime/helpers/esm/asyncToGenerator.js:17:1)
	    at _ZoneDelegate.invoke (node_modules/zone.js/fesm2015/zone.js:369:28)
	    at ProxyZoneSpec.onInvoke (node_modules/zone.js/fesm2015/zone-testing.js:2081:39)
	    at _ZoneDelegate.invoke (node_modules/zone.js/fesm2015/zone.js:368:34)
Chrome 145.0.0.0 (Windows 10): Executed 32 of 77[31m (26 FAILED)[39m (0 secs / 0.334 secs)
Chrome 145.0.0.0 (Windows 10): Executed 32 of 77[31m (26 FAILED)[39m (0 secs / 0.334 secs)
[1A[2K[1A[2K[31mChrome 145.0.0.0 (Windows 10) PagoComponent ngOnInit - Mercado Pago Callback should not call confirmarPagoMercadoPago if no relevant query params are present FAILED[39m
	Error: <spyOnProperty> : location is not declared configurable
	Usage: spyOnProperty(<object>, <propName>, [accessType])
	    at <Jasmine>
	    at UserContext.<anonymous> (src/app/components/pages/pago/pago.component.spec.ts:71:17)
	    at Generator.next (<anonymous>)
	    at asyncGeneratorStep (node_modules/@babel/runtime/helpers/esm/asyncToGenerator.js:3:1)
	    at apply (node_modules/@babel/runtime/helpers/esm/asyncToGenerator.js:17:1)
	    at _ZoneDelegate.invoke (node_modules/zone.js/fesm2015/zone.js:369:28)
	    at ProxyZoneSpec.onInvoke (node_modules/zone.js/fesm2015/zone-testing.js:2081:39)
	    at _ZoneDelegate.invoke (node_modules/zone.js/fesm2015/zone.js:368:34)
Chrome 145.0.0.0 (Windows 10): Executed 33 of 77[31m (27 FAILED)[39m (0 secs / 0.336 secs)
Chrome 145.0.0.0 (Windows 10): Executed 33 of 77[31m (27 FAILED)[39m (0 secs / 0.336 secs)
[1A[2K[1A[2K[31mChrome 145.0.0.0 (Windows 10) PagoComponent ngOnInit - Mercado Pago Callback should NOT confirm payment if collection_status is not "approved" FAILED[39m
	Error: <spyOnProperty> : location is not declared configurable
	Usage: spyOnProperty(<object>, <propName>, [accessType])
	    at <Jasmine>
	    at UserContext.<anonymous> (src/app/components/pages/pago/pago.component.spec.ts:71:17)
	    at Generator.next (<anonymous>)
	    at asyncGeneratorStep (node_modules/@babel/runtime/helpers/esm/asyncToGenerator.js:3:1)
	    at apply (node_modules/@babel/runtime/helpers/esm/asyncToGenerator.js:17:1)
	    at _ZoneDelegate.invoke (node_modules/zone.js/fesm2015/zone.js:369:28)
	    at ProxyZoneSpec.onInvoke (node_modules/zone.js/fesm2015/zone-testing.js:2081:39)
	    at _ZoneDelegate.invoke (node_modules/zone.js/fesm2015/zone.js:368:34)
Chrome 145.0.0.0 (Windows 10): Executed 34 of 77[31m (28 FAILED)[39m (0 secs / 0.338 secs)
Chrome 145.0.0.0 (Windows 10): Executed 34 of 77[31m (28 FAILED)[39m (0 secs / 0.338 secs)
[1A[2K[1A[2K[31mChrome 145.0.0.0 (Windows 10) PagoComponent ngOnInit - Mercado Pago Callback should handle error if confirmarPagoMercadoPago fails FAILED[39m
	Error: <spyOnProperty> : location is not declared configurable
	Usage: spyOnProperty(<object>, <propName>, [accessType])
	    at <Jasmine>
	    at UserContext.<anonymous> (src/app/components/pages/pago/pago.component.spec.ts:71:17)
	    at Generator.next (<anonymous>)
	    at asyncGeneratorStep (node_modules/@babel/runtime/helpers/esm/asyncToGenerator.js:3:1)
	    at apply (node_modules/@babel/runtime/helpers/esm/asyncToGenerator.js:17:1)
	    at _ZoneDelegate.invoke (node_modules/zone.js/fesm2015/zone.js:369:28)
	    at ProxyZoneSpec.onInvoke (node_modules/zone.js/fesm2015/zone-testing.js:2081:39)
	    at _ZoneDelegate.invoke (node_modules/zone.js/fesm2015/zone.js:368:34)
Chrome 145.0.0.0 (Windows 10): Executed 35 of 77[31m (29 FAILED)[39m (0 secs / 0.34 secs)
Chrome 145.0.0.0 (Windows 10): Executed 35 of 77[31m (29 FAILED)[39m (0 secs / 0.34 secs)
[1A[2K[1A[2K[31mChrome 145.0.0.0 (Windows 10) PagoComponent ngOnInit - Mercado Pago Callback should confirm payment if collection_status is "approved" and external_reference matches pedidoId FAILED[39m
	Error: <spyOnProperty> : location is not declared configurable
	Usage: spyOnProperty(<object>, <propName>, [accessType])
	    at <Jasmine>
	    at UserContext.<anonymous> (src/app/components/pages/pago/pago.component.spec.ts:71:17)
	    at Generator.next (<anonymous>)
	    at asyncGeneratorStep (node_modules/@babel/runtime/helpers/esm/asyncToGenerator.js:3:1)
	    at apply (node_modules/@babel/runtime/helpers/esm/asyncToGenerator.js:17:1)
	    at _ZoneDelegate.invoke (node_modules/zone.js/fesm2015/zone.js:369:28)
	    at ProxyZoneSpec.onInvoke (node_modules/zone.js/fesm2015/zone-testing.js:2081:39)
	    at _ZoneDelegate.invoke (node_modules/zone.js/fesm2015/zone.js:368:34)
Chrome 145.0.0.0 (Windows 10): Executed 36 of 77[31m (30 FAILED)[39m (0 secs / 0.342 secs)
Chrome 145.0.0.0 (Windows 10): Executed 36 of 77[31m (30 FAILED)[39m (0 secs / 0.342 secs)
[1A[2K[1A[2K[31mChrome 145.0.0.0 (Windows 10) PagoComponent ngOnInit - Mercado Pago Callback should NOT confirm payment if external_reference does not match pedidoId FAILED[39m
	Error: <spyOnProperty> : location is not declared configurable
	Usage: spyOnProperty(<object>, <propName>, [accessType])
	    at <Jasmine>
	    at UserContext.<anonymous> (src/app/components/pages/pago/pago.component.spec.ts:71:17)
	    at Generator.next (<anonymous>)
	    at asyncGeneratorStep (node_modules/@babel/runtime/helpers/esm/asyncToGenerator.js:3:1)
	    at apply (node_modules/@babel/runtime/helpers/esm/asyncToGenerator.js:17:1)
	    at _ZoneDelegate.invoke (node_modules/zone.js/fesm2015/zone.js:369:28)
	    at ProxyZoneSpec.onInvoke (node_modules/zone.js/fesm2015/zone-testing.js:2081:39)
	    at _ZoneDelegate.invoke (node_modules/zone.js/fesm2015/zone.js:368:34)
Chrome 145.0.0.0 (Windows 10): Executed 37 of 77[31m (31 FAILED)[39m (0 secs / 0.344 secs)
Chrome 145.0.0.0 (Windows 10): Executed 37 of 77[31m (31 FAILED)[39m (0 secs / 0.344 secs)
[1A[2K[1A[2KChrome 145.0.0.0 (Windows 10): Executed 38 of 77[31m (31 FAILED)[39m (0 secs / 0.358 secs)
Chrome 145.0.0.0 (Windows 10): Executed 38 of 77[31m (31 FAILED)[39m (0 secs / 0.358 secs)
[1A[2K[1A[2KChrome 145.0.0.0 (Windows 10): Executed 39 of 77[31m (31 FAILED)[39m (0 secs / 0.364 secs)
Chrome 145.0.0.0 (Windows 10): Executed 39 of 77[31m (31 FAILED)[39m (0 secs / 0.364 secs)
[1A[2K[1A[2KChrome 145.0.0.0 (Windows 10): Executed 40 of 77[31m (31 FAILED)[39m (0 secs / 0.367 secs)
Chrome 145.0.0.0 (Windows 10): Executed 40 of 77[31m (31 FAILED)[39m (0 secs / 0.367 secs)
[1A[2K[1A[2KChrome 145.0.0.0 (Windows 10): Executed 41 of 77[31m (31 FAILED)[39m (0 secs / 0.369 secs)
Chrome 145.0.0.0 (Windows 10): Executed 41 of 77[31m (31 FAILED)[39m (0 secs / 0.369 secs)
[1A[2K[1A[2KChrome 145.0.0.0 (Windows 10): Executed 42 of 77[31m (31 FAILED)[39m (0 secs / 0.37 secs)
Chrome 145.0.0.0 (Windows 10): Executed 42 of 77[31m (31 FAILED)[39m (0 secs / 0.37 secs)
[1A[2K[1A[2KChrome 145.0.0.0 (Windows 10): Executed 43 of 77[31m (31 FAILED)[39m (0 secs / 0.371 secs)
Chrome 145.0.0.0 (Windows 10): Executed 43 of 77[31m (31 FAILED)[39m (0 secs / 0.371 secs)
[1A[2K[1A[2KChrome 145.0.0.0 (Windows 10): Executed 44 of 77[31m (31 FAILED)[39m (0 secs / 0.372 secs)
Chrome 145.0.0.0 (Windows 10): Executed 44 of 77[31m (31 FAILED)[39m (0 secs / 0.372 secs)
[1A[2K[1A[2KChrome 145.0.0.0 (Windows 10): Executed 45 of 77[31m (31 FAILED)[39m (0 secs / 0.373 secs)
Chrome 145.0.0.0 (Windows 10): Executed 45 of 77[31m (31 FAILED)[39m (0 secs / 0.373 secs)
[1A[2K[1A[2K[31mChrome 145.0.0.0 (Windows 10) PedidoService getOrderById should handle non-numeric or invalid ID for getOrderById gracefully (compile-time check) FAILED[39m
	Error: Expected one matching request for criteria "Match URL: http://localhost:8080/api/orders/NaN", found none.
	    at HttpClientTestingBackend.expectOne (node_modules/@angular/common/fesm2022/http/testing.mjs:270:19)
	    at UserContext.apply (src/app/services/pedido.service.spec.ts:97:28)
	    at _ZoneDelegate.invoke (node_modules/zone.js/fesm2015/zone.js:369:28)
	    at ProxyZoneSpec.onInvoke (node_modules/zone.js/fesm2015/zone-testing.js:2081:39)
	    at _ZoneDelegate.invoke (node_modules/zone.js/fesm2015/zone.js:368:34)
	    at ZoneImpl.run (node_modules/zone.js/fesm2015/zone.js:111:43)
	    at runInTestZone (node_modules/zone.js/fesm2015/zone-testing.js:216:38)
	    at UserContext.<anonymous> (node_modules/zone.js/fesm2015/zone-testing.js:234:32)
	    at <Jasmine>
Chrome 145.0.0.0 (Windows 10): Executed 46 of 77[31m (32 FAILED)[39m (0 secs / 0.374 secs)
Chrome 145.0.0.0 (Windows 10): Executed 46 of 77[31m (32 FAILED)[39m (0 secs / 0.374 secs)
[1A[2K[1A[2KChrome 145.0.0.0 (Windows 10): Executed 47 of 77[31m (32 FAILED)[39m (0 secs / 0.375 secs)
Chrome 145.0.0.0 (Windows 10): Executed 47 of 77[31m (32 FAILED)[39m (0 secs / 0.375 secs)
[1A[2K[1A[2KChrome 145.0.0.0 (Windows 10): Executed 48 of 77[31m (32 FAILED)[39m (0 secs / 0.376 secs)
Chrome 145.0.0.0 (Windows 10): Executed 48 of 77[31m (32 FAILED)[39m (0 secs / 0.376 secs)
[1A[2K[1A[2KChrome 145.0.0.0 (Windows 10): Executed 49 of 77[31m (32 FAILED)[39m (0 secs / 0.38 secs)
Chrome 145.0.0.0 (Windows 10): Executed 49 of 77[31m (32 FAILED)[39m (0 secs / 0.38 secs)
[1A[2K[1A[2KChrome 145.0.0.0 (Windows 10): Executed 50 of 77[31m (32 FAILED)[39m (0 secs / 0.39 secs)
Chrome 145.0.0.0 (Windows 10): Executed 50 of 77[31m (32 FAILED)[39m (0 secs / 0.39 secs)
[1A[2K[1A[2KChrome 145.0.0.0 (Windows 10): Executed 51 of 77[31m (32 FAILED)[39m (0 secs / 0.391 secs)
Chrome 145.0.0.0 (Windows 10): Executed 51 of 77[31m (32 FAILED)[39m (0 secs / 0.391 secs)
[1A[2K[1A[2KChrome 145.0.0.0 (Windows 10): Executed 52 of 77[31m (32 FAILED)[39m (0 secs / 0.392 secs)
Chrome 145.0.0.0 (Windows 10): Executed 52 of 77[31m (32 FAILED)[39m (0 secs / 0.392 secs)
[1A[2K[1A[2KChrome 145.0.0.0 (Windows 10): Executed 53 of 77[31m (32 FAILED)[39m (0 secs / 0.393 secs)
Chrome 145.0.0.0 (Windows 10): Executed 53 of 77[31m (32 FAILED)[39m (0 secs / 0.393 secs)
[1A[2K[1A[2KChrome 145.0.0.0 (Windows 10): Executed 54 of 77[31m (32 FAILED)[39m (0 secs / 0.394 secs)
Chrome 145.0.0.0 (Windows 10): Executed 54 of 77[31m (32 FAILED)[39m (0 secs / 0.394 secs)
[1A[2K[1A[2K[31mChrome 145.0.0.0 (Windows 10) OrderDetailComponent pagarAhora should log a message and show a toast FAILED[39m
	Expected spy log to have been called with:
	  [ 'Intento de pago para el pedido:', 1 ]
	but actual calls were:
	  [ 'Intento de pago para el pedido:', undefined ].
	
	Call 0:
	  Expected $[1] = undefined to equal 1.
	Error: Expected spy log to have been called with:
	  [ 'Intento de pago para el pedido:', 1 ]
	but actual calls were:
	  [ 'Intento de pago para el pedido:', undefined ].
	Call 0:
	  Expected $[1] = undefined to equal 1.
	    at <Jasmine>
	    at UserContext.apply (src/app/components/pages/order-detail/order-detail.component.spec.ts:120:27)
	    at _ZoneDelegate.invoke (node_modules/zone.js/fesm2015/zone.js:369:28)
	    at ProxyZoneSpec.onInvoke (node_modules/zone.js/fesm2015/zone-testing.js:2081:39)
	    at _ZoneDelegate.invoke (node_modules/zone.js/fesm2015/zone.js:368:34)
Chrome 145.0.0.0 (Windows 10): Executed 55 of 77[31m (33 FAILED)[39m (0 secs / 0.407 secs)
Chrome 145.0.0.0 (Windows 10): Executed 55 of 77[31m (33 FAILED)[39m (0 secs / 0.407 secs)
[1A[2K[1A[2KChrome 145.0.0.0 (Windows 10): Executed 56 of 77[31m (33 FAILED)[39m (0 secs / 0.409 secs)
Chrome 145.0.0.0 (Windows 10): Executed 56 of 77[31m (33 FAILED)[39m (0 secs / 0.409 secs)
[1A[2K[1A[2KChrome 145.0.0.0 (Windows 10): Executed 57 of 77[31m (33 FAILED)[39m (0 secs / 0.411 secs)
Chrome 145.0.0.0 (Windows 10): Executed 57 of 77[31m (33 FAILED)[39m (0 secs / 0.411 secs)
[1A[2K[1A[2K[31mChrome 145.0.0.0 (Windows 10) OrderDetailComponent isPagoPendiente should return true if estado is PENDIENTE (case insensitive) FAILED[39m
	Expected false to be true.
	    at <Jasmine>
	    at UserContext.apply (src/app/components/pages/order-detail/order-detail.component.spec.ts:132:43)
	    at _ZoneDelegate.invoke (node_modules/zone.js/fesm2015/zone.js:369:28)
	    at ProxyZoneSpec.onInvoke (node_modules/zone.js/fesm2015/zone-testing.js:2081:39)
	    at _ZoneDelegate.invoke (node_modules/zone.js/fesm2015/zone.js:368:34)
Chrome 145.0.0.0 (Windows 10): Executed 58 of 77[31m (34 FAILED)[39m (0 secs / 0.414 secs)
Chrome 145.0.0.0 (Windows 10): Executed 58 of 77[31m (34 FAILED)[39m (0 secs / 0.414 secs)
[1A[2K[1A[2KChrome 145.0.0.0 (Windows 10): Executed 59 of 77[31m (34 FAILED)[39m (0 secs / 0.415 secs)
Chrome 145.0.0.0 (Windows 10): Executed 59 of 77[31m (34 FAILED)[39m (0 secs / 0.415 secs)
[1A[2K[1A[2KChrome 145.0.0.0 (Windows 10) LOG: [36m'Detalle del pedido:', Object{id: 1, fecha: '2023-01-15T10:00:00Z', nombre: 'Cliente A', correo: 'a@a.com', direccion: 'Dir A', telefono: '123', items: [Object{cuentoId: ..., nombreCuento: ..., imagenUrl: ..., precioUnitario: ..., cantidad: ..., subtotal: ...}, Object{cuentoId: ..., nombreCuento: ..., imagenUrl: ..., precioUnitario: ..., cantidad: ..., subtotal: ...}], total: 40, estado: 'PAGO_PENDIENTE', userId: 1, correoUsuario: 'a@a.com'}[39m
Chrome 145.0.0.0 (Windows 10): Executed 59 of 77[31m (34 FAILED)[39m (0 secs / 0.415 secs)
Chrome 145.0.0.0 (Windows 10): Executed 59 of 77[31m (34 FAILED)[39m (0 secs / 0.415 secs)
Chrome 145.0.0.0 (Windows 10) LOG: 'Detalle del pedido:', Object{id: 1, fecha: '2023-01-15T10:00:00Z', nombre: 'Cliente A', correo: 'a@a.com', direccion: 'Dir A', telefono: '123', items: [Object{cuentoId: ..., nombreCuento: ..., imagenUrl: ..., precioUnitario: ..., cantidad: ..., subtotal: ...}, Object{cuentoId: ..., nombreCuento: ..., imagenUrl: ..., precioUnitario: ..., cantidad: ..., subtotal: ...}], total: 40, estado: 'PAGO_PENDIENTE', userId: 1, correoUsuario: 'a@a.com'}
[1A[2K[1A[2KChrome 145.0.0.0 (Windows 10) LOG: [36m'Detalle del pedido:', Object{id: 1, fecha: '2023-01-15T10:00:00Z', nombre: 'Cliente A', correo: 'a@a.com', direccion: 'Dir A', telefono: '123', items: [Object{cuentoId: ..., nombreCuento: ..., imagenUrl: ..., precioUnitario: ..., cantidad: ..., subtotal: ...}, Object{cuentoId: ..., nombreCuento: ..., imagenUrl: ..., precioUnitario: ..., cantidad: ..., subtotal: ...}], total: 40, estado: 'PAGO_PENDIENTE', userId: 1, correoUsuario: 'a@a.com'}[39m
Chrome 145.0.0.0 (Windows 10): Executed 59 of 77[31m (34 FAILED)[39m (0 secs / 0.415 secs)
Chrome 145.0.0.0 (Windows 10): Executed 59 of 77[31m (34 FAILED)[39m (0 secs / 0.415 secs)
Chrome 145.0.0.0 (Windows 10) LOG: 'Detalle del pedido:', Object{id: 1, fecha: '2023-01-15T10:00:00Z', nombre: 'Cliente A', correo: 'a@a.com', direccion: 'Dir A', telefono: '123', items: [Object{cuentoId: ..., nombreCuento: ..., imagenUrl: ..., precioUnitario: ..., cantidad: ..., subtotal: ...}, Object{cuentoId: ..., nombreCuento: ..., imagenUrl: ..., precioUnitario: ..., cantidad: ..., subtotal: ...}], total: 40, estado: 'PAGO_PENDIENTE', userId: 1, correoUsuario: 'a@a.com'}
[1A[2K[1A[2KChrome 145.0.0.0 (Windows 10): Executed 60 of 77[31m (34 FAILED)[39m (0 secs / 0.423 secs)
Chrome 145.0.0.0 (Windows 10): Executed 60 of 77[31m (34 FAILED)[39m (0 secs / 0.423 secs)
[1A[2K[1A[2KChrome 145.0.0.0 (Windows 10) LOG: [36m'Detalle del pedido:', Object{id: 1, fecha: '2023-01-15T10:00:00Z', nombre: 'Cliente A', correo: 'a@a.com', direccion: 'Dir A', telefono: '123', items: [Object{cuentoId: ..., nombreCuento: ..., imagenUrl: ..., precioUnitario: ..., cantidad: ..., subtotal: ...}, Object{cuentoId: ..., nombreCuento: ..., imagenUrl: ..., precioUnitario: ..., cantidad: ..., subtotal: ...}], total: 40, estado: 'PAGO_PENDIENTE', userId: 1, correoUsuario: 'a@a.com'}[39m
Chrome 145.0.0.0 (Windows 10): Executed 60 of 77[31m (34 FAILED)[39m (0 secs / 0.423 secs)
Chrome 145.0.0.0 (Windows 10): Executed 60 of 77[31m (34 FAILED)[39m (0 secs / 0.423 secs)
Chrome 145.0.0.0 (Windows 10) LOG: 'Detalle del pedido:', Object{id: 1, fecha: '2023-01-15T10:00:00Z', nombre: 'Cliente A', correo: 'a@a.com', direccion: 'Dir A', telefono: '123', items: [Object{cuentoId: ..., nombreCuento: ..., imagenUrl: ..., precioUnitario: ..., cantidad: ..., subtotal: ...}, Object{cuentoId: ..., nombreCuento: ..., imagenUrl: ..., precioUnitario: ..., cantidad: ..., subtotal: ...}], total: 40, estado: 'PAGO_PENDIENTE', userId: 1, correoUsuario: 'a@a.com'}
[1A[2K[1A[2KChrome 145.0.0.0 (Windows 10) LOG: [36m'Detalle del pedido:', Object{id: 1, fecha: '2023-01-15T10:00:00Z', nombre: 'Cliente A', correo: 'a@a.com', direccion: 'Dir A', telefono: '123', items: [Object{cuentoId: ..., nombreCuento: ..., imagenUrl: ..., precioUnitario: ..., cantidad: ..., subtotal: ...}, Object{cuentoId: ..., nombreCuento: ..., imagenUrl: ..., precioUnitario: ..., cantidad: ..., subtotal: ...}], total: 40, estado: 'PAGO_PENDIENTE', userId: 1, correoUsuario: 'a@a.com'}[39m
Chrome 145.0.0.0 (Windows 10): Executed 60 of 77[31m (34 FAILED)[39m (0 secs / 0.423 secs)
Chrome 145.0.0.0 (Windows 10): Executed 60 of 77[31m (34 FAILED)[39m (0 secs / 0.423 secs)
Chrome 145.0.0.0 (Windows 10) LOG: 'Detalle del pedido:', Object{id: 1, fecha: '2023-01-15T10:00:00Z', nombre: 'Cliente A', correo: 'a@a.com', direccion: 'Dir A', telefono: '123', items: [Object{cuentoId: ..., nombreCuento: ..., imagenUrl: ..., precioUnitario: ..., cantidad: ..., subtotal: ...}, Object{cuentoId: ..., nombreCuento: ..., imagenUrl: ..., precioUnitario: ..., cantidad: ..., subtotal: ...}], total: 40, estado: 'PAGO_PENDIENTE', userId: 1, correoUsuario: 'a@a.com'}
[1A[2K[1A[2KChrome 145.0.0.0 (Windows 10): Executed 61 of 77[31m (34 FAILED)[39m (0 secs / 0.428 secs)
Chrome 145.0.0.0 (Windows 10): Executed 61 of 77[31m (34 FAILED)[39m (0 secs / 0.428 secs)
[1A[2K[1A[2KChrome 145.0.0.0 (Windows 10) LOG: [36m'Detalle del pedido:', Object{id: 1, fecha: '2023-01-15T10:00:00Z', nombre: 'Cliente A', correo: 'a@a.com', direccion: 'Dir A', telefono: '123', items: [Object{cuentoId: ..., nombreCuento: ..., imagenUrl: ..., precioUnitario: ..., cantidad: ..., subtotal: ...}, Object{cuentoId: ..., nombreCuento: ..., imagenUrl: ..., precioUnitario: ..., cantidad: ..., subtotal: ...}], total: 40, estado: 'PAGO_PENDIENTE', userId: 1, correoUsuario: 'a@a.com'}[39m
Chrome 145.0.0.0 (Windows 10): Executed 61 of 77[31m (34 FAILED)[39m (0 secs / 0.428 secs)
Chrome 145.0.0.0 (Windows 10): Executed 61 of 77[31m (34 FAILED)[39m (0 secs / 0.428 secs)
Chrome 145.0.0.0 (Windows 10) LOG: 'Detalle del pedido:', Object{id: 1, fecha: '2023-01-15T10:00:00Z', nombre: 'Cliente A', correo: 'a@a.com', direccion: 'Dir A', telefono: '123', items: [Object{cuentoId: ..., nombreCuento: ..., imagenUrl: ..., precioUnitario: ..., cantidad: ..., subtotal: ...}, Object{cuentoId: ..., nombreCuento: ..., imagenUrl: ..., precioUnitario: ..., cantidad: ..., subtotal: ...}], total: 40, estado: 'PAGO_PENDIENTE', userId: 1, correoUsuario: 'a@a.com'}
[1A[2K[1A[2KChrome 145.0.0.0 (Windows 10) LOG: [36m'Detalle del pedido:', Object{id: 1, fecha: '2023-01-15T10:00:00Z', nombre: 'Cliente A', correo: 'a@a.com', direccion: 'Dir A', telefono: '123', items: [Object{cuentoId: ..., nombreCuento: ..., imagenUrl: ..., precioUnitario: ..., cantidad: ..., subtotal: ...}, Object{cuentoId: ..., nombreCuento: ..., imagenUrl: ..., precioUnitario: ..., cantidad: ..., subtotal: ...}], total: 40, estado: 'PAGO_PENDIENTE', userId: 1, correoUsuario: 'a@a.com'}[39m
Chrome 145.0.0.0 (Windows 10): Executed 61 of 77[31m (34 FAILED)[39m (0 secs / 0.428 secs)
Chrome 145.0.0.0 (Windows 10): Executed 61 of 77[31m (34 FAILED)[39m (0 secs / 0.428 secs)
Chrome 145.0.0.0 (Windows 10) LOG: 'Detalle del pedido:', Object{id: 1, fecha: '2023-01-15T10:00:00Z', nombre: 'Cliente A', correo: 'a@a.com', direccion: 'Dir A', telefono: '123', items: [Object{cuentoId: ..., nombreCuento: ..., imagenUrl: ..., precioUnitario: ..., cantidad: ..., subtotal: ...}, Object{cuentoId: ..., nombreCuento: ..., imagenUrl: ..., precioUnitario: ..., cantidad: ..., subtotal: ...}], total: 40, estado: 'PAGO_PENDIENTE', userId: 1, correoUsuario: 'a@a.com'}
[1A[2K[1A[2KChrome 145.0.0.0 (Windows 10): Executed 62 of 77[31m (34 FAILED)[39m (0 secs / 0.432 secs)
Chrome 145.0.0.0 (Windows 10): Executed 62 of 77[31m (34 FAILED)[39m (0 secs / 0.432 secs)
[1A[2K[1A[2KChrome 145.0.0.0 (Windows 10) LOG: [36m'Detalle del pedido:', Object{id: 1, fecha: '2023-01-15T10:00:00Z', nombre: 'Cliente A', correo: 'a@a.com', direccion: 'Dir A', telefono: '123', items: [Object{cuentoId: ..., nombreCuento: ..., imagenUrl: ..., precioUnitario: ..., cantidad: ..., subtotal: ...}, Object{cuentoId: ..., nombreCuento: ..., imagenUrl: ..., precioUnitario: ..., cantidad: ..., subtotal: ...}], total: 40, estado: 'PAGO_PENDIENTE', userId: 1, correoUsuario: 'a@a.com'}[39m
Chrome 145.0.0.0 (Windows 10): Executed 62 of 77[31m (34 FAILED)[39m (0 secs / 0.432 secs)
Chrome 145.0.0.0 (Windows 10): Executed 62 of 77[31m (34 FAILED)[39m (0 secs / 0.432 secs)
Chrome 145.0.0.0 (Windows 10) LOG: 'Detalle del pedido:', Object{id: 1, fecha: '2023-01-15T10:00:00Z', nombre: 'Cliente A', correo: 'a@a.com', direccion: 'Dir A', telefono: '123', items: [Object{cuentoId: ..., nombreCuento: ..., imagenUrl: ..., precioUnitario: ..., cantidad: ..., subtotal: ...}, Object{cuentoId: ..., nombreCuento: ..., imagenUrl: ..., precioUnitario: ..., cantidad: ..., subtotal: ...}], total: 40, estado: 'PAGO_PENDIENTE', userId: 1, correoUsuario: 'a@a.com'}
[1A[2K[1A[2KChrome 145.0.0.0 (Windows 10) LOG: [36m'Detalle del pedido:', Object{id: 1, fecha: '2023-01-15T10:00:00Z', nombre: 'Cliente A', correo: 'a@a.com', direccion: 'Dir A', telefono: '123', items: [Object{cuentoId: ..., nombreCuento: ..., imagenUrl: ..., precioUnitario: ..., cantidad: ..., subtotal: ...}, Object{cuentoId: ..., nombreCuento: ..., imagenUrl: ..., precioUnitario: ..., cantidad: ..., subtotal: ...}], total: 40, estado: 'PAGO_PENDIENTE', userId: 1, correoUsuario: 'a@a.com'}[39m
Chrome 145.0.0.0 (Windows 10): Executed 62 of 77[31m (34 FAILED)[39m (0 secs / 0.432 secs)
Chrome 145.0.0.0 (Windows 10): Executed 62 of 77[31m (34 FAILED)[39m (0 secs / 0.432 secs)
Chrome 145.0.0.0 (Windows 10) LOG: 'Detalle del pedido:', Object{id: 1, fecha: '2023-01-15T10:00:00Z', nombre: 'Cliente A', correo: 'a@a.com', direccion: 'Dir A', telefono: '123', items: [Object{cuentoId: ..., nombreCuento: ..., imagenUrl: ..., precioUnitario: ..., cantidad: ..., subtotal: ...}, Object{cuentoId: ..., nombreCuento: ..., imagenUrl: ..., precioUnitario: ..., cantidad: ..., subtotal: ...}], total: 40, estado: 'PAGO_PENDIENTE', userId: 1, correoUsuario: 'a@a.com'}
[1A[2K[1A[2KChrome 145.0.0.0 (Windows 10): Executed 63 of 77[31m (34 FAILED)[39m (0 secs / 0.436 secs)
Chrome 145.0.0.0 (Windows 10): Executed 63 of 77[31m (34 FAILED)[39m (0 secs / 0.436 secs)
[1A[2K[1A[2KChrome 145.0.0.0 (Windows 10) LOG: [36m'Detalle del pedido:', Object{id: 1, fecha: '2023-01-15T10:00:00Z', nombre: 'Cliente A', correo: 'a@a.com', direccion: 'Dir A', telefono: '123', items: [Object{cuentoId: ..., nombreCuento: ..., imagenUrl: ..., precioUnitario: ..., cantidad: ..., subtotal: ...}, Object{cuentoId: ..., nombreCuento: ..., imagenUrl: ..., precioUnitario: ..., cantidad: ..., subtotal: ...}], total: 40, estado: 'PAGO_PENDIENTE', userId: 1, correoUsuario: 'a@a.com'}[39m
Chrome 145.0.0.0 (Windows 10): Executed 63 of 77[31m (34 FAILED)[39m (0 secs / 0.436 secs)
Chrome 145.0.0.0 (Windows 10): Executed 63 of 77[31m (34 FAILED)[39m (0 secs / 0.436 secs)
Chrome 145.0.0.0 (Windows 10) LOG: 'Detalle del pedido:', Object{id: 1, fecha: '2023-01-15T10:00:00Z', nombre: 'Cliente A', correo: 'a@a.com', direccion: 'Dir A', telefono: '123', items: [Object{cuentoId: ..., nombreCuento: ..., imagenUrl: ..., precioUnitario: ..., cantidad: ..., subtotal: ...}, Object{cuentoId: ..., nombreCuento: ..., imagenUrl: ..., precioUnitario: ..., cantidad: ..., subtotal: ...}], total: 40, estado: 'PAGO_PENDIENTE', userId: 1, correoUsuario: 'a@a.com'}
[1A[2K[1A[2KChrome 145.0.0.0 (Windows 10) LOG: [36m'Detalle del pedido:', Object{id: 1, fecha: '2023-01-15T10:00:00Z', nombre: 'Cliente A', correo: 'a@a.com', direccion: 'Dir A', telefono: '123', items: [Object{cuentoId: ..., nombreCuento: ..., imagenUrl: ..., precioUnitario: ..., cantidad: ..., subtotal: ...}, Object{cuentoId: ..., nombreCuento: ..., imagenUrl: ..., precioUnitario: ..., cantidad: ..., subtotal: ...}], total: 40, estado: 'PAGO_PENDIENTE', userId: 1, correoUsuario: 'a@a.com'}[39m
Chrome 145.0.0.0 (Windows 10): Executed 63 of 77[31m (34 FAILED)[39m (0 secs / 0.436 secs)
Chrome 145.0.0.0 (Windows 10): Executed 63 of 77[31m (34 FAILED)[39m (0 secs / 0.436 secs)
Chrome 145.0.0.0 (Windows 10) LOG: 'Detalle del pedido:', Object{id: 1, fecha: '2023-01-15T10:00:00Z', nombre: 'Cliente A', correo: 'a@a.com', direccion: 'Dir A', telefono: '123', items: [Object{cuentoId: ..., nombreCuento: ..., imagenUrl: ..., precioUnitario: ..., cantidad: ..., subtotal: ...}, Object{cuentoId: ..., nombreCuento: ..., imagenUrl: ..., precioUnitario: ..., cantidad: ..., subtotal: ...}], total: 40, estado: 'PAGO_PENDIENTE', userId: 1, correoUsuario: 'a@a.com'}
[1A[2K[1A[2K[31mChrome 145.0.0.0 (Windows 10) OrderDetailComponent Template Rendering should display general order information FAILED[39m
	Expected 'ID del Pedido: Fecha: 15/01/2023 05:00Estado:PAGO_PENDIENTENombre: Cliente ACorreo: a@a.comDirecci├│n: Dir ATel├®fono: 123Total del Pedido:$40.00' to contain 'ID del Pedido: 1'.
	    at <Jasmine>
	    at UserContext.apply (src/app/components/pages/order-detail/order-detail.component.spec.ts:159:50)
	    at _ZoneDelegate.invoke (node_modules/zone.js/fesm2015/zone.js:369:28)
	    at ProxyZoneSpec.onInvoke (node_modules/zone.js/fesm2015/zone-testing.js:2081:39)
	    at _ZoneDelegate.invoke (node_modules/zone.js/fesm2015/zone.js:368:34)
	Expected 'ID del Pedido: Fecha: 15/01/2023 05:00Estado:PAGO_PENDIENTENombre: Cliente ACorreo: a@a.comDirecci├│n: Dir ATel├®fono: 123Total del Pedido:$40.00' to contain 'Estado: PAGO_PENDIENTE'.
	    at <Jasmine>
	    at UserContext.apply (src/app/components/pages/order-detail/order-detail.component.spec.ts:161:50)
	    at _ZoneDelegate.invoke (node_modules/zone.js/fesm2015/zone.js:369:28)
	    at ProxyZoneSpec.onInvoke (node_modules/zone.js/fesm2015/zone-testing.js:2081:39)
	    at _ZoneDelegate.invoke (node_modules/zone.js/fesm2015/zone.js:368:34)
Chrome 145.0.0.0 (Windows 10): Executed 64 of 77[31m (35 FAILED)[39m (0 secs / 0.44 secs)
Chrome 145.0.0.0 (Windows 10): Executed 64 of 77[31m (35 FAILED)[39m (0 secs / 0.44 secs)
[1A[2K[1A[2KChrome 145.0.0.0 (Windows 10) LOG: [36m'Detalle del pedido:', Object{id: 1, fecha: '2023-01-15T10:00:00Z', nombre: 'Cliente A', correo: 'a@a.com', direccion: 'Dir A', telefono: '123', items: [Object{cuentoId: ..., nombreCuento: ..., imagenUrl: ..., precioUnitario: ..., cantidad: ..., subtotal: ...}, Object{cuentoId: ..., nombreCuento: ..., imagenUrl: ..., precioUnitario: ..., cantidad: ..., subtotal: ...}], total: 40, estado: 'PAGO_PENDIENTE', userId: 1, correoUsuario: 'a@a.com'}[39m
Chrome 145.0.0.0 (Windows 10): Executed 64 of 77[31m (35 FAILED)[39m (0 secs / 0.44 secs)
Chrome 145.0.0.0 (Windows 10): Executed 64 of 77[31m (35 FAILED)[39m (0 secs / 0.44 secs)
Chrome 145.0.0.0 (Windows 10) LOG: 'Detalle del pedido:', Object{id: 1, fecha: '2023-01-15T10:00:00Z', nombre: 'Cliente A', correo: 'a@a.com', direccion: 'Dir A', telefono: '123', items: [Object{cuentoId: ..., nombreCuento: ..., imagenUrl: ..., precioUnitario: ..., cantidad: ..., subtotal: ...}, Object{cuentoId: ..., nombreCuento: ..., imagenUrl: ..., precioUnitario: ..., cantidad: ..., subtotal: ...}], total: 40, estado: 'PAGO_PENDIENTE', userId: 1, correoUsuario: 'a@a.com'}
[1A[2K[1A[2KChrome 145.0.0.0 (Windows 10) LOG: [36m'Detalle del pedido:', Object{id: 1, fecha: '2023-01-15T10:00:00Z', nombre: 'Cliente A', correo: 'a@a.com', direccion: 'Dir A', telefono: '123', items: [Object{cuentoId: ..., nombreCuento: ..., imagenUrl: ..., precioUnitario: ..., cantidad: ..., subtotal: ...}, Object{cuentoId: ..., nombreCuento: ..., imagenUrl: ..., precioUnitario: ..., cantidad: ..., subtotal: ...}], total: 40, estado: 'PAGO_PENDIENTE', userId: 1, correoUsuario: 'a@a.com'}[39m
Chrome 145.0.0.0 (Windows 10): Executed 64 of 77[31m (35 FAILED)[39m (0 secs / 0.44 secs)
Chrome 145.0.0.0 (Windows 10): Executed 64 of 77[31m (35 FAILED)[39m (0 secs / 0.44 secs)
Chrome 145.0.0.0 (Windows 10) LOG: 'Detalle del pedido:', Object{id: 1, fecha: '2023-01-15T10:00:00Z', nombre: 'Cliente A', correo: 'a@a.com', direccion: 'Dir A', telefono: '123', items: [Object{cuentoId: ..., nombreCuento: ..., imagenUrl: ..., precioUnitario: ..., cantidad: ..., subtotal: ...}, Object{cuentoId: ..., nombreCuento: ..., imagenUrl: ..., precioUnitario: ..., cantidad: ..., subtotal: ...}], total: 40, estado: 'PAGO_PENDIENTE', userId: 1, correoUsuario: 'a@a.com'}
[1A[2K[1A[2K[31mChrome 145.0.0.0 (Windows 10) OrderDetailComponent Template Rendering should display "Detalle del Pedido #ID" title FAILED[39m
	Expected 'Detalle del Pedido #' to contain 'Detalle del Pedido #1'.
	    at <Jasmine>
	    at UserContext.apply (src/app/components/pages/order-detail/order-detail.component.spec.ts:154:54)
	    at _ZoneDelegate.invoke (node_modules/zone.js/fesm2015/zone.js:369:28)
	    at ProxyZoneSpec.onInvoke (node_modules/zone.js/fesm2015/zone-testing.js:2081:39)
	    at _ZoneDelegate.invoke (node_modules/zone.js/fesm2015/zone.js:368:34)
Chrome 145.0.0.0 (Windows 10): Executed 65 of 77[31m (36 FAILED)[39m (0 secs / 0.444 secs)
Chrome 145.0.0.0 (Windows 10): Executed 65 of 77[31m (36 FAILED)[39m (0 secs / 0.444 secs)
[1A[2K[1A[2KChrome 145.0.0.0 (Windows 10) LOG: [36m'Detalle del pedido:', Object{id: 1, fecha: '2023-01-15T10:00:00Z', nombre: 'Cliente A', correo: 'a@a.com', direccion: 'Dir A', telefono: '123', items: [Object{cuentoId: ..., nombreCuento: ..., imagenUrl: ..., precioUnitario: ..., cantidad: ..., subtotal: ...}, Object{cuentoId: ..., nombreCuento: ..., imagenUrl: ..., precioUnitario: ..., cantidad: ..., subtotal: ...}], total: 40, estado: 'PAGO_PENDIENTE', userId: 1, correoUsuario: 'a@a.com'}[39m
Chrome 145.0.0.0 (Windows 10): Executed 65 of 77[31m (36 FAILED)[39m (0 secs / 0.444 secs)
Chrome 145.0.0.0 (Windows 10): Executed 65 of 77[31m (36 FAILED)[39m (0 secs / 0.444 secs)
Chrome 145.0.0.0 (Windows 10) LOG: 'Detalle del pedido:', Object{id: 1, fecha: '2023-01-15T10:00:00Z', nombre: 'Cliente A', correo: 'a@a.com', direccion: 'Dir A', telefono: '123', items: [Object{cuentoId: ..., nombreCuento: ..., imagenUrl: ..., precioUnitario: ..., cantidad: ..., subtotal: ...}, Object{cuentoId: ..., nombreCuento: ..., imagenUrl: ..., precioUnitario: ..., cantidad: ..., subtotal: ...}], total: 40, estado: 'PAGO_PENDIENTE', userId: 1, correoUsuario: 'a@a.com'}
[1A[2K[1A[2KChrome 145.0.0.0 (Windows 10) LOG: [36m'Detalle del pedido:', Object{id: 1, fecha: '2023-01-15T10:00:00Z', nombre: 'Cliente A', correo: 'a@a.com', direccion: 'Dir A', telefono: '123', items: [Object{cuentoId: ..., nombreCuento: ..., imagenUrl: ..., precioUnitario: ..., cantidad: ..., subtotal: ...}, Object{cuentoId: ..., nombreCuento: ..., imagenUrl: ..., precioUnitario: ..., cantidad: ..., subtotal: ...}], total: 40, estado: 'PAGO_PENDIENTE', userId: 1, correoUsuario: 'a@a.com'}[39m
Chrome 145.0.0.0 (Windows 10): Executed 65 of 77[31m (36 FAILED)[39m (0 secs / 0.444 secs)
Chrome 145.0.0.0 (Windows 10): Executed 65 of 77[31m (36 FAILED)[39m (0 secs / 0.444 secs)
Chrome 145.0.0.0 (Windows 10) LOG: 'Detalle del pedido:', Object{id: 1, fecha: '2023-01-15T10:00:00Z', nombre: 'Cliente A', correo: 'a@a.com', direccion: 'Dir A', telefono: '123', items: [Object{cuentoId: ..., nombreCuento: ..., imagenUrl: ..., precioUnitario: ..., cantidad: ..., subtotal: ...}, Object{cuentoId: ..., nombreCuento: ..., imagenUrl: ..., precioUnitario: ..., cantidad: ..., subtotal: ...}], total: 40, estado: 'PAGO_PENDIENTE', userId: 1, correoUsuario: 'a@a.com'}
[1A[2K[1A[2KChrome 145.0.0.0 (Windows 10): Executed 66 of 77[31m (36 FAILED)[39m (0 secs / 0.447 secs)
Chrome 145.0.0.0 (Windows 10): Executed 66 of 77[31m (36 FAILED)[39m (0 secs / 0.447 secs)
[1A[2K[1A[2KChrome 145.0.0.0 (Windows 10): Executed 67 of 77[31m (36 FAILED)[39m (0 secs / 0.448 secs)
Chrome 145.0.0.0 (Windows 10): Executed 67 of 77[31m (36 FAILED)[39m (0 secs / 0.448 secs)
[1A[2K[1A[2KChrome 145.0.0.0 (Windows 10): Executed 68 of 77[31m (36 FAILED)[39m (0 secs / 0.449 secs)
Chrome 145.0.0.0 (Windows 10): Executed 68 of 77[31m (36 FAILED)[39m (0 secs / 0.449 secs)
[1A[2K[1A[2KChrome 145.0.0.0 (Windows 10) ERROR: [36m'Error fetching order details:', Object{status: 404, message: 'Not Found'}[39m
Chrome 145.0.0.0 (Windows 10): Executed 68 of 77[31m (36 FAILED)[39m (0 secs / 0.449 secs)
Chrome 145.0.0.0 (Windows 10): Executed 68 of 77[31m (36 FAILED)[39m (0 secs / 0.449 secs)
Chrome 145.0.0.0 (Windows 10) ERROR: 'Error fetching order details:', Object{status: 404, message: 'Not Found'}
[1A[2K[1A[2K[31mChrome 145.0.0.0 (Windows 10) OrderDetailComponent ngOnInit should set errorMensaje and isLoading to false if service call fails FAILED[39m
	Expected null to be undefined.
	    at <Jasmine>
	    at UserContext.apply (src/app/components/pages/order-detail/order-detail.component.spec.ts:95:32)
	    at UserContext.apply (node_modules/zone.js/fesm2015/zone-testing.js:1702:26)
	    at _ZoneDelegate.invoke (node_modules/zone.js/fesm2015/zone.js:369:28)
	    at ProxyZoneSpec.onInvoke (node_modules/zone.js/fesm2015/zone-testing.js:2081:39)
Chrome 145.0.0.0 (Windows 10): Executed 69 of 77[31m (37 FAILED)[39m (0 secs / 0.451 secs)
Chrome 145.0.0.0 (Windows 10): Executed 69 of 77[31m (37 FAILED)[39m (0 secs / 0.451 secs)
[1A[2K[1A[2KChrome 145.0.0.0 (Windows 10): Executed 70 of 77[31m (37 FAILED)[39m (0 secs / 0.453 secs)
Chrome 145.0.0.0 (Windows 10): Executed 70 of 77[31m (37 FAILED)[39m (0 secs / 0.453 secs)
[1A[2K[1A[2KChrome 145.0.0.0 (Windows 10) LOG: [36m'Detalle del pedido:', Object{id: 1, fecha: '2023-01-15T10:00:00Z', nombre: 'Cliente A', correo: 'a@a.com', direccion: 'Dir A', telefono: '123', items: [Object{cuentoId: ..., nombreCuento: ..., imagenUrl: ..., precioUnitario: ..., cantidad: ..., subtotal: ...}, Object{cuentoId: ..., nombreCuento: ..., imagenUrl: ..., precioUnitario: ..., cantidad: ..., subtotal: ...}], total: 40, estado: 'PAGO_PENDIENTE', userId: 1, correoUsuario: 'a@a.com'}[39m
Chrome 145.0.0.0 (Windows 10): Executed 70 of 77[31m (37 FAILED)[39m (0 secs / 0.453 secs)
Chrome 145.0.0.0 (Windows 10): Executed 70 of 77[31m (37 FAILED)[39m (0 secs / 0.453 secs)
Chrome 145.0.0.0 (Windows 10) LOG: 'Detalle del pedido:', Object{id: 1, fecha: '2023-01-15T10:00:00Z', nombre: 'Cliente A', correo: 'a@a.com', direccion: 'Dir A', telefono: '123', items: [Object{cuentoId: ..., nombreCuento: ..., imagenUrl: ..., precioUnitario: ..., cantidad: ..., subtotal: ...}, Object{cuentoId: ..., nombreCuento: ..., imagenUrl: ..., precioUnitario: ..., cantidad: ..., subtotal: ...}], total: 40, estado: 'PAGO_PENDIENTE', userId: 1, correoUsuario: 'a@a.com'}
[1A[2K[1A[2KChrome 145.0.0.0 (Windows 10): Executed 71 of 77[31m (37 FAILED)[39m (0 secs / 0.455 secs)
Chrome 145.0.0.0 (Windows 10): Executed 71 of 77[31m (37 FAILED)[39m (0 secs / 0.455 secs)
[1A[2K[1A[2KChrome 145.0.0.0 (Windows 10) LOG: [36m'Detalle del pedido:', Object{id: 1, fecha: '2023-01-15T10:00:00Z', nombre: 'Cliente A', correo: 'a@a.com', direccion: 'Dir A', telefono: '123', items: [Object{cuentoId: ..., nombreCuento: ..., imagenUrl: ..., precioUnitario: ..., cantidad: ..., subtotal: ...}, Object{cuentoId: ..., nombreCuento: ..., imagenUrl: ..., precioUnitario: ..., cantidad: ..., subtotal: ...}], total: 40, estado: 'PAGO_PENDIENTE', userId: 1, correoUsuario: 'a@a.com'}[39m
Chrome 145.0.0.0 (Windows 10): Executed 71 of 77[31m (37 FAILED)[39m (0 secs / 0.455 secs)
Chrome 145.0.0.0 (Windows 10): Executed 71 of 77[31m (37 FAILED)[39m (0 secs / 0.455 secs)
Chrome 145.0.0.0 (Windows 10) LOG: 'Detalle del pedido:', Object{id: 1, fecha: '2023-01-15T10:00:00Z', nombre: 'Cliente A', correo: 'a@a.com', direccion: 'Dir A', telefono: '123', items: [Object{cuentoId: ..., nombreCuento: ..., imagenUrl: ..., precioUnitario: ..., cantidad: ..., subtotal: ...}, Object{cuentoId: ..., nombreCuento: ..., imagenUrl: ..., precioUnitario: ..., cantidad: ..., subtotal: ...}], total: 40, estado: 'PAGO_PENDIENTE', userId: 1, correoUsuario: 'a@a.com'}
[1A[2K[1A[2KChrome 145.0.0.0 (Windows 10): Executed 72 of 77[31m (37 FAILED)[39m (0 secs / 0.457 secs)
Chrome 145.0.0.0 (Windows 10): Executed 72 of 77[31m (37 FAILED)[39m (0 secs / 0.457 secs)
[1A[2K[1A[2K[31mChrome 145.0.0.0 (Windows 10) AdminCuentosComponent should create FAILED[39m
	Error: Unexpected directive 'AdminCuentosComponent' imported by the module 'DynamicTestModule'. Please add an @NgModule annotation.
	    at verifySemanticsOfNgModuleImport (node_modules/@angular/core/fesm2022/core.mjs:30215:19)
	    at forEach (node_modules/@angular/core/fesm2022/core.mjs:30109:9)
	    at Array.forEach (<anonymous>)
	    at verifySemanticsOfNgModuleDef (node_modules/@angular/core/fesm2022/core.mjs:30108:10)
	    at DynamicTestModule.get (node_modules/@angular/core/fesm2022/core.mjs:30056:30)
	    at TestBedCompiler.applyProviderOverridesInScope (node_modules/@angular/core/fesm2022/testing.mjs:1213:33)
	    at TestBedCompiler.compileTestModule (node_modules/@angular/core/fesm2022/testing.mjs:1536:14)
	    at TestBedCompiler.finalize (node_modules/@angular/core/fesm2022/testing.mjs:1038:14)
	    at TestBedImpl.testModuleRef (node_modules/@angular/core/fesm2022/testing.mjs:2071:49)
	    at TestBedImpl.inject (node_modules/@angular/core/fesm2022/testing.mjs:1973:29)
Chrome 145.0.0.0 (Windows 10): Executed 73 of 77[31m (38 FAILED)[39m (0 secs / 0.466 secs)
Chrome 145.0.0.0 (Windows 10): Executed 73 of 77[31m (38 FAILED)[39m (0 secs / 0.466 secs)
[1A[2K[1A[2K[31mChrome 145.0.0.0 (Windows 10) DetalleCuentoComponent should create FAILED[39m
	Error: Unexpected directive 'DetalleCuentoComponent' imported by the module 'DynamicTestModule'. Please add an @NgModule annotation.
	    at verifySemanticsOfNgModuleImport (node_modules/@angular/core/fesm2022/core.mjs:30215:19)
	    at forEach (node_modules/@angular/core/fesm2022/core.mjs:30109:9)
	    at Array.forEach (<anonymous>)
	    at verifySemanticsOfNgModuleDef (node_modules/@angular/core/fesm2022/core.mjs:30108:10)
	    at DynamicTestModule.get (node_modules/@angular/core/fesm2022/core.mjs:30056:30)
	    at TestBedCompiler.applyProviderOverridesInScope (node_modules/@angular/core/fesm2022/testing.mjs:1213:33)
	    at TestBedCompiler.compileTestModule (node_modules/@angular/core/fesm2022/testing.mjs:1536:14)
	    at TestBedCompiler.finalize (node_modules/@angular/core/fesm2022/testing.mjs:1038:14)
	    at TestBedImpl.testModuleRef (node_modules/@angular/core/fesm2022/testing.mjs:2071:49)
	    at TestBedImpl.inject (node_modules/@angular/core/fesm2022/testing.mjs:1973:29)
Chrome 145.0.0.0 (Windows 10): Executed 74 of 77[31m (39 FAILED)[39m (0 secs / 0.486 secs)
Chrome 145.0.0.0 (Windows 10): Executed 74 of 77[31m (39 FAILED)[39m (0 secs / 0.486 secs)
[1A[2K[1A[2K[31mChrome 145.0.0.0 (Windows 10) AppComponent should render title FAILED[39m
	NullInjectorError: R3InjectorError(Standalone[AppComponent])[AuthService -> AuthService -> HttpClient -> HttpClient]: 
	  NullInjectorError: No provider for HttpClient!
	error properties: Object({ ngTempTokenPath: null, ngTokenPath: [ 'AuthService', 'AuthService', 'HttpClient', 'HttpClient' ] })
	    at NullInjector.get (node_modules/@angular/core/fesm2022/core.mjs:1663:27)
	    at R3Injector.get (node_modules/@angular/core/fesm2022/core.mjs:3109:33)
	    at R3Injector.get (node_modules/@angular/core/fesm2022/core.mjs:3109:33)
	    at injectInjectorOnly (node_modules/@angular/core/fesm2022/core.mjs:1107:40)
	    at ╔Á╔Áinject (node_modules/@angular/core/fesm2022/core.mjs:1113:60)
	    at Object.factory (ng:///AuthService/╔Áfac.js:4:55)
	    at callback (node_modules/@angular/core/fesm2022/core.mjs:3237:47)
	    at runInInjectorProfilerContext (node_modules/@angular/core/fesm2022/core.mjs:872:9)
	    at R3Injector.hydrate (node_modules/@angular/core/fesm2022/core.mjs:3236:21)
	    at R3Injector.get (node_modules/@angular/core/fesm2022/core.mjs:3099:33)
Chrome 145.0.0.0 (Windows 10): Executed 75 of 77[31m (40 FAILED)[39m (0 secs / 0.495 secs)
Chrome 145.0.0.0 (Windows 10): Executed 75 of 77[31m (40 FAILED)[39m (0 secs / 0.495 secs)
[1A[2K[1A[2K[31mChrome 145.0.0.0 (Windows 10) AppComponent should have the 'cuentos-killa-FE' title FAILED[39m
	NullInjectorError: R3InjectorError(Standalone[AppComponent])[AuthService -> AuthService -> HttpClient -> HttpClient]: 
	  NullInjectorError: No provider for HttpClient!
	error properties: Object({ ngTempTokenPath: null, ngTokenPath: [ 'AuthService', 'AuthService', 'HttpClient', 'HttpClient' ] })
	    at NullInjector.get (node_modules/@angular/core/fesm2022/core.mjs:1663:27)
	    at R3Injector.get (node_modules/@angular/core/fesm2022/core.mjs:3109:33)
	    at R3Injector.get (node_modules/@angular/core/fesm2022/core.mjs:3109:33)
	    at injectInjectorOnly (node_modules/@angular/core/fesm2022/core.mjs:1107:40)
	    at ╔Á╔Áinject (node_modules/@angular/core/fesm2022/core.mjs:1113:60)
	    at Object.factory (ng:///AuthService/╔Áfac.js:4:55)
	    at callback (node_modules/@angular/core/fesm2022/core.mjs:3237:47)
	    at runInInjectorProfilerContext (node_modules/@angular/core/fesm2022/core.mjs:872:9)
	    at R3Injector.hydrate (node_modules/@angular/core/fesm2022/core.mjs:3236:21)
	    at R3Injector.get (node_modules/@angular/core/fesm2022/core.mjs:3099:33)
Chrome 145.0.0.0 (Windows 10): Executed 76 of 77[31m (41 FAILED)[39m (0 secs / 0.496 secs)
Chrome 145.0.0.0 (Windows 10): Executed 76 of 77[31m (41 FAILED)[39m (0 secs / 0.496 secs)
[1A[2K[1A[2K[31mChrome 145.0.0.0 (Windows 10) AppComponent should create the app FAILED[39m
	NullInjectorError: R3InjectorError(Standalone[AppComponent])[AuthService -> AuthService -> HttpClient -> HttpClient]: 
	  NullInjectorError: No provider for HttpClient!
	error properties: Object({ ngTempTokenPath: null, ngTokenPath: [ 'AuthService', 'AuthService', 'HttpClient', 'HttpClient' ] })
	    at NullInjector.get (node_modules/@angular/core/fesm2022/core.mjs:1663:27)
	    at R3Injector.get (node_modules/@angular/core/fesm2022/core.mjs:3109:33)
	    at R3Injector.get (node_modules/@angular/core/fesm2022/core.mjs:3109:33)
	    at injectInjectorOnly (node_modules/@angular/core/fesm2022/core.mjs:1107:40)
	    at ╔Á╔Áinject (node_modules/@angular/core/fesm2022/core.mjs:1113:60)
	    at Object.factory (ng:///AuthService/╔Áfac.js:4:55)
	    at callback (node_modules/@angular/core/fesm2022/core.mjs:3237:47)
	    at runInInjectorProfilerContext (node_modules/@angular/core/fesm2022/core.mjs:872:9)
	    at R3Injector.hydrate (node_modules/@angular/core/fesm2022/core.mjs:3236:21)
	    at R3Injector.get (node_modules/@angular/core/fesm2022/core.mjs:3099:33)
Chrome 145.0.0.0 (Windows 10): Executed 77 of 77[31m (42 FAILED)[39m (0 secs / 0.498 secs)
Chrome 145.0.0.0 (Windows 10): Executed 77 of 77[31m (42 FAILED)[39m (0 secs / 0.498 secs)
[1A[2K[1A[2K[31mChrome 145.0.0.0 (Windows 10) VoucherComponent should create FAILED[39m
	NullInjectorError: R3InjectorError(Standalone[VoucherComponent])[PedidoService -> PedidoService -> HttpClient -> HttpClient]: 
	  NullInjectorError: No provider for HttpClient!
	error properties: Object({ ngTempTokenPath: null, ngTokenPath: [ 'PedidoService', 'PedidoService', 'HttpClient', 'HttpClient' ] })
	    at NullInjector.get (node_modules/@angular/core/fesm2022/core.mjs:1663:27)
	    at R3Injector.get (node_modules/@angular/core/fesm2022/core.mjs:3109:33)
	    at R3Injector.get (node_modules/@angular/core/fesm2022/core.mjs:3109:33)
	    at injectInjectorOnly (node_modules/@angular/core/fesm2022/core.mjs:1107:40)
	    at ╔Á╔Áinject (node_modules/@angular/core/fesm2022/core.mjs:1113:60)
	    at Object.factory (ng:///PedidoService/╔Áfac.js:4:57)
	    at callback (node_modules/@angular/core/fesm2022/core.mjs:3237:47)
	    at runInInjectorProfilerContext (node_modules/@angular/core/fesm2022/core.mjs:872:9)
	    at R3Injector.hydrate (node_modules/@angular/core/fesm2022/core.mjs:3236:21)
	    at R3Injector.get (node_modules/@angular/core/fesm2022/core.mjs:3099:33)
Chrome 145.0.0.0 (Windows 10): Executed 78 of 77[31m (43 FAILED)[39m (0 secs / 0.501 secs)
Chrome 145.0.0.0 (Windows 10): Executed 78 of 77[31m (43 FAILED)[39m (0 secs / 0.501 secs)
[1A[2K[1A[2KChrome 145.0.0.0 (Windows 10): Executed 78 of 77[31m (43 FAILED)[39m (3.739 secs / 0.501 secs)
Chrome 145.0.0.0 (Windows 10): Executed 78 of 77[31m (43 FAILED)[39m (3.739 secs / 0.501 secs)
ÔêÜ Browser application bundle generation complete.
ÔêÜ Browser application bundle generation complete.
[1m[31m
Error: [96msrc/app/components/detalle-cuento/detalle-cuento.component.spec.ts[0m:[93m8[0m:[93m16[0m - 
[91merror[0m[90m TS2304: [0mCannot find name 'ComponentFixture'.

[7m8[0m   let fixture: ComponentFixture<DetalleCuentoComponent>;
[7m [0m [91m               ~~~~~~~~~~~~~~~~[0m


Error: [96msrc/app/components/detalle-cuento/detalle-cuento.component.spec.ts[0m:[93m11[0m:[93m11[0m - 
[91merror[0m[90m TS2304: [0mCannot find name 'TestBed'.

[7m11[0m     await TestBed.configureTestingModule({
[7m  [0m [91m          ~~~~~~~[0m


Error: [96msrc/app/components/detalle-cuento/detalle-cuento.component.spec.ts[0m:[93m17[0m:[93m15[0m - 
[91merror[0m[90m TS2304: [0mCannot find name 'TestBed'.

[7m17[0m     fixture = TestBed.createComponent(DetalleCuentoComponent);
[7m  [0m [91m              ~~~~~~~[0m


[39m[22m
ÔêÜ Browser application bundle generation complete.
[1m[31m
Error: [96msrc/app/components/detalle-cuento/detalle-cuento.component.spec.ts[0m:[93m8[0m:[93m16[0m - 
[91merror[0m[90m TS2304: [0mCannot find name 'ComponentFixture'.

[7m8[0m   let fixture: ComponentFixture<DetalleCuentoComponent>;
[7m [0m [91m               ~~~~~~~~~~~~~~~~[0m


Error: [96msrc/app/components/detalle-cuento/detalle-cuento.component.spec.ts[0m:[93m11[0m:[93m11[0m - 
[91merror[0m[90m TS2304: [0mCannot find name 'TestBed'.

[7m11[0m     await TestBed.configureTestingModule({
[7m  [0m [91m          ~~~~~~~[0m


Error: [96msrc/app/components/detalle-cuento/detalle-cuento.component.spec.ts[0m:[93m17[0m:[93m15[0m - 
[91merror[0m[90m TS2304: [0mCannot find name 'TestBed'.

[7m17[0m     fixture = TestBed.createComponent(DetalleCuentoComponent);
[7m  [0m [91m              ~~~~~~~[0m


Error: [96msrc/app/components/pages/admin/admin-cuentos/admin-cuentos.component.spec.ts[0m:[93m8[0m:[93m16[0m - 
[91merror[0m[90m TS2304: [0mCannot find name 'ComponentFixture'.

[7m8[0m   let fixture: ComponentFixture<AdminCuentosComponent>;
[7m [0m [91m               ~~~~~~~~~~~~~~~~[0m


Error: [96msrc/app/components/pages/admin/admin-cuentos/admin-cuentos.component.spec.ts[0m:[93m11[0m:[93m11[0m - 
[91merror[0m[90m TS2304: [0mCannot find name 'TestBed'.

[7m11[0m     await TestBed.configureTestingModule({
[7m  [0m [91m          ~~~~~~~[0m


Error: [96msrc/app/components/pages/admin/admin-cuentos/admin-cuentos.component.spec.ts[0m:[93m17[0m:[93m15[0m - 
[91merror[0m[90m TS2304: [0mCannot find name 'TestBed'.

[7m17[0m     fixture = TestBed.createComponent(AdminCuentosComponent);
[7m  [0m [91m              ~~~~~~~[0m


[39m[22m
Chrome 145.0.0.0 (Windows 10): Executed 0 of 77[32m SUCCESS[39m (0 secs / 0 secs)
[1A[2K[31mChrome 145.0.0.0 (Windows 10) AppComponent should have the 'cuentos-killa-FE' title FAILED[39m
	NullInjectorError: R3InjectorError(Standalone[AppComponent])[AuthService -> AuthService -> HttpClient -> HttpClient]: 
	  NullInjectorError: No provider for HttpClient!
	error properties: Object({ ngTempTokenPath: null, ngTokenPath: [ 'AuthService', 'AuthService', 'HttpClient', 'HttpClient' ] })
	    at NullInjector.get (node_modules/@angular/core/fesm2022/core.mjs:1663:27)
	    at R3Injector.get (node_modules/@angular/core/fesm2022/core.mjs:3109:33)
	    at R3Injector.get (node_modules/@angular/core/fesm2022/core.mjs:3109:33)
	    at injectInjectorOnly (node_modules/@angular/core/fesm2022/core.mjs:1107:40)
	    at ╔Á╔Áinject (node_modules/@angular/core/fesm2022/core.mjs:1113:60)
	    at Object.factory (ng:///AuthService/╔Áfac.js:4:55)
	    at callback (node_modules/@angular/core/fesm2022/core.mjs:3237:47)
	    at runInInjectorProfilerContext (node_modules/@angular/core/fesm2022/core.mjs:872:9)
	    at R3Injector.hydrate (node_modules/@angular/core/fesm2022/core.mjs:3236:21)
	    at R3Injector.get (node_modules/@angular/core/fesm2022/core.mjs:3099:33)
Chrome 145.0.0.0 (Windows 10): Executed 1 of 77[31m (1 FAILED)[39m (0 secs / 0.165 secs)
[1A[2K[31mChrome 145.0.0.0 (Windows 10) AppComponent should render title FAILED[39m
	NullInjectorError: R3InjectorError(Standalone[AppComponent])[AuthService -> AuthService -> HttpClient -> HttpClient]: 
	  NullInjectorError: No provider for HttpClient!
	error properties: Object({ ngTempTokenPath: null, ngTokenPath: [ 'AuthService', 'AuthService', 'HttpClient', 'HttpClient' ] })
	    at NullInjector.get (node_modules/@angular/core/fesm2022/core.mjs:1663:27)
	    at R3Injector.get (node_modules/@angular/core/fesm2022/core.mjs:3109:33)
	    at R3Injector.get (node_modules/@angular/core/fesm2022/core.mjs:3109:33)
	    at injectInjectorOnly (node_modules/@angular/core/fesm2022/core.mjs:1107:40)
	    at ╔Á╔Áinject (node_modules/@angular/core/fesm2022/core.mjs:1113:60)
	    at Object.factory (ng:///AuthService/╔Áfac.js:4:55)
	    at callback (node_modules/@angular/core/fesm2022/core.mjs:3237:47)
	    at runInInjectorProfilerContext (node_modules/@angular/core/fesm2022/core.mjs:872:9)
	    at R3Injector.hydrate (node_modules/@angular/core/fesm2022/core.mjs:3236:21)
	    at R3Injector.get (node_modules/@angular/core/fesm2022/core.mjs:3099:33)
Chrome 145.0.0.0 (Windows 10): Executed 2 of 77[31m (2 FAILED)[39m (0 secs / 0.171 secs)
[1A[2K[31mChrome 145.0.0.0 (Windows 10) AppComponent should create the app FAILED[39m
	NullInjectorError: R3InjectorError(Standalone[AppComponent])[AuthService -> AuthService -> HttpClient -> HttpClient]: 
	  NullInjectorError: No provider for HttpClient!
	error properties: Object({ ngTempTokenPath: null, ngTokenPath: [ 'AuthService', 'AuthService', 'HttpClient', 'HttpClient' ] })
	    at NullInjector.get (node_modules/@angular/core/fesm2022/core.mjs:1663:27)
	    at R3Injector.get (node_modules/@angular/core/fesm2022/core.mjs:3109:33)
	    at R3Injector.get (node_modules/@angular/core/fesm2022/core.mjs:3109:33)
	    at injectInjectorOnly (node_modules/@angular/core/fesm2022/core.mjs:1107:40)
	    at ╔Á╔Áinject (node_modules/@angular/core/fesm2022/core.mjs:1113:60)
	    at Object.factory (ng:///AuthService/╔Áfac.js:4:55)
	    at callback (node_modules/@angular/core/fesm2022/core.mjs:3237:47)
	    at runInInjectorProfilerContext (node_modules/@angular/core/fesm2022/core.mjs:872:9)
	    at R3Injector.hydrate (node_modules/@angular/core/fesm2022/core.mjs:3236:21)
	    at R3Injector.get (node_modules/@angular/core/fesm2022/core.mjs:3099:33)
Chrome 145.0.0.0 (Windows 10): Executed 3 of 77[31m (3 FAILED)[39m (0 secs / 0.176 secs)
[1A[2KChrome 145.0.0.0 (Windows 10): Executed 4 of 77[31m (3 FAILED)[39m (0 secs / 0.195 secs)
[1A[2KChrome 145.0.0.0 (Windows 10): Executed 5 of 77[31m (3 FAILED)[39m (0 secs / 0.203 secs)
[1A[2KChrome 145.0.0.0 (Windows 10): Executed 6 of 77[31m (3 FAILED)[39m (0 secs / 0.209 secs)
[1A[2KChrome 145.0.0.0 (Windows 10): Executed 7 of 77[31m (3 FAILED)[39m (0 secs / 0.244 secs)
[1A[2KChrome 145.0.0.0 (Windows 10): Executed 8 of 77[31m (3 FAILED)[39m (0 secs / 0.256 secs)
[1A[2KChrome 145.0.0.0 (Windows 10): Executed 9 of 77[31m (3 FAILED)[39m (0 secs / 0.263 secs)
[1A[2K[31mChrome 145.0.0.0 (Windows 10) VoucherComponent should create FAILED[39m
	NullInjectorError: R3InjectorError(Standalone[VoucherComponent])[PedidoService -> PedidoService -> HttpClient -> HttpClient]: 
	  NullInjectorError: No provider for HttpClient!
	error properties: Object({ ngTempTokenPath: null, ngTokenPath: [ 'PedidoService', 'PedidoService', 'HttpClient', 'HttpClient' ] })
	    at NullInjector.get (node_modules/@angular/core/fesm2022/core.mjs:1663:27)
	    at R3Injector.get (node_modules/@angular/core/fesm2022/core.mjs:3109:33)
	    at R3Injector.get (node_modules/@angular/core/fesm2022/core.mjs:3109:33)
	    at injectInjectorOnly (node_modules/@angular/core/fesm2022/core.mjs:1107:40)
	    at ╔Á╔Áinject (node_modules/@angular/core/fesm2022/core.mjs:1113:60)
	    at Object.factory (ng:///PedidoService/╔Áfac.js:4:57)
	    at callback (node_modules/@angular/core/fesm2022/core.mjs:3237:47)
	    at runInInjectorProfilerContext (node_modules/@angular/core/fesm2022/core.mjs:872:9)
	    at R3Injector.hydrate (node_modules/@angular/core/fesm2022/core.mjs:3236:21)
	    at R3Injector.get (node_modules/@angular/core/fesm2022/core.mjs:3099:33)
Chrome 145.0.0.0 (Windows 10): Executed 10 of 77[31m (4 FAILED)[39m (0 secs / 0.302 secs)
[1A[2K[31mChrome 145.0.0.0 (Windows 10) PagoComponent should fetch order status on init FAILED[39m
	Error: <spyOnProperty> : location is not declared configurable
	Usage: spyOnProperty(<object>, <propName>, [accessType])
	    at <Jasmine>
	    at UserContext.<anonymous> (src/app/components/pages/pago/pago.component.spec.ts:71:17)
	    at Generator.next (<anonymous>)
	    at asyncGeneratorStep (node_modules/@babel/runtime/helpers/esm/asyncToGenerator.js:3:1)
	    at apply (node_modules/@babel/runtime/helpers/esm/asyncToGenerator.js:17:1)
	    at _ZoneDelegate.invoke (node_modules/zone.js/fesm2015/zone.js:369:28)
	    at ProxyZoneSpec.onInvoke (node_modules/zone.js/fesm2015/zone-testing.js:2081:39)
	    at _ZoneDelegate.invoke (node_modules/zone.js/fesm2015/zone.js:368:34)
Chrome 145.0.0.0 (Windows 10): Executed 11 of 77[31m (5 FAILED)[39m (0 secs / 0.323 secs)
[1A[2K[31mChrome 145.0.0.0 (Windows 10) PagoComponent ngOnInit - Mercado Pago Callback should NOT confirm payment if collection_status is not "approved" FAILED[39m
	Error: <spyOnProperty> : location is not declared configurable
	Usage: spyOnProperty(<object>, <propName>, [accessType])
	    at <Jasmine>
	    at UserContext.<anonymous> (src/app/components/pages/pago/pago.component.spec.ts:71:17)
	    at Generator.next (<anonymous>)
	    at asyncGeneratorStep (node_modules/@babel/runtime/helpers/esm/asyncToGenerator.js:3:1)
	    at apply (node_modules/@babel/runtime/helpers/esm/asyncToGenerator.js:17:1)
	    at _ZoneDelegate.invoke (node_modules/zone.js/fesm2015/zone.js:369:28)
	    at ProxyZoneSpec.onInvoke (node_modules/zone.js/fesm2015/zone-testing.js:2081:39)
	    at _ZoneDelegate.invoke (node_modules/zone.js/fesm2015/zone.js:368:34)
Chrome 145.0.0.0 (Windows 10): Executed 12 of 77[31m (6 FAILED)[39m (0 secs / 0.328 secs)
[1A[2K[31mChrome 145.0.0.0 (Windows 10) PagoComponent ngOnInit - Mercado Pago Callback should NOT confirm payment if external_reference does not match pedidoId FAILED[39m
	Error: <spyOnProperty> : location is not declared configurable
	Usage: spyOnProperty(<object>, <propName>, [accessType])
	    at <Jasmine>
	    at UserContext.<anonymous> (src/app/components/pages/pago/pago.component.spec.ts:71:17)
	    at Generator.next (<anonymous>)
	    at asyncGeneratorStep (node_modules/@babel/runtime/helpers/esm/asyncToGenerator.js:3:1)
	    at apply (node_modules/@babel/runtime/helpers/esm/asyncToGenerator.js:17:1)
	    at _ZoneDelegate.invoke (node_modules/zone.js/fesm2015/zone.js:369:28)
	    at ProxyZoneSpec.onInvoke (node_modules/zone.js/fesm2015/zone-testing.js:2081:39)
	    at _ZoneDelegate.invoke (node_modules/zone.js/fesm2015/zone.js:368:34)
Chrome 145.0.0.0 (Windows 10): Executed 13 of 77[31m (7 FAILED)[39m (0 secs / 0.334 secs)
[1A[2K[31mChrome 145.0.0.0 (Windows 10) PagoComponent ngOnInit - Mercado Pago Callback should not call confirmarPagoMercadoPago if no relevant query params are present FAILED[39m
	Error: <spyOnProperty> : location is not declared configurable
	Usage: spyOnProperty(<object>, <propName>, [accessType])
	    at <Jasmine>
	    at UserContext.<anonymous> (src/app/components/pages/pago/pago.component.spec.ts:71:17)
	    at Generator.next (<anonymous>)
	    at asyncGeneratorStep (node_modules/@babel/runtime/helpers/esm/asyncToGenerator.js:3:1)
	    at apply (node_modules/@babel/runtime/helpers/esm/asyncToGenerator.js:17:1)
	    at _ZoneDelegate.invoke (node_modules/zone.js/fesm2015/zone.js:369:28)
	    at ProxyZoneSpec.onInvoke (node_modules/zone.js/fesm2015/zone-testing.js:2081:39)
	    at _ZoneDelegate.invoke (node_modules/zone.js/fesm2015/zone.js:368:34)
Chrome 145.0.0.0 (Windows 10): Executed 14 of 77[31m (8 FAILED)[39m (0 secs / 0.337 secs)
[1A[2K[31mChrome 145.0.0.0 (Windows 10) PagoComponent ngOnInit - Mercado Pago Callback should show info message if payment status is not "approved" but external_reference matches FAILED[39m
	Error: <spyOnProperty> : location is not declared configurable
	Usage: spyOnProperty(<object>, <propName>, [accessType])
	    at <Jasmine>
	    at UserContext.<anonymous> (src/app/components/pages/pago/pago.component.spec.ts:71:17)
	    at Generator.next (<anonymous>)
	    at asyncGeneratorStep (node_modules/@babel/runtime/helpers/esm/asyncToGenerator.js:3:1)
	    at apply (node_modules/@babel/runtime/helpers/esm/asyncToGenerator.js:17:1)
	    at _ZoneDelegate.invoke (node_modules/zone.js/fesm2015/zone.js:369:28)
	    at ProxyZoneSpec.onInvoke (node_modules/zone.js/fesm2015/zone-testing.js:2081:39)
	    at _ZoneDelegate.invoke (node_modules/zone.js/fesm2015/zone.js:368:34)
Chrome 145.0.0.0 (Windows 10): Executed 15 of 77[31m (9 FAILED)[39m (0 secs / 0.341 secs)
[1A[2K[31mChrome 145.0.0.0 (Windows 10) PagoComponent ngOnInit - Mercado Pago Callback should confirm payment if collection_status is "approved" and external_reference matches pedidoId FAILED[39m
	Error: <spyOnProperty> : location is not declared configurable
	Usage: spyOnProperty(<object>, <propName>, [accessType])
	    at <Jasmine>
	    at UserContext.<anonymous> (src/app/components/pages/pago/pago.component.spec.ts:71:17)
	    at Generator.next (<anonymous>)
	    at asyncGeneratorStep (node_modules/@babel/runtime/helpers/esm/asyncToGenerator.js:3:1)
	    at apply (node_modules/@babel/runtime/helpers/esm/asyncToGenerator.js:17:1)
	    at _ZoneDelegate.invoke (node_modules/zone.js/fesm2015/zone.js:369:28)
	    at ProxyZoneSpec.onInvoke (node_modules/zone.js/fesm2015/zone-testing.js:2081:39)
	    at _ZoneDelegate.invoke (node_modules/zone.js/fesm2015/zone.js:368:34)
Chrome 145.0.0.0 (Windows 10): Executed 16 of 77[31m (10 FAILED)[39m (0 secs / 0.345 secs)
[1A[2K[31mChrome 145.0.0.0 (Windows 10) PagoComponent ngOnInit - Mercado Pago Callback should handle error if confirmarPagoMercadoPago fails FAILED[39m
	Error: <spyOnProperty> : location is not declared configurable
	Usage: spyOnProperty(<object>, <propName>, [accessType])
	    at <Jasmine>
	    at UserContext.<anonymous> (src/app/components/pages/pago/pago.component.spec.ts:71:17)
	    at Generator.next (<anonymous>)
	    at asyncGeneratorStep (node_modules/@babel/runtime/helpers/esm/asyncToGenerator.js:3:1)
	    at apply (node_modules/@babel/runtime/helpers/esm/asyncToGenerator.js:17:1)
	    at _ZoneDelegate.invoke (node_modules/zone.js/fesm2015/zone.js:369:28)
	    at ProxyZoneSpec.onInvoke (node_modules/zone.js/fesm2015/zone-testing.js:2081:39)
	    at _ZoneDelegate.invoke (node_modules/zone.js/fesm2015/zone.js:368:34)
Chrome 145.0.0.0 (Windows 10): Executed 17 of 77[31m (11 FAILED)[39m (0 secs / 0.349 secs)
[1A[2K[31mChrome 145.0.0.0 (Windows 10) PagoComponent should create FAILED[39m
	Error: <spyOnProperty> : location is not declared configurable
	Usage: spyOnProperty(<object>, <propName>, [accessType])
	    at <Jasmine>
	    at UserContext.<anonymous> (src/app/components/pages/pago/pago.component.spec.ts:71:17)
	    at Generator.next (<anonymous>)
	    at asyncGeneratorStep (node_modules/@babel/runtime/helpers/esm/asyncToGenerator.js:3:1)
	    at apply (node_modules/@babel/runtime/helpers/esm/asyncToGenerator.js:17:1)
	    at _ZoneDelegate.invoke (node_modules/zone.js/fesm2015/zone.js:369:28)
	    at ProxyZoneSpec.onInvoke (node_modules/zone.js/fesm2015/zone-testing.js:2081:39)
	    at _ZoneDelegate.invoke (node_modules/zone.js/fesm2015/zone.js:368:34)
Chrome 145.0.0.0 (Windows 10): Executed 18 of 77[31m (12 FAILED)[39m (0 secs / 0.356 secs)
[1A[2K[31mChrome 145.0.0.0 (Windows 10) PagoComponent pagarConMercadoPagoConfirmado should redirect to the correct Mercado Pago URL FAILED[39m
	Error: <spyOnProperty> : location is not declared configurable
	Usage: spyOnProperty(<object>, <propName>, [accessType])
	    at <Jasmine>
	    at UserContext.<anonymous> (src/app/components/pages/pago/pago.component.spec.ts:71:17)
	    at Generator.next (<anonymous>)
	    at asyncGeneratorStep (node_modules/@babel/runtime/helpers/esm/asyncToGenerator.js:3:1)
	    at apply (node_modules/@babel/runtime/helpers/esm/asyncToGenerator.js:17:1)
	    at _ZoneDelegate.invoke (node_modules/zone.js/fesm2015/zone.js:369:28)
	    at ProxyZoneSpec.onInvoke (node_modules/zone.js/fesm2015/zone-testing.js:2081:39)
	    at _ZoneDelegate.invoke (node_modules/zone.js/fesm2015/zone.js:368:34)
Chrome 145.0.0.0 (Windows 10): Executed 19 of 77[31m (13 FAILED)[39m (0 secs / 0.361 secs)
[1A[2KERROR: [36m'Error fetching order details:', Object{status: 404, message: 'Not Found'}[39m
Chrome 145.0.0.0 (Windows 10): Executed 19 of 77[31m (13 FAILED)[39m (0 secs / 0.361 secs)
ERROR: 'Error fetching order details:', Object{status: 404, message: 'Not Found'}
[1A[2K[31mChrome 145.0.0.0 (Windows 10) OrderDetailComponent ngOnInit should set errorMensaje and isLoading to false if service call fails FAILED[39m
	Expected null to be undefined.
	    at <Jasmine>
	    at UserContext.apply (src/app/components/pages/order-detail/order-detail.component.spec.ts:95:32)
	    at UserContext.apply (node_modules/zone.js/fesm2015/zone-testing.js:1702:26)
	    at _ZoneDelegate.invoke (node_modules/zone.js/fesm2015/zone.js:369:28)
	    at ProxyZoneSpec.onInvoke (node_modules/zone.js/fesm2015/zone-testing.js:2081:39)
Chrome 145.0.0.0 (Windows 10): Executed 20 of 77[31m (14 FAILED)[39m (0 secs / 0.402 secs)
[1A[2KLOG: [36m'Detalle del pedido:', Object{id: 1, fecha: '2023-01-15T10:00:00Z', nombre: 'Cliente A', correo: 'a@a.com', direccion: 'Dir A', telefono: '123', items: [Object{cuentoId: ..., nombreCuento: ..., imagenUrl: ..., precioUnitario: ..., cantidad: ..., subtotal: ...}, Object{cuentoId: ..., nombreCuento: ..., imagenUrl: ..., precioUnitario: ..., cantidad: ..., subtotal: ...}], total: 40, estado: 'PAGO_PENDIENTE', userId: 1, correoUsuario: 'a@a.com'}[39m
Chrome 145.0.0.0 (Windows 10): Executed 20 of 77[31m (14 FAILED)[39m (0 secs / 0.402 secs)
LOG: 'Detalle del pedido:', Object{id: 1, fecha: '2023-01-15T10:00:00Z', nombre: 'Cliente A', correo: 'a@a.com', direccion: 'Dir A', telefono: '123', items: [Object{cuentoId: ..., nombreCuento: ..., imagenUrl: ..., precioUnitario: ..., cantidad: ..., subtotal: ...}, Object{cuentoId: ..., nombreCuento: ..., imagenUrl: ..., precioUnitario: ..., cantidad: ..., subtotal: ...}], total: 40, estado: 'PAGO_PENDIENTE', userId: 1, correoUsuario: 'a@a.com'}
[1A[2KChrome 145.0.0.0 (Windows 10): Executed 21 of 77[31m (14 FAILED)[39m (0 secs / 0.41 secs)
[1A[2KChrome 145.0.0.0 (Windows 10): Executed 22 of 77[31m (14 FAILED)[39m (0 secs / 0.413 secs)
[1A[2KLOG: [36m'Detalle del pedido:', Object{id: 1, fecha: '2023-01-15T10:00:00Z', nombre: 'Cliente A', correo: 'a@a.com', direccion: 'Dir A', telefono: '123', items: [Object{cuentoId: ..., nombreCuento: ..., imagenUrl: ..., precioUnitario: ..., cantidad: ..., subtotal: ...}, Object{cuentoId: ..., nombreCuento: ..., imagenUrl: ..., precioUnitario: ..., cantidad: ..., subtotal: ...}], total: 40, estado: 'PAGO_PENDIENTE', userId: 1, correoUsuario: 'a@a.com'}[39m
Chrome 145.0.0.0 (Windows 10): Executed 22 of 77[31m (14 FAILED)[39m (0 secs / 0.413 secs)
LOG: 'Detalle del pedido:', Object{id: 1, fecha: '2023-01-15T10:00:00Z', nombre: 'Cliente A', correo: 'a@a.com', direccion: 'Dir A', telefono: '123', items: [Object{cuentoId: ..., nombreCuento: ..., imagenUrl: ..., precioUnitario: ..., cantidad: ..., subtotal: ...}, Object{cuentoId: ..., nombreCuento: ..., imagenUrl: ..., precioUnitario: ..., cantidad: ..., subtotal: ...}], total: 40, estado: 'PAGO_PENDIENTE', userId: 1, correoUsuario: 'a@a.com'}
[1A[2KChrome 145.0.0.0 (Windows 10): Executed 23 of 77[31m (14 FAILED)[39m (0 secs / 0.417 secs)
[1A[2KChrome 145.0.0.0 (Windows 10): Executed 24 of 77[31m (14 FAILED)[39m (0 secs / 0.421 secs)
[1A[2KChrome 145.0.0.0 (Windows 10): Executed 25 of 77[31m (14 FAILED)[39m (0 secs / 0.425 secs)
[1A[2KChrome 145.0.0.0 (Windows 10): Executed 26 of 77[31m (14 FAILED)[39m (0 secs / 0.428 secs)
[1A[2KChrome 145.0.0.0 (Windows 10): Executed 27 of 77[31m (14 FAILED)[39m (0 secs / 0.446 secs)
[1A[2K[31mChrome 145.0.0.0 (Windows 10) OrderDetailComponent isPagoPendiente should return true if estado is PENDIENTE (case insensitive) FAILED[39m
	Expected false to be true.
	    at <Jasmine>
	    at UserContext.apply (src/app/components/pages/order-detail/order-detail.component.spec.ts:132:43)
	    at _ZoneDelegate.invoke (node_modules/zone.js/fesm2015/zone.js:369:28)
	    at ProxyZoneSpec.onInvoke (node_modules/zone.js/fesm2015/zone-testing.js:2081:39)
	    at _ZoneDelegate.invoke (node_modules/zone.js/fesm2015/zone.js:368:34)
Chrome 145.0.0.0 (Windows 10): Executed 28 of 77[31m (15 FAILED)[39m (0 secs / 0.461 secs)
[1A[2KLOG: [36m'Detalle del pedido:', Object{id: 1, fecha: '2023-01-15T10:00:00Z', nombre: 'Cliente A', correo: 'a@a.com', direccion: 'Dir A', telefono: '123', items: [Object{cuentoId: ..., nombreCuento: ..., imagenUrl: ..., precioUnitario: ..., cantidad: ..., subtotal: ...}, Object{cuentoId: ..., nombreCuento: ..., imagenUrl: ..., precioUnitario: ..., cantidad: ..., subtotal: ...}], total: 40, estado: 'PAGO_PENDIENTE', userId: 1, correoUsuario: 'a@a.com'}[39m
Chrome 145.0.0.0 (Windows 10): Executed 28 of 77[31m (15 FAILED)[39m (0 secs / 0.461 secs)
LOG: 'Detalle del pedido:', Object{id: 1, fecha: '2023-01-15T10:00:00Z', nombre: 'Cliente A', correo: 'a@a.com', direccion: 'Dir A', telefono: '123', items: [Object{cuentoId: ..., nombreCuento: ..., imagenUrl: ..., precioUnitario: ..., cantidad: ..., subtotal: ...}, Object{cuentoId: ..., nombreCuento: ..., imagenUrl: ..., precioUnitario: ..., cantidad: ..., subtotal: ...}], total: 40, estado: 'PAGO_PENDIENTE', userId: 1, correoUsuario: 'a@a.com'}
[1A[2KLOG: [36m'Detalle del pedido:', Object{id: 1, fecha: '2023-01-15T10:00:00Z', nombre: 'Cliente A', correo: 'a@a.com', direccion: 'Dir A', telefono: '123', items: [Object{cuentoId: ..., nombreCuento: ..., imagenUrl: ..., precioUnitario: ..., cantidad: ..., subtotal: ...}, Object{cuentoId: ..., nombreCuento: ..., imagenUrl: ..., precioUnitario: ..., cantidad: ..., subtotal: ...}], total: 40, estado: 'PAGO_PENDIENTE', userId: 1, correoUsuario: 'a@a.com'}[39m
Chrome 145.0.0.0 (Windows 10): Executed 28 of 77[31m (15 FAILED)[39m (0 secs / 0.461 secs)
LOG: 'Detalle del pedido:', Object{id: 1, fecha: '2023-01-15T10:00:00Z', nombre: 'Cliente A', correo: 'a@a.com', direccion: 'Dir A', telefono: '123', items: [Object{cuentoId: ..., nombreCuento: ..., imagenUrl: ..., precioUnitario: ..., cantidad: ..., subtotal: ...}, Object{cuentoId: ..., nombreCuento: ..., imagenUrl: ..., precioUnitario: ..., cantidad: ..., subtotal: ...}], total: 40, estado: 'PAGO_PENDIENTE', userId: 1, correoUsuario: 'a@a.com'}
[1A[2K[31mChrome 145.0.0.0 (Windows 10) OrderDetailComponent Template Rendering should display general order information FAILED[39m
	Expected 'ID del Pedido: Fecha: 15/01/2023 05:00Estado:PAGO_PENDIENTENombre: Cliente ACorreo: a@a.comDirecci├│n: Dir ATel├®fono: 123Total del Pedido:$40.00' to contain 'ID del Pedido: 1'.
	    at <Jasmine>
	    at UserContext.apply (src/app/components/pages/order-detail/order-detail.component.spec.ts:159:50)
	    at _ZoneDelegate.invoke (node_modules/zone.js/fesm2015/zone.js:369:28)
	    at ProxyZoneSpec.onInvoke (node_modules/zone.js/fesm2015/zone-testing.js:2081:39)
	    at _ZoneDelegate.invoke (node_modules/zone.js/fesm2015/zone.js:368:34)
	Expected 'ID del Pedido: Fecha: 15/01/2023 05:00Estado:PAGO_PENDIENTENombre: Cliente ACorreo: a@a.comDirecci├│n: Dir ATel├®fono: 123Total del Pedido:$40.00' to contain 'Estado: PAGO_PENDIENTE'.
	    at <Jasmine>
	    at UserContext.apply (src/app/components/pages/order-detail/order-detail.component.spec.ts:161:50)
	    at _ZoneDelegate.invoke (node_modules/zone.js/fesm2015/zone.js:369:28)
	    at ProxyZoneSpec.onInvoke (node_modules/zone.js/fesm2015/zone-testing.js:2081:39)
	    at _ZoneDelegate.invoke (node_modules/zone.js/fesm2015/zone.js:368:34)
Chrome 145.0.0.0 (Windows 10): Executed 29 of 77[31m (16 FAILED)[39m (0 secs / 0.483 secs)
[1A[2KLOG: [36m'Detalle del pedido:', Object{id: 1, fecha: '2023-01-15T10:00:00Z', nombre: 'Cliente A', correo: 'a@a.com', direccion: 'Dir A', telefono: '123', items: [Object{cuentoId: ..., nombreCuento: ..., imagenUrl: ..., precioUnitario: ..., cantidad: ..., subtotal: ...}, Object{cuentoId: ..., nombreCuento: ..., imagenUrl: ..., precioUnitario: ..., cantidad: ..., subtotal: ...}], total: 40, estado: 'PAGO_PENDIENTE', userId: 1, correoUsuario: 'a@a.com'}[39m
Chrome 145.0.0.0 (Windows 10): Executed 29 of 77[31m (16 FAILED)[39m (0 secs / 0.483 secs)
LOG: 'Detalle del pedido:', Object{id: 1, fecha: '2023-01-15T10:00:00Z', nombre: 'Cliente A', correo: 'a@a.com', direccion: 'Dir A', telefono: '123', items: [Object{cuentoId: ..., nombreCuento: ..., imagenUrl: ..., precioUnitario: ..., cantidad: ..., subtotal: ...}, Object{cuentoId: ..., nombreCuento: ..., imagenUrl: ..., precioUnitario: ..., cantidad: ..., subtotal: ...}], total: 40, estado: 'PAGO_PENDIENTE', userId: 1, correoUsuario: 'a@a.com'}
[1A[2KLOG: [36m'Detalle del pedido:', Object{id: 1, fecha: '2023-01-15T10:00:00Z', nombre: 'Cliente A', correo: 'a@a.com', direccion: 'Dir A', telefono: '123', items: [Object{cuentoId: ..., nombreCuento: ..., imagenUrl: ..., precioUnitario: ..., cantidad: ..., subtotal: ...}, Object{cuentoId: ..., nombreCuento: ..., imagenUrl: ..., precioUnitario: ..., cantidad: ..., subtotal: ...}], total: 40, estado: 'PAGO_PENDIENTE', userId: 1, correoUsuario: 'a@a.com'}[39m
Chrome 145.0.0.0 (Windows 10): Executed 29 of 77[31m (16 FAILED)[39m (0 secs / 0.483 secs)
LOG: 'Detalle del pedido:', Object{id: 1, fecha: '2023-01-15T10:00:00Z', nombre: 'Cliente A', correo: 'a@a.com', direccion: 'Dir A', telefono: '123', items: [Object{cuentoId: ..., nombreCuento: ..., imagenUrl: ..., precioUnitario: ..., cantidad: ..., subtotal: ...}, Object{cuentoId: ..., nombreCuento: ..., imagenUrl: ..., precioUnitario: ..., cantidad: ..., subtotal: ...}], total: 40, estado: 'PAGO_PENDIENTE', userId: 1, correoUsuario: 'a@a.com'}
[1A[2KChrome 145.0.0.0 (Windows 10): Executed 30 of 77[31m (16 FAILED)[39m (0 secs / 0.5 secs)
[1A[2KLOG: [36m'Detalle del pedido:', Object{id: 1, fecha: '2023-01-15T10:00:00Z', nombre: 'Cliente A', correo: 'a@a.com', direccion: 'Dir A', telefono: '123', items: [Object{cuentoId: ..., nombreCuento: ..., imagenUrl: ..., precioUnitario: ..., cantidad: ..., subtotal: ...}, Object{cuentoId: ..., nombreCuento: ..., imagenUrl: ..., precioUnitario: ..., cantidad: ..., subtotal: ...}], total: 40, estado: 'PAGO_PENDIENTE', userId: 1, correoUsuario: 'a@a.com'}[39m
Chrome 145.0.0.0 (Windows 10): Executed 30 of 77[31m (16 FAILED)[39m (0 secs / 0.5 secs)
LOG: 'Detalle del pedido:', Object{id: 1, fecha: '2023-01-15T10:00:00Z', nombre: 'Cliente A', correo: 'a@a.com', direccion: 'Dir A', telefono: '123', items: [Object{cuentoId: ..., nombreCuento: ..., imagenUrl: ..., precioUnitario: ..., cantidad: ..., subtotal: ...}, Object{cuentoId: ..., nombreCuento: ..., imagenUrl: ..., precioUnitario: ..., cantidad: ..., subtotal: ...}], total: 40, estado: 'PAGO_PENDIENTE', userId: 1, correoUsuario: 'a@a.com'}
[1A[2KLOG: [36m'Detalle del pedido:', Object{id: 1, fecha: '2023-01-15T10:00:00Z', nombre: 'Cliente A', correo: 'a@a.com', direccion: 'Dir A', telefono: '123', items: [Object{cuentoId: ..., nombreCuento: ..., imagenUrl: ..., precioUnitario: ..., cantidad: ..., subtotal: ...}, Object{cuentoId: ..., nombreCuento: ..., imagenUrl: ..., precioUnitario: ..., cantidad: ..., subtotal: ...}], total: 40, estado: 'PAGO_PENDIENTE', userId: 1, correoUsuario: 'a@a.com'}[39m
Chrome 145.0.0.0 (Windows 10): Executed 30 of 77[31m (16 FAILED)[39m (0 secs / 0.5 secs)
LOG: 'Detalle del pedido:', Object{id: 1, fecha: '2023-01-15T10:00:00Z', nombre: 'Cliente A', correo: 'a@a.com', direccion: 'Dir A', telefono: '123', items: [Object{cuentoId: ..., nombreCuento: ..., imagenUrl: ..., precioUnitario: ..., cantidad: ..., subtotal: ...}, Object{cuentoId: ..., nombreCuento: ..., imagenUrl: ..., precioUnitario: ..., cantidad: ..., subtotal: ...}], total: 40, estado: 'PAGO_PENDIENTE', userId: 1, correoUsuario: 'a@a.com'}
[1A[2K[31mChrome 145.0.0.0 (Windows 10) OrderDetailComponent Template Rendering should display "Detalle del Pedido #ID" title FAILED[39m
	Expected 'Detalle del Pedido #' to contain 'Detalle del Pedido #1'.
	    at <Jasmine>
	    at UserContext.apply (src/app/components/pages/order-detail/order-detail.component.spec.ts:154:54)
	    at _ZoneDelegate.invoke (node_modules/zone.js/fesm2015/zone.js:369:28)
	    at ProxyZoneSpec.onInvoke (node_modules/zone.js/fesm2015/zone-testing.js:2081:39)
	    at _ZoneDelegate.invoke (node_modules/zone.js/fesm2015/zone.js:368:34)
Chrome 145.0.0.0 (Windows 10): Executed 31 of 77[31m (17 FAILED)[39m (0 secs / 0.508 secs)
[1A[2KLOG: [36m'Detalle del pedido:', Object{id: 1, fecha: '2023-01-15T10:00:00Z', nombre: 'Cliente A', correo: 'a@a.com', direccion: 'Dir A', telefono: '123', items: [Object{cuentoId: ..., nombreCuento: ..., imagenUrl: ..., precioUnitario: ..., cantidad: ..., subtotal: ...}, Object{cuentoId: ..., nombreCuento: ..., imagenUrl: ..., precioUnitario: ..., cantidad: ..., subtotal: ...}], total: 40, estado: 'PAGO_PENDIENTE', userId: 1, correoUsuario: 'a@a.com'}[39m
Chrome 145.0.0.0 (Windows 10): Executed 31 of 77[31m (17 FAILED)[39m (0 secs / 0.508 secs)
LOG: 'Detalle del pedido:', Object{id: 1, fecha: '2023-01-15T10:00:00Z', nombre: 'Cliente A', correo: 'a@a.com', direccion: 'Dir A', telefono: '123', items: [Object{cuentoId: ..., nombreCuento: ..., imagenUrl: ..., precioUnitario: ..., cantidad: ..., subtotal: ...}, Object{cuentoId: ..., nombreCuento: ..., imagenUrl: ..., precioUnitario: ..., cantidad: ..., subtotal: ...}], total: 40, estado: 'PAGO_PENDIENTE', userId: 1, correoUsuario: 'a@a.com'}
[1A[2KLOG: [36m'Detalle del pedido:', Object{id: 1, fecha: '2023-01-15T10:00:00Z', nombre: 'Cliente A', correo: 'a@a.com', direccion: 'Dir A', telefono: '123', items: [Object{cuentoId: ..., nombreCuento: ..., imagenUrl: ..., precioUnitario: ..., cantidad: ..., subtotal: ...}, Object{cuentoId: ..., nombreCuento: ..., imagenUrl: ..., precioUnitario: ..., cantidad: ..., subtotal: ...}], total: 40, estado: 'PAGO_PENDIENTE', userId: 1, correoUsuario: 'a@a.com'}[39m
Chrome 145.0.0.0 (Windows 10): Executed 31 of 77[31m (17 FAILED)[39m (0 secs / 0.508 secs)
LOG: 'Detalle del pedido:', Object{id: 1, fecha: '2023-01-15T10:00:00Z', nombre: 'Cliente A', correo: 'a@a.com', direccion: 'Dir A', telefono: '123', items: [Object{cuentoId: ..., nombreCuento: ..., imagenUrl: ..., precioUnitario: ..., cantidad: ..., subtotal: ...}, Object{cuentoId: ..., nombreCuento: ..., imagenUrl: ..., precioUnitario: ..., cantidad: ..., subtotal: ...}], total: 40, estado: 'PAGO_PENDIENTE', userId: 1, correoUsuario: 'a@a.com'}
[1A[2KChrome 145.0.0.0 (Windows 10): Executed 32 of 77[31m (17 FAILED)[39m (0 secs / 0.545 secs)
[1A[2KLOG: [36m'Detalle del pedido:', Object{id: 1, fecha: '2023-01-15T10:00:00Z', nombre: 'Cliente A', correo: 'a@a.com', direccion: 'Dir A', telefono: '123', items: [Object{cuentoId: ..., nombreCuento: ..., imagenUrl: ..., precioUnitario: ..., cantidad: ..., subtotal: ...}, Object{cuentoId: ..., nombreCuento: ..., imagenUrl: ..., precioUnitario: ..., cantidad: ..., subtotal: ...}], total: 40, estado: 'PAGO_PENDIENTE', userId: 1, correoUsuario: 'a@a.com'}[39m
Chrome 145.0.0.0 (Windows 10): Executed 32 of 77[31m (17 FAILED)[39m (0 secs / 0.545 secs)
LOG: 'Detalle del pedido:', Object{id: 1, fecha: '2023-01-15T10:00:00Z', nombre: 'Cliente A', correo: 'a@a.com', direccion: 'Dir A', telefono: '123', items: [Object{cuentoId: ..., nombreCuento: ..., imagenUrl: ..., precioUnitario: ..., cantidad: ..., subtotal: ...}, Object{cuentoId: ..., nombreCuento: ..., imagenUrl: ..., precioUnitario: ..., cantidad: ..., subtotal: ...}], total: 40, estado: 'PAGO_PENDIENTE', userId: 1, correoUsuario: 'a@a.com'}
[1A[2KLOG: [36m'Detalle del pedido:', Object{id: 1, fecha: '2023-01-15T10:00:00Z', nombre: 'Cliente A', correo: 'a@a.com', direccion: 'Dir A', telefono: '123', items: [Object{cuentoId: ..., nombreCuento: ..., imagenUrl: ..., precioUnitario: ..., cantidad: ..., subtotal: ...}, Object{cuentoId: ..., nombreCuento: ..., imagenUrl: ..., precioUnitario: ..., cantidad: ..., subtotal: ...}], total: 40, estado: 'PAGO_PENDIENTE', userId: 1, correoUsuario: 'a@a.com'}[39m
Chrome 145.0.0.0 (Windows 10): Executed 32 of 77[31m (17 FAILED)[39m (0 secs / 0.545 secs)
LOG: 'Detalle del pedido:', Object{id: 1, fecha: '2023-01-15T10:00:00Z', nombre: 'Cliente A', correo: 'a@a.com', direccion: 'Dir A', telefono: '123', items: [Object{cuentoId: ..., nombreCuento: ..., imagenUrl: ..., precioUnitario: ..., cantidad: ..., subtotal: ...}, Object{cuentoId: ..., nombreCuento: ..., imagenUrl: ..., precioUnitario: ..., cantidad: ..., subtotal: ...}], total: 40, estado: 'PAGO_PENDIENTE', userId: 1, correoUsuario: 'a@a.com'}
[1A[2KChrome 145.0.0.0 (Windows 10): Executed 33 of 77[31m (17 FAILED)[39m (0 secs / 0.556 secs)
[1A[2KLOG: [36m'Detalle del pedido:', Object{id: 1, fecha: '2023-01-15T10:00:00Z', nombre: 'Cliente A', correo: 'a@a.com', direccion: 'Dir A', telefono: '123', items: [Object{cuentoId: ..., nombreCuento: ..., imagenUrl: ..., precioUnitario: ..., cantidad: ..., subtotal: ...}, Object{cuentoId: ..., nombreCuento: ..., imagenUrl: ..., precioUnitario: ..., cantidad: ..., subtotal: ...}], total: 40, estado: 'PAGO_PENDIENTE', userId: 1, correoUsuario: 'a@a.com'}[39m
Chrome 145.0.0.0 (Windows 10): Executed 33 of 77[31m (17 FAILED)[39m (0 secs / 0.556 secs)
LOG: 'Detalle del pedido:', Object{id: 1, fecha: '2023-01-15T10:00:00Z', nombre: 'Cliente A', correo: 'a@a.com', direccion: 'Dir A', telefono: '123', items: [Object{cuentoId: ..., nombreCuento: ..., imagenUrl: ..., precioUnitario: ..., cantidad: ..., subtotal: ...}, Object{cuentoId: ..., nombreCuento: ..., imagenUrl: ..., precioUnitario: ..., cantidad: ..., subtotal: ...}], total: 40, estado: 'PAGO_PENDIENTE', userId: 1, correoUsuario: 'a@a.com'}
[1A[2KLOG: [36m'Detalle del pedido:', Object{id: 1, fecha: '2023-01-15T10:00:00Z', nombre: 'Cliente A', correo: 'a@a.com', direccion: 'Dir A', telefono: '123', items: [Object{cuentoId: ..., nombreCuento: ..., imagenUrl: ..., precioUnitario: ..., cantidad: ..., subtotal: ...}, Object{cuentoId: ..., nombreCuento: ..., imagenUrl: ..., precioUnitario: ..., cantidad: ..., subtotal: ...}], total: 40, estado: 'PAGO_PENDIENTE', userId: 1, correoUsuario: 'a@a.com'}[39m
Chrome 145.0.0.0 (Windows 10): Executed 33 of 77[31m (17 FAILED)[39m (0 secs / 0.556 secs)
LOG: 'Detalle del pedido:', Object{id: 1, fecha: '2023-01-15T10:00:00Z', nombre: 'Cliente A', correo: 'a@a.com', direccion: 'Dir A', telefono: '123', items: [Object{cuentoId: ..., nombreCuento: ..., imagenUrl: ..., precioUnitario: ..., cantidad: ..., subtotal: ...}, Object{cuentoId: ..., nombreCuento: ..., imagenUrl: ..., precioUnitario: ..., cantidad: ..., subtotal: ...}], total: 40, estado: 'PAGO_PENDIENTE', userId: 1, correoUsuario: 'a@a.com'}
[1A[2KChrome 145.0.0.0 (Windows 10): Executed 34 of 77[31m (17 FAILED)[39m (0 secs / 0.564 secs)
[1A[2KLOG: [36m'Detalle del pedido:', Object{id: 1, fecha: '2023-01-15T10:00:00Z', nombre: 'Cliente A', correo: 'a@a.com', direccion: 'Dir A', telefono: '123', items: [Object{cuentoId: ..., nombreCuento: ..., imagenUrl: ..., precioUnitario: ..., cantidad: ..., subtotal: ...}, Object{cuentoId: ..., nombreCuento: ..., imagenUrl: ..., precioUnitario: ..., cantidad: ..., subtotal: ...}], total: 40, estado: 'PAGO_PENDIENTE', userId: 1, correoUsuario: 'a@a.com'}[39m
Chrome 145.0.0.0 (Windows 10): Executed 34 of 77[31m (17 FAILED)[39m (0 secs / 0.564 secs)
LOG: 'Detalle del pedido:', Object{id: 1, fecha: '2023-01-15T10:00:00Z', nombre: 'Cliente A', correo: 'a@a.com', direccion: 'Dir A', telefono: '123', items: [Object{cuentoId: ..., nombreCuento: ..., imagenUrl: ..., precioUnitario: ..., cantidad: ..., subtotal: ...}, Object{cuentoId: ..., nombreCuento: ..., imagenUrl: ..., precioUnitario: ..., cantidad: ..., subtotal: ...}], total: 40, estado: 'PAGO_PENDIENTE', userId: 1, correoUsuario: 'a@a.com'}
[1A[2KLOG: [36m'Detalle del pedido:', Object{id: 1, fecha: '2023-01-15T10:00:00Z', nombre: 'Cliente A', correo: 'a@a.com', direccion: 'Dir A', telefono: '123', items: [Object{cuentoId: ..., nombreCuento: ..., imagenUrl: ..., precioUnitario: ..., cantidad: ..., subtotal: ...}, Object{cuentoId: ..., nombreCuento: ..., imagenUrl: ..., precioUnitario: ..., cantidad: ..., subtotal: ...}], total: 40, estado: 'PAGO_PENDIENTE', userId: 1, correoUsuario: 'a@a.com'}[39m
Chrome 145.0.0.0 (Windows 10): Executed 34 of 77[31m (17 FAILED)[39m (0 secs / 0.564 secs)
LOG: 'Detalle del pedido:', Object{id: 1, fecha: '2023-01-15T10:00:00Z', nombre: 'Cliente A', correo: 'a@a.com', direccion: 'Dir A', telefono: '123', items: [Object{cuentoId: ..., nombreCuento: ..., imagenUrl: ..., precioUnitario: ..., cantidad: ..., subtotal: ...}, Object{cuentoId: ..., nombreCuento: ..., imagenUrl: ..., precioUnitario: ..., cantidad: ..., subtotal: ...}], total: 40, estado: 'PAGO_PENDIENTE', userId: 1, correoUsuario: 'a@a.com'}
[1A[2KChrome 145.0.0.0 (Windows 10): Executed 35 of 77[31m (17 FAILED)[39m (0 secs / 0.572 secs)
[1A[2K[31mChrome 145.0.0.0 (Windows 10) OrderDetailComponent pagarAhora should log a message and show a toast FAILED[39m
	Expected spy log to have been called with:
	  [ 'Intento de pago para el pedido:', 1 ]
	but actual calls were:
	  [ 'Intento de pago para el pedido:', undefined ].
	
	Call 0:
	  Expected $[1] = undefined to equal 1.
	Error: Expected spy log to have been called with:
	  [ 'Intento de pago para el pedido:', 1 ]
	but actual calls were:
	  [ 'Intento de pago para el pedido:', undefined ].
	Call 0:
	  Expected $[1] = undefined to equal 1.
	    at <Jasmine>
	    at UserContext.apply (src/app/components/pages/order-detail/order-detail.component.spec.ts:120:27)
	    at _ZoneDelegate.invoke (node_modules/zone.js/fesm2015/zone.js:369:28)
	    at ProxyZoneSpec.onInvoke (node_modules/zone.js/fesm2015/zone-testing.js:2081:39)
	    at _ZoneDelegate.invoke (node_modules/zone.js/fesm2015/zone.js:368:34)
Chrome 145.0.0.0 (Windows 10): Executed 36 of 77[31m (18 FAILED)[39m (0 secs / 0.577 secs)
[1A[2KChrome 145.0.0.0 (Windows 10): Executed 37 of 77[31m (18 FAILED)[39m (0 secs / 0.584 secs)
[1A[2K[31mChrome 145.0.0.0 (Windows 10) DetalleCuentoComponent should create FAILED[39m
	Error: Unexpected directive 'DetalleCuentoComponent' imported by the module 'DynamicTestModule'. Please add an @NgModule annotation.
	    at verifySemanticsOfNgModuleImport (node_modules/@angular/core/fesm2022/core.mjs:30215:19)
	    at forEach (node_modules/@angular/core/fesm2022/core.mjs:30109:9)
	    at Array.forEach (<anonymous>)
	    at verifySemanticsOfNgModuleDef (node_modules/@angular/core/fesm2022/core.mjs:30108:10)
	    at DynamicTestModule.get (node_modules/@angular/core/fesm2022/core.mjs:30056:30)
	    at TestBedCompiler.applyProviderOverridesInScope (node_modules/@angular/core/fesm2022/testing.mjs:1213:33)
	    at TestBedCompiler.compileTestModule (node_modules/@angular/core/fesm2022/testing.mjs:1536:14)
	    at TestBedCompiler.finalize (node_modules/@angular/core/fesm2022/testing.mjs:1038:14)
	    at TestBedImpl.testModuleRef (node_modules/@angular/core/fesm2022/testing.mjs:2071:49)
	    at TestBedImpl.inject (node_modules/@angular/core/fesm2022/testing.mjs:1973:29)
Chrome 145.0.0.0 (Windows 10): Executed 38 of 77[31m (19 FAILED)[39m (0 secs / 0.628 secs)
[1A[2KChrome 145.0.0.0 (Windows 10): Executed 39 of 77[31m (19 FAILED)[39m (0 secs / 0.657 secs)
[1A[2KChrome 145.0.0.0 (Windows 10): Executed 40 of 77[31m (19 FAILED)[39m (0 secs / 0.671 secs)
[1A[2K[31mChrome 145.0.0.0 (Windows 10) AdminDashboardComponent should update counters with data from services FAILED[39m
	Expected 10 to be 0.
	    at <Jasmine>
	    at UserContext.apply (src/app/components/pages/admin/admin-dashboard/admin-dashboard.component.spec.ts:69:37)
	    at _ZoneDelegate.invoke (node_modules/zone.js/fesm2015/zone.js:369:28)
	    at ProxyZoneSpec.onInvoke (node_modules/zone.js/fesm2015/zone-testing.js:2081:39)
	    at _ZoneDelegate.invoke (node_modules/zone.js/fesm2015/zone.js:368:34)
Chrome 145.0.0.0 (Windows 10): Executed 41 of 77[31m (20 FAILED)[39m (0 secs / 0.797 secs)
[1A[2KChrome 145.0.0.0 (Windows 10): Executed 42 of 77[31m (20 FAILED)[39m (0 secs / 0.8 secs)
[1A[2KChrome 145.0.0.0 (Windows 10): Executed 43 of 77[31m (20 FAILED)[39m (0 secs / 0.836 secs)
[1A[2K[31mChrome 145.0.0.0 (Windows 10) LayoutComponent should create FAILED[39m
	NullInjectorError: R3InjectorError(Standalone[LayoutComponent])[AuthService -> AuthService -> HttpClient -> HttpClient]: 
	  NullInjectorError: No provider for HttpClient!
	error properties: Object({ ngTempTokenPath: null, ngTokenPath: [ 'AuthService', 'AuthService', 'HttpClient', 'HttpClient' ] })
	    at NullInjector.get (node_modules/@angular/core/fesm2022/core.mjs:1663:27)
	    at R3Injector.get (node_modules/@angular/core/fesm2022/core.mjs:3109:33)
	    at R3Injector.get (node_modules/@angular/core/fesm2022/core.mjs:3109:33)
	    at injectInjectorOnly (node_modules/@angular/core/fesm2022/core.mjs:1107:40)
	    at ╔Á╔Áinject (node_modules/@angular/core/fesm2022/core.mjs:1113:60)
	    at Object.factory (ng:///AuthService/╔Áfac.js:4:55)
	    at callback (node_modules/@angular/core/fesm2022/core.mjs:3237:47)
	    at runInInjectorProfilerContext (node_modules/@angular/core/fesm2022/core.mjs:872:9)
	    at R3Injector.hydrate (node_modules/@angular/core/fesm2022/core.mjs:3236:21)
	    at R3Injector.get (node_modules/@angular/core/fesm2022/core.mjs:3099:33)
Chrome 145.0.0.0 (Windows 10): Executed 44 of 77[31m (21 FAILED)[39m (0 secs / 0.871 secs)
[1A[2K[31mChrome 145.0.0.0 (Windows 10) RegisterComponent should create FAILED[39m
	NullInjectorError: R3InjectorError(Standalone[RegisterComponent])[AuthService -> AuthService -> HttpClient -> HttpClient]: 
	  NullInjectorError: No provider for HttpClient!
	error properties: Object({ ngTempTokenPath: null, ngTokenPath: [ 'AuthService', 'AuthService', 'HttpClient', 'HttpClient' ] })
	    at NullInjector.get (node_modules/@angular/core/fesm2022/core.mjs:1663:27)
	    at R3Injector.get (node_modules/@angular/core/fesm2022/core.mjs:3109:33)
	    at R3Injector.get (node_modules/@angular/core/fesm2022/core.mjs:3109:33)
	    at injectInjectorOnly (node_modules/@angular/core/fesm2022/core.mjs:1107:40)
	    at ╔Á╔Áinject (node_modules/@angular/core/fesm2022/core.mjs:1113:60)
	    at Object.factory (ng:///AuthService/╔Áfac.js:4:55)
	    at callback (node_modules/@angular/core/fesm2022/core.mjs:3237:47)
	    at runInInjectorProfilerContext (node_modules/@angular/core/fesm2022/core.mjs:872:9)
	    at R3Injector.hydrate (node_modules/@angular/core/fesm2022/core.mjs:3236:21)
	    at R3Injector.get (node_modules/@angular/core/fesm2022/core.mjs:3099:33)
Chrome 145.0.0.0 (Windows 10): Executed 45 of 77[31m (22 FAILED)[39m (0 secs / 0.886 secs)
[1A[2KChrome 145.0.0.0 (Windows 10): Executed 46 of 77[31m (22 FAILED)[39m (0 secs / 0.903 secs)
[1A[2K[31mChrome 145.0.0.0 (Windows 10) AdminCuentosComponent should create FAILED[39m
	Error: Unexpected directive 'AdminCuentosComponent' imported by the module 'DynamicTestModule'. Please add an @NgModule annotation.
	    at verifySemanticsOfNgModuleImport (node_modules/@angular/core/fesm2022/core.mjs:30215:19)
	    at forEach (node_modules/@angular/core/fesm2022/core.mjs:30109:9)
	    at Array.forEach (<anonymous>)
	    at verifySemanticsOfNgModuleDef (node_modules/@angular/core/fesm2022/core.mjs:30108:10)
	    at DynamicTestModule.get (node_modules/@angular/core/fesm2022/core.mjs:30056:30)
	    at TestBedCompiler.applyProviderOverridesInScope (node_modules/@angular/core/fesm2022/testing.mjs:1213:33)
	    at TestBedCompiler.compileTestModule (node_modules/@angular/core/fesm2022/testing.mjs:1536:14)
	    at TestBedCompiler.finalize (node_modules/@angular/core/fesm2022/testing.mjs:1038:14)
	    at TestBedImpl.testModuleRef (node_modules/@angular/core/fesm2022/testing.mjs:2071:49)
	    at TestBedImpl.inject (node_modules/@angular/core/fesm2022/testing.mjs:1973:29)
Chrome 145.0.0.0 (Windows 10): Executed 47 of 77[31m (23 FAILED)[39m (0 secs / 0.916 secs)
[1A[2K[31mChrome 145.0.0.0 (Windows 10) LoginComponent should create FAILED[39m
	NullInjectorError: R3InjectorError(Standalone[LoginComponent])[AuthService -> AuthService -> HttpClient -> HttpClient]: 
	  NullInjectorError: No provider for HttpClient!
	error properties: Object({ ngTempTokenPath: null, ngTokenPath: [ 'AuthService', 'AuthService', 'HttpClient', 'HttpClient' ] })
	    at NullInjector.get (node_modules/@angular/core/fesm2022/core.mjs:1663:27)
	    at R3Injector.get (node_modules/@angular/core/fesm2022/core.mjs:3109:33)
	    at R3Injector.get (node_modules/@angular/core/fesm2022/core.mjs:3109:33)
	    at injectInjectorOnly (node_modules/@angular/core/fesm2022/core.mjs:1107:40)
	    at ╔Á╔Áinject (node_modules/@angular/core/fesm2022/core.mjs:1113:60)
	    at Object.factory (ng:///AuthService/╔Áfac.js:4:55)
	    at callback (node_modules/@angular/core/fesm2022/core.mjs:3237:47)
	    at runInInjectorProfilerContext (node_modules/@angular/core/fesm2022/core.mjs:872:9)
	    at R3Injector.hydrate (node_modules/@angular/core/fesm2022/core.mjs:3236:21)
	    at R3Injector.get (node_modules/@angular/core/fesm2022/core.mjs:3099:33)
Chrome 145.0.0.0 (Windows 10): Executed 48 of 77[31m (24 FAILED)[39m (0 secs / 0.929 secs)
[1A[2K[31mChrome 145.0.0.0 (Windows 10) OrderListComponent Template Rendering should call irAPago when primary action button is clicked FAILED[39m
	NullInjectorError: R3InjectorError(Standalone[OrderListComponent])[AuthService -> AuthService -> HttpClient -> HttpClient]: 
	  NullInjectorError: No provider for HttpClient!
	error properties: Object({ ngTempTokenPath: null, ngTokenPath: [ 'AuthService', 'AuthService', 'HttpClient', 'HttpClient' ] })
	    at NullInjector.get (node_modules/@angular/core/fesm2022/core.mjs:1663:27)
	    at R3Injector.get (node_modules/@angular/core/fesm2022/core.mjs:3109:33)
	    at R3Injector.get (node_modules/@angular/core/fesm2022/core.mjs:3109:33)
	    at injectInjectorOnly (node_modules/@angular/core/fesm2022/core.mjs:1107:40)
	    at ╔Á╔Áinject (node_modules/@angular/core/fesm2022/core.mjs:1113:60)
	    at Object.factory (ng:///AuthService/╔Áfac.js:4:55)
	    at callback (node_modules/@angular/core/fesm2022/core.mjs:3237:47)
	    at runInInjectorProfilerContext (node_modules/@angular/core/fesm2022/core.mjs:872:9)
	    at R3Injector.hydrate (node_modules/@angular/core/fesm2022/core.mjs:3236:21)
	    at R3Injector.get (node_modules/@angular/core/fesm2022/core.mjs:3099:33)
Chrome 145.0.0.0 (Windows 10): Executed 49 of 77[31m (25 FAILED)[39m (0 secs / 0.984 secs)
[1A[2K[31mChrome 145.0.0.0 (Windows 10) OrderListComponent Template Rendering should display "A├║n no tienes pedidos." when pedidos is empty and not loading and no error FAILED[39m
	NullInjectorError: R3InjectorError(Standalone[OrderListComponent])[AuthService -> AuthService -> HttpClient -> HttpClient]: 
	  NullInjectorError: No provider for HttpClient!
	error properties: Object({ ngTempTokenPath: null, ngTokenPath: [ 'AuthService', 'AuthService', 'HttpClient', 'HttpClient' ] })
	    at NullInjector.get (node_modules/@angular/core/fesm2022/core.mjs:1663:27)
	    at R3Injector.get (node_modules/@angular/core/fesm2022/core.mjs:3109:33)
	    at R3Injector.get (node_modules/@angular/core/fesm2022/core.mjs:3109:33)
	    at injectInjectorOnly (node_modules/@angular/core/fesm2022/core.mjs:1107:40)
	    at ╔Á╔Áinject (node_modules/@angular/core/fesm2022/core.mjs:1113:60)
	    at Object.factory (ng:///AuthService/╔Áfac.js:4:55)
	    at callback (node_modules/@angular/core/fesm2022/core.mjs:3237:47)
	    at runInInjectorProfilerContext (node_modules/@angular/core/fesm2022/core.mjs:872:9)
	    at R3Injector.hydrate (node_modules/@angular/core/fesm2022/core.mjs:3236:21)
	    at R3Injector.get (node_modules/@angular/core/fesm2022/core.mjs:3099:33)
Chrome 145.0.0.0 (Windows 10): Executed 50 of 77[31m (26 FAILED)[39m (0 secs / 0.988 secs)
[1A[2K[31mChrome 145.0.0.0 (Windows 10) OrderListComponent Template Rendering should display "Cargando pedidos..." when isLoading is true FAILED[39m
	NullInjectorError: R3InjectorError(Standalone[OrderListComponent])[AuthService -> AuthService -> HttpClient -> HttpClient]: 
	  NullInjectorError: No provider for HttpClient!
	error properties: Object({ ngTempTokenPath: null, ngTokenPath: [ 'AuthService', 'AuthService', 'HttpClient', 'HttpClient' ] })
	    at NullInjector.get (node_modules/@angular/core/fesm2022/core.mjs:1663:27)
	    at R3Injector.get (node_modules/@angular/core/fesm2022/core.mjs:3109:33)
	    at R3Injector.get (node_modules/@angular/core/fesm2022/core.mjs:3109:33)
	    at injectInjectorOnly (node_modules/@angular/core/fesm2022/core.mjs:1107:40)
	    at ╔Á╔Áinject (node_modules/@angular/core/fesm2022/core.mjs:1113:60)
	    at Object.factory (ng:///AuthService/╔Áfac.js:4:55)
	    at callback (node_modules/@angular/core/fesm2022/core.mjs:3237:47)
	    at runInInjectorProfilerContext (node_modules/@angular/core/fesm2022/core.mjs:872:9)
	    at R3Injector.hydrate (node_modules/@angular/core/fesm2022/core.mjs:3236:21)
	    at R3Injector.get (node_modules/@angular/core/fesm2022/core.mjs:3099:33)
Chrome 145.0.0.0 (Windows 10): Executed 51 of 77[31m (27 FAILED)[39m (0 secs / 0.991 secs)
[1A[2K[31mChrome 145.0.0.0 (Windows 10) OrderListComponent Template Rendering should render order cards when pedidos has data FAILED[39m
	NullInjectorError: R3InjectorError(Standalone[OrderListComponent])[AuthService -> AuthService -> HttpClient -> HttpClient]: 
	  NullInjectorError: No provider for HttpClient!
	error properties: Object({ ngTempTokenPath: null, ngTokenPath: [ 'AuthService', 'AuthService', 'HttpClient', 'HttpClient' ] })
	    at NullInjector.get (node_modules/@angular/core/fesm2022/core.mjs:1663:27)
	    at R3Injector.get (node_modules/@angular/core/fesm2022/core.mjs:3109:33)
	    at R3Injector.get (node_modules/@angular/core/fesm2022/core.mjs:3109:33)
	    at injectInjectorOnly (node_modules/@angular/core/fesm2022/core.mjs:1107:40)
	    at ╔Á╔Áinject (node_modules/@angular/core/fesm2022/core.mjs:1113:60)
	    at Object.factory (ng:///AuthService/╔Áfac.js:4:55)
	    at callback (node_modules/@angular/core/fesm2022/core.mjs:3237:47)
	    at runInInjectorProfilerContext (node_modules/@angular/core/fesm2022/core.mjs:872:9)
	    at R3Injector.hydrate (node_modules/@angular/core/fesm2022/core.mjs:3236:21)
	    at R3Injector.get (node_modules/@angular/core/fesm2022/core.mjs:3099:33)
Chrome 145.0.0.0 (Windows 10): Executed 52 of 77[31m (28 FAILED)[39m (0 secs / 0.995 secs)
[1A[2K[31mChrome 145.0.0.0 (Windows 10) OrderListComponent Template Rendering should display error message when errorMensaje is set FAILED[39m
	NullInjectorError: R3InjectorError(Standalone[OrderListComponent])[AuthService -> AuthService -> HttpClient -> HttpClient]: 
	  NullInjectorError: No provider for HttpClient!
	error properties: Object({ ngTempTokenPath: null, ngTokenPath: [ 'AuthService', 'AuthService', 'HttpClient', 'HttpClient' ] })
	    at NullInjector.get (node_modules/@angular/core/fesm2022/core.mjs:1663:27)
	    at R3Injector.get (node_modules/@angular/core/fesm2022/core.mjs:3109:33)
	    at R3Injector.get (node_modules/@angular/core/fesm2022/core.mjs:3109:33)
	    at injectInjectorOnly (node_modules/@angular/core/fesm2022/core.mjs:1107:40)
	    at ╔Á╔Áinject (node_modules/@angular/core/fesm2022/core.mjs:1113:60)
	    at Object.factory (ng:///AuthService/╔Áfac.js:4:55)
	    at callback (node_modules/@angular/core/fesm2022/core.mjs:3237:47)
	    at runInInjectorProfilerContext (node_modules/@angular/core/fesm2022/core.mjs:872:9)
	    at R3Injector.hydrate (node_modules/@angular/core/fesm2022/core.mjs:3236:21)
	    at R3Injector.get (node_modules/@angular/core/fesm2022/core.mjs:3099:33)
Chrome 145.0.0.0 (Windows 10): Executed 53 of 77[31m (29 FAILED)[39m (0 secs / 0.998 secs)
[1A[2K[31mChrome 145.0.0.0 (Windows 10) OrderListComponent Template Rendering should display "Pedidos" title FAILED[39m
	NullInjectorError: R3InjectorError(Standalone[OrderListComponent])[AuthService -> AuthService -> HttpClient -> HttpClient]: 
	  NullInjectorError: No provider for HttpClient!
	error properties: Object({ ngTempTokenPath: null, ngTokenPath: [ 'AuthService', 'AuthService', 'HttpClient', 'HttpClient' ] })
	    at NullInjector.get (node_modules/@angular/core/fesm2022/core.mjs:1663:27)
	    at R3Injector.get (node_modules/@angular/core/fesm2022/core.mjs:3109:33)
	    at R3Injector.get (node_modules/@angular/core/fesm2022/core.mjs:3109:33)
	    at injectInjectorOnly (node_modules/@angular/core/fesm2022/core.mjs:1107:40)
	    at ╔Á╔Áinject (node_modules/@angular/core/fesm2022/core.mjs:1113:60)
	    at Object.factory (ng:///AuthService/╔Áfac.js:4:55)
	    at callback (node_modules/@angular/core/fesm2022/core.mjs:3237:47)
	    at runInInjectorProfilerContext (node_modules/@angular/core/fesm2022/core.mjs:872:9)
	    at R3Injector.hydrate (node_modules/@angular/core/fesm2022/core.mjs:3236:21)
	    at R3Injector.get (node_modules/@angular/core/fesm2022/core.mjs:3099:33)
Chrome 145.0.0.0 (Windows 10): Executed 54 of 77[31m (30 FAILED)[39m (0 secs / 1.002 secs)
[1A[2K[31mChrome 145.0.0.0 (Windows 10) OrderListComponent ngOnInit should set errorMensaje and isLoading to false if service call fails FAILED[39m
	NullInjectorError: R3InjectorError(Standalone[OrderListComponent])[AuthService -> AuthService -> HttpClient -> HttpClient]: 
	  NullInjectorError: No provider for HttpClient!
	error properties: Object({ ngTempTokenPath: null, ngTokenPath: [ 'AuthService', 'AuthService', 'HttpClient', 'HttpClient' ] })
	    at NullInjector.get (node_modules/@angular/core/fesm2022/core.mjs:1663:27)
	    at R3Injector.get (node_modules/@angular/core/fesm2022/core.mjs:3109:33)
	    at R3Injector.get (node_modules/@angular/core/fesm2022/core.mjs:3109:33)
	    at injectInjectorOnly (node_modules/@angular/core/fesm2022/core.mjs:1107:40)
	    at ╔Á╔Áinject (node_modules/@angular/core/fesm2022/core.mjs:1113:60)
	    at Object.factory (ng:///AuthService/╔Áfac.js:4:55)
	    at callback (node_modules/@angular/core/fesm2022/core.mjs:3237:47)
	    at runInInjectorProfilerContext (node_modules/@angular/core/fesm2022/core.mjs:872:9)
	    at R3Injector.hydrate (node_modules/@angular/core/fesm2022/core.mjs:3236:21)
	    at R3Injector.get (node_modules/@angular/core/fesm2022/core.mjs:3099:33)
Chrome 145.0.0.0 (Windows 10): Executed 55 of 77[31m (31 FAILED)[39m (0 secs / 1.005 secs)
[1A[2K[31mChrome 145.0.0.0 (Windows 10) OrderListComponent ngOnInit should assign pedidos on successful data fetch FAILED[39m
	NullInjectorError: R3InjectorError(Standalone[OrderListComponent])[AuthService -> AuthService -> HttpClient -> HttpClient]: 
	  NullInjectorError: No provider for HttpClient!
	error properties: Object({ ngTempTokenPath: null, ngTokenPath: [ 'AuthService', 'AuthService', 'HttpClient', 'HttpClient' ] })
	    at NullInjector.get (node_modules/@angular/core/fesm2022/core.mjs:1663:27)
	    at R3Injector.get (node_modules/@angular/core/fesm2022/core.mjs:3109:33)
	    at R3Injector.get (node_modules/@angular/core/fesm2022/core.mjs:3109:33)
	    at injectInjectorOnly (node_modules/@angular/core/fesm2022/core.mjs:1107:40)
	    at ╔Á╔Áinject (node_modules/@angular/core/fesm2022/core.mjs:1113:60)
	    at Object.factory (ng:///AuthService/╔Áfac.js:4:55)
	    at callback (node_modules/@angular/core/fesm2022/core.mjs:3237:47)
	    at runInInjectorProfilerContext (node_modules/@angular/core/fesm2022/core.mjs:872:9)
	    at R3Injector.hydrate (node_modules/@angular/core/fesm2022/core.mjs:3236:21)
	    at R3Injector.get (node_modules/@angular/core/fesm2022/core.mjs:3099:33)
Chrome 145.0.0.0 (Windows 10): Executed 56 of 77[31m (32 FAILED)[39m (0 secs / 1.007 secs)
[1A[2K[31mChrome 145.0.0.0 (Windows 10) OrderListComponent ngOnInit should call pedidoService.getOrders and set isLoading to true initially, then false FAILED[39m
	NullInjectorError: R3InjectorError(Standalone[OrderListComponent])[AuthService -> AuthService -> HttpClient -> HttpClient]: 
	  NullInjectorError: No provider for HttpClient!
	error properties: Object({ ngTempTokenPath: null, ngTokenPath: [ 'AuthService', 'AuthService', 'HttpClient', 'HttpClient' ] })
	    at NullInjector.get (node_modules/@angular/core/fesm2022/core.mjs:1663:27)
	    at R3Injector.get (node_modules/@angular/core/fesm2022/core.mjs:3109:33)
	    at R3Injector.get (node_modules/@angular/core/fesm2022/core.mjs:3109:33)
	    at injectInjectorOnly (node_modules/@angular/core/fesm2022/core.mjs:1107:40)
	    at ╔Á╔Áinject (node_modules/@angular/core/fesm2022/core.mjs:1113:60)
	    at Object.factory (ng:///AuthService/╔Áfac.js:4:55)
	    at callback (node_modules/@angular/core/fesm2022/core.mjs:3237:47)
	    at runInInjectorProfilerContext (node_modules/@angular/core/fesm2022/core.mjs:872:9)
	    at R3Injector.hydrate (node_modules/@angular/core/fesm2022/core.mjs:3236:21)
	    at R3Injector.get (node_modules/@angular/core/fesm2022/core.mjs:3099:33)
Chrome 145.0.0.0 (Windows 10): Executed 57 of 77[31m (33 FAILED)[39m (0 secs / 1.01 secs)
[1A[2K[31mChrome 145.0.0.0 (Windows 10) OrderListComponent verDetalle should navigate to the order detail page with the correct pedidoId FAILED[39m
	NullInjectorError: R3InjectorError(Standalone[OrderListComponent])[AuthService -> AuthService -> HttpClient -> HttpClient]: 
	  NullInjectorError: No provider for HttpClient!
	error properties: Object({ ngTempTokenPath: null, ngTokenPath: [ 'AuthService', 'AuthService', 'HttpClient', 'HttpClient' ] })
	    at NullInjector.get (node_modules/@angular/core/fesm2022/core.mjs:1663:27)
	    at R3Injector.get (node_modules/@angular/core/fesm2022/core.mjs:3109:33)
	    at R3Injector.get (node_modules/@angular/core/fesm2022/core.mjs:3109:33)
	    at injectInjectorOnly (node_modules/@angular/core/fesm2022/core.mjs:1107:40)
	    at ╔Á╔Áinject (node_modules/@angular/core/fesm2022/core.mjs:1113:60)
	    at Object.factory (ng:///AuthService/╔Áfac.js:4:55)
	    at callback (node_modules/@angular/core/fesm2022/core.mjs:3237:47)
	    at runInInjectorProfilerContext (node_modules/@angular/core/fesm2022/core.mjs:872:9)
	    at R3Injector.hydrate (node_modules/@angular/core/fesm2022/core.mjs:3236:21)
	    at R3Injector.get (node_modules/@angular/core/fesm2022/core.mjs:3099:33)
Chrome 145.0.0.0 (Windows 10): Executed 58 of 77[31m (34 FAILED)[39m (0 secs / 1.014 secs)
[1A[2K[31mChrome 145.0.0.0 (Windows 10) OrderListComponent should create FAILED[39m
	NullInjectorError: R3InjectorError(Standalone[OrderListComponent])[AuthService -> AuthService -> HttpClient -> HttpClient]: 
	  NullInjectorError: No provider for HttpClient!
	error properties: Object({ ngTempTokenPath: null, ngTokenPath: [ 'AuthService', 'AuthService', 'HttpClient', 'HttpClient' ] })
	    at NullInjector.get (node_modules/@angular/core/fesm2022/core.mjs:1663:27)
	    at R3Injector.get (node_modules/@angular/core/fesm2022/core.mjs:3109:33)
	    at R3Injector.get (node_modules/@angular/core/fesm2022/core.mjs:3109:33)
	    at injectInjectorOnly (node_modules/@angular/core/fesm2022/core.mjs:1107:40)
	    at ╔Á╔Áinject (node_modules/@angular/core/fesm2022/core.mjs:1113:60)
	    at Object.factory (ng:///AuthService/╔Áfac.js:4:55)
	    at callback (node_modules/@angular/core/fesm2022/core.mjs:3237:47)
	    at runInInjectorProfilerContext (node_modules/@angular/core/fesm2022/core.mjs:872:9)
	    at R3Injector.hydrate (node_modules/@angular/core/fesm2022/core.mjs:3236:21)
	    at R3Injector.get (node_modules/@angular/core/fesm2022/core.mjs:3099:33)
Chrome 145.0.0.0 (Windows 10): Executed 59 of 77[31m (35 FAILED)[39m (0 secs / 1.017 secs)
[1A[2KChrome 145.0.0.0 (Windows 10): Executed 60 of 77[31m (35 FAILED)[39m (0 secs / 1.019 secs)
[1A[2KChrome 145.0.0.0 (Windows 10): Executed 61 of 77[31m (35 FAILED)[39m (0 secs / 1.021 secs)
[1A[2K[31mChrome 145.0.0.0 (Windows 10) PedidoService getOrderById should handle non-numeric or invalid ID for getOrderById gracefully (compile-time check) FAILED[39m
	Error: Expected one matching request for criteria "Match URL: http://localhost:8080/api/orders/NaN", found none.
	    at HttpClientTestingBackend.expectOne (node_modules/@angular/common/fesm2022/http/testing.mjs:270:19)
	    at UserContext.apply (src/app/services/pedido.service.spec.ts:97:28)
	    at _ZoneDelegate.invoke (node_modules/zone.js/fesm2015/zone.js:369:28)
	    at ProxyZoneSpec.onInvoke (node_modules/zone.js/fesm2015/zone-testing.js:2081:39)
	    at _ZoneDelegate.invoke (node_modules/zone.js/fesm2015/zone.js:368:34)
	    at ZoneImpl.run (node_modules/zone.js/fesm2015/zone.js:111:43)
	    at runInTestZone (node_modules/zone.js/fesm2015/zone-testing.js:216:38)
	    at UserContext.<anonymous> (node_modules/zone.js/fesm2015/zone-testing.js:234:32)
	    at <Jasmine>
Chrome 145.0.0.0 (Windows 10): Executed 62 of 77[31m (36 FAILED)[39m (0 secs / 1.024 secs)
[1A[2KChrome 145.0.0.0 (Windows 10): Executed 63 of 77[31m (36 FAILED)[39m (0 secs / 1.025 secs)
[1A[2KChrome 145.0.0.0 (Windows 10): Executed 64 of 77[31m (36 FAILED)[39m (0 secs / 1.026 secs)
[1A[2KChrome 145.0.0.0 (Windows 10): Executed 65 of 77[31m (36 FAILED)[39m (0 secs / 1.027 secs)
[1A[2KChrome 145.0.0.0 (Windows 10): Executed 66 of 77[31m (36 FAILED)[39m (0 secs / 1.028 secs)
[1A[2KChrome 145.0.0.0 (Windows 10): Executed 67 of 77[31m (36 FAILED)[39m (0 secs / 1.03 secs)
[1A[2KChrome 145.0.0.0 (Windows 10): Executed 68 of 77[31m (36 FAILED)[39m (0 secs / 1.037 secs)
[1A[2KChrome 145.0.0.0 (Windows 10): Executed 69 of 77[31m (36 FAILED)[39m (0 secs / 1.043 secs)
[1A[2K[31mChrome 145.0.0.0 (Windows 10) AdminPedidosComponent should not call service when canceling FAILED[39m
	Error: Unexpected "ModalComponent" found in the "declarations" array of the "TestBed.configureTestingModule" call, "ModalComponent" is marked as standalone and can't be declared in any NgModule - did you intend to import it instead (by adding it to the "imports" array)?
	    at forEach (node_modules/@angular/core/fesm2022/testing.mjs:798:23)
	    at Array.forEach (<anonymous>)
	    at assertNoStandaloneComponents (node_modules/@angular/core/fesm2022/testing.mjs:794:11)
	    at TestBedCompiler.configureTestingModule (node_modules/@angular/core/fesm2022/testing.mjs:869:13)
	    at TestBedImpl.configureTestingModule (node_modules/@angular/core/fesm2022/testing.mjs:1962:23)
	    at TestBedImpl.configureTestingModule (node_modules/@angular/core/fesm2022/testing.mjs:1789:37)
	    at UserContext.<anonymous> (src/app/components/pages/admin/admin-pedidos/admin-pedidos.component.spec.ts:18:19)
	    at Generator.next (<anonymous>)
	    at asyncGeneratorStep (node_modules/@babel/runtime/helpers/esm/asyncToGenerator.js:3:1)
	    at _next (node_modules/@babel/runtime/helpers/esm/asyncToGenerator.js:17:1)
Chrome 145.0.0.0 (Windows 10): Executed 70 of 77[31m (37 FAILED)[39m (0 secs / 1.044 secs)
[1A[2K[31mChrome 145.0.0.0 (Windows 10) AdminPedidosComponent trackByPedidoId should fall back to id when Id is undefined FAILED[39m
	Error: Unexpected "ModalComponent" found in the "declarations" array of the "TestBed.configureTestingModule" call, "ModalComponent" is marked as standalone and can't be declared in any NgModule - did you intend to import it instead (by adding it to the "imports" array)?
	    at forEach (node_modules/@angular/core/fesm2022/testing.mjs:798:23)
	    at Array.forEach (<anonymous>)
	    at assertNoStandaloneComponents (node_modules/@angular/core/fesm2022/testing.mjs:794:11)
	    at TestBedCompiler.configureTestingModule (node_modules/@angular/core/fesm2022/testing.mjs:869:13)
	    at TestBedImpl.configureTestingModule (node_modules/@angular/core/fesm2022/testing.mjs:1962:23)
	    at TestBedImpl.configureTestingModule (node_modules/@angular/core/fesm2022/testing.mjs:1789:37)
	    at UserContext.<anonymous> (src/app/components/pages/admin/admin-pedidos/admin-pedidos.component.spec.ts:18:19)
	    at Generator.next (<anonymous>)
	    at asyncGeneratorStep (node_modules/@babel/runtime/helpers/esm/asyncToGenerator.js:3:1)
	    at _next (node_modules/@babel/runtime/helpers/esm/asyncToGenerator.js:17:1)
Chrome 145.0.0.0 (Windows 10): Executed 71 of 77[31m (38 FAILED)[39m (0 secs / 1.045 secs)
[1A[2K[31mChrome 145.0.0.0 (Windows 10) AdminPedidosComponent trackByPedidoId should return Id when present FAILED[39m
	Error: Unexpected "ModalComponent" found in the "declarations" array of the "TestBed.configureTestingModule" call, "ModalComponent" is marked as standalone and can't be declared in any NgModule - did you intend to import it instead (by adding it to the "imports" array)?
	    at forEach (node_modules/@angular/core/fesm2022/testing.mjs:798:23)
	    at Array.forEach (<anonymous>)
	    at assertNoStandaloneComponents (node_modules/@angular/core/fesm2022/testing.mjs:794:11)
	    at TestBedCompiler.configureTestingModule (node_modules/@angular/core/fesm2022/testing.mjs:869:13)
	    at TestBedImpl.configureTestingModule (node_modules/@angular/core/fesm2022/testing.mjs:1962:23)
	    at TestBedImpl.configureTestingModule (node_modules/@angular/core/fesm2022/testing.mjs:1789:37)
	    at UserContext.<anonymous> (src/app/components/pages/admin/admin-pedidos/admin-pedidos.component.spec.ts:18:19)
	    at Generator.next (<anonymous>)
	    at asyncGeneratorStep (node_modules/@babel/runtime/helpers/esm/asyncToGenerator.js:3:1)
	    at _next (node_modules/@babel/runtime/helpers/esm/asyncToGenerator.js:17:1)
Chrome 145.0.0.0 (Windows 10): Executed 72 of 77[31m (39 FAILED)[39m (0 secs / 1.046 secs)
[1A[2K[31mChrome 145.0.0.0 (Windows 10) AdminPedidosComponent should open dialog on rechazarPago and call service on confirm FAILED[39m
	Error: Unexpected "ModalComponent" found in the "declarations" array of the "TestBed.configureTestingModule" call, "ModalComponent" is marked as standalone and can't be declared in any NgModule - did you intend to import it instead (by adding it to the "imports" array)?
	    at forEach (node_modules/@angular/core/fesm2022/testing.mjs:798:23)
	    at Array.forEach (<anonymous>)
	    at assertNoStandaloneComponents (node_modules/@angular/core/fesm2022/testing.mjs:794:11)
	    at TestBedCompiler.configureTestingModule (node_modules/@angular/core/fesm2022/testing.mjs:869:13)
	    at TestBedImpl.configureTestingModule (node_modules/@angular/core/fesm2022/testing.mjs:1962:23)
	    at TestBedImpl.configureTestingModule (node_modules/@angular/core/fesm2022/testing.mjs:1789:37)
	    at UserContext.<anonymous> (src/app/components/pages/admin/admin-pedidos/admin-pedidos.component.spec.ts:18:19)
	    at Generator.next (<anonymous>)
	    at asyncGeneratorStep (node_modules/@babel/runtime/helpers/esm/asyncToGenerator.js:3:1)
	    at _next (node_modules/@babel/runtime/helpers/esm/asyncToGenerator.js:17:1)
Chrome 145.0.0.0 (Windows 10): Executed 73 of 77[31m (40 FAILED)[39m (0 secs / 1.047 secs)
[1A[2K[31mChrome 145.0.0.0 (Windows 10) AdminPedidosComponent should create FAILED[39m
	Error: Unexpected "ModalComponent" found in the "declarations" array of the "TestBed.configureTestingModule" call, "ModalComponent" is marked as standalone and can't be declared in any NgModule - did you intend to import it instead (by adding it to the "imports" array)?
	    at forEach (node_modules/@angular/core/fesm2022/testing.mjs:798:23)
	    at Array.forEach (<anonymous>)
	    at assertNoStandaloneComponents (node_modules/@angular/core/fesm2022/testing.mjs:794:11)
	    at TestBedCompiler.configureTestingModule (node_modules/@angular/core/fesm2022/testing.mjs:869:13)
	    at TestBedImpl.configureTestingModule (node_modules/@angular/core/fesm2022/testing.mjs:1962:23)
	    at TestBedImpl.configureTestingModule (node_modules/@angular/core/fesm2022/testing.mjs:1789:37)
	    at UserContext.<anonymous> (src/app/components/pages/admin/admin-pedidos/admin-pedidos.component.spec.ts:18:19)
	    at Generator.next (<anonymous>)
	    at asyncGeneratorStep (node_modules/@babel/runtime/helpers/esm/asyncToGenerator.js:3:1)
	    at _next (node_modules/@babel/runtime/helpers/esm/asyncToGenerator.js:17:1)
Chrome 145.0.0.0 (Windows 10): Executed 74 of 77[31m (41 FAILED)[39m (0 secs / 1.048 secs)
[1A[2KChrome 145.0.0.0 (Windows 10): Executed 75 of 77[31m (41 FAILED)[39m (0 secs / 1.05 secs)
[1A[2KChrome 145.0.0.0 (Windows 10): Executed 76 of 77[31m (41 FAILED)[39m (0 secs / 1.052 secs)
[1A[2KChrome 145.0.0.0 (Windows 10): Executed 77 of 77[31m (41 FAILED)[39m (0 secs / 1.073 secs)
[33m27 02 2026 17:30:22.006:WARN [web-server]: [39m404: /_karma_webpack_/assets/icons/dashboard.svg
[33m27 02 2026 17:30:22.008:WARN [web-server]: [39m404: /_karma_webpack_/assets/icons/cuentos.svg
[1A[2KChrome 145.0.0.0 (Windows 10): Executed 77 of 77[31m (41 FAILED)[39m (1.277 secs / 1.073 secs)
[33m27 02 2026 17:30:22.011:WARN [web-server]: [39m404: /_karma_webpack_/assets/icons/pedidos.svg
[31mTOTAL: 41 FAILED, 36 SUCCESS[39m
[33m27 02 2026 17:30:22.020:WARN [web-server]: [39m404: /_karma_webpack_/assets/icons/usuarios.svg
[33m27 02 2026 17:30:22.021:WARN [web-server]: [39m404: /_karma_webpack_/assets/icons/config.svg
ÔêÜ Browser application bundle generation complete.
[1m[31m
Error: [96msrc/app/components/detalle-cuento/detalle-cuento.component.spec.ts[0m:[93m8[0m:[93m16[0m - 
[91merror[0m[90m TS2304: [0mCannot find name 'ComponentFixture'.

[7m8[0m   let fixture: ComponentFixture<DetalleCuentoComponent>;
[7m [0m [91m               ~~~~~~~~~~~~~~~~[0m


Error: [96msrc/app/components/detalle-cuento/detalle-cuento.component.spec.ts[0m:[93m11[0m:[93m11[0m - 
[91merror[0m[90m TS2304: [0mCannot find name 'TestBed'.

[7m11[0m     await TestBed.configureTestingModule({
[7m  [0m [91m          ~~~~~~~[0m


Error: [96msrc/app/components/detalle-cuento/detalle-cuento.component.spec.ts[0m:[93m17[0m:[93m15[0m - 
[91merror[0m[90m TS2304: [0mCannot find name 'TestBed'.

[7m17[0m     fixture = TestBed.createComponent(DetalleCuentoComponent);
[7m  [0m [91m              ~~~~~~~[0m


Error: [96msrc/app/components/pages/admin/admin-cuentos/admin-cuentos.component.spec.ts[0m:[93m8[0m:[93m16[0m - 
[91merror[0m[90m TS2304: [0mCannot find name 'ComponentFixture'.

[7m8[0m   let fixture: ComponentFixture<AdminCuentosComponent>;
[7m [0m [91m               ~~~~~~~~~~~~~~~~[0m


Error: [96msrc/app/components/pages/admin/admin-cuentos/admin-cuentos.component.spec.ts[0m:[93m11[0m:[93m11[0m - 
[91merror[0m[90m TS2304: [0mCannot find name 'TestBed'.

[7m11[0m     await TestBed.configureTestingModule({
[7m  [0m [91m          ~~~~~~~[0m


Error: [96msrc/app/components/pages/admin/admin-cuentos/admin-cuentos.component.spec.ts[0m:[93m17[0m:[93m15[0m - 
[91merror[0m[90m TS2304: [0mCannot find name 'TestBed'.

[7m17[0m     fixture = TestBed.createComponent(AdminCuentosComponent);
[7m  [0m [91m              ~~~~~~~[0m


[39m[22m
ÔêÜ Browser application bundle generation complete.
[1m[31m
Error: [96msrc/app/components/detalle-cuento/detalle-cuento.component.spec.ts[0m:[93m8[0m:[93m16[0m - 
[91merror[0m[90m TS2304: [0mCannot find name 'ComponentFixture'.

[7m8[0m   let fixture: ComponentFixture<DetalleCuentoComponent>;
[7m [0m [91m               ~~~~~~~~~~~~~~~~[0m


Error: [96msrc/app/components/detalle-cuento/detalle-cuento.component.spec.ts[0m:[93m11[0m:[93m11[0m - 
[91merror[0m[90m TS2304: [0mCannot find name 'TestBed'.

[7m11[0m     await TestBed.configureTestingModule({
[7m  [0m [91m          ~~~~~~~[0m


Error: [96msrc/app/components/detalle-cuento/detalle-cuento.component.spec.ts[0m:[93m17[0m:[93m15[0m - 
[91merror[0m[90m TS2304: [0mCannot find name 'TestBed'.

[7m17[0m     fixture = TestBed.createComponent(DetalleCuentoComponent);
[7m  [0m [91m              ~~~~~~~[0m


Error: [96msrc/app/components/pages/admin/admin-cuentos/admin-cuentos.component.spec.ts[0m:[93m8[0m:[93m16[0m - 
[91merror[0m[90m TS2304: [0mCannot find name 'ComponentFixture'.

[7m8[0m   let fixture: ComponentFixture<AdminCuentosComponent>;
[7m [0m [91m               ~~~~~~~~~~~~~~~~[0m


Error: [96msrc/app/components/pages/admin/admin-cuentos/admin-cuentos.component.spec.ts[0m:[93m11[0m:[93m11[0m - 
[91merror[0m[90m TS2304: [0mCannot find name 'TestBed'.

[7m11[0m     await TestBed.configureTestingModule({
[7m  [0m [91m          ~~~~~~~[0m


Error: [96msrc/app/components/pages/admin/admin-cuentos/admin-cuentos.component.spec.ts[0m:[93m17[0m:[93m15[0m - 
[91merror[0m[90m TS2304: [0mCannot find name 'TestBed'.

[7m17[0m     fixture = TestBed.createComponent(AdminCuentosComponent);
[7m  [0m [91m              ~~~~~~~[0m


[39m[22m
ÔêÜ Browser application bundle generation complete.
[1m[31m
Error: [96msrc/app/components/pages/admin/admin-cuentos/admin-cuentos.component.spec.ts[0m:[93m8[0m:[93m16[0m - 
[91merror[0m[90m TS2304: [0mCannot find name 'ComponentFixture'.

[7m8[0m   let fixture: ComponentFixture<AdminCuentosComponent>;
[7m [0m [91m               ~~~~~~~~~~~~~~~~[0m


Error: [96msrc/app/components/pages/admin/admin-cuentos/admin-cuentos.component.spec.ts[0m:[93m11[0m:[93m11[0m - 
[91merror[0m[90m TS2304: [0mCannot find name 'TestBed'.

[7m11[0m     await TestBed.configureTestingModule({
[7m  [0m [91m          ~~~~~~~[0m


Error: [96msrc/app/components/pages/admin/admin-cuentos/admin-cuentos.component.spec.ts[0m:[93m17[0m:[93m15[0m - 
[91merror[0m[90m TS2304: [0mCannot find name 'TestBed'.

[7m17[0m     fixture = TestBed.createComponent(AdminCuentosComponent);
[7m  [0m [91m              ~~~~~~~[0m


[39m[22m
ÔêÜ Browser application bundle generation complete.
Chrome 145.0.0.0 (Windows 10): Executed 0 of 77[32m SUCCESS[39m (0 secs / 0 secs)
[1A[2KChrome 145.0.0.0 (Windows 10): Executed 1 of 77[32m SUCCESS[39m (0 secs / 0.098 secs)
[1A[2KChrome 145.0.0.0 (Windows 10): Executed 2 of 77[32m SUCCESS[39m (0 secs / 0.109 secs)
[1A[2KChrome 145.0.0.0 (Windows 10): Executed 3 of 77[32m SUCCESS[39m (0 secs / 0.133 secs)
[33m27 02 2026 17:30:46.918:WARN [web-server]: [39m404: /_karma_webpack_/assets/icons/dashboard.svg
[33m27 02 2026 17:30:46.919:WARN [web-server]: [39m404: /_karma_webpack_/assets/icons/cuentos.svg
[1A[2K[31mChrome 145.0.0.0 (Windows 10) AdminPedidosComponent trackByPedidoId should fall back to id when Id is undefined FAILED[39m
	Error: Unexpected "ModalComponent" found in the "declarations" array of the "TestBed.configureTestingModule" call, "ModalComponent" is marked as standalone and can't be declared in any NgModule - did you intend to import it instead (by adding it to the "imports" array)?
	    at forEach (node_modules/@angular/core/fesm2022/testing.mjs:798:23)
	    at Array.forEach (<anonymous>)
	    at assertNoStandaloneComponents (node_modules/@angular/core/fesm2022/testing.mjs:794:11)
	    at TestBedCompiler.configureTestingModule (node_modules/@angular/core/fesm2022/testing.mjs:869:13)
	    at TestBedImpl.configureTestingModule (node_modules/@angular/core/fesm2022/testing.mjs:1962:23)
	    at TestBedImpl.configureTestingModule (node_modules/@angular/core/fesm2022/testing.mjs:1789:37)
	    at UserContext.<anonymous> (src/app/components/pages/admin/admin-pedidos/admin-pedidos.component.spec.ts:18:19)
	    at Generator.next (<anonymous>)
	    at asyncGeneratorStep (node_modules/@babel/runtime/helpers/esm/asyncToGenerator.js:3:1)
	    at _next (node_modules/@babel/runtime/helpers/esm/asyncToGenerator.js:17:1)
Chrome 145.0.0.0 (Windows 10): Executed 4 of 77[31m (1 FAILED)[39m (0 secs / 0.137 secs)
[1A[2K[31mChrome 145.0.0.0 (Windows 10) AdminPedidosComponent trackByPedidoId should return Id when present FAILED[39m
	Error: Unexpected "ModalComponent" found in the "declarations" array of the "TestBed.configureTestingModule" call, "ModalComponent" is marked as standalone and can't be declared in any NgModule - did you intend to import it instead (by adding it to the "imports" array)?
	    at forEach (node_modules/@angular/core/fesm2022/testing.mjs:798:23)
	    at Array.forEach (<anonymous>)
	    at assertNoStandaloneComponents (node_modules/@angular/core/fesm2022/testing.mjs:794:11)
	    at TestBedCompiler.configureTestingModule (node_modules/@angular/core/fesm2022/testing.mjs:869:13)
	    at TestBedImpl.configureTestingModule (node_modules/@angular/core/fesm2022/testing.mjs:1962:23)
	    at TestBedImpl.configureTestingModule (node_modules/@angular/core/fesm2022/testing.mjs:1789:37)
	    at UserContext.<anonymous> (src/app/components/pages/admin/admin-pedidos/admin-pedidos.component.spec.ts:18:19)
	    at Generator.next (<anonymous>)
	    at asyncGeneratorStep (node_modules/@babel/runtime/helpers/esm/asyncToGenerator.js:3:1)
	    at _next (node_modules/@babel/runtime/helpers/esm/asyncToGenerator.js:17:1)
Chrome 145.0.0.0 (Windows 10): Executed 5 of 77[31m (2 FAILED)[39m (0 secs / 0.138 secs)
[33m27 02 2026 17:30:46.925:WARN [web-server]: [39m404: /_karma_webpack_/assets/icons/pedidos.svg
[1A[2K[31mChrome 145.0.0.0 (Windows 10) AdminPedidosComponent should not call service when canceling FAILED[39m
	Error: Unexpected "ModalComponent" found in the "declarations" array of the "TestBed.configureTestingModule" call, "ModalComponent" is marked as standalone and can't be declared in any NgModule - did you intend to import it instead (by adding it to the "imports" array)?
	    at forEach (node_modules/@angular/core/fesm2022/testing.mjs:798:23)
	    at Array.forEach (<anonymous>)
	    at assertNoStandaloneComponents (node_modules/@angular/core/fesm2022/testing.mjs:794:11)
	    at TestBedCompiler.configureTestingModule (node_modules/@angular/core/fesm2022/testing.mjs:869:13)
	    at TestBedImpl.configureTestingModule (node_modules/@angular/core/fesm2022/testing.mjs:1962:23)
	    at TestBedImpl.configureTestingModule (node_modules/@angular/core/fesm2022/testing.mjs:1789:37)
	    at UserContext.<anonymous> (src/app/components/pages/admin/admin-pedidos/admin-pedidos.component.spec.ts:18:19)
	    at Generator.next (<anonymous>)
	    at asyncGeneratorStep (node_modules/@babel/runtime/helpers/esm/asyncToGenerator.js:3:1)
	    at _next (node_modules/@babel/runtime/helpers/esm/asyncToGenerator.js:17:1)
Chrome 145.0.0.0 (Windows 10): Executed 6 of 77[31m (3 FAILED)[39m (0 secs / 0.139 secs)
[33m27 02 2026 17:30:46.926:WARN [web-server]: [39m404: /_karma_webpack_/assets/icons/usuarios.svg
[1A[2K[31mChrome 145.0.0.0 (Windows 10) AdminPedidosComponent should open dialog on rechazarPago and call service on confirm FAILED[39m
	Error: Unexpected "ModalComponent" found in the "declarations" array of the "TestBed.configureTestingModule" call, "ModalComponent" is marked as standalone and can't be declared in any NgModule - did you intend to import it instead (by adding it to the "imports" array)?
	    at forEach (node_modules/@angular/core/fesm2022/testing.mjs:798:23)
	    at Array.forEach (<anonymous>)
	    at assertNoStandaloneComponents (node_modules/@angular/core/fesm2022/testing.mjs:794:11)
	    at TestBedCompiler.configureTestingModule (node_modules/@angular/core/fesm2022/testing.mjs:869:13)
	    at TestBedImpl.configureTestingModule (node_modules/@angular/core/fesm2022/testing.mjs:1962:23)
	    at TestBedImpl.configureTestingModule (node_modules/@angular/core/fesm2022/testing.mjs:1789:37)
	    at UserContext.<anonymous> (src/app/components/pages/admin/admin-pedidos/admin-pedidos.component.spec.ts:18:19)
	    at Generator.next (<anonymous>)
	    at asyncGeneratorStep (node_modules/@babel/runtime/helpers/esm/asyncToGenerator.js:3:1)
	    at _next (node_modules/@babel/runtime/helpers/esm/asyncToGenerator.js:17:1)
Chrome 145.0.0.0 (Windows 10): Executed 7 of 77[31m (4 FAILED)[39m (0 secs / 0.14 secs)
[1A[2K[31mChrome 145.0.0.0 (Windows 10) AdminPedidosComponent should create FAILED[39m
	Error: Unexpected "ModalComponent" found in the "declarations" array of the "TestBed.configureTestingModule" call, "ModalComponent" is marked as standalone and can't be declared in any NgModule - did you intend to import it instead (by adding it to the "imports" array)?
	    at forEach (node_modules/@angular/core/fesm2022/testing.mjs:798:23)
	    at Array.forEach (<anonymous>)
	    at assertNoStandaloneComponents (node_modules/@angular/core/fesm2022/testing.mjs:794:11)
	    at TestBedCompiler.configureTestingModule (node_modules/@angular/core/fesm2022/testing.mjs:869:13)
	    at TestBedImpl.configureTestingModule (node_modules/@angular/core/fesm2022/testing.mjs:1962:23)
	    at TestBedImpl.configureTestingModule (node_modules/@angular/core/fesm2022/testing.mjs:1789:37)
	    at UserContext.<anonymous> (src/app/components/pages/admin/admin-pedidos/admin-pedidos.component.spec.ts:18:19)
	    at Generator.next (<anonymous>)
	    at asyncGeneratorStep (node_modules/@babel/runtime/helpers/esm/asyncToGenerator.js:3:1)
	    at _next (node_modules/@babel/runtime/helpers/esm/asyncToGenerator.js:17:1)
Chrome 145.0.0.0 (Windows 10): Executed 8 of 77[31m (5 FAILED)[39m (0 secs / 0.141 secs)
[33m27 02 2026 17:30:46.930:WARN [web-server]: [39m404: /_karma_webpack_/assets/icons/config.svg
[1A[2K[31mChrome 145.0.0.0 (Windows 10) PagoComponent should create FAILED[39m
	Error: <spyOnProperty> : location is not declared configurable
	Usage: spyOnProperty(<object>, <propName>, [accessType])
	    at <Jasmine>
	    at UserContext.<anonymous> (src/app/components/pages/pago/pago.component.spec.ts:71:17)
	    at Generator.next (<anonymous>)
	    at asyncGeneratorStep (node_modules/@babel/runtime/helpers/esm/asyncToGenerator.js:3:1)
	    at apply (node_modules/@babel/runtime/helpers/esm/asyncToGenerator.js:17:1)
	    at _ZoneDelegate.invoke (node_modules/zone.js/fesm2015/zone.js:369:28)
	    at ProxyZoneSpec.onInvoke (node_modules/zone.js/fesm2015/zone-testing.js:2081:39)
	    at _ZoneDelegate.invoke (node_modules/zone.js/fesm2015/zone.js:368:34)
Chrome 145.0.0.0 (Windows 10): Executed 9 of 77[31m (6 FAILED)[39m (0 secs / 0.174 secs)
[1A[2K[31mChrome 145.0.0.0 (Windows 10) PagoComponent should fetch order status on init FAILED[39m
	Error: <spyOnProperty> : location is not declared configurable
	Usage: spyOnProperty(<object>, <propName>, [accessType])
	    at <Jasmine>
	    at UserContext.<anonymous> (src/app/components/pages/pago/pago.component.spec.ts:71:17)
	    at Generator.next (<anonymous>)
	    at asyncGeneratorStep (node_modules/@babel/runtime/helpers/esm/asyncToGenerator.js:3:1)
	    at apply (node_modules/@babel/runtime/helpers/esm/asyncToGenerator.js:17:1)
	    at _ZoneDelegate.invoke (node_modules/zone.js/fesm2015/zone.js:369:28)
	    at ProxyZoneSpec.onInvoke (node_modules/zone.js/fesm2015/zone-testing.js:2081:39)
	    at _ZoneDelegate.invoke (node_modules/zone.js/fesm2015/zone.js:368:34)
Chrome 145.0.0.0 (Windows 10): Executed 10 of 77[31m (7 FAILED)[39m (0 secs / 0.181 secs)
[1A[2K[31mChrome 145.0.0.0 (Windows 10) PagoComponent ngOnInit - Mercado Pago Callback should show info message if payment status is not "approved" but external_reference matches FAILED[39m
	Error: <spyOnProperty> : location is not declared configurable
	Usage: spyOnProperty(<object>, <propName>, [accessType])
	    at <Jasmine>
	    at UserContext.<anonymous> (src/app/components/pages/pago/pago.component.spec.ts:71:17)
	    at Generator.next (<anonymous>)
	    at asyncGeneratorStep (node_modules/@babel/runtime/helpers/esm/asyncToGenerator.js:3:1)
	    at apply (node_modules/@babel/runtime/helpers/esm/asyncToGenerator.js:17:1)
	    at _ZoneDelegate.invoke (node_modules/zone.js/fesm2015/zone.js:369:28)
	    at ProxyZoneSpec.onInvoke (node_modules/zone.js/fesm2015/zone-testing.js:2081:39)
	    at _ZoneDelegate.invoke (node_modules/zone.js/fesm2015/zone.js:368:34)
Chrome 145.0.0.0 (Windows 10): Executed 11 of 77[31m (8 FAILED)[39m (0 secs / 0.186 secs)
[1A[2K[31mChrome 145.0.0.0 (Windows 10) PagoComponent ngOnInit - Mercado Pago Callback should confirm payment if collection_status is "approved" and external_reference matches pedidoId FAILED[39m
	Error: <spyOnProperty> : location is not declared configurable
	Usage: spyOnProperty(<object>, <propName>, [accessType])
	    at <Jasmine>
	    at UserContext.<anonymous> (src/app/components/pages/pago/pago.component.spec.ts:71:17)
	    at Generator.next (<anonymous>)
	    at asyncGeneratorStep (node_modules/@babel/runtime/helpers/esm/asyncToGenerator.js:3:1)
	    at apply (node_modules/@babel/runtime/helpers/esm/asyncToGenerator.js:17:1)
	    at _ZoneDelegate.invoke (node_modules/zone.js/fesm2015/zone.js:369:28)
	    at ProxyZoneSpec.onInvoke (node_modules/zone.js/fesm2015/zone-testing.js:2081:39)
	    at _ZoneDelegate.invoke (node_modules/zone.js/fesm2015/zone.js:368:34)
Chrome 145.0.0.0 (Windows 10): Executed 12 of 77[31m (9 FAILED)[39m (0 secs / 0.191 secs)
[1A[2K[31mChrome 145.0.0.0 (Windows 10) PagoComponent ngOnInit - Mercado Pago Callback should not call confirmarPagoMercadoPago if no relevant query params are present FAILED[39m
	Error: <spyOnProperty> : location is not declared configurable
	Usage: spyOnProperty(<object>, <propName>, [accessType])
	    at <Jasmine>
	    at UserContext.<anonymous> (src/app/components/pages/pago/pago.component.spec.ts:71:17)
	    at Generator.next (<anonymous>)
	    at asyncGeneratorStep (node_modules/@babel/runtime/helpers/esm/asyncToGenerator.js:3:1)
	    at apply (node_modules/@babel/runtime/helpers/esm/asyncToGenerator.js:17:1)
	    at _ZoneDelegate.invoke (node_modules/zone.js/fesm2015/zone.js:369:28)
	    at ProxyZoneSpec.onInvoke (node_modules/zone.js/fesm2015/zone-testing.js:2081:39)
	    at _ZoneDelegate.invoke (node_modules/zone.js/fesm2015/zone.js:368:34)
Chrome 145.0.0.0 (Windows 10): Executed 13 of 77[31m (10 FAILED)[39m (0 secs / 0.195 secs)
[1A[2K[31mChrome 145.0.0.0 (Windows 10) PagoComponent ngOnInit - Mercado Pago Callback should NOT confirm payment if collection_status is not "approved" FAILED[39m
	Error: <spyOnProperty> : location is not declared configurable
	Usage: spyOnProperty(<object>, <propName>, [accessType])
	    at <Jasmine>
	    at UserContext.<anonymous> (src/app/components/pages/pago/pago.component.spec.ts:71:17)
	    at Generator.next (<anonymous>)
	    at asyncGeneratorStep (node_modules/@babel/runtime/helpers/esm/asyncToGenerator.js:3:1)
	    at apply (node_modules/@babel/runtime/helpers/esm/asyncToGenerator.js:17:1)
	    at _ZoneDelegate.invoke (node_modules/zone.js/fesm2015/zone.js:369:28)
	    at ProxyZoneSpec.onInvoke (node_modules/zone.js/fesm2015/zone-testing.js:2081:39)
	    at _ZoneDelegate.invoke (node_modules/zone.js/fesm2015/zone.js:368:34)
Chrome 145.0.0.0 (Windows 10): Executed 14 of 77[31m (11 FAILED)[39m (0 secs / 0.199 secs)
[1A[2K[31mChrome 145.0.0.0 (Windows 10) PagoComponent ngOnInit - Mercado Pago Callback should NOT confirm payment if external_reference does not match pedidoId FAILED[39m
	Error: <spyOnProperty> : location is not declared configurable
	Usage: spyOnProperty(<object>, <propName>, [accessType])
	    at <Jasmine>
	    at UserContext.<anonymous> (src/app/components/pages/pago/pago.component.spec.ts:71:17)
	    at Generator.next (<anonymous>)
	    at asyncGeneratorStep (node_modules/@babel/runtime/helpers/esm/asyncToGenerator.js:3:1)
	    at apply (node_modules/@babel/runtime/helpers/esm/asyncToGenerator.js:17:1)
	    at _ZoneDelegate.invoke (node_modules/zone.js/fesm2015/zone.js:369:28)
	    at ProxyZoneSpec.onInvoke (node_modules/zone.js/fesm2015/zone-testing.js:2081:39)
	    at _ZoneDelegate.invoke (node_modules/zone.js/fesm2015/zone.js:368:34)
Chrome 145.0.0.0 (Windows 10): Executed 15 of 77[31m (12 FAILED)[39m (0 secs / 0.204 secs)
[1A[2K[31mChrome 145.0.0.0 (Windows 10) PagoComponent ngOnInit - Mercado Pago Callback should handle error if confirmarPagoMercadoPago fails FAILED[39m
	Error: <spyOnProperty> : location is not declared configurable
	Usage: spyOnProperty(<object>, <propName>, [accessType])
	    at <Jasmine>
	    at UserContext.<anonymous> (src/app/components/pages/pago/pago.component.spec.ts:71:17)
	    at Generator.next (<anonymous>)
	    at asyncGeneratorStep (node_modules/@babel/runtime/helpers/esm/asyncToGenerator.js:3:1)
	    at apply (node_modules/@babel/runtime/helpers/esm/asyncToGenerator.js:17:1)
	    at _ZoneDelegate.invoke (node_modules/zone.js/fesm2015/zone.js:369:28)
	    at ProxyZoneSpec.onInvoke (node_modules/zone.js/fesm2015/zone-testing.js:2081:39)
	    at _ZoneDelegate.invoke (node_modules/zone.js/fesm2015/zone.js:368:34)
Chrome 145.0.0.0 (Windows 10): Executed 16 of 77[31m (13 FAILED)[39m (0 secs / 0.208 secs)
[1A[2K[31mChrome 145.0.0.0 (Windows 10) PagoComponent pagarConMercadoPagoConfirmado should redirect to the correct Mercado Pago URL FAILED[39m
	Error: <spyOnProperty> : location is not declared configurable
	Usage: spyOnProperty(<object>, <propName>, [accessType])
	    at <Jasmine>
	    at UserContext.<anonymous> (src/app/components/pages/pago/pago.component.spec.ts:71:17)
	    at Generator.next (<anonymous>)
	    at asyncGeneratorStep (node_modules/@babel/runtime/helpers/esm/asyncToGenerator.js:3:1)
	    at apply (node_modules/@babel/runtime/helpers/esm/asyncToGenerator.js:17:1)
	    at _ZoneDelegate.invoke (node_modules/zone.js/fesm2015/zone.js:369:28)
	    at ProxyZoneSpec.onInvoke (node_modules/zone.js/fesm2015/zone-testing.js:2081:39)
	    at _ZoneDelegate.invoke (node_modules/zone.js/fesm2015/zone.js:368:34)
Chrome 145.0.0.0 (Windows 10): Executed 17 of 77[31m (14 FAILED)[39m (0 secs / 0.213 secs)
[1A[2K[31mChrome 145.0.0.0 (Windows 10) OrderListComponent ngOnInit should call pedidoService.getOrders and set isLoading to true initially, then false FAILED[39m
	NullInjectorError: R3InjectorError(Standalone[OrderListComponent])[AuthService -> AuthService -> HttpClient -> HttpClient]: 
	  NullInjectorError: No provider for HttpClient!
	error properties: Object({ ngTempTokenPath: null, ngTokenPath: [ 'AuthService', 'AuthService', 'HttpClient', 'HttpClient' ] })
	    at NullInjector.get (node_modules/@angular/core/fesm2022/core.mjs:1663:27)
	    at R3Injector.get (node_modules/@angular/core/fesm2022/core.mjs:3109:33)
	    at R3Injector.get (node_modules/@angular/core/fesm2022/core.mjs:3109:33)
	    at injectInjectorOnly (node_modules/@angular/core/fesm2022/core.mjs:1107:40)
	    at ╔Á╔Áinject (node_modules/@angular/core/fesm2022/core.mjs:1113:60)
	    at Object.factory (ng:///AuthService/╔Áfac.js:4:55)
	    at callback (node_modules/@angular/core/fesm2022/core.mjs:3237:47)
	    at runInInjectorProfilerContext (node_modules/@angular/core/fesm2022/core.mjs:872:9)
	    at R3Injector.hydrate (node_modules/@angular/core/fesm2022/core.mjs:3236:21)
	    at R3Injector.get (node_modules/@angular/core/fesm2022/core.mjs:3099:33)
Chrome 145.0.0.0 (Windows 10): Executed 18 of 77[31m (15 FAILED)[39m (0 secs / 0.255 secs)
[1A[2K[31mChrome 145.0.0.0 (Windows 10) OrderListComponent ngOnInit should assign pedidos on successful data fetch FAILED[39m
	NullInjectorError: R3InjectorError(Standalone[OrderListComponent])[AuthService -> AuthService -> HttpClient -> HttpClient]: 
	  NullInjectorError: No provider for HttpClient!
	error properties: Object({ ngTempTokenPath: null, ngTokenPath: [ 'AuthService', 'AuthService', 'HttpClient', 'HttpClient' ] })
	    at NullInjector.get (node_modules/@angular/core/fesm2022/core.mjs:1663:27)
	    at R3Injector.get (node_modules/@angular/core/fesm2022/core.mjs:3109:33)
	    at R3Injector.get (node_modules/@angular/core/fesm2022/core.mjs:3109:33)
	    at injectInjectorOnly (node_modules/@angular/core/fesm2022/core.mjs:1107:40)
	    at ╔Á╔Áinject (node_modules/@angular/core/fesm2022/core.mjs:1113:60)
	    at Object.factory (ng:///AuthService/╔Áfac.js:4:55)
	    at callback (node_modules/@angular/core/fesm2022/core.mjs:3237:47)
	    at runInInjectorProfilerContext (node_modules/@angular/core/fesm2022/core.mjs:872:9)
	    at R3Injector.hydrate (node_modules/@angular/core/fesm2022/core.mjs:3236:21)
	    at R3Injector.get (node_modules/@angular/core/fesm2022/core.mjs:3099:33)
Chrome 145.0.0.0 (Windows 10): Executed 19 of 77[31m (16 FAILED)[39m (0 secs / 0.26 secs)
[1A[2K[31mChrome 145.0.0.0 (Windows 10) OrderListComponent ngOnInit should set errorMensaje and isLoading to false if service call fails FAILED[39m
	NullInjectorError: R3InjectorError(Standalone[OrderListComponent])[AuthService -> AuthService -> HttpClient -> HttpClient]: 
	  NullInjectorError: No provider for HttpClient!
	error properties: Object({ ngTempTokenPath: null, ngTokenPath: [ 'AuthService', 'AuthService', 'HttpClient', 'HttpClient' ] })
	    at NullInjector.get (node_modules/@angular/core/fesm2022/core.mjs:1663:27)
	    at R3Injector.get (node_modules/@angular/core/fesm2022/core.mjs:3109:33)
	    at R3Injector.get (node_modules/@angular/core/fesm2022/core.mjs:3109:33)
	    at injectInjectorOnly (node_modules/@angular/core/fesm2022/core.mjs:1107:40)
	    at ╔Á╔Áinject (node_modules/@angular/core/fesm2022/core.mjs:1113:60)
	    at Object.factory (ng:///AuthService/╔Áfac.js:4:55)
	    at callback (node_modules/@angular/core/fesm2022/core.mjs:3237:47)
	    at runInInjectorProfilerContext (node_modules/@angular/core/fesm2022/core.mjs:872:9)
	    at R3Injector.hydrate (node_modules/@angular/core/fesm2022/core.mjs:3236:21)
	    at R3Injector.get (node_modules/@angular/core/fesm2022/core.mjs:3099:33)
Chrome 145.0.0.0 (Windows 10): Executed 20 of 77[31m (17 FAILED)[39m (0 secs / 0.265 secs)
[1A[2K[31mChrome 145.0.0.0 (Windows 10) OrderListComponent verDetalle should navigate to the order detail page with the correct pedidoId FAILED[39m
	NullInjectorError: R3InjectorError(Standalone[OrderListComponent])[AuthService -> AuthService -> HttpClient -> HttpClient]: 
	  NullInjectorError: No provider for HttpClient!
	error properties: Object({ ngTempTokenPath: null, ngTokenPath: [ 'AuthService', 'AuthService', 'HttpClient', 'HttpClient' ] })
	    at NullInjector.get (node_modules/@angular/core/fesm2022/core.mjs:1663:27)
	    at R3Injector.get (node_modules/@angular/core/fesm2022/core.mjs:3109:33)
	    at R3Injector.get (node_modules/@angular/core/fesm2022/core.mjs:3109:33)
	    at injectInjectorOnly (node_modules/@angular/core/fesm2022/core.mjs:1107:40)
	    at ╔Á╔Áinject (node_modules/@angular/core/fesm2022/core.mjs:1113:60)
	    at Object.factory (ng:///AuthService/╔Áfac.js:4:55)
	    at callback (node_modules/@angular/core/fesm2022/core.mjs:3237:47)
	    at runInInjectorProfilerContext (node_modules/@angular/core/fesm2022/core.mjs:872:9)
	    at R3Injector.hydrate (node_modules/@angular/core/fesm2022/core.mjs:3236:21)
	    at R3Injector.get (node_modules/@angular/core/fesm2022/core.mjs:3099:33)
Chrome 145.0.0.0 (Windows 10): Executed 21 of 77[31m (18 FAILED)[39m (0 secs / 0.27 secs)
[1A[2K[31mChrome 145.0.0.0 (Windows 10) OrderListComponent Template Rendering should display error message when errorMensaje is set FAILED[39m
	NullInjectorError: R3InjectorError(Standalone[OrderListComponent])[AuthService -> AuthService -> HttpClient -> HttpClient]: 
	  NullInjectorError: No provider for HttpClient!
	error properties: Object({ ngTempTokenPath: null, ngTokenPath: [ 'AuthService', 'AuthService', 'HttpClient', 'HttpClient' ] })
	    at NullInjector.get (node_modules/@angular/core/fesm2022/core.mjs:1663:27)
	    at R3Injector.get (node_modules/@angular/core/fesm2022/core.mjs:3109:33)
	    at R3Injector.get (node_modules/@angular/core/fesm2022/core.mjs:3109:33)
	    at injectInjectorOnly (node_modules/@angular/core/fesm2022/core.mjs:1107:40)
	    at ╔Á╔Áinject (node_modules/@angular/core/fesm2022/core.mjs:1113:60)
	    at Object.factory (ng:///AuthService/╔Áfac.js:4:55)
	    at callback (node_modules/@angular/core/fesm2022/core.mjs:3237:47)
	    at runInInjectorProfilerContext (node_modules/@angular/core/fesm2022/core.mjs:872:9)
	    at R3Injector.hydrate (node_modules/@angular/core/fesm2022/core.mjs:3236:21)
	    at R3Injector.get (node_modules/@angular/core/fesm2022/core.mjs:3099:33)
Chrome 145.0.0.0 (Windows 10): Executed 22 of 77[31m (19 FAILED)[39m (0 secs / 0.274 secs)
[1A[2K[31mChrome 145.0.0.0 (Windows 10) OrderListComponent Template Rendering should display "A├║n no tienes pedidos." when pedidos is empty and not loading and no error FAILED[39m
	NullInjectorError: R3InjectorError(Standalone[OrderListComponent])[AuthService -> AuthService -> HttpClient -> HttpClient]: 
	  NullInjectorError: No provider for HttpClient!
	error properties: Object({ ngTempTokenPath: null, ngTokenPath: [ 'AuthService', 'AuthService', 'HttpClient', 'HttpClient' ] })
	    at NullInjector.get (node_modules/@angular/core/fesm2022/core.mjs:1663:27)
	    at R3Injector.get (node_modules/@angular/core/fesm2022/core.mjs:3109:33)
	    at R3Injector.get (node_modules/@angular/core/fesm2022/core.mjs:3109:33)
	    at injectInjectorOnly (node_modules/@angular/core/fesm2022/core.mjs:1107:40)
	    at ╔Á╔Áinject (node_modules/@angular/core/fesm2022/core.mjs:1113:60)
	    at Object.factory (ng:///AuthService/╔Áfac.js:4:55)
	    at callback (node_modules/@angular/core/fesm2022/core.mjs:3237:47)
	    at runInInjectorProfilerContext (node_modules/@angular/core/fesm2022/core.mjs:872:9)
	    at R3Injector.hydrate (node_modules/@angular/core/fesm2022/core.mjs:3236:21)
	    at R3Injector.get (node_modules/@angular/core/fesm2022/core.mjs:3099:33)
Chrome 145.0.0.0 (Windows 10): Executed 23 of 77[31m (20 FAILED)[39m (0 secs / 0.278 secs)
[1A[2K[31mChrome 145.0.0.0 (Windows 10) OrderListComponent Template Rendering should call irAPago when primary action button is clicked FAILED[39m
	NullInjectorError: R3InjectorError(Standalone[OrderListComponent])[AuthService -> AuthService -> HttpClient -> HttpClient]: 
	  NullInjectorError: No provider for HttpClient!
	error properties: Object({ ngTempTokenPath: null, ngTokenPath: [ 'AuthService', 'AuthService', 'HttpClient', 'HttpClient' ] })
	    at NullInjector.get (node_modules/@angular/core/fesm2022/core.mjs:1663:27)
	    at R3Injector.get (node_modules/@angular/core/fesm2022/core.mjs:3109:33)
	    at R3Injector.get (node_modules/@angular/core/fesm2022/core.mjs:3109:33)
	    at injectInjectorOnly (node_modules/@angular/core/fesm2022/core.mjs:1107:40)
	    at ╔Á╔Áinject (node_modules/@angular/core/fesm2022/core.mjs:1113:60)
	    at Object.factory (ng:///AuthService/╔Áfac.js:4:55)
	    at callback (node_modules/@angular/core/fesm2022/core.mjs:3237:47)
	    at runInInjectorProfilerContext (node_modules/@angular/core/fesm2022/core.mjs:872:9)
	    at R3Injector.hydrate (node_modules/@angular/core/fesm2022/core.mjs:3236:21)
	    at R3Injector.get (node_modules/@angular/core/fesm2022/core.mjs:3099:33)
Chrome 145.0.0.0 (Windows 10): Executed 24 of 77[31m (21 FAILED)[39m (0 secs / 0.282 secs)
[1A[2K[31mChrome 145.0.0.0 (Windows 10) OrderListComponent Template Rendering should render order cards when pedidos has data FAILED[39m
	NullInjectorError: R3InjectorError(Standalone[OrderListComponent])[AuthService -> AuthService -> HttpClient -> HttpClient]: 
	  NullInjectorError: No provider for HttpClient!
	error properties: Object({ ngTempTokenPath: null, ngTokenPath: [ 'AuthService', 'AuthService', 'HttpClient', 'HttpClient' ] })
	    at NullInjector.get (node_modules/@angular/core/fesm2022/core.mjs:1663:27)
	    at R3Injector.get (node_modules/@angular/core/fesm2022/core.mjs:3109:33)
	    at R3Injector.get (node_modules/@angular/core/fesm2022/core.mjs:3109:33)
	    at injectInjectorOnly (node_modules/@angular/core/fesm2022/core.mjs:1107:40)
	    at ╔Á╔Áinject (node_modules/@angular/core/fesm2022/core.mjs:1113:60)
	    at Object.factory (ng:///AuthService/╔Áfac.js:4:55)
	    at callback (node_modules/@angular/core/fesm2022/core.mjs:3237:47)
	    at runInInjectorProfilerContext (node_modules/@angular/core/fesm2022/core.mjs:872:9)
	    at R3Injector.hydrate (node_modules/@angular/core/fesm2022/core.mjs:3236:21)
	    at R3Injector.get (node_modules/@angular/core/fesm2022/core.mjs:3099:33)
Chrome 145.0.0.0 (Windows 10): Executed 25 of 77[31m (22 FAILED)[39m (0 secs / 0.286 secs)
[1A[2K[31mChrome 145.0.0.0 (Windows 10) OrderListComponent Template Rendering should display "Pedidos" title FAILED[39m
	NullInjectorError: R3InjectorError(Standalone[OrderListComponent])[AuthService -> AuthService -> HttpClient -> HttpClient]: 
	  NullInjectorError: No provider for HttpClient!
	error properties: Object({ ngTempTokenPath: null, ngTokenPath: [ 'AuthService', 'AuthService', 'HttpClient', 'HttpClient' ] })
	    at NullInjector.get (node_modules/@angular/core/fesm2022/core.mjs:1663:27)
	    at R3Injector.get (node_modules/@angular/core/fesm2022/core.mjs:3109:33)
	    at R3Injector.get (node_modules/@angular/core/fesm2022/core.mjs:3109:33)
	    at injectInjectorOnly (node_modules/@angular/core/fesm2022/core.mjs:1107:40)
	    at ╔Á╔Áinject (node_modules/@angular/core/fesm2022/core.mjs:1113:60)
	    at Object.factory (ng:///AuthService/╔Áfac.js:4:55)
	    at callback (node_modules/@angular/core/fesm2022/core.mjs:3237:47)
	    at runInInjectorProfilerContext (node_modules/@angular/core/fesm2022/core.mjs:872:9)
	    at R3Injector.hydrate (node_modules/@angular/core/fesm2022/core.mjs:3236:21)
	    at R3Injector.get (node_modules/@angular/core/fesm2022/core.mjs:3099:33)
Chrome 145.0.0.0 (Windows 10): Executed 26 of 77[31m (23 FAILED)[39m (0 secs / 0.29 secs)
[1A[2K[31mChrome 145.0.0.0 (Windows 10) OrderListComponent Template Rendering should display "Cargando pedidos..." when isLoading is true FAILED[39m
	NullInjectorError: R3InjectorError(Standalone[OrderListComponent])[AuthService -> AuthService -> HttpClient -> HttpClient]: 
	  NullInjectorError: No provider for HttpClient!
	error properties: Object({ ngTempTokenPath: null, ngTokenPath: [ 'AuthService', 'AuthService', 'HttpClient', 'HttpClient' ] })
	    at NullInjector.get (node_modules/@angular/core/fesm2022/core.mjs:1663:27)
	    at R3Injector.get (node_modules/@angular/core/fesm2022/core.mjs:3109:33)
	    at R3Injector.get (node_modules/@angular/core/fesm2022/core.mjs:3109:33)
	    at injectInjectorOnly (node_modules/@angular/core/fesm2022/core.mjs:1107:40)
	    at ╔Á╔Áinject (node_modules/@angular/core/fesm2022/core.mjs:1113:60)
	    at Object.factory (ng:///AuthService/╔Áfac.js:4:55)
	    at callback (node_modules/@angular/core/fesm2022/core.mjs:3237:47)
	    at runInInjectorProfilerContext (node_modules/@angular/core/fesm2022/core.mjs:872:9)
	    at R3Injector.hydrate (node_modules/@angular/core/fesm2022/core.mjs:3236:21)
	    at R3Injector.get (node_modules/@angular/core/fesm2022/core.mjs:3099:33)
Chrome 145.0.0.0 (Windows 10): Executed 27 of 77[31m (24 FAILED)[39m (0 secs / 0.294 secs)
[1A[2K[31mChrome 145.0.0.0 (Windows 10) OrderListComponent should create FAILED[39m
	NullInjectorError: R3InjectorError(Standalone[OrderListComponent])[AuthService -> AuthService -> HttpClient -> HttpClient]: 
	  NullInjectorError: No provider for HttpClient!
	error properties: Object({ ngTempTokenPath: null, ngTokenPath: [ 'AuthService', 'AuthService', 'HttpClient', 'HttpClient' ] })
	    at NullInjector.get (node_modules/@angular/core/fesm2022/core.mjs:1663:27)
	    at R3Injector.get (node_modules/@angular/core/fesm2022/core.mjs:3109:33)
	    at R3Injector.get (node_modules/@angular/core/fesm2022/core.mjs:3109:33)
	    at injectInjectorOnly (node_modules/@angular/core/fesm2022/core.mjs:1107:40)
	    at ╔Á╔Áinject (node_modules/@angular/core/fesm2022/core.mjs:1113:60)
	    at Object.factory (ng:///AuthService/╔Áfac.js:4:55)
	    at callback (node_modules/@angular/core/fesm2022/core.mjs:3237:47)
	    at runInInjectorProfilerContext (node_modules/@angular/core/fesm2022/core.mjs:872:9)
	    at R3Injector.hydrate (node_modules/@angular/core/fesm2022/core.mjs:3236:21)
	    at R3Injector.get (node_modules/@angular/core/fesm2022/core.mjs:3099:33)
Chrome 145.0.0.0 (Windows 10): Executed 28 of 77[31m (25 FAILED)[39m (0 secs / 0.298 secs)
[1A[2KChrome 145.0.0.0 (Windows 10): Executed 29 of 77[31m (25 FAILED)[39m (0 secs / 0.321 secs)
[1A[2KChrome 145.0.0.0 (Windows 10): Executed 30 of 77[31m (25 FAILED)[39m (0 secs / 0.363 secs)
[1A[2KChrome 145.0.0.0 (Windows 10): Executed 31 of 77[31m (25 FAILED)[39m (0 secs / 0.368 secs)
[1A[2KChrome 145.0.0.0 (Windows 10): Executed 32 of 77[31m (25 FAILED)[39m (0 secs / 0.37 secs)
[1A[2KChrome 145.0.0.0 (Windows 10): Executed 33 of 77[31m (25 FAILED)[39m (0 secs / 0.373 secs)
[1A[2KChrome 145.0.0.0 (Windows 10): Executed 34 of 77[31m (25 FAILED)[39m (0 secs / 0.375 secs)
[1A[2KChrome 145.0.0.0 (Windows 10): Executed 35 of 77[31m (25 FAILED)[39m (0 secs / 0.377 secs)
[1A[2KChrome 145.0.0.0 (Windows 10): Executed 36 of 77[31m (25 FAILED)[39m (0 secs / 0.386 secs)
[1A[2K[31mChrome 145.0.0.0 (Windows 10) LoginComponent should create FAILED[39m
	NullInjectorError: R3InjectorError(Standalone[LoginComponent])[AuthService -> AuthService -> HttpClient -> HttpClient]: 
	  NullInjectorError: No provider for HttpClient!
	error properties: Object({ ngTempTokenPath: null, ngTokenPath: [ 'AuthService', 'AuthService', 'HttpClient', 'HttpClient' ] })
	    at NullInjector.get (node_modules/@angular/core/fesm2022/core.mjs:1663:27)
	    at R3Injector.get (node_modules/@angular/core/fesm2022/core.mjs:3109:33)
	    at R3Injector.get (node_modules/@angular/core/fesm2022/core.mjs:3109:33)
	    at injectInjectorOnly (node_modules/@angular/core/fesm2022/core.mjs:1107:40)
	    at ╔Á╔Áinject (node_modules/@angular/core/fesm2022/core.mjs:1113:60)
	    at Object.factory (ng:///AuthService/╔Áfac.js:4:55)
	    at callback (node_modules/@angular/core/fesm2022/core.mjs:3237:47)
	    at runInInjectorProfilerContext (node_modules/@angular/core/fesm2022/core.mjs:872:9)
	    at R3Injector.hydrate (node_modules/@angular/core/fesm2022/core.mjs:3236:21)
	    at R3Injector.get (node_modules/@angular/core/fesm2022/core.mjs:3099:33)
Chrome 145.0.0.0 (Windows 10): Executed 37 of 77[31m (26 FAILED)[39m (0 secs / 0.396 secs)
[1A[2K[31mChrome 145.0.0.0 (Windows 10) VoucherComponent should create FAILED[39m
	NullInjectorError: R3InjectorError(Standalone[VoucherComponent])[PedidoService -> PedidoService -> HttpClient -> HttpClient]: 
	  NullInjectorError: No provider for HttpClient!
	error properties: Object({ ngTempTokenPath: null, ngTokenPath: [ 'PedidoService', 'PedidoService', 'HttpClient', 'HttpClient' ] })
	    at NullInjector.get (node_modules/@angular/core/fesm2022/core.mjs:1663:27)
	    at R3Injector.get (node_modules/@angular/core/fesm2022/core.mjs:3109:33)
	    at R3Injector.get (node_modules/@angular/core/fesm2022/core.mjs:3109:33)
	    at injectInjectorOnly (node_modules/@angular/core/fesm2022/core.mjs:1107:40)
	    at ╔Á╔Áinject (node_modules/@angular/core/fesm2022/core.mjs:1113:60)
	    at Object.factory (ng:///PedidoService/╔Áfac.js:4:57)
	    at callback (node_modules/@angular/core/fesm2022/core.mjs:3237:47)
	    at runInInjectorProfilerContext (node_modules/@angular/core/fesm2022/core.mjs:872:9)
	    at R3Injector.hydrate (node_modules/@angular/core/fesm2022/core.mjs:3236:21)
	    at R3Injector.get (node_modules/@angular/core/fesm2022/core.mjs:3099:33)
Chrome 145.0.0.0 (Windows 10): Executed 38 of 77[31m (27 FAILED)[39m (0 secs / 0.407 secs)
[1A[2K[31mChrome 145.0.0.0 (Windows 10) DetalleCuentoComponent should create FAILED[39m
	Error: NG0303: Can't bind to 'appLazyLoad' since it isn't a known property of 'img' (used in the 'DetalleCuentoComponent' component template).
	1. If 'img' is an Angular component and it has the 'appLazyLoad' input, then verify that it is a part of an @NgModule where this component is declared.
	2. To allow any property add 'NO_ERRORS_SCHEMA' to the '@NgModule.schemas' of this component.
	error properties: Object({ code: 303 })
	    at reportUnknownPropertyError (node_modules/@angular/core/fesm2022/core.mjs:10630:15)
	    at handleUnknownPropertyError (node_modules/@angular/core/fesm2022/core.mjs:10626:5)
	    at elementPropertyInternal (node_modules/@angular/core/fesm2022/core.mjs:12600:17)
	    at ╔Á╔Áproperty (node_modules/@angular/core/fesm2022/core.mjs:22504:9)
	    at templateFn (ng:///DetalleCuentoComponent.js:485:9)
	    at executeTemplate (node_modules/@angular/core/fesm2022/core.mjs:12159:9)
	    at refreshView (node_modules/@angular/core/fesm2022/core.mjs:13777:13)
	    at detectChangesInView (node_modules/@angular/core/fesm2022/core.mjs:13993:9)
	    at detectChangesInViewIfAttached (node_modules/@angular/core/fesm2022/core.mjs:13953:5)
	    at detectChangesInComponent (node_modules/@angular/core/fesm2022/core.mjs:13942:5)
Chrome 145.0.0.0 (Windows 10): Executed 39 of 77[31m (28 FAILED)[39m (0 secs / 0.473 secs)
[1A[2KChrome 145.0.0.0 (Windows 10): Executed 40 of 77[31m (28 FAILED)[39m (0 secs / 0.476 secs)
[1A[2KChrome 145.0.0.0 (Windows 10): Executed 41 of 77[31m (28 FAILED)[39m (0 secs / 0.481 secs)
[1A[2KChrome 145.0.0.0 (Windows 10): Executed 42 of 77[31m (28 FAILED)[39m (0 secs / 0.483 secs)
[1A[2KChrome 145.0.0.0 (Windows 10): Executed 43 of 77[31m (28 FAILED)[39m (0 secs / 0.485 secs)
[1A[2KChrome 145.0.0.0 (Windows 10): Executed 44 of 77[31m (28 FAILED)[39m (0 secs / 0.499 secs)
[1A[2K[31mChrome 145.0.0.0 (Windows 10) PedidoService getOrderById should handle non-numeric or invalid ID for getOrderById gracefully (compile-time check) FAILED[39m
	Error: Expected one matching request for criteria "Match URL: http://localhost:8080/api/orders/NaN", found none.
	    at HttpClientTestingBackend.expectOne (node_modules/@angular/common/fesm2022/http/testing.mjs:270:19)
	    at UserContext.apply (src/app/services/pedido.service.spec.ts:97:28)
	    at _ZoneDelegate.invoke (node_modules/zone.js/fesm2015/zone.js:369:28)
	    at ProxyZoneSpec.onInvoke (node_modules/zone.js/fesm2015/zone-testing.js:2081:39)
	    at _ZoneDelegate.invoke (node_modules/zone.js/fesm2015/zone.js:368:34)
	    at ZoneImpl.run (node_modules/zone.js/fesm2015/zone.js:111:43)
	    at runInTestZone (node_modules/zone.js/fesm2015/zone-testing.js:216:38)
	    at UserContext.<anonymous> (node_modules/zone.js/fesm2015/zone-testing.js:234:32)
	    at <Jasmine>
Chrome 145.0.0.0 (Windows 10): Executed 45 of 77[31m (29 FAILED)[39m (0 secs / 0.503 secs)
[1A[2KChrome 145.0.0.0 (Windows 10): Executed 46 of 77[31m (29 FAILED)[39m (0 secs / 0.516 secs)
[1A[2KChrome 145.0.0.0 (Windows 10): Executed 47 of 77[31m (29 FAILED)[39m (0 secs / 0.523 secs)
[1A[2KChrome 145.0.0.0 (Windows 10): Executed 48 of 77[31m (29 FAILED)[39m (0 secs / 0.528 secs)
[1A[2K[31mChrome 145.0.0.0 (Windows 10) AppComponent should render title FAILED[39m
	Expected undefined to contain 'Hello, cuentos-killa-FE'.
	    at <Jasmine>
	    at UserContext.apply (src/app/app.component.spec.ts:29:55)
	    at _ZoneDelegate.invoke (node_modules/zone.js/fesm2015/zone.js:369:28)
	    at ProxyZoneSpec.onInvoke (node_modules/zone.js/fesm2015/zone-testing.js:2081:39)
	    at _ZoneDelegate.invoke (node_modules/zone.js/fesm2015/zone.js:368:34)
Chrome 145.0.0.0 (Windows 10): Executed 49 of 77[31m (30 FAILED)[39m (0 secs / 0.545 secs)
[1A[2KChrome 145.0.0.0 (Windows 10): Executed 50 of 77[31m (30 FAILED)[39m (0 secs / 0.55 secs)
[1A[2KChrome 145.0.0.0 (Windows 10): Executed 51 of 77[31m (30 FAILED)[39m (0 secs / 0.553 secs)
[1A[2KChrome 145.0.0.0 (Windows 10): Executed 52 of 77[31m (30 FAILED)[39m (0 secs / 0.621 secs)
[1A[2K[31mChrome 145.0.0.0 (Windows 10) AdminDashboardComponent should update counters with data from services FAILED[39m
	Expected 10 to be 0.
	    at <Jasmine>
	    at UserContext.apply (src/app/components/pages/admin/admin-dashboard/admin-dashboard.component.spec.ts:69:37)
	    at _ZoneDelegate.invoke (node_modules/zone.js/fesm2015/zone.js:369:28)
	    at ProxyZoneSpec.onInvoke (node_modules/zone.js/fesm2015/zone-testing.js:2081:39)
	    at _ZoneDelegate.invoke (node_modules/zone.js/fesm2015/zone.js:368:34)
Chrome 145.0.0.0 (Windows 10): Executed 53 of 77[31m (31 FAILED)[39m (0 secs / 0.655 secs)
[1A[2KChrome 145.0.0.0 (Windows 10): Executed 54 of 77[31m (31 FAILED)[39m (0 secs / 0.658 secs)
[1A[2K[31mChrome 145.0.0.0 (Windows 10) OrderDetailComponent pagarAhora should log a message and show a toast FAILED[39m
	Expected spy log to have been called with:
	  [ 'Intento de pago para el pedido:', 1 ]
	but actual calls were:
	  [ 'Intento de pago para el pedido:', undefined ].
	
	Call 0:
	  Expected $[1] = undefined to equal 1.
	Error: Expected spy log to have been called with:
	  [ 'Intento de pago para el pedido:', 1 ]
	but actual calls were:
	  [ 'Intento de pago para el pedido:', undefined ].
	Call 0:
	  Expected $[1] = undefined to equal 1.
	    at <Jasmine>
	    at UserContext.apply (src/app/components/pages/order-detail/order-detail.component.spec.ts:120:27)
	    at _ZoneDelegate.invoke (node_modules/zone.js/fesm2015/zone.js:369:28)
	    at ProxyZoneSpec.onInvoke (node_modules/zone.js/fesm2015/zone-testing.js:2081:39)
	    at _ZoneDelegate.invoke (node_modules/zone.js/fesm2015/zone.js:368:34)
Chrome 145.0.0.0 (Windows 10): Executed 55 of 77[31m (32 FAILED)[39m (0 secs / 0.683 secs)
[1A[2KLOG: [36m'Detalle del pedido:', Object{id: 1, fecha: '2023-01-15T10:00:00Z', nombre: 'Cliente A', correo: 'a@a.com', direccion: 'Dir A', telefono: '123', items: [Object{cuentoId: ..., nombreCuento: ..., imagenUrl: ..., precioUnitario: ..., cantidad: ..., subtotal: ...}, Object{cuentoId: ..., nombreCuento: ..., imagenUrl: ..., precioUnitario: ..., cantidad: ..., subtotal: ...}], total: 40, estado: 'PAGO_PENDIENTE', userId: 1, correoUsuario: 'a@a.com'}[39m
Chrome 145.0.0.0 (Windows 10): Executed 55 of 77[31m (32 FAILED)[39m (0 secs / 0.683 secs)
LOG: 'Detalle del pedido:', Object{id: 1, fecha: '2023-01-15T10:00:00Z', nombre: 'Cliente A', correo: 'a@a.com', direccion: 'Dir A', telefono: '123', items: [Object{cuentoId: ..., nombreCuento: ..., imagenUrl: ..., precioUnitario: ..., cantidad: ..., subtotal: ...}, Object{cuentoId: ..., nombreCuento: ..., imagenUrl: ..., precioUnitario: ..., cantidad: ..., subtotal: ...}], total: 40, estado: 'PAGO_PENDIENTE', userId: 1, correoUsuario: 'a@a.com'}
[1A[2KLOG: [36m'Detalle del pedido:', Object{id: 1, fecha: '2023-01-15T10:00:00Z', nombre: 'Cliente A', correo: 'a@a.com', direccion: 'Dir A', telefono: '123', items: [Object{cuentoId: ..., nombreCuento: ..., imagenUrl: ..., precioUnitario: ..., cantidad: ..., subtotal: ...}, Object{cuentoId: ..., nombreCuento: ..., imagenUrl: ..., precioUnitario: ..., cantidad: ..., subtotal: ...}], total: 40, estado: 'PAGO_PENDIENTE', userId: 1, correoUsuario: 'a@a.com'}[39m
Chrome 145.0.0.0 (Windows 10): Executed 55 of 77[31m (32 FAILED)[39m (0 secs / 0.683 secs)
LOG: 'Detalle del pedido:', Object{id: 1, fecha: '2023-01-15T10:00:00Z', nombre: 'Cliente A', correo: 'a@a.com', direccion: 'Dir A', telefono: '123', items: [Object{cuentoId: ..., nombreCuento: ..., imagenUrl: ..., precioUnitario: ..., cantidad: ..., subtotal: ...}, Object{cuentoId: ..., nombreCuento: ..., imagenUrl: ..., precioUnitario: ..., cantidad: ..., subtotal: ...}], total: 40, estado: 'PAGO_PENDIENTE', userId: 1, correoUsuario: 'a@a.com'}
[1A[2KChrome 145.0.0.0 (Windows 10): Executed 56 of 77[31m (32 FAILED)[39m (0 secs / 0.7 secs)
[1A[2KLOG: [36m'Detalle del pedido:', Object{id: 1, fecha: '2023-01-15T10:00:00Z', nombre: 'Cliente A', correo: 'a@a.com', direccion: 'Dir A', telefono: '123', items: [Object{cuentoId: ..., nombreCuento: ..., imagenUrl: ..., precioUnitario: ..., cantidad: ..., subtotal: ...}, Object{cuentoId: ..., nombreCuento: ..., imagenUrl: ..., precioUnitario: ..., cantidad: ..., subtotal: ...}], total: 40, estado: 'PAGO_PENDIENTE', userId: 1, correoUsuario: 'a@a.com'}[39m
Chrome 145.0.0.0 (Windows 10): Executed 56 of 77[31m (32 FAILED)[39m (0 secs / 0.7 secs)
LOG: 'Detalle del pedido:', Object{id: 1, fecha: '2023-01-15T10:00:00Z', nombre: 'Cliente A', correo: 'a@a.com', direccion: 'Dir A', telefono: '123', items: [Object{cuentoId: ..., nombreCuento: ..., imagenUrl: ..., precioUnitario: ..., cantidad: ..., subtotal: ...}, Object{cuentoId: ..., nombreCuento: ..., imagenUrl: ..., precioUnitario: ..., cantidad: ..., subtotal: ...}], total: 40, estado: 'PAGO_PENDIENTE', userId: 1, correoUsuario: 'a@a.com'}
[1A[2KLOG: [36m'Detalle del pedido:', Object{id: 1, fecha: '2023-01-15T10:00:00Z', nombre: 'Cliente A', correo: 'a@a.com', direccion: 'Dir A', telefono: '123', items: [Object{cuentoId: ..., nombreCuento: ..., imagenUrl: ..., precioUnitario: ..., cantidad: ..., subtotal: ...}, Object{cuentoId: ..., nombreCuento: ..., imagenUrl: ..., precioUnitario: ..., cantidad: ..., subtotal: ...}], total: 40, estado: 'PAGO_PENDIENTE', userId: 1, correoUsuario: 'a@a.com'}[39m
Chrome 145.0.0.0 (Windows 10): Executed 56 of 77[31m (32 FAILED)[39m (0 secs / 0.7 secs)
LOG: 'Detalle del pedido:', Object{id: 1, fecha: '2023-01-15T10:00:00Z', nombre: 'Cliente A', correo: 'a@a.com', direccion: 'Dir A', telefono: '123', items: [Object{cuentoId: ..., nombreCuento: ..., imagenUrl: ..., precioUnitario: ..., cantidad: ..., subtotal: ...}, Object{cuentoId: ..., nombreCuento: ..., imagenUrl: ..., precioUnitario: ..., cantidad: ..., subtotal: ...}], total: 40, estado: 'PAGO_PENDIENTE', userId: 1, correoUsuario: 'a@a.com'}
[1A[2KChrome 145.0.0.0 (Windows 10): Executed 57 of 77[31m (32 FAILED)[39m (0 secs / 0.71 secs)
[1A[2KLOG: [36m'Detalle del pedido:', Object{id: 1, fecha: '2023-01-15T10:00:00Z', nombre: 'Cliente A', correo: 'a@a.com', direccion: 'Dir A', telefono: '123', items: [Object{cuentoId: ..., nombreCuento: ..., imagenUrl: ..., precioUnitario: ..., cantidad: ..., subtotal: ...}, Object{cuentoId: ..., nombreCuento: ..., imagenUrl: ..., precioUnitario: ..., cantidad: ..., subtotal: ...}], total: 40, estado: 'PAGO_PENDIENTE', userId: 1, correoUsuario: 'a@a.com'}[39m
Chrome 145.0.0.0 (Windows 10): Executed 57 of 77[31m (32 FAILED)[39m (0 secs / 0.71 secs)
LOG: 'Detalle del pedido:', Object{id: 1, fecha: '2023-01-15T10:00:00Z', nombre: 'Cliente A', correo: 'a@a.com', direccion: 'Dir A', telefono: '123', items: [Object{cuentoId: ..., nombreCuento: ..., imagenUrl: ..., precioUnitario: ..., cantidad: ..., subtotal: ...}, Object{cuentoId: ..., nombreCuento: ..., imagenUrl: ..., precioUnitario: ..., cantidad: ..., subtotal: ...}], total: 40, estado: 'PAGO_PENDIENTE', userId: 1, correoUsuario: 'a@a.com'}
[1A[2KLOG: [36m'Detalle del pedido:', Object{id: 1, fecha: '2023-01-15T10:00:00Z', nombre: 'Cliente A', correo: 'a@a.com', direccion: 'Dir A', telefono: '123', items: [Object{cuentoId: ..., nombreCuento: ..., imagenUrl: ..., precioUnitario: ..., cantidad: ..., subtotal: ...}, Object{cuentoId: ..., nombreCuento: ..., imagenUrl: ..., precioUnitario: ..., cantidad: ..., subtotal: ...}], total: 40, estado: 'PAGO_PENDIENTE', userId: 1, correoUsuario: 'a@a.com'}[39m
Chrome 145.0.0.0 (Windows 10): Executed 57 of 77[31m (32 FAILED)[39m (0 secs / 0.71 secs)
LOG: 'Detalle del pedido:', Object{id: 1, fecha: '2023-01-15T10:00:00Z', nombre: 'Cliente A', correo: 'a@a.com', direccion: 'Dir A', telefono: '123', items: [Object{cuentoId: ..., nombreCuento: ..., imagenUrl: ..., precioUnitario: ..., cantidad: ..., subtotal: ...}, Object{cuentoId: ..., nombreCuento: ..., imagenUrl: ..., precioUnitario: ..., cantidad: ..., subtotal: ...}], total: 40, estado: 'PAGO_PENDIENTE', userId: 1, correoUsuario: 'a@a.com'}
[1A[2KChrome 145.0.0.0 (Windows 10): Executed 58 of 77[31m (32 FAILED)[39m (0 secs / 0.727 secs)
[1A[2KLOG: [36m'Detalle del pedido:', Object{id: 1, fecha: '2023-01-15T10:00:00Z', nombre: 'Cliente A', correo: 'a@a.com', direccion: 'Dir A', telefono: '123', items: [Object{cuentoId: ..., nombreCuento: ..., imagenUrl: ..., precioUnitario: ..., cantidad: ..., subtotal: ...}, Object{cuentoId: ..., nombreCuento: ..., imagenUrl: ..., precioUnitario: ..., cantidad: ..., subtotal: ...}], total: 40, estado: 'PAGO_PENDIENTE', userId: 1, correoUsuario: 'a@a.com'}[39m
Chrome 145.0.0.0 (Windows 10): Executed 58 of 77[31m (32 FAILED)[39m (0 secs / 0.727 secs)
LOG: 'Detalle del pedido:', Object{id: 1, fecha: '2023-01-15T10:00:00Z', nombre: 'Cliente A', correo: 'a@a.com', direccion: 'Dir A', telefono: '123', items: [Object{cuentoId: ..., nombreCuento: ..., imagenUrl: ..., precioUnitario: ..., cantidad: ..., subtotal: ...}, Object{cuentoId: ..., nombreCuento: ..., imagenUrl: ..., precioUnitario: ..., cantidad: ..., subtotal: ...}], total: 40, estado: 'PAGO_PENDIENTE', userId: 1, correoUsuario: 'a@a.com'}
[1A[2KLOG: [36m'Detalle del pedido:', Object{id: 1, fecha: '2023-01-15T10:00:00Z', nombre: 'Cliente A', correo: 'a@a.com', direccion: 'Dir A', telefono: '123', items: [Object{cuentoId: ..., nombreCuento: ..., imagenUrl: ..., precioUnitario: ..., cantidad: ..., subtotal: ...}, Object{cuentoId: ..., nombreCuento: ..., imagenUrl: ..., precioUnitario: ..., cantidad: ..., subtotal: ...}], total: 40, estado: 'PAGO_PENDIENTE', userId: 1, correoUsuario: 'a@a.com'}[39m
Chrome 145.0.0.0 (Windows 10): Executed 58 of 77[31m (32 FAILED)[39m (0 secs / 0.727 secs)
LOG: 'Detalle del pedido:', Object{id: 1, fecha: '2023-01-15T10:00:00Z', nombre: 'Cliente A', correo: 'a@a.com', direccion: 'Dir A', telefono: '123', items: [Object{cuentoId: ..., nombreCuento: ..., imagenUrl: ..., precioUnitario: ..., cantidad: ..., subtotal: ...}, Object{cuentoId: ..., nombreCuento: ..., imagenUrl: ..., precioUnitario: ..., cantidad: ..., subtotal: ...}], total: 40, estado: 'PAGO_PENDIENTE', userId: 1, correoUsuario: 'a@a.com'}
[1A[2K[31mChrome 145.0.0.0 (Windows 10) OrderDetailComponent Template Rendering should display general order information FAILED[39m
	Expected 'ID del Pedido: Fecha: 15/01/2023 05:00Estado:PAGO_PENDIENTENombre: Cliente ACorreo: a@a.comDirecci├│n: Dir ATel├®fono: 123Total del Pedido:$40.00' to contain 'ID del Pedido: 1'.
	    at <Jasmine>
	    at UserContext.apply (src/app/components/pages/order-detail/order-detail.component.spec.ts:159:50)
	    at _ZoneDelegate.invoke (node_modules/zone.js/fesm2015/zone.js:369:28)
	    at ProxyZoneSpec.onInvoke (node_modules/zone.js/fesm2015/zone-testing.js:2081:39)
	    at _ZoneDelegate.invoke (node_modules/zone.js/fesm2015/zone.js:368:34)
	Expected 'ID del Pedido: Fecha: 15/01/2023 05:00Estado:PAGO_PENDIENTENombre: Cliente ACorreo: a@a.comDirecci├│n: Dir ATel├®fono: 123Total del Pedido:$40.00' to contain 'Estado: PAGO_PENDIENTE'.
	    at <Jasmine>
	    at UserContext.apply (src/app/components/pages/order-detail/order-detail.component.spec.ts:161:50)
	    at _ZoneDelegate.invoke (node_modules/zone.js/fesm2015/zone.js:369:28)
	    at ProxyZoneSpec.onInvoke (node_modules/zone.js/fesm2015/zone-testing.js:2081:39)
	    at _ZoneDelegate.invoke (node_modules/zone.js/fesm2015/zone.js:368:34)
Chrome 145.0.0.0 (Windows 10): Executed 59 of 77[31m (33 FAILED)[39m (0 secs / 0.736 secs)
[1A[2KLOG: [36m'Detalle del pedido:', Object{id: 1, fecha: '2023-01-15T10:00:00Z', nombre: 'Cliente A', correo: 'a@a.com', direccion: 'Dir A', telefono: '123', items: [Object{cuentoId: ..., nombreCuento: ..., imagenUrl: ..., precioUnitario: ..., cantidad: ..., subtotal: ...}, Object{cuentoId: ..., nombreCuento: ..., imagenUrl: ..., precioUnitario: ..., cantidad: ..., subtotal: ...}], total: 40, estado: 'PAGO_PENDIENTE', userId: 1, correoUsuario: 'a@a.com'}[39m
Chrome 145.0.0.0 (Windows 10): Executed 59 of 77[31m (33 FAILED)[39m (0 secs / 0.736 secs)
LOG: 'Detalle del pedido:', Object{id: 1, fecha: '2023-01-15T10:00:00Z', nombre: 'Cliente A', correo: 'a@a.com', direccion: 'Dir A', telefono: '123', items: [Object{cuentoId: ..., nombreCuento: ..., imagenUrl: ..., precioUnitario: ..., cantidad: ..., subtotal: ...}, Object{cuentoId: ..., nombreCuento: ..., imagenUrl: ..., precioUnitario: ..., cantidad: ..., subtotal: ...}], total: 40, estado: 'PAGO_PENDIENTE', userId: 1, correoUsuario: 'a@a.com'}
[1A[2KLOG: [36m'Detalle del pedido:', Object{id: 1, fecha: '2023-01-15T10:00:00Z', nombre: 'Cliente A', correo: 'a@a.com', direccion: 'Dir A', telefono: '123', items: [Object{cuentoId: ..., nombreCuento: ..., imagenUrl: ..., precioUnitario: ..., cantidad: ..., subtotal: ...}, Object{cuentoId: ..., nombreCuento: ..., imagenUrl: ..., precioUnitario: ..., cantidad: ..., subtotal: ...}], total: 40, estado: 'PAGO_PENDIENTE', userId: 1, correoUsuario: 'a@a.com'}[39m
Chrome 145.0.0.0 (Windows 10): Executed 59 of 77[31m (33 FAILED)[39m (0 secs / 0.736 secs)
LOG: 'Detalle del pedido:', Object{id: 1, fecha: '2023-01-15T10:00:00Z', nombre: 'Cliente A', correo: 'a@a.com', direccion: 'Dir A', telefono: '123', items: [Object{cuentoId: ..., nombreCuento: ..., imagenUrl: ..., precioUnitario: ..., cantidad: ..., subtotal: ...}, Object{cuentoId: ..., nombreCuento: ..., imagenUrl: ..., precioUnitario: ..., cantidad: ..., subtotal: ...}], total: 40, estado: 'PAGO_PENDIENTE', userId: 1, correoUsuario: 'a@a.com'}
[1A[2K[31mChrome 145.0.0.0 (Windows 10) OrderDetailComponent Template Rendering should display "Detalle del Pedido #ID" title FAILED[39m
	Expected 'Detalle del Pedido #' to contain 'Detalle del Pedido #1'.
	    at <Jasmine>
	    at UserContext.apply (src/app/components/pages/order-detail/order-detail.component.spec.ts:154:54)
	    at _ZoneDelegate.invoke (node_modules/zone.js/fesm2015/zone.js:369:28)
	    at ProxyZoneSpec.onInvoke (node_modules/zone.js/fesm2015/zone-testing.js:2081:39)
	    at _ZoneDelegate.invoke (node_modules/zone.js/fesm2015/zone.js:368:34)
Chrome 145.0.0.0 (Windows 10): Executed 60 of 77[31m (34 FAILED)[39m (0 secs / 0.744 secs)
[1A[2KLOG: [36m'Detalle del pedido:', Object{id: 1, fecha: '2023-01-15T10:00:00Z', nombre: 'Cliente A', correo: 'a@a.com', direccion: 'Dir A', telefono: '123', items: [Object{cuentoId: ..., nombreCuento: ..., imagenUrl: ..., precioUnitario: ..., cantidad: ..., subtotal: ...}, Object{cuentoId: ..., nombreCuento: ..., imagenUrl: ..., precioUnitario: ..., cantidad: ..., subtotal: ...}], total: 40, estado: 'PAGO_PENDIENTE', userId: 1, correoUsuario: 'a@a.com'}[39m
Chrome 145.0.0.0 (Windows 10): Executed 60 of 77[31m (34 FAILED)[39m (0 secs / 0.744 secs)
LOG: 'Detalle del pedido:', Object{id: 1, fecha: '2023-01-15T10:00:00Z', nombre: 'Cliente A', correo: 'a@a.com', direccion: 'Dir A', telefono: '123', items: [Object{cuentoId: ..., nombreCuento: ..., imagenUrl: ..., precioUnitario: ..., cantidad: ..., subtotal: ...}, Object{cuentoId: ..., nombreCuento: ..., imagenUrl: ..., precioUnitario: ..., cantidad: ..., subtotal: ...}], total: 40, estado: 'PAGO_PENDIENTE', userId: 1, correoUsuario: 'a@a.com'}
[1A[2KLOG: [36m'Detalle del pedido:', Object{id: 1, fecha: '2023-01-15T10:00:00Z', nombre: 'Cliente A', correo: 'a@a.com', direccion: 'Dir A', telefono: '123', items: [Object{cuentoId: ..., nombreCuento: ..., imagenUrl: ..., precioUnitario: ..., cantidad: ..., subtotal: ...}, Object{cuentoId: ..., nombreCuento: ..., imagenUrl: ..., precioUnitario: ..., cantidad: ..., subtotal: ...}], total: 40, estado: 'PAGO_PENDIENTE', userId: 1, correoUsuario: 'a@a.com'}[39m
Chrome 145.0.0.0 (Windows 10): Executed 60 of 77[31m (34 FAILED)[39m (0 secs / 0.744 secs)
LOG: 'Detalle del pedido:', Object{id: 1, fecha: '2023-01-15T10:00:00Z', nombre: 'Cliente A', correo: 'a@a.com', direccion: 'Dir A', telefono: '123', items: [Object{cuentoId: ..., nombreCuento: ..., imagenUrl: ..., precioUnitario: ..., cantidad: ..., subtotal: ...}, Object{cuentoId: ..., nombreCuento: ..., imagenUrl: ..., precioUnitario: ..., cantidad: ..., subtotal: ...}], total: 40, estado: 'PAGO_PENDIENTE', userId: 1, correoUsuario: 'a@a.com'}
[1A[2KChrome 145.0.0.0 (Windows 10): Executed 61 of 77[31m (34 FAILED)[39m (0 secs / 0.752 secs)
[1A[2KLOG: [36m'Detalle del pedido:', Object{id: 1, fecha: '2023-01-15T10:00:00Z', nombre: 'Cliente A', correo: 'a@a.com', direccion: 'Dir A', telefono: '123', items: [Object{cuentoId: ..., nombreCuento: ..., imagenUrl: ..., precioUnitario: ..., cantidad: ..., subtotal: ...}, Object{cuentoId: ..., nombreCuento: ..., imagenUrl: ..., precioUnitario: ..., cantidad: ..., subtotal: ...}], total: 40, estado: 'PAGO_PENDIENTE', userId: 1, correoUsuario: 'a@a.com'}[39m
Chrome 145.0.0.0 (Windows 10): Executed 61 of 77[31m (34 FAILED)[39m (0 secs / 0.752 secs)
LOG: 'Detalle del pedido:', Object{id: 1, fecha: '2023-01-15T10:00:00Z', nombre: 'Cliente A', correo: 'a@a.com', direccion: 'Dir A', telefono: '123', items: [Object{cuentoId: ..., nombreCuento: ..., imagenUrl: ..., precioUnitario: ..., cantidad: ..., subtotal: ...}, Object{cuentoId: ..., nombreCuento: ..., imagenUrl: ..., precioUnitario: ..., cantidad: ..., subtotal: ...}], total: 40, estado: 'PAGO_PENDIENTE', userId: 1, correoUsuario: 'a@a.com'}
[1A[2KLOG: [36m'Detalle del pedido:', Object{id: 1, fecha: '2023-01-15T10:00:00Z', nombre: 'Cliente A', correo: 'a@a.com', direccion: 'Dir A', telefono: '123', items: [Object{cuentoId: ..., nombreCuento: ..., imagenUrl: ..., precioUnitario: ..., cantidad: ..., subtotal: ...}, Object{cuentoId: ..., nombreCuento: ..., imagenUrl: ..., precioUnitario: ..., cantidad: ..., subtotal: ...}], total: 40, estado: 'PAGO_PENDIENTE', userId: 1, correoUsuario: 'a@a.com'}[39m
Chrome 145.0.0.0 (Windows 10): Executed 61 of 77[31m (34 FAILED)[39m (0 secs / 0.752 secs)
LOG: 'Detalle del pedido:', Object{id: 1, fecha: '2023-01-15T10:00:00Z', nombre: 'Cliente A', correo: 'a@a.com', direccion: 'Dir A', telefono: '123', items: [Object{cuentoId: ..., nombreCuento: ..., imagenUrl: ..., precioUnitario: ..., cantidad: ..., subtotal: ...}, Object{cuentoId: ..., nombreCuento: ..., imagenUrl: ..., precioUnitario: ..., cantidad: ..., subtotal: ...}], total: 40, estado: 'PAGO_PENDIENTE', userId: 1, correoUsuario: 'a@a.com'}
[1A[2KChrome 145.0.0.0 (Windows 10): Executed 62 of 77[31m (34 FAILED)[39m (0 secs / 0.76 secs)
[1A[2KERROR: [36m'Error fetching order details:', Object{status: 404, message: 'Not Found'}[39m
Chrome 145.0.0.0 (Windows 10): Executed 62 of 77[31m (34 FAILED)[39m (0 secs / 0.76 secs)
ERROR: 'Error fetching order details:', Object{status: 404, message: 'Not Found'}
[1A[2K[31mChrome 145.0.0.0 (Windows 10) OrderDetailComponent ngOnInit should set errorMensaje and isLoading to false if service call fails FAILED[39m
	Expected null to be undefined.
	    at <Jasmine>
	    at UserContext.apply (src/app/components/pages/order-detail/order-detail.component.spec.ts:95:32)
	    at UserContext.apply (node_modules/zone.js/fesm2015/zone-testing.js:1702:26)
	    at _ZoneDelegate.invoke (node_modules/zone.js/fesm2015/zone.js:369:28)
	    at ProxyZoneSpec.onInvoke (node_modules/zone.js/fesm2015/zone-testing.js:2081:39)
Chrome 145.0.0.0 (Windows 10): Executed 63 of 77[31m (35 FAILED)[39m (0 secs / 0.765 secs)
[1A[2KLOG: [36m'Detalle del pedido:', Object{id: 1, fecha: '2023-01-15T10:00:00Z', nombre: 'Cliente A', correo: 'a@a.com', direccion: 'Dir A', telefono: '123', items: [Object{cuentoId: ..., nombreCuento: ..., imagenUrl: ..., precioUnitario: ..., cantidad: ..., subtotal: ...}, Object{cuentoId: ..., nombreCuento: ..., imagenUrl: ..., precioUnitario: ..., cantidad: ..., subtotal: ...}], total: 40, estado: 'PAGO_PENDIENTE', userId: 1, correoUsuario: 'a@a.com'}[39m
Chrome 145.0.0.0 (Windows 10): Executed 63 of 77[31m (35 FAILED)[39m (0 secs / 0.765 secs)
LOG: 'Detalle del pedido:', Object{id: 1, fecha: '2023-01-15T10:00:00Z', nombre: 'Cliente A', correo: 'a@a.com', direccion: 'Dir A', telefono: '123', items: [Object{cuentoId: ..., nombreCuento: ..., imagenUrl: ..., precioUnitario: ..., cantidad: ..., subtotal: ...}, Object{cuentoId: ..., nombreCuento: ..., imagenUrl: ..., precioUnitario: ..., cantidad: ..., subtotal: ...}], total: 40, estado: 'PAGO_PENDIENTE', userId: 1, correoUsuario: 'a@a.com'}
[1A[2KChrome 145.0.0.0 (Windows 10): Executed 64 of 77[31m (35 FAILED)[39m (0 secs / 0.769 secs)
[1A[2KLOG: [36m'Detalle del pedido:', Object{id: 1, fecha: '2023-01-15T10:00:00Z', nombre: 'Cliente A', correo: 'a@a.com', direccion: 'Dir A', telefono: '123', items: [Object{cuentoId: ..., nombreCuento: ..., imagenUrl: ..., precioUnitario: ..., cantidad: ..., subtotal: ...}, Object{cuentoId: ..., nombreCuento: ..., imagenUrl: ..., precioUnitario: ..., cantidad: ..., subtotal: ...}], total: 40, estado: 'PAGO_PENDIENTE', userId: 1, correoUsuario: 'a@a.com'}[39m
Chrome 145.0.0.0 (Windows 10): Executed 64 of 77[31m (35 FAILED)[39m (0 secs / 0.769 secs)
LOG: 'Detalle del pedido:', Object{id: 1, fecha: '2023-01-15T10:00:00Z', nombre: 'Cliente A', correo: 'a@a.com', direccion: 'Dir A', telefono: '123', items: [Object{cuentoId: ..., nombreCuento: ..., imagenUrl: ..., precioUnitario: ..., cantidad: ..., subtotal: ...}, Object{cuentoId: ..., nombreCuento: ..., imagenUrl: ..., precioUnitario: ..., cantidad: ..., subtotal: ...}], total: 40, estado: 'PAGO_PENDIENTE', userId: 1, correoUsuario: 'a@a.com'}
[1A[2KChrome 145.0.0.0 (Windows 10): Executed 65 of 77[31m (35 FAILED)[39m (0 secs / 0.775 secs)
[1A[2KChrome 145.0.0.0 (Windows 10): Executed 66 of 77[31m (35 FAILED)[39m (0 secs / 0.78 secs)
[1A[2KChrome 145.0.0.0 (Windows 10): Executed 67 of 77[31m (35 FAILED)[39m (0 secs / 0.793 secs)
[1A[2KChrome 145.0.0.0 (Windows 10): Executed 68 of 77[31m (35 FAILED)[39m (0 secs / 0.796 secs)
[1A[2KChrome 145.0.0.0 (Windows 10): Executed 69 of 77[31m (35 FAILED)[39m (0 secs / 0.805 secs)
[1A[2KChrome 145.0.0.0 (Windows 10): Executed 70 of 77[31m (35 FAILED)[39m (0 secs / 0.808 secs)
[1A[2KChrome 145.0.0.0 (Windows 10): Executed 71 of 77[31m (35 FAILED)[39m (0 secs / 0.811 secs)
[1A[2K[31mChrome 145.0.0.0 (Windows 10) OrderDetailComponent isPagoPendiente should return true if estado is PENDIENTE (case insensitive) FAILED[39m
	Expected false to be true.
	    at <Jasmine>
	    at UserContext.apply (src/app/components/pages/order-detail/order-detail.component.spec.ts:132:43)
	    at _ZoneDelegate.invoke (node_modules/zone.js/fesm2015/zone.js:369:28)
	    at ProxyZoneSpec.onInvoke (node_modules/zone.js/fesm2015/zone-testing.js:2081:39)
	    at _ZoneDelegate.invoke (node_modules/zone.js/fesm2015/zone.js:368:34)
Chrome 145.0.0.0 (Windows 10): Executed 72 of 77[31m (36 FAILED)[39m (0 secs / 0.816 secs)
[1A[2KChrome 145.0.0.0 (Windows 10): Executed 73 of 77[31m (36 FAILED)[39m (0 secs / 0.822 secs)
[1A[2KChrome 145.0.0.0 (Windows 10): Executed 74 of 77[31m (36 FAILED)[39m (0 secs / 0.834 secs)
[1A[2K[31mChrome 145.0.0.0 (Windows 10) LayoutComponent should create FAILED[39m
	NullInjectorError: R3InjectorError(Standalone[LayoutComponent])[AuthService -> AuthService -> HttpClient -> HttpClient]: 
	  NullInjectorError: No provider for HttpClient!
	error properties: Object({ ngTempTokenPath: null, ngTokenPath: [ 'AuthService', 'AuthService', 'HttpClient', 'HttpClient' ] })
	    at NullInjector.get (node_modules/@angular/core/fesm2022/core.mjs:1663:27)
	    at R3Injector.get (node_modules/@angular/core/fesm2022/core.mjs:3109:33)
	    at R3Injector.get (node_modules/@angular/core/fesm2022/core.mjs:3109:33)
	    at injectInjectorOnly (node_modules/@angular/core/fesm2022/core.mjs:1107:40)
	    at ╔Á╔Áinject (node_modules/@angular/core/fesm2022/core.mjs:1113:60)
	    at Object.factory (ng:///AuthService/╔Áfac.js:4:55)
	    at callback (node_modules/@angular/core/fesm2022/core.mjs:3237:47)
	    at runInInjectorProfilerContext (node_modules/@angular/core/fesm2022/core.mjs:872:9)
	    at R3Injector.hydrate (node_modules/@angular/core/fesm2022/core.mjs:3236:21)
	    at R3Injector.get (node_modules/@angular/core/fesm2022/core.mjs:3099:33)
Chrome 145.0.0.0 (Windows 10): Executed 75 of 77[31m (37 FAILED)[39m (0 secs / 0.867 secs)
[1A[2KChrome 145.0.0.0 (Windows 10): Executed 76 of 77[31m (37 FAILED)[39m (0 secs / 0.872 secs)
[1A[2KChrome 145.0.0.0 (Windows 10): Executed 77 of 77[31m (37 FAILED)[39m (0 secs / 0.875 secs)
[1A[2KChrome 145.0.0.0 (Windows 10): Executed 77 of 77[31m (37 FAILED)[39m (0.959 secs / 0.875 secs)
[31mTOTAL: 37 FAILED, 40 SUCCESS[39m
ÔêÜ Browser application bundle generation complete.
ÔêÜ Browser application bundle generation complete.
ÔêÜ Browser application bundle generation complete.
Chrome 145.0.0.0 (Windows 10): Executed 0 of 77[32m SUCCESS[39m (0 secs / 0 secs)
[1A[2KChrome 145.0.0.0 (Windows 10): Executed 0 of 77[32m SUCCESS[39m (0.019 secs / 0 secs)
[32mTOTAL: 0 SUCCESS[39m
[33m27 02 2026 17:31:05.325:WARN [Chrome 145.0.0.0 (Windows 10)]: [39mAdapter did not report total number of specs.

[1A[2K[1A[2KChrome 145.0.0.0 (Windows 10): Executed 0 of null[32m SUCCESS[39m (0 secs / 0 secs)
Chrome 145.0.0.0 (Windows 10): Executed 0 of null[32m SUCCESS[39m (0 secs / 0 secs)
[1A[2K[1A[2KChrome 145.0.0.0 (Windows 10): Executed 1 of null[32m SUCCESS[39m (0 secs / 0.155 secs)
Chrome 145.0.0.0 (Windows 10): Executed 1 of null[32m SUCCESS[39m (0 secs / 0.155 secs)
[33m27 02 2026 17:31:05.328:WARN [web-server]: [39m404: /_karma_webpack_/assets/icons/dashboard.svg
[1A[2K[1A[2KChrome 145.0.0.0 (Windows 10): Executed 2 of 77[32m SUCCESS[39m (0 secs / 0.303 secs)
Chrome 145.0.0.0 (Windows 10): Executed 2 of 77[32m SUCCESS[39m (0 secs / 0.303 secs)
[1A[2K[1A[2KChrome 145.0.0.0 (Windows 10): Executed 3 of 77[32m SUCCESS[39m (0 secs / 0.339 secs)
Chrome 145.0.0.0 (Windows 10): Executed 3 of 77[32m SUCCESS[39m (0 secs / 0.339 secs)
[1A[2K[1A[2KChrome 145.0.0.0 (Windows 10): Executed 4 of 77[32m SUCCESS[39m (0 secs / 0.358 secs)
Chrome 145.0.0.0 (Windows 10): Executed 4 of 77[32m SUCCESS[39m (0 secs / 0.358 secs)
[1A[2K[1A[2K[31mChrome 145.0.0.0 (Windows 10) DetalleCuentoComponent should create FAILED[39m
	Error: NG0303: Can't bind to 'appLazyLoad' since it isn't a known property of 'img' (used in the 'DetalleCuentoComponent' component template).
	1. If 'img' is an Angular component and it has the 'appLazyLoad' input, then verify that it is a part of an @NgModule where this component is declared.
	2. To allow any property add 'NO_ERRORS_SCHEMA' to the '@NgModule.schemas' of this component.
	error properties: Object({ code: 303 })
	    at reportUnknownPropertyError (node_modules/@angular/core/fesm2022/core.mjs:10630:15)
	    at handleUnknownPropertyError (node_modules/@angular/core/fesm2022/core.mjs:10626:5)
	    at elementPropertyInternal (node_modules/@angular/core/fesm2022/core.mjs:12600:17)
	    at ╔Á╔Áproperty (node_modules/@angular/core/fesm2022/core.mjs:22504:9)
	    at templateFn (ng:///DetalleCuentoComponent.js:485:9)
	    at executeTemplate (node_modules/@angular/core/fesm2022/core.mjs:12159:9)
	    at refreshView (node_modules/@angular/core/fesm2022/core.mjs:13777:13)
	    at detectChangesInView (node_modules/@angular/core/fesm2022/core.mjs:13993:9)
	    at detectChangesInViewIfAttached (node_modules/@angular/core/fesm2022/core.mjs:13953:5)
	    at detectChangesInComponent (node_modules/@angular/core/fesm2022/core.mjs:13942:5)
Chrome 145.0.0.0 (Windows 10): Executed 5 of 77[31m (1 FAILED)[39m (0 secs / 0.455 secs)
Chrome 145.0.0.0 (Windows 10): Executed 5 of 77[31m (1 FAILED)[39m (0 secs / 0.455 secs)
[1A[2K[1A[2KChrome 145.0.0.0 (Windows 10): Executed 6 of 77[31m (1 FAILED)[39m (0 secs / 0.472 secs)
Chrome 145.0.0.0 (Windows 10): Executed 6 of 77[31m (1 FAILED)[39m (0 secs / 0.472 secs)
[1A[2K[1A[2KChrome 145.0.0.0 (Windows 10): Executed 7 of 77[31m (1 FAILED)[39m (0 secs / 0.481 secs)
Chrome 145.0.0.0 (Windows 10): Executed 7 of 77[31m (1 FAILED)[39m (0 secs / 0.481 secs)
[1A[2K[1A[2KChrome 145.0.0.0 (Windows 10): Executed 8 of 77[31m (1 FAILED)[39m (0 secs / 0.487 secs)
Chrome 145.0.0.0 (Windows 10): Executed 8 of 77[31m (1 FAILED)[39m (0 secs / 0.487 secs)
[1A[2K[1A[2KChrome 145.0.0.0 (Windows 10): Executed 9 of 77[31m (1 FAILED)[39m (0 secs / 0.492 secs)
Chrome 145.0.0.0 (Windows 10): Executed 9 of 77[31m (1 FAILED)[39m (0 secs / 0.492 secs)
[1A[2K[1A[2K[31mChrome 145.0.0.0 (Windows 10) AppComponent should render title FAILED[39m
	Expected undefined to contain 'Hello, cuentos-killa-FE'.
	    at <Jasmine>
	    at UserContext.apply (src/app/app.component.spec.ts:29:55)
	    at _ZoneDelegate.invoke (node_modules/zone.js/fesm2015/zone.js:369:28)
	    at ProxyZoneSpec.onInvoke (node_modules/zone.js/fesm2015/zone-testing.js:2081:39)
	    at _ZoneDelegate.invoke (node_modules/zone.js/fesm2015/zone.js:368:34)
Chrome 145.0.0.0 (Windows 10): Executed 10 of 77[31m (2 FAILED)[39m (0 secs / 0.508 secs)
Chrome 145.0.0.0 (Windows 10): Executed 10 of 77[31m (2 FAILED)[39m (0 secs / 0.508 secs)
[1A[2K[1A[2KChrome 145.0.0.0 (Windows 10): Executed 11 of 77[31m (2 FAILED)[39m (0 secs / 0.511 secs)
Chrome 145.0.0.0 (Windows 10): Executed 11 of 77[31m (2 FAILED)[39m (0 secs / 0.511 secs)
[1A[2K[1A[2KChrome 145.0.0.0 (Windows 10): Executed 12 of 77[31m (2 FAILED)[39m (0 secs / 0.514 secs)
Chrome 145.0.0.0 (Windows 10): Executed 12 of 77[31m (2 FAILED)[39m (0 secs / 0.514 secs)
[1A[2K[1A[2KChrome 145.0.0.0 (Windows 10): Executed 13 of 77[31m (2 FAILED)[39m (0 secs / 0.552 secs)
Chrome 145.0.0.0 (Windows 10): Executed 13 of 77[31m (2 FAILED)[39m (0 secs / 0.552 secs)
[1A[2K[1A[2K[31mChrome 145.0.0.0 (Windows 10) AdminDashboardComponent should update counters with data from services FAILED[39m
	Expected 10 to be 0.
	    at <Jasmine>
	    at UserContext.apply (src/app/components/pages/admin/admin-dashboard/admin-dashboard.component.spec.ts:69:37)
	    at _ZoneDelegate.invoke (node_modules/zone.js/fesm2015/zone.js:369:28)
	    at ProxyZoneSpec.onInvoke (node_modules/zone.js/fesm2015/zone-testing.js:2081:39)
	    at _ZoneDelegate.invoke (node_modules/zone.js/fesm2015/zone.js:368:34)
Chrome 145.0.0.0 (Windows 10): Executed 14 of 77[31m (3 FAILED)[39m (0 secs / 0.574 secs)
Chrome 145.0.0.0 (Windows 10): Executed 14 of 77[31m (3 FAILED)[39m (0 secs / 0.574 secs)
[1A[2K[1A[2KChrome 145.0.0.0 (Windows 10): Executed 15 of 77[31m (3 FAILED)[39m (0 secs / 0.576 secs)
Chrome 145.0.0.0 (Windows 10): Executed 15 of 77[31m (3 FAILED)[39m (0 secs / 0.576 secs)
[1A[2K[1A[2KChrome 145.0.0.0 (Windows 10): Executed 16 of 77[31m (3 FAILED)[39m (0 secs / 0.578 secs)
Chrome 145.0.0.0 (Windows 10): Executed 16 of 77[31m (3 FAILED)[39m (0 secs / 0.578 secs)
[1A[2K[1A[2KChrome 145.0.0.0 (Windows 10): Executed 17 of 77[31m (3 FAILED)[39m (0 secs / 0.579 secs)
Chrome 145.0.0.0 (Windows 10): Executed 17 of 77[31m (3 FAILED)[39m (0 secs / 0.579 secs)
[1A[2K[1A[2KChrome 145.0.0.0 (Windows 10): Executed 18 of 77[31m (3 FAILED)[39m (0 secs / 0.581 secs)
Chrome 145.0.0.0 (Windows 10): Executed 18 of 77[31m (3 FAILED)[39m (0 secs / 0.581 secs)
[1A[2K[1A[2KChrome 145.0.0.0 (Windows 10): Executed 19 of 77[31m (3 FAILED)[39m (0 secs / 0.584 secs)
Chrome 145.0.0.0 (Windows 10): Executed 19 of 77[31m (3 FAILED)[39m (0 secs / 0.584 secs)
[1A[2K[1A[2KChrome 145.0.0.0 (Windows 10): Executed 20 of 77[31m (3 FAILED)[39m (0 secs / 0.586 secs)
Chrome 145.0.0.0 (Windows 10): Executed 20 of 77[31m (3 FAILED)[39m (0 secs / 0.586 secs)
[1A[2K[1A[2KChrome 145.0.0.0 (Windows 10): Executed 21 of 77[31m (3 FAILED)[39m (0 secs / 0.592 secs)
Chrome 145.0.0.0 (Windows 10): Executed 21 of 77[31m (3 FAILED)[39m (0 secs / 0.592 secs)
[1A[2K[1A[2KChrome 145.0.0.0 (Windows 10): Executed 22 of 77[31m (3 FAILED)[39m (0 secs / 0.594 secs)
Chrome 145.0.0.0 (Windows 10): Executed 22 of 77[31m (3 FAILED)[39m (0 secs / 0.594 secs)
[1A[2K[1A[2KChrome 145.0.0.0 (Windows 10): Executed 23 of 77[31m (3 FAILED)[39m (0 secs / 0.596 secs)
Chrome 145.0.0.0 (Windows 10): Executed 23 of 77[31m (3 FAILED)[39m (0 secs / 0.596 secs)
[1A[2K[1A[2KChrome 145.0.0.0 (Windows 10): Executed 24 of 77[31m (3 FAILED)[39m (0 secs / 0.597 secs)
Chrome 145.0.0.0 (Windows 10): Executed 24 of 77[31m (3 FAILED)[39m (0 secs / 0.597 secs)
[1A[2K[1A[2K[31mChrome 145.0.0.0 (Windows 10) PedidoService getOrderById should handle non-numeric or invalid ID for getOrderById gracefully (compile-time check) FAILED[39m
	Error: Expected one matching request for criteria "Match URL: http://localhost:8080/api/orders/NaN", found none.
	    at HttpClientTestingBackend.expectOne (node_modules/@angular/common/fesm2022/http/testing.mjs:270:19)
	    at UserContext.apply (src/app/services/pedido.service.spec.ts:97:28)
	    at _ZoneDelegate.invoke (node_modules/zone.js/fesm2015/zone.js:369:28)
	    at ProxyZoneSpec.onInvoke (node_modules/zone.js/fesm2015/zone-testing.js:2081:39)
	    at _ZoneDelegate.invoke (node_modules/zone.js/fesm2015/zone.js:368:34)
	    at ZoneImpl.run (node_modules/zone.js/fesm2015/zone.js:111:43)
	    at runInTestZone (node_modules/zone.js/fesm2015/zone-testing.js:216:38)
	    at UserContext.<anonymous> (node_modules/zone.js/fesm2015/zone-testing.js:234:32)
	    at <Jasmine>
Chrome 145.0.0.0 (Windows 10): Executed 25 of 77[31m (4 FAILED)[39m (0 secs / 0.6 secs)
Chrome 145.0.0.0 (Windows 10): Executed 25 of 77[31m (4 FAILED)[39m (0 secs / 0.6 secs)
[1A[2K[1A[2KChrome 145.0.0.0 (Windows 10): Executed 26 of 77[31m (4 FAILED)[39m (0 secs / 0.602 secs)
Chrome 145.0.0.0 (Windows 10): Executed 26 of 77[31m (4 FAILED)[39m (0 secs / 0.602 secs)
[1A[2K[1A[2KChrome 145.0.0.0 (Windows 10): Executed 27 of 77[31m (4 FAILED)[39m (0 secs / 0.604 secs)
Chrome 145.0.0.0 (Windows 10): Executed 27 of 77[31m (4 FAILED)[39m (0 secs / 0.604 secs)
[1A[2K[1A[2K[31mChrome 145.0.0.0 (Windows 10) LoginComponent should create FAILED[39m
	NullInjectorError: R3InjectorError(Standalone[LoginComponent])[AuthService -> AuthService -> HttpClient -> HttpClient]: 
	  NullInjectorError: No provider for HttpClient!
	error properties: Object({ ngTempTokenPath: null, ngTokenPath: [ 'AuthService', 'AuthService', 'HttpClient', 'HttpClient' ] })
	    at NullInjector.get (node_modules/@angular/core/fesm2022/core.mjs:1663:27)
	    at R3Injector.get (node_modules/@angular/core/fesm2022/core.mjs:3109:33)
	    at R3Injector.get (node_modules/@angular/core/fesm2022/core.mjs:3109:33)
	    at injectInjectorOnly (node_modules/@angular/core/fesm2022/core.mjs:1107:40)
	    at ╔Á╔Áinject (node_modules/@angular/core/fesm2022/core.mjs:1113:60)
	    at Object.factory (ng:///AuthService/╔Áfac.js:4:55)
	    at callback (node_modules/@angular/core/fesm2022/core.mjs:3237:47)
	    at runInInjectorProfilerContext (node_modules/@angular/core/fesm2022/core.mjs:872:9)
	    at R3Injector.hydrate (node_modules/@angular/core/fesm2022/core.mjs:3236:21)
	    at R3Injector.get (node_modules/@angular/core/fesm2022/core.mjs:3099:33)
Chrome 145.0.0.0 (Windows 10): Executed 28 of 77[31m (5 FAILED)[39m (0 secs / 0.619 secs)
Chrome 145.0.0.0 (Windows 10): Executed 28 of 77[31m (5 FAILED)[39m (0 secs / 0.619 secs)
[1A[2K[1A[2KChrome 145.0.0.0 (Windows 10): Executed 29 of 77[31m (5 FAILED)[39m (0 secs / 0.63 secs)
Chrome 145.0.0.0 (Windows 10): Executed 29 of 77[31m (5 FAILED)[39m (0 secs / 0.63 secs)
[33m27 02 2026 17:31:10.439:WARN [web-server]: [39m404: /_karma_webpack_/assets/icons/cuentos.svg
[33m27 02 2026 17:31:10.440:WARN [web-server]: [39m404: /_karma_webpack_/assets/icons/dashboard.svg
[1A[2K[1A[2KChrome 145.0.0.0 (Windows 10): Executed 30 of 77[31m (5 FAILED)[39m (0 secs / 0.633 secs)
Chrome 145.0.0.0 (Windows 10): Executed 30 of 77[31m (5 FAILED)[39m (0 secs / 0.633 secs)
[1A[2K[1A[2KChrome 145.0.0.0 (Windows 10): Executed 31 of 77[31m (5 FAILED)[39m (0 secs / 0.634 secs)
Chrome 145.0.0.0 (Windows 10): Executed 31 of 77[31m (5 FAILED)[39m (0 secs / 0.634 secs)
[33m27 02 2026 17:31:10.445:WARN [web-server]: [39m404: /_karma_webpack_/assets/icons/usuarios.svg
[33m27 02 2026 17:31:10.446:WARN [web-server]: [39m404: /_karma_webpack_/assets/icons/pedidos.svg
[1A[2K[1A[2KChrome 145.0.0.0 (Windows 10): Executed 32 of 77[31m (5 FAILED)[39m (0 secs / 0.655 secs)
Chrome 145.0.0.0 (Windows 10): Executed 32 of 77[31m (5 FAILED)[39m (0 secs / 0.655 secs)
[33m27 02 2026 17:31:10.467:WARN [web-server]: [39m404: /_karma_webpack_/assets/icons/config.svg
[1A[2K[1A[2K[31mChrome 145.0.0.0 (Windows 10) OrderDetailComponent pagarAhora should log a message and show a toast FAILED[39m
	Expected spy log to have been called with:
	  [ 'Intento de pago para el pedido:', 1 ]
	but actual calls were:
	  [ 'Intento de pago para el pedido:', undefined ].
	
	Call 0:
	  Expected $[1] = undefined to equal 1.
	Error: Expected spy log to have been called with:
	  [ 'Intento de pago para el pedido:', 1 ]
	but actual calls were:
	  [ 'Intento de pago para el pedido:', undefined ].
	Call 0:
	  Expected $[1] = undefined to equal 1.
	    at <Jasmine>
	    at UserContext.apply (src/app/components/pages/order-detail/order-detail.component.spec.ts:120:27)
	    at _ZoneDelegate.invoke (node_modules/zone.js/fesm2015/zone.js:369:28)
	    at ProxyZoneSpec.onInvoke (node_modules/zone.js/fesm2015/zone-testing.js:2081:39)
	    at _ZoneDelegate.invoke (node_modules/zone.js/fesm2015/zone.js:368:34)
Chrome 145.0.0.0 (Windows 10): Executed 33 of 77[31m (6 FAILED)[39m (0 secs / 0.659 secs)
Chrome 145.0.0.0 (Windows 10): Executed 33 of 77[31m (6 FAILED)[39m (0 secs / 0.659 secs)
[1A[2K[1A[2KChrome 145.0.0.0 (Windows 10): Executed 34 of 77[31m (6 FAILED)[39m (0 secs / 0.662 secs)
Chrome 145.0.0.0 (Windows 10): Executed 34 of 77[31m (6 FAILED)[39m (0 secs / 0.662 secs)
[1A[2K[1A[2KChrome 145.0.0.0 (Windows 10): Executed 35 of 77[31m (6 FAILED)[39m (0 secs / 0.664 secs)
Chrome 145.0.0.0 (Windows 10): Executed 35 of 77[31m (6 FAILED)[39m (0 secs / 0.664 secs)
[1A[2K[1A[2KChrome 145.0.0.0 (Windows 10): Executed 36 of 77[31m (6 FAILED)[39m (0 secs / 0.666 secs)
Chrome 145.0.0.0 (Windows 10): Executed 36 of 77[31m (6 FAILED)[39m (0 secs / 0.666 secs)
[1A[2K[1A[2K[31mChrome 145.0.0.0 (Windows 10) OrderDetailComponent isPagoPendiente should return true if estado is PENDIENTE (case insensitive) FAILED[39m
	Expected false to be true.
	    at <Jasmine>
	    at UserContext.apply (src/app/components/pages/order-detail/order-detail.component.spec.ts:132:43)
	    at _ZoneDelegate.invoke (node_modules/zone.js/fesm2015/zone.js:369:28)
	    at ProxyZoneSpec.onInvoke (node_modules/zone.js/fesm2015/zone-testing.js:2081:39)
	    at _ZoneDelegate.invoke (node_modules/zone.js/fesm2015/zone.js:368:34)
Chrome 145.0.0.0 (Windows 10): Executed 37 of 77[31m (7 FAILED)[39m (0 secs / 0.669 secs)
Chrome 145.0.0.0 (Windows 10): Executed 37 of 77[31m (7 FAILED)[39m (0 secs / 0.669 secs)
[1A[2K[1A[2KChrome 145.0.0.0 (Windows 10) LOG: [36m'Detalle del pedido:', Object{id: 1, fecha: '2023-01-15T10:00:00Z', nombre: 'Cliente A', correo: 'a@a.com', direccion: 'Dir A', telefono: '123', items: [Object{cuentoId: ..., nombreCuento: ..., imagenUrl: ..., precioUnitario: ..., cantidad: ..., subtotal: ...}, Object{cuentoId: ..., nombreCuento: ..., imagenUrl: ..., precioUnitario: ..., cantidad: ..., subtotal: ...}], total: 40, estado: 'PAGO_PENDIENTE', userId: 1, correoUsuario: 'a@a.com'}[39m
Chrome 145.0.0.0 (Windows 10): Executed 37 of 77[31m (7 FAILED)[39m (0 secs / 0.669 secs)
Chrome 145.0.0.0 (Windows 10): Executed 37 of 77[31m (7 FAILED)[39m (0 secs / 0.669 secs)
Chrome 145.0.0.0 (Windows 10) LOG: 'Detalle del pedido:', Object{id: 1, fecha: '2023-01-15T10:00:00Z', nombre: 'Cliente A', correo: 'a@a.com', direccion: 'Dir A', telefono: '123', items: [Object{cuentoId: ..., nombreCuento: ..., imagenUrl: ..., precioUnitario: ..., cantidad: ..., subtotal: ...}, Object{cuentoId: ..., nombreCuento: ..., imagenUrl: ..., precioUnitario: ..., cantidad: ..., subtotal: ...}], total: 40, estado: 'PAGO_PENDIENTE', userId: 1, correoUsuario: 'a@a.com'}
[1A[2K[1A[2KChrome 145.0.0.0 (Windows 10): Executed 38 of 77[31m (7 FAILED)[39m (0 secs / 0.673 secs)
Chrome 145.0.0.0 (Windows 10): Executed 38 of 77[31m (7 FAILED)[39m (0 secs / 0.673 secs)
[1A[2K[1A[2KChrome 145.0.0.0 (Windows 10): Executed 39 of 77[31m (7 FAILED)[39m (0 secs / 0.675 secs)
Chrome 145.0.0.0 (Windows 10): Executed 39 of 77[31m (7 FAILED)[39m (0 secs / 0.675 secs)
[1A[2K[1A[2KChrome 145.0.0.0 (Windows 10) ERROR: [36m'Error fetching order details:', Object{status: 404, message: 'Not Found'}[39m
Chrome 145.0.0.0 (Windows 10): Executed 39 of 77[31m (7 FAILED)[39m (0 secs / 0.675 secs)
Chrome 145.0.0.0 (Windows 10): Executed 39 of 77[31m (7 FAILED)[39m (0 secs / 0.675 secs)
Chrome 145.0.0.0 (Windows 10) ERROR: 'Error fetching order details:', Object{status: 404, message: 'Not Found'}
[1A[2K[1A[2K[31mChrome 145.0.0.0 (Windows 10) OrderDetailComponent ngOnInit should set errorMensaje and isLoading to false if service call fails FAILED[39m
	Expected null to be undefined.
	    at <Jasmine>
	    at UserContext.apply (src/app/components/pages/order-detail/order-detail.component.spec.ts:95:32)
	    at UserContext.apply (node_modules/zone.js/fesm2015/zone-testing.js:1702:26)
	    at _ZoneDelegate.invoke (node_modules/zone.js/fesm2015/zone.js:369:28)
	    at ProxyZoneSpec.onInvoke (node_modules/zone.js/fesm2015/zone-testing.js:2081:39)
Chrome 145.0.0.0 (Windows 10): Executed 40 of 77[31m (8 FAILED)[39m (0 secs / 0.678 secs)
Chrome 145.0.0.0 (Windows 10): Executed 40 of 77[31m (8 FAILED)[39m (0 secs / 0.678 secs)
[1A[2K[1A[2KChrome 145.0.0.0 (Windows 10) LOG: [36m'Detalle del pedido:', Object{id: 1, fecha: '2023-01-15T10:00:00Z', nombre: 'Cliente A', correo: 'a@a.com', direccion: 'Dir A', telefono: '123', items: [Object{cuentoId: ..., nombreCuento: ..., imagenUrl: ..., precioUnitario: ..., cantidad: ..., subtotal: ...}, Object{cuentoId: ..., nombreCuento: ..., imagenUrl: ..., precioUnitario: ..., cantidad: ..., subtotal: ...}], total: 40, estado: 'PAGO_PENDIENTE', userId: 1, correoUsuario: 'a@a.com'}[39m
Chrome 145.0.0.0 (Windows 10): Executed 40 of 77[31m (8 FAILED)[39m (0 secs / 0.678 secs)
Chrome 145.0.0.0 (Windows 10): Executed 40 of 77[31m (8 FAILED)[39m (0 secs / 0.678 secs)
Chrome 145.0.0.0 (Windows 10) LOG: 'Detalle del pedido:', Object{id: 1, fecha: '2023-01-15T10:00:00Z', nombre: 'Cliente A', correo: 'a@a.com', direccion: 'Dir A', telefono: '123', items: [Object{cuentoId: ..., nombreCuento: ..., imagenUrl: ..., precioUnitario: ..., cantidad: ..., subtotal: ...}, Object{cuentoId: ..., nombreCuento: ..., imagenUrl: ..., precioUnitario: ..., cantidad: ..., subtotal: ...}], total: 40, estado: 'PAGO_PENDIENTE', userId: 1, correoUsuario: 'a@a.com'}
[1A[2K[1A[2KChrome 145.0.0.0 (Windows 10): Executed 41 of 77[31m (8 FAILED)[39m (0 secs / 0.68 secs)
Chrome 145.0.0.0 (Windows 10): Executed 41 of 77[31m (8 FAILED)[39m (0 secs / 0.68 secs)
[1A[2K[1A[2KChrome 145.0.0.0 (Windows 10): Executed 42 of 77[31m (8 FAILED)[39m (0 secs / 0.683 secs)
Chrome 145.0.0.0 (Windows 10): Executed 42 of 77[31m (8 FAILED)[39m (0 secs / 0.683 secs)
[1A[2K[1A[2KChrome 145.0.0.0 (Windows 10) LOG: [36m'Detalle del pedido:', Object{id: 1, fecha: '2023-01-15T10:00:00Z', nombre: 'Cliente A', correo: 'a@a.com', direccion: 'Dir A', telefono: '123', items: [Object{cuentoId: ..., nombreCuento: ..., imagenUrl: ..., precioUnitario: ..., cantidad: ..., subtotal: ...}, Object{cuentoId: ..., nombreCuento: ..., imagenUrl: ..., precioUnitario: ..., cantidad: ..., subtotal: ...}], total: 40, estado: 'PAGO_PENDIENTE', userId: 1, correoUsuario: 'a@a.com'}[39m
Chrome 145.0.0.0 (Windows 10): Executed 42 of 77[31m (8 FAILED)[39m (0 secs / 0.683 secs)
Chrome 145.0.0.0 (Windows 10): Executed 42 of 77[31m (8 FAILED)[39m (0 secs / 0.683 secs)
Chrome 145.0.0.0 (Windows 10) LOG: 'Detalle del pedido:', Object{id: 1, fecha: '2023-01-15T10:00:00Z', nombre: 'Cliente A', correo: 'a@a.com', direccion: 'Dir A', telefono: '123', items: [Object{cuentoId: ..., nombreCuento: ..., imagenUrl: ..., precioUnitario: ..., cantidad: ..., subtotal: ...}, Object{cuentoId: ..., nombreCuento: ..., imagenUrl: ..., precioUnitario: ..., cantidad: ..., subtotal: ...}], total: 40, estado: 'PAGO_PENDIENTE', userId: 1, correoUsuario: 'a@a.com'}
[1A[2K[1A[2KChrome 145.0.0.0 (Windows 10) LOG: [36m'Detalle del pedido:', Object{id: 1, fecha: '2023-01-15T10:00:00Z', nombre: 'Cliente A', correo: 'a@a.com', direccion: 'Dir A', telefono: '123', items: [Object{cuentoId: ..., nombreCuento: ..., imagenUrl: ..., precioUnitario: ..., cantidad: ..., subtotal: ...}, Object{cuentoId: ..., nombreCuento: ..., imagenUrl: ..., precioUnitario: ..., cantidad: ..., subtotal: ...}], total: 40, estado: 'PAGO_PENDIENTE', userId: 1, correoUsuario: 'a@a.com'}[39m
Chrome 145.0.0.0 (Windows 10): Executed 42 of 77[31m (8 FAILED)[39m (0 secs / 0.683 secs)
Chrome 145.0.0.0 (Windows 10): Executed 42 of 77[31m (8 FAILED)[39m (0 secs / 0.683 secs)
Chrome 145.0.0.0 (Windows 10) LOG: 'Detalle del pedido:', Object{id: 1, fecha: '2023-01-15T10:00:00Z', nombre: 'Cliente A', correo: 'a@a.com', direccion: 'Dir A', telefono: '123', items: [Object{cuentoId: ..., nombreCuento: ..., imagenUrl: ..., precioUnitario: ..., cantidad: ..., subtotal: ...}, Object{cuentoId: ..., nombreCuento: ..., imagenUrl: ..., precioUnitario: ..., cantidad: ..., subtotal: ...}], total: 40, estado: 'PAGO_PENDIENTE', userId: 1, correoUsuario: 'a@a.com'}
[1A[2K[1A[2K[31mChrome 145.0.0.0 (Windows 10) OrderDetailComponent Template Rendering should display "Detalle del Pedido #ID" title FAILED[39m
	Expected 'Detalle del Pedido #' to contain 'Detalle del Pedido #1'.
	    at <Jasmine>
	    at UserContext.apply (src/app/components/pages/order-detail/order-detail.component.spec.ts:154:54)
	    at _ZoneDelegate.invoke (node_modules/zone.js/fesm2015/zone.js:369:28)
	    at ProxyZoneSpec.onInvoke (node_modules/zone.js/fesm2015/zone-testing.js:2081:39)
	    at _ZoneDelegate.invoke (node_modules/zone.js/fesm2015/zone.js:368:34)
Chrome 145.0.0.0 (Windows 10): Executed 43 of 77[31m (9 FAILED)[39m (0 secs / 0.693 secs)
Chrome 145.0.0.0 (Windows 10): Executed 43 of 77[31m (9 FAILED)[39m (0 secs / 0.693 secs)
[1A[2K[1A[2KChrome 145.0.0.0 (Windows 10) LOG: [36m'Detalle del pedido:', Object{id: 1, fecha: '2023-01-15T10:00:00Z', nombre: 'Cliente A', correo: 'a@a.com', direccion: 'Dir A', telefono: '123', items: [Object{cuentoId: ..., nombreCuento: ..., imagenUrl: ..., precioUnitario: ..., cantidad: ..., subtotal: ...}, Object{cuentoId: ..., nombreCuento: ..., imagenUrl: ..., precioUnitario: ..., cantidad: ..., subtotal: ...}], total: 40, estado: 'PAGO_PENDIENTE', userId: 1, correoUsuario: 'a@a.com'}[39m
Chrome 145.0.0.0 (Windows 10): Executed 43 of 77[31m (9 FAILED)[39m (0 secs / 0.693 secs)
Chrome 145.0.0.0 (Windows 10): Executed 43 of 77[31m (9 FAILED)[39m (0 secs / 0.693 secs)
Chrome 145.0.0.0 (Windows 10) LOG: 'Detalle del pedido:', Object{id: 1, fecha: '2023-01-15T10:00:00Z', nombre: 'Cliente A', correo: 'a@a.com', direccion: 'Dir A', telefono: '123', items: [Object{cuentoId: ..., nombreCuento: ..., imagenUrl: ..., precioUnitario: ..., cantidad: ..., subtotal: ...}, Object{cuentoId: ..., nombreCuento: ..., imagenUrl: ..., precioUnitario: ..., cantidad: ..., subtotal: ...}], total: 40, estado: 'PAGO_PENDIENTE', userId: 1, correoUsuario: 'a@a.com'}
[1A[2K[1A[2KChrome 145.0.0.0 (Windows 10) LOG: [36m'Detalle del pedido:', Object{id: 1, fecha: '2023-01-15T10:00:00Z', nombre: 'Cliente A', correo: 'a@a.com', direccion: 'Dir A', telefono: '123', items: [Object{cuentoId: ..., nombreCuento: ..., imagenUrl: ..., precioUnitario: ..., cantidad: ..., subtotal: ...}, Object{cuentoId: ..., nombreCuento: ..., imagenUrl: ..., precioUnitario: ..., cantidad: ..., subtotal: ...}], total: 40, estado: 'PAGO_PENDIENTE', userId: 1, correoUsuario: 'a@a.com'}[39m
Chrome 145.0.0.0 (Windows 10): Executed 43 of 77[31m (9 FAILED)[39m (0 secs / 0.693 secs)
Chrome 145.0.0.0 (Windows 10): Executed 43 of 77[31m (9 FAILED)[39m (0 secs / 0.693 secs)
Chrome 145.0.0.0 (Windows 10) LOG: 'Detalle del pedido:', Object{id: 1, fecha: '2023-01-15T10:00:00Z', nombre: 'Cliente A', correo: 'a@a.com', direccion: 'Dir A', telefono: '123', items: [Object{cuentoId: ..., nombreCuento: ..., imagenUrl: ..., precioUnitario: ..., cantidad: ..., subtotal: ...}, Object{cuentoId: ..., nombreCuento: ..., imagenUrl: ..., precioUnitario: ..., cantidad: ..., subtotal: ...}], total: 40, estado: 'PAGO_PENDIENTE', userId: 1, correoUsuario: 'a@a.com'}
[1A[2K[1A[2KChrome 145.0.0.0 (Windows 10): Executed 44 of 77[31m (9 FAILED)[39m (0 secs / 0.698 secs)
Chrome 145.0.0.0 (Windows 10): Executed 44 of 77[31m (9 FAILED)[39m (0 secs / 0.698 secs)
[1A[2K[1A[2KChrome 145.0.0.0 (Windows 10) LOG: [36m'Detalle del pedido:', Object{id: 1, fecha: '2023-01-15T10:00:00Z', nombre: 'Cliente A', correo: 'a@a.com', direccion: 'Dir A', telefono: '123', items: [Object{cuentoId: ..., nombreCuento: ..., imagenUrl: ..., precioUnitario: ..., cantidad: ..., subtotal: ...}, Object{cuentoId: ..., nombreCuento: ..., imagenUrl: ..., precioUnitario: ..., cantidad: ..., subtotal: ...}], total: 40, estado: 'PAGO_PENDIENTE', userId: 1, correoUsuario: 'a@a.com'}[39m
Chrome 145.0.0.0 (Windows 10): Executed 44 of 77[31m (9 FAILED)[39m (0 secs / 0.698 secs)
Chrome 145.0.0.0 (Windows 10): Executed 44 of 77[31m (9 FAILED)[39m (0 secs / 0.698 secs)
Chrome 145.0.0.0 (Windows 10) LOG: 'Detalle del pedido:', Object{id: 1, fecha: '2023-01-15T10:00:00Z', nombre: 'Cliente A', correo: 'a@a.com', direccion: 'Dir A', telefono: '123', items: [Object{cuentoId: ..., nombreCuento: ..., imagenUrl: ..., precioUnitario: ..., cantidad: ..., subtotal: ...}, Object{cuentoId: ..., nombreCuento: ..., imagenUrl: ..., precioUnitario: ..., cantidad: ..., subtotal: ...}], total: 40, estado: 'PAGO_PENDIENTE', userId: 1, correoUsuario: 'a@a.com'}
[1A[2K[1A[2KChrome 145.0.0.0 (Windows 10) LOG: [36m'Detalle del pedido:', Object{id: 1, fecha: '2023-01-15T10:00:00Z', nombre: 'Cliente A', correo: 'a@a.com', direccion: 'Dir A', telefono: '123', items: [Object{cuentoId: ..., nombreCuento: ..., imagenUrl: ..., precioUnitario: ..., cantidad: ..., subtotal: ...}, Object{cuentoId: ..., nombreCuento: ..., imagenUrl: ..., precioUnitario: ..., cantidad: ..., subtotal: ...}], total: 40, estado: 'PAGO_PENDIENTE', userId: 1, correoUsuario: 'a@a.com'}[39m
Chrome 145.0.0.0 (Windows 10): Executed 44 of 77[31m (9 FAILED)[39m (0 secs / 0.698 secs)
Chrome 145.0.0.0 (Windows 10): Executed 44 of 77[31m (9 FAILED)[39m (0 secs / 0.698 secs)
Chrome 145.0.0.0 (Windows 10) LOG: 'Detalle del pedido:', Object{id: 1, fecha: '2023-01-15T10:00:00Z', nombre: 'Cliente A', correo: 'a@a.com', direccion: 'Dir A', telefono: '123', items: [Object{cuentoId: ..., nombreCuento: ..., imagenUrl: ..., precioUnitario: ..., cantidad: ..., subtotal: ...}, Object{cuentoId: ..., nombreCuento: ..., imagenUrl: ..., precioUnitario: ..., cantidad: ..., subtotal: ...}], total: 40, estado: 'PAGO_PENDIENTE', userId: 1, correoUsuario: 'a@a.com'}
[1A[2K[1A[2KChrome 145.0.0.0 (Windows 10): Executed 45 of 77[31m (9 FAILED)[39m (0 secs / 0.703 secs)
Chrome 145.0.0.0 (Windows 10): Executed 45 of 77[31m (9 FAILED)[39m (0 secs / 0.703 secs)
[1A[2K[1A[2KChrome 145.0.0.0 (Windows 10) LOG: [36m'Detalle del pedido:', Object{id: 1, fecha: '2023-01-15T10:00:00Z', nombre: 'Cliente A', correo: 'a@a.com', direccion: 'Dir A', telefono: '123', items: [Object{cuentoId: ..., nombreCuento: ..., imagenUrl: ..., precioUnitario: ..., cantidad: ..., subtotal: ...}, Object{cuentoId: ..., nombreCuento: ..., imagenUrl: ..., precioUnitario: ..., cantidad: ..., subtotal: ...}], total: 40, estado: 'PAGO_PENDIENTE', userId: 1, correoUsuario: 'a@a.com'}[39m
Chrome 145.0.0.0 (Windows 10): Executed 45 of 77[31m (9 FAILED)[39m (0 secs / 0.703 secs)
Chrome 145.0.0.0 (Windows 10): Executed 45 of 77[31m (9 FAILED)[39m (0 secs / 0.703 secs)
Chrome 145.0.0.0 (Windows 10) LOG: 'Detalle del pedido:', Object{id: 1, fecha: '2023-01-15T10:00:00Z', nombre: 'Cliente A', correo: 'a@a.com', direccion: 'Dir A', telefono: '123', items: [Object{cuentoId: ..., nombreCuento: ..., imagenUrl: ..., precioUnitario: ..., cantidad: ..., subtotal: ...}, Object{cuentoId: ..., nombreCuento: ..., imagenUrl: ..., precioUnitario: ..., cantidad: ..., subtotal: ...}], total: 40, estado: 'PAGO_PENDIENTE', userId: 1, correoUsuario: 'a@a.com'}
[1A[2K[1A[2KChrome 145.0.0.0 (Windows 10) LOG: [36m'Detalle del pedido:', Object{id: 1, fecha: '2023-01-15T10:00:00Z', nombre: 'Cliente A', correo: 'a@a.com', direccion: 'Dir A', telefono: '123', items: [Object{cuentoId: ..., nombreCuento: ..., imagenUrl: ..., precioUnitario: ..., cantidad: ..., subtotal: ...}, Object{cuentoId: ..., nombreCuento: ..., imagenUrl: ..., precioUnitario: ..., cantidad: ..., subtotal: ...}], total: 40, estado: 'PAGO_PENDIENTE', userId: 1, correoUsuario: 'a@a.com'}[39m
Chrome 145.0.0.0 (Windows 10): Executed 45 of 77[31m (9 FAILED)[39m (0 secs / 0.703 secs)
Chrome 145.0.0.0 (Windows 10): Executed 45 of 77[31m (9 FAILED)[39m (0 secs / 0.703 secs)
Chrome 145.0.0.0 (Windows 10) LOG: 'Detalle del pedido:', Object{id: 1, fecha: '2023-01-15T10:00:00Z', nombre: 'Cliente A', correo: 'a@a.com', direccion: 'Dir A', telefono: '123', items: [Object{cuentoId: ..., nombreCuento: ..., imagenUrl: ..., precioUnitario: ..., cantidad: ..., subtotal: ...}, Object{cuentoId: ..., nombreCuento: ..., imagenUrl: ..., precioUnitario: ..., cantidad: ..., subtotal: ...}], total: 40, estado: 'PAGO_PENDIENTE', userId: 1, correoUsuario: 'a@a.com'}
[1A[2K[1A[2KChrome 145.0.0.0 (Windows 10): Executed 46 of 77[31m (9 FAILED)[39m (0 secs / 0.707 secs)
Chrome 145.0.0.0 (Windows 10): Executed 46 of 77[31m (9 FAILED)[39m (0 secs / 0.707 secs)
[1A[2K[1A[2KChrome 145.0.0.0 (Windows 10) LOG: [36m'Detalle del pedido:', Object{id: 1, fecha: '2023-01-15T10:00:00Z', nombre: 'Cliente A', correo: 'a@a.com', direccion: 'Dir A', telefono: '123', items: [Object{cuentoId: ..., nombreCuento: ..., imagenUrl: ..., precioUnitario: ..., cantidad: ..., subtotal: ...}, Object{cuentoId: ..., nombreCuento: ..., imagenUrl: ..., precioUnitario: ..., cantidad: ..., subtotal: ...}], total: 40, estado: 'PAGO_PENDIENTE', userId: 1, correoUsuario: 'a@a.com'}[39m
Chrome 145.0.0.0 (Windows 10): Executed 46 of 77[31m (9 FAILED)[39m (0 secs / 0.707 secs)
Chrome 145.0.0.0 (Windows 10): Executed 46 of 77[31m (9 FAILED)[39m (0 secs / 0.707 secs)
Chrome 145.0.0.0 (Windows 10) LOG: 'Detalle del pedido:', Object{id: 1, fecha: '2023-01-15T10:00:00Z', nombre: 'Cliente A', correo: 'a@a.com', direccion: 'Dir A', telefono: '123', items: [Object{cuentoId: ..., nombreCuento: ..., imagenUrl: ..., precioUnitario: ..., cantidad: ..., subtotal: ...}, Object{cuentoId: ..., nombreCuento: ..., imagenUrl: ..., precioUnitario: ..., cantidad: ..., subtotal: ...}], total: 40, estado: 'PAGO_PENDIENTE', userId: 1, correoUsuario: 'a@a.com'}
[1A[2K[1A[2KChrome 145.0.0.0 (Windows 10) LOG: [36m'Detalle del pedido:', Object{id: 1, fecha: '2023-01-15T10:00:00Z', nombre: 'Cliente A', correo: 'a@a.com', direccion: 'Dir A', telefono: '123', items: [Object{cuentoId: ..., nombreCuento: ..., imagenUrl: ..., precioUnitario: ..., cantidad: ..., subtotal: ...}, Object{cuentoId: ..., nombreCuento: ..., imagenUrl: ..., precioUnitario: ..., cantidad: ..., subtotal: ...}], total: 40, estado: 'PAGO_PENDIENTE', userId: 1, correoUsuario: 'a@a.com'}[39m
Chrome 145.0.0.0 (Windows 10): Executed 46 of 77[31m (9 FAILED)[39m (0 secs / 0.707 secs)
Chrome 145.0.0.0 (Windows 10): Executed 46 of 77[31m (9 FAILED)[39m (0 secs / 0.707 secs)
Chrome 145.0.0.0 (Windows 10) LOG: 'Detalle del pedido:', Object{id: 1, fecha: '2023-01-15T10:00:00Z', nombre: 'Cliente A', correo: 'a@a.com', direccion: 'Dir A', telefono: '123', items: [Object{cuentoId: ..., nombreCuento: ..., imagenUrl: ..., precioUnitario: ..., cantidad: ..., subtotal: ...}, Object{cuentoId: ..., nombreCuento: ..., imagenUrl: ..., precioUnitario: ..., cantidad: ..., subtotal: ...}], total: 40, estado: 'PAGO_PENDIENTE', userId: 1, correoUsuario: 'a@a.com'}
[1A[2K[1A[2K[31mChrome 145.0.0.0 (Windows 10) OrderDetailComponent Template Rendering should display general order information FAILED[39m
	Expected 'ID del Pedido: Fecha: 15/01/2023 05:00Estado:PAGO_PENDIENTENombre: Cliente ACorreo: a@a.comDirecci├│n: Dir ATel├®fono: 123Total del Pedido:$40.00' to contain 'ID del Pedido: 1'.
	    at <Jasmine>
	    at UserContext.apply (src/app/components/pages/order-detail/order-detail.component.spec.ts:159:50)
	    at _ZoneDelegate.invoke (node_modules/zone.js/fesm2015/zone.js:369:28)
	    at ProxyZoneSpec.onInvoke (node_modules/zone.js/fesm2015/zone-testing.js:2081:39)
	    at _ZoneDelegate.invoke (node_modules/zone.js/fesm2015/zone.js:368:34)
	Expected 'ID del Pedido: Fecha: 15/01/2023 05:00Estado:PAGO_PENDIENTENombre: Cliente ACorreo: a@a.comDirecci├│n: Dir ATel├®fono: 123Total del Pedido:$40.00' to contain 'Estado: PAGO_PENDIENTE'.
	    at <Jasmine>
	    at UserContext.apply (src/app/components/pages/order-detail/order-detail.component.spec.ts:161:50)
	    at _ZoneDelegate.invoke (node_modules/zone.js/fesm2015/zone.js:369:28)
	    at ProxyZoneSpec.onInvoke (node_modules/zone.js/fesm2015/zone-testing.js:2081:39)
	    at _ZoneDelegate.invoke (node_modules/zone.js/fesm2015/zone.js:368:34)
Chrome 145.0.0.0 (Windows 10): Executed 47 of 77[31m (10 FAILED)[39m (0 secs / 0.715 secs)
Chrome 145.0.0.0 (Windows 10): Executed 47 of 77[31m (10 FAILED)[39m (0 secs / 0.715 secs)
[1A[2K[1A[2KChrome 145.0.0.0 (Windows 10) LOG: [36m'Detalle del pedido:', Object{id: 1, fecha: '2023-01-15T10:00:00Z', nombre: 'Cliente A', correo: 'a@a.com', direccion: 'Dir A', telefono: '123', items: [Object{cuentoId: ..., nombreCuento: ..., imagenUrl: ..., precioUnitario: ..., cantidad: ..., subtotal: ...}, Object{cuentoId: ..., nombreCuento: ..., imagenUrl: ..., precioUnitario: ..., cantidad: ..., subtotal: ...}], total: 40, estado: 'PAGO_PENDIENTE', userId: 1, correoUsuario: 'a@a.com'}[39m
Chrome 145.0.0.0 (Windows 10): Executed 47 of 77[31m (10 FAILED)[39m (0 secs / 0.715 secs)
Chrome 145.0.0.0 (Windows 10): Executed 47 of 77[31m (10 FAILED)[39m (0 secs / 0.715 secs)
Chrome 145.0.0.0 (Windows 10) LOG: 'Detalle del pedido:', Object{id: 1, fecha: '2023-01-15T10:00:00Z', nombre: 'Cliente A', correo: 'a@a.com', direccion: 'Dir A', telefono: '123', items: [Object{cuentoId: ..., nombreCuento: ..., imagenUrl: ..., precioUnitario: ..., cantidad: ..., subtotal: ...}, Object{cuentoId: ..., nombreCuento: ..., imagenUrl: ..., precioUnitario: ..., cantidad: ..., subtotal: ...}], total: 40, estado: 'PAGO_PENDIENTE', userId: 1, correoUsuario: 'a@a.com'}
[1A[2K[1A[2KChrome 145.0.0.0 (Windows 10) LOG: [36m'Detalle del pedido:', Object{id: 1, fecha: '2023-01-15T10:00:00Z', nombre: 'Cliente A', correo: 'a@a.com', direccion: 'Dir A', telefono: '123', items: [Object{cuentoId: ..., nombreCuento: ..., imagenUrl: ..., precioUnitario: ..., cantidad: ..., subtotal: ...}, Object{cuentoId: ..., nombreCuento: ..., imagenUrl: ..., precioUnitario: ..., cantidad: ..., subtotal: ...}], total: 40, estado: 'PAGO_PENDIENTE', userId: 1, correoUsuario: 'a@a.com'}[39m
Chrome 145.0.0.0 (Windows 10): Executed 47 of 77[31m (10 FAILED)[39m (0 secs / 0.715 secs)
Chrome 145.0.0.0 (Windows 10): Executed 47 of 77[31m (10 FAILED)[39m (0 secs / 0.715 secs)
Chrome 145.0.0.0 (Windows 10) LOG: 'Detalle del pedido:', Object{id: 1, fecha: '2023-01-15T10:00:00Z', nombre: 'Cliente A', correo: 'a@a.com', direccion: 'Dir A', telefono: '123', items: [Object{cuentoId: ..., nombreCuento: ..., imagenUrl: ..., precioUnitario: ..., cantidad: ..., subtotal: ...}, Object{cuentoId: ..., nombreCuento: ..., imagenUrl: ..., precioUnitario: ..., cantidad: ..., subtotal: ...}], total: 40, estado: 'PAGO_PENDIENTE', userId: 1, correoUsuario: 'a@a.com'}
[1A[2K[1A[2KChrome 145.0.0.0 (Windows 10): Executed 48 of 77[31m (10 FAILED)[39m (0 secs / 0.721 secs)
Chrome 145.0.0.0 (Windows 10): Executed 48 of 77[31m (10 FAILED)[39m (0 secs / 0.721 secs)
[1A[2K[1A[2KChrome 145.0.0.0 (Windows 10) LOG: [36m'Detalle del pedido:', Object{id: 1, fecha: '2023-01-15T10:00:00Z', nombre: 'Cliente A', correo: 'a@a.com', direccion: 'Dir A', telefono: '123', items: [Object{cuentoId: ..., nombreCuento: ..., imagenUrl: ..., precioUnitario: ..., cantidad: ..., subtotal: ...}, Object{cuentoId: ..., nombreCuento: ..., imagenUrl: ..., precioUnitario: ..., cantidad: ..., subtotal: ...}], total: 40, estado: 'PAGO_PENDIENTE', userId: 1, correoUsuario: 'a@a.com'}[39m
Chrome 145.0.0.0 (Windows 10): Executed 48 of 77[31m (10 FAILED)[39m (0 secs / 0.721 secs)
Chrome 145.0.0.0 (Windows 10): Executed 48 of 77[31m (10 FAILED)[39m (0 secs / 0.721 secs)
Chrome 145.0.0.0 (Windows 10) LOG: 'Detalle del pedido:', Object{id: 1, fecha: '2023-01-15T10:00:00Z', nombre: 'Cliente A', correo: 'a@a.com', direccion: 'Dir A', telefono: '123', items: [Object{cuentoId: ..., nombreCuento: ..., imagenUrl: ..., precioUnitario: ..., cantidad: ..., subtotal: ...}, Object{cuentoId: ..., nombreCuento: ..., imagenUrl: ..., precioUnitario: ..., cantidad: ..., subtotal: ...}], total: 40, estado: 'PAGO_PENDIENTE', userId: 1, correoUsuario: 'a@a.com'}
[1A[2K[1A[2KChrome 145.0.0.0 (Windows 10) LOG: [36m'Detalle del pedido:', Object{id: 1, fecha: '2023-01-15T10:00:00Z', nombre: 'Cliente A', correo: 'a@a.com', direccion: 'Dir A', telefono: '123', items: [Object{cuentoId: ..., nombreCuento: ..., imagenUrl: ..., precioUnitario: ..., cantidad: ..., subtotal: ...}, Object{cuentoId: ..., nombreCuento: ..., imagenUrl: ..., precioUnitario: ..., cantidad: ..., subtotal: ...}], total: 40, estado: 'PAGO_PENDIENTE', userId: 1, correoUsuario: 'a@a.com'}[39m
Chrome 145.0.0.0 (Windows 10): Executed 48 of 77[31m (10 FAILED)[39m (0 secs / 0.721 secs)
Chrome 145.0.0.0 (Windows 10): Executed 48 of 77[31m (10 FAILED)[39m (0 secs / 0.721 secs)
Chrome 145.0.0.0 (Windows 10) LOG: 'Detalle del pedido:', Object{id: 1, fecha: '2023-01-15T10:00:00Z', nombre: 'Cliente A', correo: 'a@a.com', direccion: 'Dir A', telefono: '123', items: [Object{cuentoId: ..., nombreCuento: ..., imagenUrl: ..., precioUnitario: ..., cantidad: ..., subtotal: ...}, Object{cuentoId: ..., nombreCuento: ..., imagenUrl: ..., precioUnitario: ..., cantidad: ..., subtotal: ...}], total: 40, estado: 'PAGO_PENDIENTE', userId: 1, correoUsuario: 'a@a.com'}
[1A[2K[1A[2KChrome 145.0.0.0 (Windows 10): Executed 49 of 77[31m (10 FAILED)[39m (0 secs / 0.726 secs)
Chrome 145.0.0.0 (Windows 10): Executed 49 of 77[31m (10 FAILED)[39m (0 secs / 0.726 secs)
[1A[2K[1A[2K[31mChrome 145.0.0.0 (Windows 10) AdminPedidosComponent should create FAILED[39m
	Error: Unexpected "ModalComponent" found in the "declarations" array of the "TestBed.configureTestingModule" call, "ModalComponent" is marked as standalone and can't be declared in any NgModule - did you intend to import it instead (by adding it to the "imports" array)?
	    at forEach (node_modules/@angular/core/fesm2022/testing.mjs:798:23)
	    at Array.forEach (<anonymous>)
	    at assertNoStandaloneComponents (node_modules/@angular/core/fesm2022/testing.mjs:794:11)
	    at TestBedCompiler.configureTestingModule (node_modules/@angular/core/fesm2022/testing.mjs:869:13)
	    at TestBedImpl.configureTestingModule (node_modules/@angular/core/fesm2022/testing.mjs:1962:23)
	    at TestBedImpl.configureTestingModule (node_modules/@angular/core/fesm2022/testing.mjs:1789:37)
	    at UserContext.<anonymous> (src/app/components/pages/admin/admin-pedidos/admin-pedidos.component.spec.ts:18:19)
	    at Generator.next (<anonymous>)
	    at asyncGeneratorStep (node_modules/@babel/runtime/helpers/esm/asyncToGenerator.js:3:1)
	    at _next (node_modules/@babel/runtime/helpers/esm/asyncToGenerator.js:17:1)
Chrome 145.0.0.0 (Windows 10): Executed 50 of 77[31m (11 FAILED)[39m (0 secs / 0.727 secs)
Chrome 145.0.0.0 (Windows 10): Executed 50 of 77[31m (11 FAILED)[39m (0 secs / 0.727 secs)
[1A[2K[1A[2K[31mChrome 145.0.0.0 (Windows 10) AdminPedidosComponent should not call service when canceling FAILED[39m
	Error: Unexpected "ModalComponent" found in the "declarations" array of the "TestBed.configureTestingModule" call, "ModalComponent" is marked as standalone and can't be declared in any NgModule - did you intend to import it instead (by adding it to the "imports" array)?
	    at forEach (node_modules/@angular/core/fesm2022/testing.mjs:798:23)
	    at Array.forEach (<anonymous>)
	    at assertNoStandaloneComponents (node_modules/@angular/core/fesm2022/testing.mjs:794:11)
	    at TestBedCompiler.configureTestingModule (node_modules/@angular/core/fesm2022/testing.mjs:869:13)
	    at TestBedImpl.configureTestingModule (node_modules/@angular/core/fesm2022/testing.mjs:1962:23)
	    at TestBedImpl.configureTestingModule (node_modules/@angular/core/fesm2022/testing.mjs:1789:37)
	    at UserContext.<anonymous> (src/app/components/pages/admin/admin-pedidos/admin-pedidos.component.spec.ts:18:19)
	    at Generator.next (<anonymous>)
	    at asyncGeneratorStep (node_modules/@babel/runtime/helpers/esm/asyncToGenerator.js:3:1)
	    at _next (node_modules/@babel/runtime/helpers/esm/asyncToGenerator.js:17:1)
Chrome 145.0.0.0 (Windows 10): Executed 51 of 77[31m (12 FAILED)[39m (0 secs / 0.727 secs)
Chrome 145.0.0.0 (Windows 10): Executed 51 of 77[31m (12 FAILED)[39m (0 secs / 0.727 secs)
[1A[2K[1A[2K[31mChrome 145.0.0.0 (Windows 10) AdminPedidosComponent should open dialog on rechazarPago and call service on confirm FAILED[39m
	Error: Unexpected "ModalComponent" found in the "declarations" array of the "TestBed.configureTestingModule" call, "ModalComponent" is marked as standalone and can't be declared in any NgModule - did you intend to import it instead (by adding it to the "imports" array)?
	    at forEach (node_modules/@angular/core/fesm2022/testing.mjs:798:23)
	    at Array.forEach (<anonymous>)
	    at assertNoStandaloneComponents (node_modules/@angular/core/fesm2022/testing.mjs:794:11)
	    at TestBedCompiler.configureTestingModule (node_modules/@angular/core/fesm2022/testing.mjs:869:13)
	    at TestBedImpl.configureTestingModule (node_modules/@angular/core/fesm2022/testing.mjs:1962:23)
	    at TestBedImpl.configureTestingModule (node_modules/@angular/core/fesm2022/testing.mjs:1789:37)
	    at UserContext.<anonymous> (src/app/components/pages/admin/admin-pedidos/admin-pedidos.component.spec.ts:18:19)
	    at Generator.next (<anonymous>)
	    at asyncGeneratorStep (node_modules/@babel/runtime/helpers/esm/asyncToGenerator.js:3:1)
	    at _next (node_modules/@babel/runtime/helpers/esm/asyncToGenerator.js:17:1)
Chrome 145.0.0.0 (Windows 10): Executed 52 of 77[31m (13 FAILED)[39m (0 secs / 0.728 secs)
Chrome 145.0.0.0 (Windows 10): Executed 52 of 77[31m (13 FAILED)[39m (0 secs / 0.728 secs)
[1A[2K[1A[2K[31mChrome 145.0.0.0 (Windows 10) AdminPedidosComponent trackByPedidoId should fall back to id when Id is undefined FAILED[39m
	Error: Unexpected "ModalComponent" found in the "declarations" array of the "TestBed.configureTestingModule" call, "ModalComponent" is marked as standalone and can't be declared in any NgModule - did you intend to import it instead (by adding it to the "imports" array)?
	    at forEach (node_modules/@angular/core/fesm2022/testing.mjs:798:23)
	    at Array.forEach (<anonymous>)
	    at assertNoStandaloneComponents (node_modules/@angular/core/fesm2022/testing.mjs:794:11)
	    at TestBedCompiler.configureTestingModule (node_modules/@angular/core/fesm2022/testing.mjs:869:13)
	    at TestBedImpl.configureTestingModule (node_modules/@angular/core/fesm2022/testing.mjs:1962:23)
	    at TestBedImpl.configureTestingModule (node_modules/@angular/core/fesm2022/testing.mjs:1789:37)
	    at UserContext.<anonymous> (src/app/components/pages/admin/admin-pedidos/admin-pedidos.component.spec.ts:18:19)
	    at Generator.next (<anonymous>)
	    at asyncGeneratorStep (node_modules/@babel/runtime/helpers/esm/asyncToGenerator.js:3:1)
	    at _next (node_modules/@babel/runtime/helpers/esm/asyncToGenerator.js:17:1)
Chrome 145.0.0.0 (Windows 10): Executed 53 of 77[31m (14 FAILED)[39m (0 secs / 0.729 secs)
Chrome 145.0.0.0 (Windows 10): Executed 53 of 77[31m (14 FAILED)[39m (0 secs / 0.729 secs)
[1A[2K[1A[2K[31mChrome 145.0.0.0 (Windows 10) AdminPedidosComponent trackByPedidoId should return Id when present FAILED[39m
	Error: Unexpected "ModalComponent" found in the "declarations" array of the "TestBed.configureTestingModule" call, "ModalComponent" is marked as standalone and can't be declared in any NgModule - did you intend to import it instead (by adding it to the "imports" array)?
	    at forEach (node_modules/@angular/core/fesm2022/testing.mjs:798:23)
	    at Array.forEach (<anonymous>)
	    at assertNoStandaloneComponents (node_modules/@angular/core/fesm2022/testing.mjs:794:11)
	    at TestBedCompiler.configureTestingModule (node_modules/@angular/core/fesm2022/testing.mjs:869:13)
	    at TestBedImpl.configureTestingModule (node_modules/@angular/core/fesm2022/testing.mjs:1962:23)
	    at TestBedImpl.configureTestingModule (node_modules/@angular/core/fesm2022/testing.mjs:1789:37)
	    at UserContext.<anonymous> (src/app/components/pages/admin/admin-pedidos/admin-pedidos.component.spec.ts:18:19)
	    at Generator.next (<anonymous>)
	    at asyncGeneratorStep (node_modules/@babel/runtime/helpers/esm/asyncToGenerator.js:3:1)
	    at _next (node_modules/@babel/runtime/helpers/esm/asyncToGenerator.js:17:1)
Chrome 145.0.0.0 (Windows 10): Executed 54 of 77[31m (15 FAILED)[39m (0 secs / 0.73 secs)
Chrome 145.0.0.0 (Windows 10): Executed 54 of 77[31m (15 FAILED)[39m (0 secs / 0.73 secs)
[1A[2K[1A[2KChrome 145.0.0.0 (Windows 10): Executed 55 of 77[31m (15 FAILED)[39m (0 secs / 0.764 secs)
Chrome 145.0.0.0 (Windows 10): Executed 55 of 77[31m (15 FAILED)[39m (0 secs / 0.764 secs)
[1A[2K[1A[2KChrome 145.0.0.0 (Windows 10): Executed 56 of 77[31m (15 FAILED)[39m (0 secs / 0.778 secs)
Chrome 145.0.0.0 (Windows 10): Executed 56 of 77[31m (15 FAILED)[39m (0 secs / 0.778 secs)
[1A[2K[1A[2KChrome 145.0.0.0 (Windows 10): Executed 57 of 77[31m (15 FAILED)[39m (0 secs / 0.786 secs)
Chrome 145.0.0.0 (Windows 10): Executed 57 of 77[31m (15 FAILED)[39m (0 secs / 0.786 secs)
[1A[2K[1A[2KChrome 145.0.0.0 (Windows 10): Executed 58 of 77[31m (15 FAILED)[39m (0 secs / 0.801 secs)
Chrome 145.0.0.0 (Windows 10): Executed 58 of 77[31m (15 FAILED)[39m (0 secs / 0.801 secs)
[1A[2K[1A[2K[31mChrome 145.0.0.0 (Windows 10) PagoComponent should fetch order status on init FAILED[39m
	TypeError: Cannot redefine property: location
	    at Object.defineProperty (<anonymous>)
	    at UserContext.<anonymous> (src/app/components/pages/pago/pago.component.spec.ts:70:12)
	    at Generator.next (<anonymous>)
	    at asyncGeneratorStep (node_modules/@babel/runtime/helpers/esm/asyncToGenerator.js:3:1)
	    at apply (node_modules/@babel/runtime/helpers/esm/asyncToGenerator.js:17:1)
	    at _ZoneDelegate.invoke (node_modules/zone.js/fesm2015/zone.js:369:28)
	    at ProxyZoneSpec.onInvoke (node_modules/zone.js/fesm2015/zone-testing.js:2081:39)
	    at _ZoneDelegate.invoke (node_modules/zone.js/fesm2015/zone.js:368:34)
	    at ZoneImpl.run (node_modules/zone.js/fesm2015/zone.js:111:43)
	    at node_modules/zone.js/fesm2015/zone.js:2538:40
Chrome 145.0.0.0 (Windows 10): Executed 59 of 77[31m (16 FAILED)[39m (0 secs / 0.813 secs)
Chrome 145.0.0.0 (Windows 10): Executed 59 of 77[31m (16 FAILED)[39m (0 secs / 0.813 secs)
[1A[2K[1A[2K[31mChrome 145.0.0.0 (Windows 10) PagoComponent pagarConMercadoPagoConfirmado should redirect to the correct Mercado Pago URL FAILED[39m
	TypeError: Cannot redefine property: location
	    at Object.defineProperty (<anonymous>)
	    at UserContext.<anonymous> (src/app/components/pages/pago/pago.component.spec.ts:70:12)
	    at Generator.next (<anonymous>)
	    at asyncGeneratorStep (node_modules/@babel/runtime/helpers/esm/asyncToGenerator.js:3:1)
	    at apply (node_modules/@babel/runtime/helpers/esm/asyncToGenerator.js:17:1)
	    at _ZoneDelegate.invoke (node_modules/zone.js/fesm2015/zone.js:369:28)
	    at ProxyZoneSpec.onInvoke (node_modules/zone.js/fesm2015/zone-testing.js:2081:39)
	    at _ZoneDelegate.invoke (node_modules/zone.js/fesm2015/zone.js:368:34)
	    at ZoneImpl.run (node_modules/zone.js/fesm2015/zone.js:111:43)
	    at node_modules/zone.js/fesm2015/zone.js:2538:40
Chrome 145.0.0.0 (Windows 10): Executed 60 of 77[31m (17 FAILED)[39m (0 secs / 0.815 secs)
Chrome 145.0.0.0 (Windows 10): Executed 60 of 77[31m (17 FAILED)[39m (0 secs / 0.815 secs)
[1A[2K[1A[2K[31mChrome 145.0.0.0 (Windows 10) PagoComponent should create FAILED[39m
	TypeError: Cannot redefine property: location
	    at Object.defineProperty (<anonymous>)
	    at UserContext.<anonymous> (src/app/components/pages/pago/pago.component.spec.ts:70:12)
	    at Generator.next (<anonymous>)
	    at asyncGeneratorStep (node_modules/@babel/runtime/helpers/esm/asyncToGenerator.js:3:1)
	    at apply (node_modules/@babel/runtime/helpers/esm/asyncToGenerator.js:17:1)
	    at _ZoneDelegate.invoke (node_modules/zone.js/fesm2015/zone.js:369:28)
	    at ProxyZoneSpec.onInvoke (node_modules/zone.js/fesm2015/zone-testing.js:2081:39)
	    at _ZoneDelegate.invoke (node_modules/zone.js/fesm2015/zone.js:368:34)
	    at ZoneImpl.run (node_modules/zone.js/fesm2015/zone.js:111:43)
	    at node_modules/zone.js/fesm2015/zone.js:2538:40
Chrome 145.0.0.0 (Windows 10): Executed 61 of 77[31m (18 FAILED)[39m (0 secs / 0.818 secs)
Chrome 145.0.0.0 (Windows 10): Executed 61 of 77[31m (18 FAILED)[39m (0 secs / 0.818 secs)
[1A[2K[1A[2K[31mChrome 145.0.0.0 (Windows 10) PagoComponent ngOnInit - Mercado Pago Callback should not call confirmarPagoMercadoPago if no relevant query params are present FAILED[39m
	TypeError: Cannot redefine property: location
	    at Object.defineProperty (<anonymous>)
	    at UserContext.<anonymous> (src/app/components/pages/pago/pago.component.spec.ts:70:12)
	    at Generator.next (<anonymous>)
	    at asyncGeneratorStep (node_modules/@babel/runtime/helpers/esm/asyncToGenerator.js:3:1)
	    at apply (node_modules/@babel/runtime/helpers/esm/asyncToGenerator.js:17:1)
	    at _ZoneDelegate.invoke (node_modules/zone.js/fesm2015/zone.js:369:28)
	    at ProxyZoneSpec.onInvoke (node_modules/zone.js/fesm2015/zone-testing.js:2081:39)
	    at _ZoneDelegate.invoke (node_modules/zone.js/fesm2015/zone.js:368:34)
	    at ZoneImpl.run (node_modules/zone.js/fesm2015/zone.js:111:43)
	    at node_modules/zone.js/fesm2015/zone.js:2538:40
Chrome 145.0.0.0 (Windows 10): Executed 62 of 77[31m (19 FAILED)[39m (0 secs / 0.82 secs)
Chrome 145.0.0.0 (Windows 10): Executed 62 of 77[31m (19 FAILED)[39m (0 secs / 0.82 secs)
[1A[2K[1A[2K[31mChrome 145.0.0.0 (Windows 10) PagoComponent ngOnInit - Mercado Pago Callback should NOT confirm payment if collection_status is not "approved" FAILED[39m
	TypeError: Cannot redefine property: location
	    at Object.defineProperty (<anonymous>)
	    at UserContext.<anonymous> (src/app/components/pages/pago/pago.component.spec.ts:70:12)
	    at Generator.next (<anonymous>)
	    at asyncGeneratorStep (node_modules/@babel/runtime/helpers/esm/asyncToGenerator.js:3:1)
	    at apply (node_modules/@babel/runtime/helpers/esm/asyncToGenerator.js:17:1)
	    at _ZoneDelegate.invoke (node_modules/zone.js/fesm2015/zone.js:369:28)
	    at ProxyZoneSpec.onInvoke (node_modules/zone.js/fesm2015/zone-testing.js:2081:39)
	    at _ZoneDelegate.invoke (node_modules/zone.js/fesm2015/zone.js:368:34)
	    at ZoneImpl.run (node_modules/zone.js/fesm2015/zone.js:111:43)
	    at node_modules/zone.js/fesm2015/zone.js:2538:40
Chrome 145.0.0.0 (Windows 10): Executed 63 of 77[31m (20 FAILED)[39m (0 secs / 0.822 secs)
Chrome 145.0.0.0 (Windows 10): Executed 63 of 77[31m (20 FAILED)[39m (0 secs / 0.822 secs)
[1A[2K[1A[2K[31mChrome 145.0.0.0 (Windows 10) PagoComponent ngOnInit - Mercado Pago Callback should NOT confirm payment if external_reference does not match pedidoId FAILED[39m
	TypeError: Cannot redefine property: location
	    at Object.defineProperty (<anonymous>)
	    at UserContext.<anonymous> (src/app/components/pages/pago/pago.component.spec.ts:70:12)
	    at Generator.next (<anonymous>)
	    at asyncGeneratorStep (node_modules/@babel/runtime/helpers/esm/asyncToGenerator.js:3:1)
	    at apply (node_modules/@babel/runtime/helpers/esm/asyncToGenerator.js:17:1)
	    at _ZoneDelegate.invoke (node_modules/zone.js/fesm2015/zone.js:369:28)
	    at ProxyZoneSpec.onInvoke (node_modules/zone.js/fesm2015/zone-testing.js:2081:39)
	    at _ZoneDelegate.invoke (node_modules/zone.js/fesm2015/zone.js:368:34)
	    at ZoneImpl.run (node_modules/zone.js/fesm2015/zone.js:111:43)
	    at node_modules/zone.js/fesm2015/zone.js:2538:40
Chrome 145.0.0.0 (Windows 10): Executed 64 of 77[31m (21 FAILED)[39m (0 secs / 0.824 secs)
Chrome 145.0.0.0 (Windows 10): Executed 64 of 77[31m (21 FAILED)[39m (0 secs / 0.824 secs)
[1A[2K[1A[2K[31mChrome 145.0.0.0 (Windows 10) PagoComponent ngOnInit - Mercado Pago Callback should confirm payment if collection_status is "approved" and external_reference matches pedidoId FAILED[39m
	TypeError: Cannot redefine property: location
	    at Object.defineProperty (<anonymous>)
	    at UserContext.<anonymous> (src/app/components/pages/pago/pago.component.spec.ts:70:12)
	    at Generator.next (<anonymous>)
	    at asyncGeneratorStep (node_modules/@babel/runtime/helpers/esm/asyncToGenerator.js:3:1)
	    at apply (node_modules/@babel/runtime/helpers/esm/asyncToGenerator.js:17:1)
	    at _ZoneDelegate.invoke (node_modules/zone.js/fesm2015/zone.js:369:28)
	    at ProxyZoneSpec.onInvoke (node_modules/zone.js/fesm2015/zone-testing.js:2081:39)
	    at _ZoneDelegate.invoke (node_modules/zone.js/fesm2015/zone.js:368:34)
	    at ZoneImpl.run (node_modules/zone.js/fesm2015/zone.js:111:43)
	    at node_modules/zone.js/fesm2015/zone.js:2538:40
Chrome 145.0.0.0 (Windows 10): Executed 65 of 77[31m (22 FAILED)[39m (0 secs / 0.826 secs)
Chrome 145.0.0.0 (Windows 10): Executed 65 of 77[31m (22 FAILED)[39m (0 secs / 0.826 secs)
[1A[2K[1A[2K[31mChrome 145.0.0.0 (Windows 10) PagoComponent ngOnInit - Mercado Pago Callback should show info message if payment status is not "approved" but external_reference matches FAILED[39m
	TypeError: Cannot redefine property: location
	    at Object.defineProperty (<anonymous>)
	    at UserContext.<anonymous> (src/app/components/pages/pago/pago.component.spec.ts:70:12)
	    at Generator.next (<anonymous>)
	    at asyncGeneratorStep (node_modules/@babel/runtime/helpers/esm/asyncToGenerator.js:3:1)
	    at apply (node_modules/@babel/runtime/helpers/esm/asyncToGenerator.js:17:1)
	    at _ZoneDelegate.invoke (node_modules/zone.js/fesm2015/zone.js:369:28)
	    at ProxyZoneSpec.onInvoke (node_modules/zone.js/fesm2015/zone-testing.js:2081:39)
	    at _ZoneDelegate.invoke (node_modules/zone.js/fesm2015/zone.js:368:34)
	    at ZoneImpl.run (node_modules/zone.js/fesm2015/zone.js:111:43)
	    at node_modules/zone.js/fesm2015/zone.js:2538:40
Chrome 145.0.0.0 (Windows 10): Executed 66 of 77[31m (23 FAILED)[39m (0 secs / 0.828 secs)
Chrome 145.0.0.0 (Windows 10): Executed 66 of 77[31m (23 FAILED)[39m (0 secs / 0.828 secs)
[1A[2K[1A[2K[31mChrome 145.0.0.0 (Windows 10) PagoComponent ngOnInit - Mercado Pago Callback should handle error if confirmarPagoMercadoPago fails FAILED[39m
	TypeError: Cannot redefine property: location
	    at Object.defineProperty (<anonymous>)
	    at UserContext.<anonymous> (src/app/components/pages/pago/pago.component.spec.ts:70:12)
	    at Generator.next (<anonymous>)
	    at asyncGeneratorStep (node_modules/@babel/runtime/helpers/esm/asyncToGenerator.js:3:1)
	    at apply (node_modules/@babel/runtime/helpers/esm/asyncToGenerator.js:17:1)
	    at _ZoneDelegate.invoke (node_modules/zone.js/fesm2015/zone.js:369:28)
	    at ProxyZoneSpec.onInvoke (node_modules/zone.js/fesm2015/zone-testing.js:2081:39)
	    at _ZoneDelegate.invoke (node_modules/zone.js/fesm2015/zone.js:368:34)
	    at ZoneImpl.run (node_modules/zone.js/fesm2015/zone.js:111:43)
	    at node_modules/zone.js/fesm2015/zone.js:2538:40
Chrome 145.0.0.0 (Windows 10): Executed 67 of 77[31m (24 FAILED)[39m (0 secs / 0.83 secs)
Chrome 145.0.0.0 (Windows 10): Executed 67 of 77[31m (24 FAILED)[39m (0 secs / 0.83 secs)
[1A[2K[1A[2K[31mChrome 145.0.0.0 (Windows 10) OrderListComponent ngOnInit should call pedidoService.getOrders and set isLoading to true initially, then false FAILED[39m
	NullInjectorError: R3InjectorError(Standalone[OrderListComponent])[AuthService -> AuthService -> HttpClient -> HttpClient]: 
	  NullInjectorError: No provider for HttpClient!
	error properties: Object({ ngTempTokenPath: null, ngTokenPath: [ 'AuthService', 'AuthService', 'HttpClient', 'HttpClient' ] })
	    at NullInjector.get (node_modules/@angular/core/fesm2022/core.mjs:1663:27)
	    at R3Injector.get (node_modules/@angular/core/fesm2022/core.mjs:3109:33)
	    at R3Injector.get (node_modules/@angular/core/fesm2022/core.mjs:3109:33)
	    at injectInjectorOnly (node_modules/@angular/core/fesm2022/core.mjs:1107:40)
	    at ╔Á╔Áinject (node_modules/@angular/core/fesm2022/core.mjs:1113:60)
	    at Object.factory (ng:///AuthService/╔Áfac.js:4:55)
	    at callback (node_modules/@angular/core/fesm2022/core.mjs:3237:47)
	    at runInInjectorProfilerContext (node_modules/@angular/core/fesm2022/core.mjs:872:9)
	    at R3Injector.hydrate (node_modules/@angular/core/fesm2022/core.mjs:3236:21)
	    at R3Injector.get (node_modules/@angular/core/fesm2022/core.mjs:3099:33)
Chrome 145.0.0.0 (Windows 10): Executed 68 of 77[31m (25 FAILED)[39m (0 secs / 0.847 secs)
Chrome 145.0.0.0 (Windows 10): Executed 68 of 77[31m (25 FAILED)[39m (0 secs / 0.847 secs)
[1A[2K[1A[2K[31mChrome 145.0.0.0 (Windows 10) OrderListComponent ngOnInit should assign pedidos on successful data fetch FAILED[39m
	NullInjectorError: R3InjectorError(Standalone[OrderListComponent])[AuthService -> AuthService -> HttpClient -> HttpClient]: 
	  NullInjectorError: No provider for HttpClient!
	error properties: Object({ ngTempTokenPath: null, ngTokenPath: [ 'AuthService', 'AuthService', 'HttpClient', 'HttpClient' ] })
	    at NullInjector.get (node_modules/@angular/core/fesm2022/core.mjs:1663:27)
	    at R3Injector.get (node_modules/@angular/core/fesm2022/core.mjs:3109:33)
	    at R3Injector.get (node_modules/@angular/core/fesm2022/core.mjs:3109:33)
	    at injectInjectorOnly (node_modules/@angular/core/fesm2022/core.mjs:1107:40)
	    at ╔Á╔Áinject (node_modules/@angular/core/fesm2022/core.mjs:1113:60)
	    at Object.factory (ng:///AuthService/╔Áfac.js:4:55)
	    at callback (node_modules/@angular/core/fesm2022/core.mjs:3237:47)
	    at runInInjectorProfilerContext (node_modules/@angular/core/fesm2022/core.mjs:872:9)
	    at R3Injector.hydrate (node_modules/@angular/core/fesm2022/core.mjs:3236:21)
	    at R3Injector.get (node_modules/@angular/core/fesm2022/core.mjs:3099:33)
Chrome 145.0.0.0 (Windows 10): Executed 69 of 77[31m (26 FAILED)[39m (0 secs / 0.85 secs)
Chrome 145.0.0.0 (Windows 10): Executed 69 of 77[31m (26 FAILED)[39m (0 secs / 0.85 secs)
[1A[2K[1A[2K[31mChrome 145.0.0.0 (Windows 10) OrderListComponent ngOnInit should set errorMensaje and isLoading to false if service call fails FAILED[39m
	NullInjectorError: R3InjectorError(Standalone[OrderListComponent])[AuthService -> AuthService -> HttpClient -> HttpClient]: 
	  NullInjectorError: No provider for HttpClient!
	error properties: Object({ ngTempTokenPath: null, ngTokenPath: [ 'AuthService', 'AuthService', 'HttpClient', 'HttpClient' ] })
	    at NullInjector.get (node_modules/@angular/core/fesm2022/core.mjs:1663:27)
	    at R3Injector.get (node_modules/@angular/core/fesm2022/core.mjs:3109:33)
	    at R3Injector.get (node_modules/@angular/core/fesm2022/core.mjs:3109:33)
	    at injectInjectorOnly (node_modules/@angular/core/fesm2022/core.mjs:1107:40)
	    at ╔Á╔Áinject (node_modules/@angular/core/fesm2022/core.mjs:1113:60)
	    at Object.factory (ng:///AuthService/╔Áfac.js:4:55)
	    at callback (node_modules/@angular/core/fesm2022/core.mjs:3237:47)
	    at runInInjectorProfilerContext (node_modules/@angular/core/fesm2022/core.mjs:872:9)
	    at R3Injector.hydrate (node_modules/@angular/core/fesm2022/core.mjs:3236:21)
	    at R3Injector.get (node_modules/@angular/core/fesm2022/core.mjs:3099:33)
Chrome 145.0.0.0 (Windows 10): Executed 70 of 77[31m (27 FAILED)[39m (0 secs / 0.854 secs)
Chrome 145.0.0.0 (Windows 10): Executed 70 of 77[31m (27 FAILED)[39m (0 secs / 0.854 secs)
[1A[2K[1A[2K[31mChrome 145.0.0.0 (Windows 10) OrderListComponent Template Rendering should display "Pedidos" title FAILED[39m
	NullInjectorError: R3InjectorError(Standalone[OrderListComponent])[AuthService -> AuthService -> HttpClient -> HttpClient]: 
	  NullInjectorError: No provider for HttpClient!
	error properties: Object({ ngTempTokenPath: null, ngTokenPath: [ 'AuthService', 'AuthService', 'HttpClient', 'HttpClient' ] })
	    at NullInjector.get (node_modules/@angular/core/fesm2022/core.mjs:1663:27)
	    at R3Injector.get (node_modules/@angular/core/fesm2022/core.mjs:3109:33)
	    at R3Injector.get (node_modules/@angular/core/fesm2022/core.mjs:3109:33)
	    at injectInjectorOnly (node_modules/@angular/core/fesm2022/core.mjs:1107:40)
	    at ╔Á╔Áinject (node_modules/@angular/core/fesm2022/core.mjs:1113:60)
	    at Object.factory (ng:///AuthService/╔Áfac.js:4:55)
	    at callback (node_modules/@angular/core/fesm2022/core.mjs:3237:47)
	    at runInInjectorProfilerContext (node_modules/@angular/core/fesm2022/core.mjs:872:9)
	    at R3Injector.hydrate (node_modules/@angular/core/fesm2022/core.mjs:3236:21)
	    at R3Injector.get (node_modules/@angular/core/fesm2022/core.mjs:3099:33)
Chrome 145.0.0.0 (Windows 10): Executed 71 of 77[31m (28 FAILED)[39m (0 secs / 0.857 secs)
Chrome 145.0.0.0 (Windows 10): Executed 71 of 77[31m (28 FAILED)[39m (0 secs / 0.857 secs)
[1A[2K[1A[2K[31mChrome 145.0.0.0 (Windows 10) OrderListComponent Template Rendering should display "Cargando pedidos..." when isLoading is true FAILED[39m
	NullInjectorError: R3InjectorError(Standalone[OrderListComponent])[AuthService -> AuthService -> HttpClient -> HttpClient]: 
	  NullInjectorError: No provider for HttpClient!
	error properties: Object({ ngTempTokenPath: null, ngTokenPath: [ 'AuthService', 'AuthService', 'HttpClient', 'HttpClient' ] })
	    at NullInjector.get (node_modules/@angular/core/fesm2022/core.mjs:1663:27)
	    at R3Injector.get (node_modules/@angular/core/fesm2022/core.mjs:3109:33)
	    at R3Injector.get (node_modules/@angular/core/fesm2022/core.mjs:3109:33)
	    at injectInjectorOnly (node_modules/@angular/core/fesm2022/core.mjs:1107:40)
	    at ╔Á╔Áinject (node_modules/@angular/core/fesm2022/core.mjs:1113:60)
	    at Object.factory (ng:///AuthService/╔Áfac.js:4:55)
	    at callback (node_modules/@angular/core/fesm2022/core.mjs:3237:47)
	    at runInInjectorProfilerContext (node_modules/@angular/core/fesm2022/core.mjs:872:9)
	    at R3Injector.hydrate (node_modules/@angular/core/fesm2022/core.mjs:3236:21)
	    at R3Injector.get (node_modules/@angular/core/fesm2022/core.mjs:3099:33)
Chrome 145.0.0.0 (Windows 10): Executed 72 of 77[31m (29 FAILED)[39m (0 secs / 0.86 secs)
Chrome 145.0.0.0 (Windows 10): Executed 72 of 77[31m (29 FAILED)[39m (0 secs / 0.86 secs)
[1A[2K[1A[2K[31mChrome 145.0.0.0 (Windows 10) OrderListComponent Template Rendering should display error message when errorMensaje is set FAILED[39m
	NullInjectorError: R3InjectorError(Standalone[OrderListComponent])[AuthService -> AuthService -> HttpClient -> HttpClient]: 
	  NullInjectorError: No provider for HttpClient!
	error properties: Object({ ngTempTokenPath: null, ngTokenPath: [ 'AuthService', 'AuthService', 'HttpClient', 'HttpClient' ] })
	    at NullInjector.get (node_modules/@angular/core/fesm2022/core.mjs:1663:27)
	    at R3Injector.get (node_modules/@angular/core/fesm2022/core.mjs:3109:33)
	    at R3Injector.get (node_modules/@angular/core/fesm2022/core.mjs:3109:33)
	    at injectInjectorOnly (node_modules/@angular/core/fesm2022/core.mjs:1107:40)
	    at ╔Á╔Áinject (node_modules/@angular/core/fesm2022/core.mjs:1113:60)
	    at Object.factory (ng:///AuthService/╔Áfac.js:4:55)
	    at callback (node_modules/@angular/core/fesm2022/core.mjs:3237:47)
	    at runInInjectorProfilerContext (node_modules/@angular/core/fesm2022/core.mjs:872:9)
	    at R3Injector.hydrate (node_modules/@angular/core/fesm2022/core.mjs:3236:21)
	    at R3Injector.get (node_modules/@angular/core/fesm2022/core.mjs:3099:33)
Chrome 145.0.0.0 (Windows 10): Executed 73 of 77[31m (30 FAILED)[39m (0 secs / 0.863 secs)
Chrome 145.0.0.0 (Windows 10): Executed 73 of 77[31m (30 FAILED)[39m (0 secs / 0.863 secs)
[1A[2K[1A[2K[31mChrome 145.0.0.0 (Windows 10) OrderListComponent Template Rendering should display "A├║n no tienes pedidos." when pedidos is empty and not loading and no error FAILED[39m
	NullInjectorError: R3InjectorError(Standalone[OrderListComponent])[AuthService -> AuthService -> HttpClient -> HttpClient]: 
	  NullInjectorError: No provider for HttpClient!
	error properties: Object({ ngTempTokenPath: null, ngTokenPath: [ 'AuthService', 'AuthService', 'HttpClient', 'HttpClient' ] })
	    at NullInjector.get (node_modules/@angular/core/fesm2022/core.mjs:1663:27)
	    at R3Injector.get (node_modules/@angular/core/fesm2022/core.mjs:3109:33)
	    at R3Injector.get (node_modules/@angular/core/fesm2022/core.mjs:3109:33)
	    at injectInjectorOnly (node_modules/@angular/core/fesm2022/core.mjs:1107:40)
	    at ╔Á╔Áinject (node_modules/@angular/core/fesm2022/core.mjs:1113:60)
	    at Object.factory (ng:///AuthService/╔Áfac.js:4:55)
	    at callback (node_modules/@angular/core/fesm2022/core.mjs:3237:47)
	    at runInInjectorProfilerContext (node_modules/@angular/core/fesm2022/core.mjs:872:9)
	    at R3Injector.hydrate (node_modules/@angular/core/fesm2022/core.mjs:3236:21)
	    at R3Injector.get (node_modules/@angular/core/fesm2022/core.mjs:3099:33)
Chrome 145.0.0.0 (Windows 10): Executed 74 of 77[31m (31 FAILED)[39m (0 secs / 0.866 secs)
Chrome 145.0.0.0 (Windows 10): Executed 74 of 77[31m (31 FAILED)[39m (0 secs / 0.866 secs)
[1A[2K[1A[2K[31mChrome 145.0.0.0 (Windows 10) OrderListComponent Template Rendering should render order cards when pedidos has data FAILED[39m
	NullInjectorError: R3InjectorError(Standalone[OrderListComponent])[AuthService -> AuthService -> HttpClient -> HttpClient]: 
	  NullInjectorError: No provider for HttpClient!
	error properties: Object({ ngTempTokenPath: null, ngTokenPath: [ 'AuthService', 'AuthService', 'HttpClient', 'HttpClient' ] })
	    at NullInjector.get (node_modules/@angular/core/fesm2022/core.mjs:1663:27)
	    at R3Injector.get (node_modules/@angular/core/fesm2022/core.mjs:3109:33)
	    at R3Injector.get (node_modules/@angular/core/fesm2022/core.mjs:3109:33)
	    at injectInjectorOnly (node_modules/@angular/core/fesm2022/core.mjs:1107:40)
	    at ╔Á╔Áinject (node_modules/@angular/core/fesm2022/core.mjs:1113:60)
	    at Object.factory (ng:///AuthService/╔Áfac.js:4:55)
	    at callback (node_modules/@angular/core/fesm2022/core.mjs:3237:47)
	    at runInInjectorProfilerContext (node_modules/@angular/core/fesm2022/core.mjs:872:9)
	    at R3Injector.hydrate (node_modules/@angular/core/fesm2022/core.mjs:3236:21)
	    at R3Injector.get (node_modules/@angular/core/fesm2022/core.mjs:3099:33)
Chrome 145.0.0.0 (Windows 10): Executed 75 of 77[31m (32 FAILED)[39m (0 secs / 0.869 secs)
Chrome 145.0.0.0 (Windows 10): Executed 75 of 77[31m (32 FAILED)[39m (0 secs / 0.869 secs)
[1A[2K[1A[2K[31mChrome 145.0.0.0 (Windows 10) OrderListComponent Template Rendering should call irAPago when primary action button is clicked FAILED[39m
	NullInjectorError: R3InjectorError(Standalone[OrderListComponent])[AuthService -> AuthService -> HttpClient -> HttpClient]: 
	  NullInjectorError: No provider for HttpClient!
	error properties: Object({ ngTempTokenPath: null, ngTokenPath: [ 'AuthService', 'AuthService', 'HttpClient', 'HttpClient' ] })
	    at NullInjector.get (node_modules/@angular/core/fesm2022/core.mjs:1663:27)
	    at R3Injector.get (node_modules/@angular/core/fesm2022/core.mjs:3109:33)
	    at R3Injector.get (node_modules/@angular/core/fesm2022/core.mjs:3109:33)
	    at injectInjectorOnly (node_modules/@angular/core/fesm2022/core.mjs:1107:40)
	    at ╔Á╔Áinject (node_modules/@angular/core/fesm2022/core.mjs:1113:60)
	    at Object.factory (ng:///AuthService/╔Áfac.js:4:55)
	    at callback (node_modules/@angular/core/fesm2022/core.mjs:3237:47)
	    at runInInjectorProfilerContext (node_modules/@angular/core/fesm2022/core.mjs:872:9)
	    at R3Injector.hydrate (node_modules/@angular/core/fesm2022/core.mjs:3236:21)
	    at R3Injector.get (node_modules/@angular/core/fesm2022/core.mjs:3099:33)
Chrome 145.0.0.0 (Windows 10): Executed 76 of 77[31m (33 FAILED)[39m (0 secs / 0.872 secs)
Chrome 145.0.0.0 (Windows 10): Executed 76 of 77[31m (33 FAILED)[39m (0 secs / 0.872 secs)
[1A[2K[1A[2K[31mChrome 145.0.0.0 (Windows 10) OrderListComponent verDetalle should navigate to the order detail page with the correct pedidoId FAILED[39m
	NullInjectorError: R3InjectorError(Standalone[OrderListComponent])[AuthService -> AuthService -> HttpClient -> HttpClient]: 
	  NullInjectorError: No provider for HttpClient!
	error properties: Object({ ngTempTokenPath: null, ngTokenPath: [ 'AuthService', 'AuthService', 'HttpClient', 'HttpClient' ] })
	    at NullInjector.get (node_modules/@angular/core/fesm2022/core.mjs:1663:27)
	    at R3Injector.get (node_modules/@angular/core/fesm2022/core.mjs:3109:33)
	    at R3Injector.get (node_modules/@angular/core/fesm2022/core.mjs:3109:33)
	    at injectInjectorOnly (node_modules/@angular/core/fesm2022/core.mjs:1107:40)
	    at ╔Á╔Áinject (node_modules/@angular/core/fesm2022/core.mjs:1113:60)
	    at Object.factory (ng:///AuthService/╔Áfac.js:4:55)
	    at callback (node_modules/@angular/core/fesm2022/core.mjs:3237:47)
	    at runInInjectorProfilerContext (node_modules/@angular/core/fesm2022/core.mjs:872:9)
	    at R3Injector.hydrate (node_modules/@angular/core/fesm2022/core.mjs:3236:21)
	    at R3Injector.get (node_modules/@angular/core/fesm2022/core.mjs:3099:33)
Chrome 145.0.0.0 (Windows 10): Executed 77 of 77[31m (34 FAILED)[39m (0 secs / 0.877 secs)
Chrome 145.0.0.0 (Windows 10): Executed 77 of 77[31m (34 FAILED)[39m (0 secs / 0.877 secs)
[1A[2K[1A[2K[31mChrome 145.0.0.0 (Windows 10) OrderListComponent should create FAILED[39m
	NullInjectorError: R3InjectorError(Standalone[OrderListComponent])[AuthService -> AuthService -> HttpClient -> HttpClient]: 
	  NullInjectorError: No provider for HttpClient!
	error properties: Object({ ngTempTokenPath: null, ngTokenPath: [ 'AuthService', 'AuthService', 'HttpClient', 'HttpClient' ] })
	    at NullInjector.get (node_modules/@angular/core/fesm2022/core.mjs:1663:27)
	    at R3Injector.get (node_modules/@angular/core/fesm2022/core.mjs:3109:33)
	    at R3Injector.get (node_modules/@angular/core/fesm2022/core.mjs:3109:33)
	    at injectInjectorOnly (node_modules/@angular/core/fesm2022/core.mjs:1107:40)
	    at ╔Á╔Áinject (node_modules/@angular/core/fesm2022/core.mjs:1113:60)
	    at Object.factory (ng:///AuthService/╔Áfac.js:4:55)
	    at callback (node_modules/@angular/core/fesm2022/core.mjs:3237:47)
	    at runInInjectorProfilerContext (node_modules/@angular/core/fesm2022/core.mjs:872:9)
	    at R3Injector.hydrate (node_modules/@angular/core/fesm2022/core.mjs:3236:21)
	    at R3Injector.get (node_modules/@angular/core/fesm2022/core.mjs:3099:33)
Chrome 145.0.0.0 (Windows 10): Executed 78 of 77[31m (35 FAILED)[39m (0 secs / 0.881 secs)
Chrome 145.0.0.0 (Windows 10): Executed 78 of 77[31m (35 FAILED)[39m (0 secs / 0.881 secs)
[1A[2K[1A[2KChrome 145.0.0.0 (Windows 10): Executed 78 of 77[31m (35 FAILED)[39m (5.393 secs / 0.881 secs)
Chrome 145.0.0.0 (Windows 10): Executed 78 of 77[31m (35 FAILED)[39m (5.393 secs / 0.881 secs)
ÔêÜ Browser application bundle generation complete.
ÔêÜ Browser application bundle generation complete.
ÔêÜ Browser application bundle generation complete.
ÔêÜ Browser application bundle generation complete.
Chrome 145.0.0.0 (Windows 10): Executed 0 of 77[32m SUCCESS[39m (0 secs / 0 secs)
[1A[2KChrome 145.0.0.0 (Windows 10): Executed 0 of 77[32m SUCCESS[39m (0.003 secs / 0 secs)
[32mTOTAL: 0 SUCCESS[39m
[33m27 02 2026 17:40:57.724:WARN [Chrome 145.0.0.0 (Windows 10)]: [39mAdapter did not report total number of specs.

[1A[2K[1A[2KChrome 145.0.0.0 (Windows 10): Executed 0 of null[32m SUCCESS[39m (0 secs / 0 secs)
Chrome 145.0.0.0 (Windows 10): Executed 0 of null[32m SUCCESS[39m (0 secs / 0 secs)
[1A[2K[1A[2K[31mChrome 145.0.0.0 (Windows 10) PagoComponent should fetch order status on init FAILED[39m
	TypeError: Cannot redefine property: location
	    at Object.defineProperty (<anonymous>)
	    at UserContext.<anonymous> (src/app/components/pages/pago/pago.component.spec.ts:70:12)
	    at Generator.next (<anonymous>)
	    at asyncGeneratorStep (node_modules/@babel/runtime/helpers/esm/asyncToGenerator.js:3:1)
	    at apply (node_modules/@babel/runtime/helpers/esm/asyncToGenerator.js:17:1)
	    at _ZoneDelegate.invoke (node_modules/zone.js/fesm2015/zone.js:369:28)
	    at ProxyZoneSpec.onInvoke (node_modules/zone.js/fesm2015/zone-testing.js:2081:39)
	    at _ZoneDelegate.invoke (node_modules/zone.js/fesm2015/zone.js:368:34)
	    at ZoneImpl.run (node_modules/zone.js/fesm2015/zone.js:111:43)
	    at node_modules/zone.js/fesm2015/zone.js:2538:40
Chrome 145.0.0.0 (Windows 10): Executed 1 of null[31m (1 FAILED)[39m (0 secs / 0.163 secs)
Chrome 145.0.0.0 (Windows 10): Executed 1 of null[31m (1 FAILED)[39m (0 secs / 0.163 secs)
[1A[2K[1A[2KChrome 145.0.0.0 (Windows 10): Executed 2 of 77[31m (1 FAILED)[39m (0 secs / 0.245 secs)
Chrome 145.0.0.0 (Windows 10): Executed 2 of 77[31m (1 FAILED)[39m (0 secs / 0.245 secs)
[1A[2K[1A[2KChrome 145.0.0.0 (Windows 10) ERROR: [36m'Error fetching orders:', Object{status: 500, message: 'Server Error'}[39m
Chrome 145.0.0.0 (Windows 10): Executed 2 of 77[31m (1 FAILED)[39m (0 secs / 0.245 secs)
Chrome 145.0.0.0 (Windows 10): Executed 2 of 77[31m (1 FAILED)[39m (0 secs / 0.245 secs)
Chrome 145.0.0.0 (Windows 10) ERROR: 'Error fetching orders:', Object{status: 500, message: 'Server Error'}
[1A[2K[1A[2KChrome 145.0.0.0 (Windows 10): Executed 3 of 77[31m (1 FAILED)[39m (0 secs / 0.251 secs)
Chrome 145.0.0.0 (Windows 10): Executed 3 of 77[31m (1 FAILED)[39m (0 secs / 0.251 secs)
[1A[2K[1A[2K[31mChrome 145.0.0.0 (Windows 10) OrderListComponent ngOnInit should assign pedidos on successful data fetch FAILED[39m
	Expected 0 to be 2.
	    at <Jasmine>
	    at UserContext.apply (src/app/components/pages/order-list/order-list.component.spec.ts:69:40)
	    at UserContext.apply (node_modules/zone.js/fesm2015/zone-testing.js:1702:26)
	    at _ZoneDelegate.invoke (node_modules/zone.js/fesm2015/zone.js:369:28)
	    at ProxyZoneSpec.onInvoke (node_modules/zone.js/fesm2015/zone-testing.js:2081:39)
	Expected $.length = 0 to equal 2.
	Expected $[0] = undefined to equal Object({ id: 1, fecha: '2023-01-15T10:00:00Z', nombre: 'Cliente A', correo: 'a@a.com', direccion: 'Dir A', telefono: '123', items: [  ], total: 100, estado: 'ENTREGADO', userId: 1, correoUsuario: 'a@a.com' }).
	Expected $[1] = undefined to equal Object({ id: 2, fecha: '2023-01-16T11:00:00Z', nombre: 'Cliente B', correo: 'b@b.com', direccion: 'Dir B', telefono: '456', items: [  ], total: 200, estado: 'PAGO_PENDIENTE', userId: 2, correoUsuario: 'b@b.com' }).
	    at <Jasmine>
	    at UserContext.apply (src/app/components/pages/order-list/order-list.component.spec.ts:70:33)
	    at UserContext.apply (node_modules/zone.js/fesm2015/zone-testing.js:1702:26)
	    at _ZoneDelegate.invoke (node_modules/zone.js/fesm2015/zone.js:369:28)
	    at ProxyZoneSpec.onInvoke (node_modules/zone.js/fesm2015/zone-testing.js:2081:39)
Chrome 145.0.0.0 (Windows 10): Executed 4 of 77[31m (2 FAILED)[39m (0 secs / 0.26 secs)
Chrome 145.0.0.0 (Windows 10): Executed 4 of 77[31m (2 FAILED)[39m (0 secs / 0.26 secs)
[1A[2K[1A[2K[31mChrome 145.0.0.0 (Windows 10) OrderListComponent Template Rendering should display error message when errorMensaje is set FAILED[39m
	TypeError: Cannot read properties of undefined (reading 'subscribe')
	    at OrderListComponent.loadOrders (src/app/components/pages/order-list/order-list.component.ts:63:35)
	    at OrderListComponent.call [as ngOnInit] (src/app/components/pages/order-list/order-list.component.ts:55:10)
	    at callHookInternal (node_modules/@angular/core/fesm2022/core.mjs:5154:14)
	    at callHook (node_modules/@angular/core/fesm2022/core.mjs:5181:13)
	    at callHooks (node_modules/@angular/core/fesm2022/core.mjs:5135:17)
	    at executeInitAndCheckHooks (node_modules/@angular/core/fesm2022/core.mjs:5085:9)
	    at refreshView (node_modules/@angular/core/fesm2022/core.mjs:13792:21)
	    at detectChangesInView (node_modules/@angular/core/fesm2022/core.mjs:13993:9)
	    at detectChangesInViewWhileDirty (node_modules/@angular/core/fesm2022/core.mjs:13688:9)
	    at detectChangesInternal (node_modules/@angular/core/fesm2022/core.mjs:13667:9)
Chrome 145.0.0.0 (Windows 10): Executed 5 of 77[31m (3 FAILED)[39m (0 secs / 0.268 secs)
Chrome 145.0.0.0 (Windows 10): Executed 5 of 77[31m (3 FAILED)[39m (0 secs / 0.268 secs)
[1A[2K[1A[2K[31mChrome 145.0.0.0 (Windows 10) OrderListComponent Template Rendering should display "Cargando pedidos..." when isLoading is true FAILED[39m
	TypeError: Cannot read properties of undefined (reading 'subscribe')
	    at OrderListComponent.loadOrders (src/app/components/pages/order-list/order-list.component.ts:63:35)
	    at OrderListComponent.call [as ngOnInit] (src/app/components/pages/order-list/order-list.component.ts:55:10)
	    at callHookInternal (node_modules/@angular/core/fesm2022/core.mjs:5154:14)
	    at callHook (node_modules/@angular/core/fesm2022/core.mjs:5181:13)
	    at callHooks (node_modules/@angular/core/fesm2022/core.mjs:5135:17)
	    at executeInitAndCheckHooks (node_modules/@angular/core/fesm2022/core.mjs:5085:9)
	    at refreshView (node_modules/@angular/core/fesm2022/core.mjs:13792:21)
	    at detectChangesInView (node_modules/@angular/core/fesm2022/core.mjs:13993:9)
	    at detectChangesInViewWhileDirty (node_modules/@angular/core/fesm2022/core.mjs:13688:9)
	    at detectChangesInternal (node_modules/@angular/core/fesm2022/core.mjs:13667:9)
Chrome 145.0.0.0 (Windows 10): Executed 6 of 77[31m (4 FAILED)[39m (0 secs / 0.274 secs)
Chrome 145.0.0.0 (Windows 10): Executed 6 of 77[31m (4 FAILED)[39m (0 secs / 0.274 secs)
[1A[2K[1A[2K[31mChrome 145.0.0.0 (Windows 10) OrderListComponent Template Rendering should render order cards when pedidos has data FAILED[39m
	Expected 0 to be 2.
	    at <Jasmine>
	    at UserContext.apply (src/app/components/pages/order-list/order-list.component.spec.ts:134:32)
	    at UserContext.apply (node_modules/zone.js/fesm2015/zone-testing.js:1702:26)
	    at _ZoneDelegate.invoke (node_modules/zone.js/fesm2015/zone.js:369:28)
	    at ProxyZoneSpec.onInvoke (node_modules/zone.js/fesm2015/zone-testing.js:2081:39)
	TypeError: Cannot read properties of undefined (reading 'query')
	    at UserContext.apply (src/app/components/pages/order-list/order-list.component.spec.ts:137:23)
	    at UserContext.apply (node_modules/zone.js/fesm2015/zone-testing.js:1702:26)
	    at _ZoneDelegate.invoke (node_modules/zone.js/fesm2015/zone.js:369:28)
	    at ProxyZoneSpec.onInvoke (node_modules/zone.js/fesm2015/zone-testing.js:2081:39)
	    at _ZoneDelegate.invoke (node_modules/zone.js/fesm2015/zone.js:368:34)
	    at ZoneImpl.run (node_modules/zone.js/fesm2015/zone.js:111:43)
	    at runInTestZone (node_modules/zone.js/fesm2015/zone-testing.js:216:38)
	    at UserContext.<anonymous> (node_modules/zone.js/fesm2015/zone-testing.js:234:32)
	    at <Jasmine>
Chrome 145.0.0.0 (Windows 10): Executed 7 of 77[31m (5 FAILED)[39m (0 secs / 0.285 secs)
Chrome 145.0.0.0 (Windows 10): Executed 7 of 77[31m (5 FAILED)[39m (0 secs / 0.285 secs)
[1A[2K[1A[2K[31mChrome 145.0.0.0 (Windows 10) OrderListComponent Template Rendering should display "A├║n no tienes pedidos." when pedidos is empty and not loading and no error FAILED[39m
	TypeError: Cannot read properties of undefined (reading 'subscribe')
	    at OrderListComponent.loadOrders (src/app/components/pages/order-list/order-list.component.ts:63:35)
	    at OrderListComponent.call [as ngOnInit] (src/app/components/pages/order-list/order-list.component.ts:55:10)
	    at callHookInternal (node_modules/@angular/core/fesm2022/core.mjs:5154:14)
	    at callHook (node_modules/@angular/core/fesm2022/core.mjs:5181:13)
	    at callHooks (node_modules/@angular/core/fesm2022/core.mjs:5135:17)
	    at executeInitAndCheckHooks (node_modules/@angular/core/fesm2022/core.mjs:5085:9)
	    at refreshView (node_modules/@angular/core/fesm2022/core.mjs:13792:21)
	    at detectChangesInView (node_modules/@angular/core/fesm2022/core.mjs:13993:9)
	    at detectChangesInViewWhileDirty (node_modules/@angular/core/fesm2022/core.mjs:13688:9)
	    at detectChangesInternal (node_modules/@angular/core/fesm2022/core.mjs:13667:9)
Chrome 145.0.0.0 (Windows 10): Executed 8 of 77[31m (6 FAILED)[39m (0 secs / 0.291 secs)
Chrome 145.0.0.0 (Windows 10): Executed 8 of 77[31m (6 FAILED)[39m (0 secs / 0.291 secs)
[1A[2K[1A[2K[31mChrome 145.0.0.0 (Windows 10) OrderListComponent Template Rendering should display "Pedidos" title FAILED[39m
	TypeError: Cannot read properties of undefined (reading 'subscribe')
	    at OrderListComponent.loadOrders (src/app/components/pages/order-list/order-list.component.ts:63:35)
	    at OrderListComponent.call [as ngOnInit] (src/app/components/pages/order-list/order-list.component.ts:55:10)
	    at callHookInternal (node_modules/@angular/core/fesm2022/core.mjs:5154:14)
	    at callHook (node_modules/@angular/core/fesm2022/core.mjs:5181:13)
	    at callHooks (node_modules/@angular/core/fesm2022/core.mjs:5135:17)
	    at executeInitAndCheckHooks (node_modules/@angular/core/fesm2022/core.mjs:5085:9)
	    at refreshView (node_modules/@angular/core/fesm2022/core.mjs:13792:21)
	    at detectChangesInView (node_modules/@angular/core/fesm2022/core.mjs:13993:9)
	    at detectChangesInViewWhileDirty (node_modules/@angular/core/fesm2022/core.mjs:13688:9)
	    at detectChangesInternal (node_modules/@angular/core/fesm2022/core.mjs:13667:9)
Chrome 145.0.0.0 (Windows 10): Executed 9 of 77[31m (7 FAILED)[39m (0 secs / 0.297 secs)
Chrome 145.0.0.0 (Windows 10): Executed 9 of 77[31m (7 FAILED)[39m (0 secs / 0.297 secs)
[1A[2K[1A[2K[31mChrome 145.0.0.0 (Windows 10) OrderListComponent Template Rendering should call irAPago when primary action button is clicked FAILED[39m
	TypeError: Cannot read properties of null (reading 'triggerEventHandler')
	    at UserContext.apply (src/app/components/pages/order-list/order-list.component.spec.ts:160:14)
	    at UserContext.apply (node_modules/zone.js/fesm2015/zone-testing.js:1702:26)
	    at _ZoneDelegate.invoke (node_modules/zone.js/fesm2015/zone.js:369:28)
	    at ProxyZoneSpec.onInvoke (node_modules/zone.js/fesm2015/zone-testing.js:2081:39)
	    at _ZoneDelegate.invoke (node_modules/zone.js/fesm2015/zone.js:368:34)
	    at ZoneImpl.run (node_modules/zone.js/fesm2015/zone.js:111:43)
	    at runInTestZone (node_modules/zone.js/fesm2015/zone-testing.js:216:38)
	    at UserContext.<anonymous> (node_modules/zone.js/fesm2015/zone-testing.js:234:32)
	    at <Jasmine>
Chrome 145.0.0.0 (Windows 10): Executed 10 of 77[31m (8 FAILED)[39m (0 secs / 0.303 secs)
Chrome 145.0.0.0 (Windows 10): Executed 10 of 77[31m (8 FAILED)[39m (0 secs / 0.303 secs)
[1A[2K[1A[2KChrome 145.0.0.0 (Windows 10): Executed 11 of 77[31m (8 FAILED)[39m (0 secs / 0.307 secs)
Chrome 145.0.0.0 (Windows 10): Executed 11 of 77[31m (8 FAILED)[39m (0 secs / 0.307 secs)
[1A[2K[1A[2KChrome 145.0.0.0 (Windows 10): Executed 12 of 77[31m (8 FAILED)[39m (0 secs / 0.31 secs)
Chrome 145.0.0.0 (Windows 10): Executed 12 of 77[31m (8 FAILED)[39m (0 secs / 0.31 secs)
[1A[2K[1A[2KChrome 145.0.0.0 (Windows 10): Executed 13 of 77[31m (8 FAILED)[39m (0 secs / 0.368 secs)
Chrome 145.0.0.0 (Windows 10): Executed 13 of 77[31m (8 FAILED)[39m (0 secs / 0.368 secs)
[1A[2K[1A[2KChrome 145.0.0.0 (Windows 10): Executed 14 of 77[31m (8 FAILED)[39m (0 secs / 0.371 secs)
Chrome 145.0.0.0 (Windows 10): Executed 14 of 77[31m (8 FAILED)[39m (0 secs / 0.371 secs)
[1A[2K[1A[2K[31mChrome 145.0.0.0 (Windows 10) AdminDashboardComponent should update counters with data from services FAILED[39m
	Expected 10 to be 0.
	    at <Jasmine>
	    at UserContext.apply (src/app/components/pages/admin/admin-dashboard/admin-dashboard.component.spec.ts:69:37)
	    at _ZoneDelegate.invoke (node_modules/zone.js/fesm2015/zone.js:369:28)
	    at ProxyZoneSpec.onInvoke (node_modules/zone.js/fesm2015/zone-testing.js:2081:39)
	    at _ZoneDelegate.invoke (node_modules/zone.js/fesm2015/zone.js:368:34)
Chrome 145.0.0.0 (Windows 10): Executed 15 of 77[31m (9 FAILED)[39m (0 secs / 0.402 secs)
Chrome 145.0.0.0 (Windows 10): Executed 15 of 77[31m (9 FAILED)[39m (0 secs / 0.402 secs)
[1A[2K[1A[2KChrome 145.0.0.0 (Windows 10): Executed 16 of 77[31m (9 FAILED)[39m (0 secs / 0.411 secs)
Chrome 145.0.0.0 (Windows 10): Executed 16 of 77[31m (9 FAILED)[39m (0 secs / 0.411 secs)
[1A[2K[1A[2KChrome 145.0.0.0 (Windows 10): Executed 17 of 77[31m (9 FAILED)[39m (0 secs / 0.427 secs)
Chrome 145.0.0.0 (Windows 10): Executed 17 of 77[31m (9 FAILED)[39m (0 secs / 0.427 secs)
[33m27 02 2026 17:41:00.799:WARN [web-server]: [39m404: /_karma_webpack_/assets/icons/cuentos.svg
[33m27 02 2026 17:41:00.800:WARN [web-server]: [39m404: /_karma_webpack_/assets/icons/dashboard.svg
[1A[2K[1A[2KChrome 145.0.0.0 (Windows 10): Executed 18 of 77[31m (9 FAILED)[39m (0 secs / 0.455 secs)
Chrome 145.0.0.0 (Windows 10): Executed 18 of 77[31m (9 FAILED)[39m (0 secs / 0.455 secs)
[33m27 02 2026 17:41:00.831:WARN [web-server]: [39m404: /_karma_webpack_/assets/icons/usuarios.svg
[33m27 02 2026 17:41:00.832:WARN [web-server]: [39m404: /_karma_webpack_/assets/icons/pedidos.svg
[1A[2K[1A[2KChrome 145.0.0.0 (Windows 10): Executed 19 of 77[31m (9 FAILED)[39m (0 secs / 0.473 secs)
Chrome 145.0.0.0 (Windows 10): Executed 19 of 77[31m (9 FAILED)[39m (0 secs / 0.473 secs)
[33m27 02 2026 17:41:00.851:WARN [web-server]: [39m404: /_karma_webpack_/assets/icons/config.svg
[1A[2K[1A[2K[31mChrome 145.0.0.0 (Windows 10) DetalleCuentoComponent should create FAILED[39m
	Error: NG0303: Can't bind to 'appLazyLoad' since it isn't a known property of 'img' (used in the 'DetalleCuentoComponent' component template).
	1. If 'img' is an Angular component and it has the 'appLazyLoad' input, then verify that it is a part of an @NgModule where this component is declared.
	2. To allow any property add 'NO_ERRORS_SCHEMA' to the '@NgModule.schemas' of this component.
	error properties: Object({ code: 303 })
	    at reportUnknownPropertyError (node_modules/@angular/core/fesm2022/core.mjs:10630:15)
	    at handleUnknownPropertyError (node_modules/@angular/core/fesm2022/core.mjs:10626:5)
	    at elementPropertyInternal (node_modules/@angular/core/fesm2022/core.mjs:12600:17)
	    at ╔Á╔Áproperty (node_modules/@angular/core/fesm2022/core.mjs:22504:9)
	    at templateFn (ng:///DetalleCuentoComponent.js:485:9)
	    at executeTemplate (node_modules/@angular/core/fesm2022/core.mjs:12159:9)
	    at refreshView (node_modules/@angular/core/fesm2022/core.mjs:13777:13)
	    at detectChangesInView (node_modules/@angular/core/fesm2022/core.mjs:13993:9)
	    at detectChangesInViewIfAttached (node_modules/@angular/core/fesm2022/core.mjs:13953:5)
	    at detectChangesInComponent (node_modules/@angular/core/fesm2022/core.mjs:13942:5)
Chrome 145.0.0.0 (Windows 10): Executed 20 of 77[31m (10 FAILED)[39m (0 secs / 0.529 secs)
Chrome 145.0.0.0 (Windows 10): Executed 20 of 77[31m (10 FAILED)[39m (0 secs / 0.529 secs)
[1A[2K[1A[2K[31mChrome 145.0.0.0 (Windows 10) PagoComponent pagarConMercadoPagoConfirmado should redirect to the correct Mercado Pago URL FAILED[39m
	TypeError: Cannot redefine property: location
	    at Object.defineProperty (<anonymous>)
	    at UserContext.<anonymous> (src/app/components/pages/pago/pago.component.spec.ts:70:12)
	    at Generator.next (<anonymous>)
	    at asyncGeneratorStep (node_modules/@babel/runtime/helpers/esm/asyncToGenerator.js:3:1)
	    at apply (node_modules/@babel/runtime/helpers/esm/asyncToGenerator.js:17:1)
	    at _ZoneDelegate.invoke (node_modules/zone.js/fesm2015/zone.js:369:28)
	    at ProxyZoneSpec.onInvoke (node_modules/zone.js/fesm2015/zone-testing.js:2081:39)
	    at _ZoneDelegate.invoke (node_modules/zone.js/fesm2015/zone.js:368:34)
	    at ZoneImpl.run (node_modules/zone.js/fesm2015/zone.js:111:43)
	    at node_modules/zone.js/fesm2015/zone.js:2538:40
Chrome 145.0.0.0 (Windows 10): Executed 21 of 77[31m (11 FAILED)[39m (0 secs / 0.549 secs)
Chrome 145.0.0.0 (Windows 10): Executed 21 of 77[31m (11 FAILED)[39m (0 secs / 0.549 secs)
[1A[2K[1A[2K[31mChrome 145.0.0.0 (Windows 10) PagoComponent ngOnInit - Mercado Pago Callback should NOT confirm payment if external_reference does not match pedidoId FAILED[39m
	TypeError: Cannot redefine property: location
	    at Object.defineProperty (<anonymous>)
	    at UserContext.<anonymous> (src/app/components/pages/pago/pago.component.spec.ts:70:12)
	    at Generator.next (<anonymous>)
	    at asyncGeneratorStep (node_modules/@babel/runtime/helpers/esm/asyncToGenerator.js:3:1)
	    at apply (node_modules/@babel/runtime/helpers/esm/asyncToGenerator.js:17:1)
	    at _ZoneDelegate.invoke (node_modules/zone.js/fesm2015/zone.js:369:28)
	    at ProxyZoneSpec.onInvoke (node_modules/zone.js/fesm2015/zone-testing.js:2081:39)
	    at _ZoneDelegate.invoke (node_modules/zone.js/fesm2015/zone.js:368:34)
	    at ZoneImpl.run (node_modules/zone.js/fesm2015/zone.js:111:43)
	    at node_modules/zone.js/fesm2015/zone.js:2538:40
Chrome 145.0.0.0 (Windows 10): Executed 22 of 77[31m (12 FAILED)[39m (0 secs / 0.552 secs)
Chrome 145.0.0.0 (Windows 10): Executed 22 of 77[31m (12 FAILED)[39m (0 secs / 0.552 secs)
[1A[2K[1A[2K[31mChrome 145.0.0.0 (Windows 10) PagoComponent ngOnInit - Mercado Pago Callback should show info message if payment status is not "approved" but external_reference matches FAILED[39m
	TypeError: Cannot redefine property: location
	    at Object.defineProperty (<anonymous>)
	    at UserContext.<anonymous> (src/app/components/pages/pago/pago.component.spec.ts:70:12)
	    at Generator.next (<anonymous>)
	    at asyncGeneratorStep (node_modules/@babel/runtime/helpers/esm/asyncToGenerator.js:3:1)
	    at apply (node_modules/@babel/runtime/helpers/esm/asyncToGenerator.js:17:1)
	    at _ZoneDelegate.invoke (node_modules/zone.js/fesm2015/zone.js:369:28)
	    at ProxyZoneSpec.onInvoke (node_modules/zone.js/fesm2015/zone-testing.js:2081:39)
	    at _ZoneDelegate.invoke (node_modules/zone.js/fesm2015/zone.js:368:34)
	    at ZoneImpl.run (node_modules/zone.js/fesm2015/zone.js:111:43)
	    at node_modules/zone.js/fesm2015/zone.js:2538:40
Chrome 145.0.0.0 (Windows 10): Executed 23 of 77[31m (13 FAILED)[39m (0 secs / 0.556 secs)
Chrome 145.0.0.0 (Windows 10): Executed 23 of 77[31m (13 FAILED)[39m (0 secs / 0.556 secs)
[1A[2K[1A[2K[31mChrome 145.0.0.0 (Windows 10) PagoComponent ngOnInit - Mercado Pago Callback should confirm payment if collection_status is "approved" and external_reference matches pedidoId FAILED[39m
	TypeError: Cannot redefine property: location
	    at Object.defineProperty (<anonymous>)
	    at UserContext.<anonymous> (src/app/components/pages/pago/pago.component.spec.ts:70:12)
	    at Generator.next (<anonymous>)
	    at asyncGeneratorStep (node_modules/@babel/runtime/helpers/esm/asyncToGenerator.js:3:1)
	    at apply (node_modules/@babel/runtime/helpers/esm/asyncToGenerator.js:17:1)
	    at _ZoneDelegate.invoke (node_modules/zone.js/fesm2015/zone.js:369:28)
	    at ProxyZoneSpec.onInvoke (node_modules/zone.js/fesm2015/zone-testing.js:2081:39)
	    at _ZoneDelegate.invoke (node_modules/zone.js/fesm2015/zone.js:368:34)
	    at ZoneImpl.run (node_modules/zone.js/fesm2015/zone.js:111:43)
	    at node_modules/zone.js/fesm2015/zone.js:2538:40
Chrome 145.0.0.0 (Windows 10): Executed 24 of 77[31m (14 FAILED)[39m (0 secs / 0.558 secs)
Chrome 145.0.0.0 (Windows 10): Executed 24 of 77[31m (14 FAILED)[39m (0 secs / 0.558 secs)
[1A[2K[1A[2K[31mChrome 145.0.0.0 (Windows 10) PagoComponent ngOnInit - Mercado Pago Callback should NOT confirm payment if collection_status is not "approved" FAILED[39m
	TypeError: Cannot redefine property: location
	    at Object.defineProperty (<anonymous>)
	    at UserContext.<anonymous> (src/app/components/pages/pago/pago.component.spec.ts:70:12)
	    at Generator.next (<anonymous>)
	    at asyncGeneratorStep (node_modules/@babel/runtime/helpers/esm/asyncToGenerator.js:3:1)
	    at apply (node_modules/@babel/runtime/helpers/esm/asyncToGenerator.js:17:1)
	    at _ZoneDelegate.invoke (node_modules/zone.js/fesm2015/zone.js:369:28)
	    at ProxyZoneSpec.onInvoke (node_modules/zone.js/fesm2015/zone-testing.js:2081:39)
	    at _ZoneDelegate.invoke (node_modules/zone.js/fesm2015/zone.js:368:34)
	    at ZoneImpl.run (node_modules/zone.js/fesm2015/zone.js:111:43)
	    at node_modules/zone.js/fesm2015/zone.js:2538:40
Chrome 145.0.0.0 (Windows 10): Executed 25 of 77[31m (15 FAILED)[39m (0 secs / 0.561 secs)
Chrome 145.0.0.0 (Windows 10): Executed 25 of 77[31m (15 FAILED)[39m (0 secs / 0.561 secs)
[1A[2K[1A[2K[31mChrome 145.0.0.0 (Windows 10) PagoComponent ngOnInit - Mercado Pago Callback should handle error if confirmarPagoMercadoPago fails FAILED[39m
	TypeError: Cannot redefine property: location
	    at Object.defineProperty (<anonymous>)
	    at UserContext.<anonymous> (src/app/components/pages/pago/pago.component.spec.ts:70:12)
	    at Generator.next (<anonymous>)
	    at asyncGeneratorStep (node_modules/@babel/runtime/helpers/esm/asyncToGenerator.js:3:1)
	    at apply (node_modules/@babel/runtime/helpers/esm/asyncToGenerator.js:17:1)
	    at _ZoneDelegate.invoke (node_modules/zone.js/fesm2015/zone.js:369:28)
	    at ProxyZoneSpec.onInvoke (node_modules/zone.js/fesm2015/zone-testing.js:2081:39)
	    at _ZoneDelegate.invoke (node_modules/zone.js/fesm2015/zone.js:368:34)
	    at ZoneImpl.run (node_modules/zone.js/fesm2015/zone.js:111:43)
	    at node_modules/zone.js/fesm2015/zone.js:2538:40
Chrome 145.0.0.0 (Windows 10): Executed 26 of 77[31m (16 FAILED)[39m (0 secs / 0.563 secs)
Chrome 145.0.0.0 (Windows 10): Executed 26 of 77[31m (16 FAILED)[39m (0 secs / 0.563 secs)
[1A[2K[1A[2K[31mChrome 145.0.0.0 (Windows 10) PagoComponent ngOnInit - Mercado Pago Callback should not call confirmarPagoMercadoPago if no relevant query params are present FAILED[39m
	TypeError: Cannot redefine property: location
	    at Object.defineProperty (<anonymous>)
	    at UserContext.<anonymous> (src/app/components/pages/pago/pago.component.spec.ts:70:12)
	    at Generator.next (<anonymous>)
	    at asyncGeneratorStep (node_modules/@babel/runtime/helpers/esm/asyncToGenerator.js:3:1)
	    at apply (node_modules/@babel/runtime/helpers/esm/asyncToGenerator.js:17:1)
	    at _ZoneDelegate.invoke (node_modules/zone.js/fesm2015/zone.js:369:28)
	    at ProxyZoneSpec.onInvoke (node_modules/zone.js/fesm2015/zone-testing.js:2081:39)
	    at _ZoneDelegate.invoke (node_modules/zone.js/fesm2015/zone.js:368:34)
	    at ZoneImpl.run (node_modules/zone.js/fesm2015/zone.js:111:43)
	    at node_modules/zone.js/fesm2015/zone.js:2538:40
Chrome 145.0.0.0 (Windows 10): Executed 27 of 77[31m (17 FAILED)[39m (0 secs / 0.565 secs)
Chrome 145.0.0.0 (Windows 10): Executed 27 of 77[31m (17 FAILED)[39m (0 secs / 0.565 secs)
[1A[2K[1A[2K[31mChrome 145.0.0.0 (Windows 10) PagoComponent should fetch order status on init FAILED[39m
	TypeError: Cannot redefine property: location
	    at Object.defineProperty (<anonymous>)
	    at UserContext.<anonymous> (src/app/components/pages/pago/pago.component.spec.ts:70:12)
	    at Generator.next (<anonymous>)
	    at asyncGeneratorStep (node_modules/@babel/runtime/helpers/esm/asyncToGenerator.js:3:1)
	    at apply (node_modules/@babel/runtime/helpers/esm/asyncToGenerator.js:17:1)
	    at _ZoneDelegate.invoke (node_modules/zone.js/fesm2015/zone.js:369:28)
	    at ProxyZoneSpec.onInvoke (node_modules/zone.js/fesm2015/zone-testing.js:2081:39)
	    at _ZoneDelegate.invoke (node_modules/zone.js/fesm2015/zone.js:368:34)
	    at ZoneImpl.run (node_modules/zone.js/fesm2015/zone.js:111:43)
	    at node_modules/zone.js/fesm2015/zone.js:2538:40
Chrome 145.0.0.0 (Windows 10): Executed 28 of 77[31m (18 FAILED)[39m (0 secs / 0.567 secs)
Chrome 145.0.0.0 (Windows 10): Executed 28 of 77[31m (18 FAILED)[39m (0 secs / 0.567 secs)
[1A[2K[1A[2K[31mChrome 145.0.0.0 (Windows 10) PagoComponent should create FAILED[39m
	TypeError: Cannot redefine property: location
	    at Object.defineProperty (<anonymous>)
	    at UserContext.<anonymous> (src/app/components/pages/pago/pago.component.spec.ts:70:12)
	    at Generator.next (<anonymous>)
	    at asyncGeneratorStep (node_modules/@babel/runtime/helpers/esm/asyncToGenerator.js:3:1)
	    at apply (node_modules/@babel/runtime/helpers/esm/asyncToGenerator.js:17:1)
	    at _ZoneDelegate.invoke (node_modules/zone.js/fesm2015/zone.js:369:28)
	    at ProxyZoneSpec.onInvoke (node_modules/zone.js/fesm2015/zone-testing.js:2081:39)
	    at _ZoneDelegate.invoke (node_modules/zone.js/fesm2015/zone.js:368:34)
	    at ZoneImpl.run (node_modules/zone.js/fesm2015/zone.js:111:43)
	    at node_modules/zone.js/fesm2015/zone.js:2538:40
Chrome 145.0.0.0 (Windows 10): Executed 29 of 77[31m (19 FAILED)[39m (0 secs / 0.57 secs)
Chrome 145.0.0.0 (Windows 10): Executed 29 of 77[31m (19 FAILED)[39m (0 secs / 0.57 secs)
[1A[2K[1A[2KChrome 145.0.0.0 (Windows 10): Executed 30 of 77[31m (19 FAILED)[39m (0 secs / 0.585 secs)
Chrome 145.0.0.0 (Windows 10): Executed 30 of 77[31m (19 FAILED)[39m (0 secs / 0.585 secs)
[1A[2K[1A[2KChrome 145.0.0.0 (Windows 10): Executed 31 of 77[31m (19 FAILED)[39m (0 secs / 0.588 secs)
Chrome 145.0.0.0 (Windows 10): Executed 31 of 77[31m (19 FAILED)[39m (0 secs / 0.588 secs)
[1A[2K[1A[2KChrome 145.0.0.0 (Windows 10): Executed 32 of 77[31m (19 FAILED)[39m (0 secs / 0.589 secs)
Chrome 145.0.0.0 (Windows 10): Executed 32 of 77[31m (19 FAILED)[39m (0 secs / 0.589 secs)
[1A[2K[1A[2KChrome 145.0.0.0 (Windows 10) LOG: [36m'Detalle del pedido:', Object{id: 1, fecha: '2023-01-15T10:00:00Z', nombre: 'Cliente A', correo: 'a@a.com', direccion: 'Dir A', telefono: '123', items: [Object{cuentoId: ..., nombreCuento: ..., imagenUrl: ..., precioUnitario: ..., cantidad: ..., subtotal: ...}, Object{cuentoId: ..., nombreCuento: ..., imagenUrl: ..., precioUnitario: ..., cantidad: ..., subtotal: ...}], total: 40, estado: 'PAGO_PENDIENTE', userId: 1, correoUsuario: 'a@a.com'}[39m
Chrome 145.0.0.0 (Windows 10): Executed 32 of 77[31m (19 FAILED)[39m (0 secs / 0.589 secs)
Chrome 145.0.0.0 (Windows 10): Executed 32 of 77[31m (19 FAILED)[39m (0 secs / 0.589 secs)
Chrome 145.0.0.0 (Windows 10) LOG: 'Detalle del pedido:', Object{id: 1, fecha: '2023-01-15T10:00:00Z', nombre: 'Cliente A', correo: 'a@a.com', direccion: 'Dir A', telefono: '123', items: [Object{cuentoId: ..., nombreCuento: ..., imagenUrl: ..., precioUnitario: ..., cantidad: ..., subtotal: ...}, Object{cuentoId: ..., nombreCuento: ..., imagenUrl: ..., precioUnitario: ..., cantidad: ..., subtotal: ...}], total: 40, estado: 'PAGO_PENDIENTE', userId: 1, correoUsuario: 'a@a.com'}
[1A[2K[1A[2KChrome 145.0.0.0 (Windows 10): Executed 33 of 77[31m (19 FAILED)[39m (0 secs / 0.604 secs)
Chrome 145.0.0.0 (Windows 10): Executed 33 of 77[31m (19 FAILED)[39m (0 secs / 0.604 secs)
[1A[2K[1A[2KChrome 145.0.0.0 (Windows 10) LOG: [36m'Detalle del pedido:', Object{id: 1, fecha: '2023-01-15T10:00:00Z', nombre: 'Cliente A', correo: 'a@a.com', direccion: 'Dir A', telefono: '123', items: [Object{cuentoId: ..., nombreCuento: ..., imagenUrl: ..., precioUnitario: ..., cantidad: ..., subtotal: ...}, Object{cuentoId: ..., nombreCuento: ..., imagenUrl: ..., precioUnitario: ..., cantidad: ..., subtotal: ...}], total: 40, estado: 'PAGO_PENDIENTE', userId: 1, correoUsuario: 'a@a.com'}[39m
Chrome 145.0.0.0 (Windows 10): Executed 33 of 77[31m (19 FAILED)[39m (0 secs / 0.604 secs)
Chrome 145.0.0.0 (Windows 10): Executed 33 of 77[31m (19 FAILED)[39m (0 secs / 0.604 secs)
Chrome 145.0.0.0 (Windows 10) LOG: 'Detalle del pedido:', Object{id: 1, fecha: '2023-01-15T10:00:00Z', nombre: 'Cliente A', correo: 'a@a.com', direccion: 'Dir A', telefono: '123', items: [Object{cuentoId: ..., nombreCuento: ..., imagenUrl: ..., precioUnitario: ..., cantidad: ..., subtotal: ...}, Object{cuentoId: ..., nombreCuento: ..., imagenUrl: ..., precioUnitario: ..., cantidad: ..., subtotal: ...}], total: 40, estado: 'PAGO_PENDIENTE', userId: 1, correoUsuario: 'a@a.com'}
[1A[2K[1A[2KChrome 145.0.0.0 (Windows 10): Executed 34 of 77[31m (19 FAILED)[39m (0 secs / 0.606 secs)
Chrome 145.0.0.0 (Windows 10): Executed 34 of 77[31m (19 FAILED)[39m (0 secs / 0.606 secs)
[1A[2K[1A[2KChrome 145.0.0.0 (Windows 10) ERROR: [36m'Error fetching order details:', Object{status: 404, message: 'Not Found'}[39m
Chrome 145.0.0.0 (Windows 10): Executed 34 of 77[31m (19 FAILED)[39m (0 secs / 0.606 secs)
Chrome 145.0.0.0 (Windows 10): Executed 34 of 77[31m (19 FAILED)[39m (0 secs / 0.606 secs)
Chrome 145.0.0.0 (Windows 10) ERROR: 'Error fetching order details:', Object{status: 404, message: 'Not Found'}
[1A[2K[1A[2K[31mChrome 145.0.0.0 (Windows 10) OrderDetailComponent ngOnInit should set errorMensaje and isLoading to false if service call fails FAILED[39m
	Expected null to be undefined.
	    at <Jasmine>
	    at UserContext.apply (src/app/components/pages/order-detail/order-detail.component.spec.ts:95:32)
	    at UserContext.apply (node_modules/zone.js/fesm2015/zone-testing.js:1702:26)
	    at _ZoneDelegate.invoke (node_modules/zone.js/fesm2015/zone.js:369:28)
	    at ProxyZoneSpec.onInvoke (node_modules/zone.js/fesm2015/zone-testing.js:2081:39)
Chrome 145.0.0.0 (Windows 10): Executed 35 of 77[31m (20 FAILED)[39m (0 secs / 0.609 secs)
Chrome 145.0.0.0 (Windows 10): Executed 35 of 77[31m (20 FAILED)[39m (0 secs / 0.609 secs)
[1A[2K[1A[2KChrome 145.0.0.0 (Windows 10): Executed 36 of 77[31m (20 FAILED)[39m (0 secs / 0.612 secs)
Chrome 145.0.0.0 (Windows 10): Executed 36 of 77[31m (20 FAILED)[39m (0 secs / 0.612 secs)
[1A[2K[1A[2KChrome 145.0.0.0 (Windows 10): Executed 37 of 77[31m (20 FAILED)[39m (0 secs / 0.614 secs)
Chrome 145.0.0.0 (Windows 10): Executed 37 of 77[31m (20 FAILED)[39m (0 secs / 0.614 secs)
[1A[2K[1A[2KChrome 145.0.0.0 (Windows 10): Executed 38 of 77[31m (20 FAILED)[39m (0 secs / 0.616 secs)
Chrome 145.0.0.0 (Windows 10): Executed 38 of 77[31m (20 FAILED)[39m (0 secs / 0.616 secs)
[1A[2K[1A[2K[31mChrome 145.0.0.0 (Windows 10) OrderDetailComponent pagarAhora should log a message and show a toast FAILED[39m
	Expected spy log to have been called with:
	  [ 'Intento de pago para el pedido:', 1 ]
	but actual calls were:
	  [ 'Intento de pago para el pedido:', undefined ].
	
	Call 0:
	  Expected $[1] = undefined to equal 1.
	Error: Expected spy log to have been called with:
	  [ 'Intento de pago para el pedido:', 1 ]
	but actual calls were:
	  [ 'Intento de pago para el pedido:', undefined ].
	Call 0:
	  Expected $[1] = undefined to equal 1.
	    at <Jasmine>
	    at UserContext.apply (src/app/components/pages/order-detail/order-detail.component.spec.ts:120:27)
	    at _ZoneDelegate.invoke (node_modules/zone.js/fesm2015/zone.js:369:28)
	    at ProxyZoneSpec.onInvoke (node_modules/zone.js/fesm2015/zone-testing.js:2081:39)
	    at _ZoneDelegate.invoke (node_modules/zone.js/fesm2015/zone.js:368:34)
Chrome 145.0.0.0 (Windows 10): Executed 39 of 77[31m (21 FAILED)[39m (0 secs / 0.619 secs)
Chrome 145.0.0.0 (Windows 10): Executed 39 of 77[31m (21 FAILED)[39m (0 secs / 0.619 secs)
[1A[2K[1A[2KChrome 145.0.0.0 (Windows 10): Executed 40 of 77[31m (21 FAILED)[39m (0 secs / 0.622 secs)
Chrome 145.0.0.0 (Windows 10): Executed 40 of 77[31m (21 FAILED)[39m (0 secs / 0.622 secs)
[1A[2K[1A[2K[31mChrome 145.0.0.0 (Windows 10) OrderDetailComponent isPagoPendiente should return true if estado is PENDIENTE (case insensitive) FAILED[39m
	Expected false to be true.
	    at <Jasmine>
	    at UserContext.apply (src/app/components/pages/order-detail/order-detail.component.spec.ts:132:43)
	    at _ZoneDelegate.invoke (node_modules/zone.js/fesm2015/zone.js:369:28)
	    at ProxyZoneSpec.onInvoke (node_modules/zone.js/fesm2015/zone-testing.js:2081:39)
	    at _ZoneDelegate.invoke (node_modules/zone.js/fesm2015/zone.js:368:34)
Chrome 145.0.0.0 (Windows 10): Executed 41 of 77[31m (22 FAILED)[39m (0 secs / 0.626 secs)
Chrome 145.0.0.0 (Windows 10): Executed 41 of 77[31m (22 FAILED)[39m (0 secs / 0.626 secs)
[1A[2K[1A[2KChrome 145.0.0.0 (Windows 10): Executed 42 of 77[31m (22 FAILED)[39m (0 secs / 0.629 secs)
Chrome 145.0.0.0 (Windows 10): Executed 42 of 77[31m (22 FAILED)[39m (0 secs / 0.629 secs)
[1A[2K[1A[2KChrome 145.0.0.0 (Windows 10): Executed 43 of 77[31m (22 FAILED)[39m (0 secs / 0.632 secs)
Chrome 145.0.0.0 (Windows 10): Executed 43 of 77[31m (22 FAILED)[39m (0 secs / 0.632 secs)
[1A[2K[1A[2KChrome 145.0.0.0 (Windows 10) LOG: [36m'Detalle del pedido:', Object{id: 1, fecha: '2023-01-15T10:00:00Z', nombre: 'Cliente A', correo: 'a@a.com', direccion: 'Dir A', telefono: '123', items: [Object{cuentoId: ..., nombreCuento: ..., imagenUrl: ..., precioUnitario: ..., cantidad: ..., subtotal: ...}, Object{cuentoId: ..., nombreCuento: ..., imagenUrl: ..., precioUnitario: ..., cantidad: ..., subtotal: ...}], total: 40, estado: 'PAGO_PENDIENTE', userId: 1, correoUsuario: 'a@a.com'}[39m
Chrome 145.0.0.0 (Windows 10): Executed 43 of 77[31m (22 FAILED)[39m (0 secs / 0.632 secs)
Chrome 145.0.0.0 (Windows 10): Executed 43 of 77[31m (22 FAILED)[39m (0 secs / 0.632 secs)
Chrome 145.0.0.0 (Windows 10) LOG: 'Detalle del pedido:', Object{id: 1, fecha: '2023-01-15T10:00:00Z', nombre: 'Cliente A', correo: 'a@a.com', direccion: 'Dir A', telefono: '123', items: [Object{cuentoId: ..., nombreCuento: ..., imagenUrl: ..., precioUnitario: ..., cantidad: ..., subtotal: ...}, Object{cuentoId: ..., nombreCuento: ..., imagenUrl: ..., precioUnitario: ..., cantidad: ..., subtotal: ...}], total: 40, estado: 'PAGO_PENDIENTE', userId: 1, correoUsuario: 'a@a.com'}
[1A[2K[1A[2KChrome 145.0.0.0 (Windows 10) LOG: [36m'Detalle del pedido:', Object{id: 1, fecha: '2023-01-15T10:00:00Z', nombre: 'Cliente A', correo: 'a@a.com', direccion: 'Dir A', telefono: '123', items: [Object{cuentoId: ..., nombreCuento: ..., imagenUrl: ..., precioUnitario: ..., cantidad: ..., subtotal: ...}, Object{cuentoId: ..., nombreCuento: ..., imagenUrl: ..., precioUnitario: ..., cantidad: ..., subtotal: ...}], total: 40, estado: 'PAGO_PENDIENTE', userId: 1, correoUsuario: 'a@a.com'}[39m
Chrome 145.0.0.0 (Windows 10): Executed 43 of 77[31m (22 FAILED)[39m (0 secs / 0.632 secs)
Chrome 145.0.0.0 (Windows 10): Executed 43 of 77[31m (22 FAILED)[39m (0 secs / 0.632 secs)
Chrome 145.0.0.0 (Windows 10) LOG: 'Detalle del pedido:', Object{id: 1, fecha: '2023-01-15T10:00:00Z', nombre: 'Cliente A', correo: 'a@a.com', direccion: 'Dir A', telefono: '123', items: [Object{cuentoId: ..., nombreCuento: ..., imagenUrl: ..., precioUnitario: ..., cantidad: ..., subtotal: ...}, Object{cuentoId: ..., nombreCuento: ..., imagenUrl: ..., precioUnitario: ..., cantidad: ..., subtotal: ...}], total: 40, estado: 'PAGO_PENDIENTE', userId: 1, correoUsuario: 'a@a.com'}
[1A[2K[1A[2KChrome 145.0.0.0 (Windows 10): Executed 44 of 77[31m (22 FAILED)[39m (0 secs / 0.641 secs)
Chrome 145.0.0.0 (Windows 10): Executed 44 of 77[31m (22 FAILED)[39m (0 secs / 0.641 secs)
[1A[2K[1A[2KChrome 145.0.0.0 (Windows 10) LOG: [36m'Detalle del pedido:', Object{id: 1, fecha: '2023-01-15T10:00:00Z', nombre: 'Cliente A', correo: 'a@a.com', direccion: 'Dir A', telefono: '123', items: [Object{cuentoId: ..., nombreCuento: ..., imagenUrl: ..., precioUnitario: ..., cantidad: ..., subtotal: ...}, Object{cuentoId: ..., nombreCuento: ..., imagenUrl: ..., precioUnitario: ..., cantidad: ..., subtotal: ...}], total: 40, estado: 'PAGO_PENDIENTE', userId: 1, correoUsuario: 'a@a.com'}[39m
Chrome 145.0.0.0 (Windows 10): Executed 44 of 77[31m (22 FAILED)[39m (0 secs / 0.641 secs)
Chrome 145.0.0.0 (Windows 10): Executed 44 of 77[31m (22 FAILED)[39m (0 secs / 0.641 secs)
Chrome 145.0.0.0 (Windows 10) LOG: 'Detalle del pedido:', Object{id: 1, fecha: '2023-01-15T10:00:00Z', nombre: 'Cliente A', correo: 'a@a.com', direccion: 'Dir A', telefono: '123', items: [Object{cuentoId: ..., nombreCuento: ..., imagenUrl: ..., precioUnitario: ..., cantidad: ..., subtotal: ...}, Object{cuentoId: ..., nombreCuento: ..., imagenUrl: ..., precioUnitario: ..., cantidad: ..., subtotal: ...}], total: 40, estado: 'PAGO_PENDIENTE', userId: 1, correoUsuario: 'a@a.com'}
[1A[2K[1A[2KChrome 145.0.0.0 (Windows 10) LOG: [36m'Detalle del pedido:', Object{id: 1, fecha: '2023-01-15T10:00:00Z', nombre: 'Cliente A', correo: 'a@a.com', direccion: 'Dir A', telefono: '123', items: [Object{cuentoId: ..., nombreCuento: ..., imagenUrl: ..., precioUnitario: ..., cantidad: ..., subtotal: ...}, Object{cuentoId: ..., nombreCuento: ..., imagenUrl: ..., precioUnitario: ..., cantidad: ..., subtotal: ...}], total: 40, estado: 'PAGO_PENDIENTE', userId: 1, correoUsuario: 'a@a.com'}[39m
Chrome 145.0.0.0 (Windows 10): Executed 44 of 77[31m (22 FAILED)[39m (0 secs / 0.641 secs)
Chrome 145.0.0.0 (Windows 10): Executed 44 of 77[31m (22 FAILED)[39m (0 secs / 0.641 secs)
Chrome 145.0.0.0 (Windows 10) LOG: 'Detalle del pedido:', Object{id: 1, fecha: '2023-01-15T10:00:00Z', nombre: 'Cliente A', correo: 'a@a.com', direccion: 'Dir A', telefono: '123', items: [Object{cuentoId: ..., nombreCuento: ..., imagenUrl: ..., precioUnitario: ..., cantidad: ..., subtotal: ...}, Object{cuentoId: ..., nombreCuento: ..., imagenUrl: ..., precioUnitario: ..., cantidad: ..., subtotal: ...}], total: 40, estado: 'PAGO_PENDIENTE', userId: 1, correoUsuario: 'a@a.com'}
[1A[2K[1A[2K[31mChrome 145.0.0.0 (Windows 10) OrderDetailComponent Template Rendering should display general order information FAILED[39m
	Expected 'ID del Pedido: Fecha: 15/01/2023 05:00Estado:PAGO_PENDIENTENombre: Cliente ACorreo: a@a.comDirecci├│n: Dir ATel├®fono: 123Total del Pedido:$40.00' to contain 'ID del Pedido: 1'.
	    at <Jasmine>
	    at UserContext.apply (src/app/components/pages/order-detail/order-detail.component.spec.ts:159:50)
	    at _ZoneDelegate.invoke (node_modules/zone.js/fesm2015/zone.js:369:28)
	    at ProxyZoneSpec.onInvoke (node_modules/zone.js/fesm2015/zone-testing.js:2081:39)
	    at _ZoneDelegate.invoke (node_modules/zone.js/fesm2015/zone.js:368:34)
	Expected 'ID del Pedido: Fecha: 15/01/2023 05:00Estado:PAGO_PENDIENTENombre: Cliente ACorreo: a@a.comDirecci├│n: Dir ATel├®fono: 123Total del Pedido:$40.00' to contain 'Estado: PAGO_PENDIENTE'.
	    at <Jasmine>
	    at UserContext.apply (src/app/components/pages/order-detail/order-detail.component.spec.ts:161:50)
	    at _ZoneDelegate.invoke (node_modules/zone.js/fesm2015/zone.js:369:28)
	    at ProxyZoneSpec.onInvoke (node_modules/zone.js/fesm2015/zone-testing.js:2081:39)
	    at _ZoneDelegate.invoke (node_modules/zone.js/fesm2015/zone.js:368:34)
Chrome 145.0.0.0 (Windows 10): Executed 45 of 77[31m (23 FAILED)[39m (0 secs / 0.648 secs)
Chrome 145.0.0.0 (Windows 10): Executed 45 of 77[31m (23 FAILED)[39m (0 secs / 0.648 secs)
[1A[2K[1A[2KChrome 145.0.0.0 (Windows 10) LOG: [36m'Detalle del pedido:', Object{id: 1, fecha: '2023-01-15T10:00:00Z', nombre: 'Cliente A', correo: 'a@a.com', direccion: 'Dir A', telefono: '123', items: [Object{cuentoId: ..., nombreCuento: ..., imagenUrl: ..., precioUnitario: ..., cantidad: ..., subtotal: ...}, Object{cuentoId: ..., nombreCuento: ..., imagenUrl: ..., precioUnitario: ..., cantidad: ..., subtotal: ...}], total: 40, estado: 'PAGO_PENDIENTE', userId: 1, correoUsuario: 'a@a.com'}[39m
Chrome 145.0.0.0 (Windows 10): Executed 45 of 77[31m (23 FAILED)[39m (0 secs / 0.648 secs)
Chrome 145.0.0.0 (Windows 10): Executed 45 of 77[31m (23 FAILED)[39m (0 secs / 0.648 secs)
Chrome 145.0.0.0 (Windows 10) LOG: 'Detalle del pedido:', Object{id: 1, fecha: '2023-01-15T10:00:00Z', nombre: 'Cliente A', correo: 'a@a.com', direccion: 'Dir A', telefono: '123', items: [Object{cuentoId: ..., nombreCuento: ..., imagenUrl: ..., precioUnitario: ..., cantidad: ..., subtotal: ...}, Object{cuentoId: ..., nombreCuento: ..., imagenUrl: ..., precioUnitario: ..., cantidad: ..., subtotal: ...}], total: 40, estado: 'PAGO_PENDIENTE', userId: 1, correoUsuario: 'a@a.com'}
[1A[2K[1A[2KChrome 145.0.0.0 (Windows 10) LOG: [36m'Detalle del pedido:', Object{id: 1, fecha: '2023-01-15T10:00:00Z', nombre: 'Cliente A', correo: 'a@a.com', direccion: 'Dir A', telefono: '123', items: [Object{cuentoId: ..., nombreCuento: ..., imagenUrl: ..., precioUnitario: ..., cantidad: ..., subtotal: ...}, Object{cuentoId: ..., nombreCuento: ..., imagenUrl: ..., precioUnitario: ..., cantidad: ..., subtotal: ...}], total: 40, estado: 'PAGO_PENDIENTE', userId: 1, correoUsuario: 'a@a.com'}[39m
Chrome 145.0.0.0 (Windows 10): Executed 45 of 77[31m (23 FAILED)[39m (0 secs / 0.648 secs)
Chrome 145.0.0.0 (Windows 10): Executed 45 of 77[31m (23 FAILED)[39m (0 secs / 0.648 secs)
Chrome 145.0.0.0 (Windows 10) LOG: 'Detalle del pedido:', Object{id: 1, fecha: '2023-01-15T10:00:00Z', nombre: 'Cliente A', correo: 'a@a.com', direccion: 'Dir A', telefono: '123', items: [Object{cuentoId: ..., nombreCuento: ..., imagenUrl: ..., precioUnitario: ..., cantidad: ..., subtotal: ...}, Object{cuentoId: ..., nombreCuento: ..., imagenUrl: ..., precioUnitario: ..., cantidad: ..., subtotal: ...}], total: 40, estado: 'PAGO_PENDIENTE', userId: 1, correoUsuario: 'a@a.com'}
[1A[2K[1A[2KChrome 145.0.0.0 (Windows 10): Executed 46 of 77[31m (23 FAILED)[39m (0 secs / 0.654 secs)
Chrome 145.0.0.0 (Windows 10): Executed 46 of 77[31m (23 FAILED)[39m (0 secs / 0.654 secs)
[1A[2K[1A[2KChrome 145.0.0.0 (Windows 10) LOG: [36m'Detalle del pedido:', Object{id: 1, fecha: '2023-01-15T10:00:00Z', nombre: 'Cliente A', correo: 'a@a.com', direccion: 'Dir A', telefono: '123', items: [Object{cuentoId: ..., nombreCuento: ..., imagenUrl: ..., precioUnitario: ..., cantidad: ..., subtotal: ...}, Object{cuentoId: ..., nombreCuento: ..., imagenUrl: ..., precioUnitario: ..., cantidad: ..., subtotal: ...}], total: 40, estado: 'PAGO_PENDIENTE', userId: 1, correoUsuario: 'a@a.com'}[39m
Chrome 145.0.0.0 (Windows 10): Executed 46 of 77[31m (23 FAILED)[39m (0 secs / 0.654 secs)
Chrome 145.0.0.0 (Windows 10): Executed 46 of 77[31m (23 FAILED)[39m (0 secs / 0.654 secs)
Chrome 145.0.0.0 (Windows 10) LOG: 'Detalle del pedido:', Object{id: 1, fecha: '2023-01-15T10:00:00Z', nombre: 'Cliente A', correo: 'a@a.com', direccion: 'Dir A', telefono: '123', items: [Object{cuentoId: ..., nombreCuento: ..., imagenUrl: ..., precioUnitario: ..., cantidad: ..., subtotal: ...}, Object{cuentoId: ..., nombreCuento: ..., imagenUrl: ..., precioUnitario: ..., cantidad: ..., subtotal: ...}], total: 40, estado: 'PAGO_PENDIENTE', userId: 1, correoUsuario: 'a@a.com'}
[1A[2K[1A[2KChrome 145.0.0.0 (Windows 10) LOG: [36m'Detalle del pedido:', Object{id: 1, fecha: '2023-01-15T10:00:00Z', nombre: 'Cliente A', correo: 'a@a.com', direccion: 'Dir A', telefono: '123', items: [Object{cuentoId: ..., nombreCuento: ..., imagenUrl: ..., precioUnitario: ..., cantidad: ..., subtotal: ...}, Object{cuentoId: ..., nombreCuento: ..., imagenUrl: ..., precioUnitario: ..., cantidad: ..., subtotal: ...}], total: 40, estado: 'PAGO_PENDIENTE', userId: 1, correoUsuario: 'a@a.com'}[39m
Chrome 145.0.0.0 (Windows 10): Executed 46 of 77[31m (23 FAILED)[39m (0 secs / 0.654 secs)
Chrome 145.0.0.0 (Windows 10): Executed 46 of 77[31m (23 FAILED)[39m (0 secs / 0.654 secs)
Chrome 145.0.0.0 (Windows 10) LOG: 'Detalle del pedido:', Object{id: 1, fecha: '2023-01-15T10:00:00Z', nombre: 'Cliente A', correo: 'a@a.com', direccion: 'Dir A', telefono: '123', items: [Object{cuentoId: ..., nombreCuento: ..., imagenUrl: ..., precioUnitario: ..., cantidad: ..., subtotal: ...}, Object{cuentoId: ..., nombreCuento: ..., imagenUrl: ..., precioUnitario: ..., cantidad: ..., subtotal: ...}], total: 40, estado: 'PAGO_PENDIENTE', userId: 1, correoUsuario: 'a@a.com'}
[1A[2K[1A[2KChrome 145.0.0.0 (Windows 10): Executed 47 of 77[31m (23 FAILED)[39m (0 secs / 0.66 secs)
Chrome 145.0.0.0 (Windows 10): Executed 47 of 77[31m (23 FAILED)[39m (0 secs / 0.66 secs)
[1A[2K[1A[2KChrome 145.0.0.0 (Windows 10) LOG: [36m'Detalle del pedido:', Object{id: 1, fecha: '2023-01-15T10:00:00Z', nombre: 'Cliente A', correo: 'a@a.com', direccion: 'Dir A', telefono: '123', items: [Object{cuentoId: ..., nombreCuento: ..., imagenUrl: ..., precioUnitario: ..., cantidad: ..., subtotal: ...}, Object{cuentoId: ..., nombreCuento: ..., imagenUrl: ..., precioUnitario: ..., cantidad: ..., subtotal: ...}], total: 40, estado: 'PAGO_PENDIENTE', userId: 1, correoUsuario: 'a@a.com'}[39m
Chrome 145.0.0.0 (Windows 10): Executed 47 of 77[31m (23 FAILED)[39m (0 secs / 0.66 secs)
Chrome 145.0.0.0 (Windows 10): Executed 47 of 77[31m (23 FAILED)[39m (0 secs / 0.66 secs)
Chrome 145.0.0.0 (Windows 10) LOG: 'Detalle del pedido:', Object{id: 1, fecha: '2023-01-15T10:00:00Z', nombre: 'Cliente A', correo: 'a@a.com', direccion: 'Dir A', telefono: '123', items: [Object{cuentoId: ..., nombreCuento: ..., imagenUrl: ..., precioUnitario: ..., cantidad: ..., subtotal: ...}, Object{cuentoId: ..., nombreCuento: ..., imagenUrl: ..., precioUnitario: ..., cantidad: ..., subtotal: ...}], total: 40, estado: 'PAGO_PENDIENTE', userId: 1, correoUsuario: 'a@a.com'}
[1A[2K[1A[2KChrome 145.0.0.0 (Windows 10) LOG: [36m'Detalle del pedido:', Object{id: 1, fecha: '2023-01-15T10:00:00Z', nombre: 'Cliente A', correo: 'a@a.com', direccion: 'Dir A', telefono: '123', items: [Object{cuentoId: ..., nombreCuento: ..., imagenUrl: ..., precioUnitario: ..., cantidad: ..., subtotal: ...}, Object{cuentoId: ..., nombreCuento: ..., imagenUrl: ..., precioUnitario: ..., cantidad: ..., subtotal: ...}], total: 40, estado: 'PAGO_PENDIENTE', userId: 1, correoUsuario: 'a@a.com'}[39m
Chrome 145.0.0.0 (Windows 10): Executed 47 of 77[31m (23 FAILED)[39m (0 secs / 0.66 secs)
Chrome 145.0.0.0 (Windows 10): Executed 47 of 77[31m (23 FAILED)[39m (0 secs / 0.66 secs)
Chrome 145.0.0.0 (Windows 10) LOG: 'Detalle del pedido:', Object{id: 1, fecha: '2023-01-15T10:00:00Z', nombre: 'Cliente A', correo: 'a@a.com', direccion: 'Dir A', telefono: '123', items: [Object{cuentoId: ..., nombreCuento: ..., imagenUrl: ..., precioUnitario: ..., cantidad: ..., subtotal: ...}, Object{cuentoId: ..., nombreCuento: ..., imagenUrl: ..., precioUnitario: ..., cantidad: ..., subtotal: ...}], total: 40, estado: 'PAGO_PENDIENTE', userId: 1, correoUsuario: 'a@a.com'}
[1A[2K[1A[2K[31mChrome 145.0.0.0 (Windows 10) OrderDetailComponent Template Rendering should display "Detalle del Pedido #ID" title FAILED[39m
	Expected 'Detalle del Pedido #' to contain 'Detalle del Pedido #1'.
	    at <Jasmine>
	    at UserContext.apply (src/app/components/pages/order-detail/order-detail.component.spec.ts:154:54)
	    at _ZoneDelegate.invoke (node_modules/zone.js/fesm2015/zone.js:369:28)
	    at ProxyZoneSpec.onInvoke (node_modules/zone.js/fesm2015/zone-testing.js:2081:39)
	    at _ZoneDelegate.invoke (node_modules/zone.js/fesm2015/zone.js:368:34)
Chrome 145.0.0.0 (Windows 10): Executed 48 of 77[31m (24 FAILED)[39m (0 secs / 0.665 secs)
Chrome 145.0.0.0 (Windows 10): Executed 48 of 77[31m (24 FAILED)[39m (0 secs / 0.665 secs)
[1A[2K[1A[2KChrome 145.0.0.0 (Windows 10) LOG: [36m'Detalle del pedido:', Object{id: 1, fecha: '2023-01-15T10:00:00Z', nombre: 'Cliente A', correo: 'a@a.com', direccion: 'Dir A', telefono: '123', items: [Object{cuentoId: ..., nombreCuento: ..., imagenUrl: ..., precioUnitario: ..., cantidad: ..., subtotal: ...}, Object{cuentoId: ..., nombreCuento: ..., imagenUrl: ..., precioUnitario: ..., cantidad: ..., subtotal: ...}], total: 40, estado: 'PAGO_PENDIENTE', userId: 1, correoUsuario: 'a@a.com'}[39m
Chrome 145.0.0.0 (Windows 10): Executed 48 of 77[31m (24 FAILED)[39m (0 secs / 0.665 secs)
Chrome 145.0.0.0 (Windows 10): Executed 48 of 77[31m (24 FAILED)[39m (0 secs / 0.665 secs)
Chrome 145.0.0.0 (Windows 10) LOG: 'Detalle del pedido:', Object{id: 1, fecha: '2023-01-15T10:00:00Z', nombre: 'Cliente A', correo: 'a@a.com', direccion: 'Dir A', telefono: '123', items: [Object{cuentoId: ..., nombreCuento: ..., imagenUrl: ..., precioUnitario: ..., cantidad: ..., subtotal: ...}, Object{cuentoId: ..., nombreCuento: ..., imagenUrl: ..., precioUnitario: ..., cantidad: ..., subtotal: ...}], total: 40, estado: 'PAGO_PENDIENTE', userId: 1, correoUsuario: 'a@a.com'}
[1A[2K[1A[2KChrome 145.0.0.0 (Windows 10) LOG: [36m'Detalle del pedido:', Object{id: 1, fecha: '2023-01-15T10:00:00Z', nombre: 'Cliente A', correo: 'a@a.com', direccion: 'Dir A', telefono: '123', items: [Object{cuentoId: ..., nombreCuento: ..., imagenUrl: ..., precioUnitario: ..., cantidad: ..., subtotal: ...}, Object{cuentoId: ..., nombreCuento: ..., imagenUrl: ..., precioUnitario: ..., cantidad: ..., subtotal: ...}], total: 40, estado: 'PAGO_PENDIENTE', userId: 1, correoUsuario: 'a@a.com'}[39m
Chrome 145.0.0.0 (Windows 10): Executed 48 of 77[31m (24 FAILED)[39m (0 secs / 0.665 secs)
Chrome 145.0.0.0 (Windows 10): Executed 48 of 77[31m (24 FAILED)[39m (0 secs / 0.665 secs)
Chrome 145.0.0.0 (Windows 10) LOG: 'Detalle del pedido:', Object{id: 1, fecha: '2023-01-15T10:00:00Z', nombre: 'Cliente A', correo: 'a@a.com', direccion: 'Dir A', telefono: '123', items: [Object{cuentoId: ..., nombreCuento: ..., imagenUrl: ..., precioUnitario: ..., cantidad: ..., subtotal: ...}, Object{cuentoId: ..., nombreCuento: ..., imagenUrl: ..., precioUnitario: ..., cantidad: ..., subtotal: ...}], total: 40, estado: 'PAGO_PENDIENTE', userId: 1, correoUsuario: 'a@a.com'}
[1A[2K[1A[2KChrome 145.0.0.0 (Windows 10): Executed 49 of 77[31m (24 FAILED)[39m (0 secs / 0.671 secs)
Chrome 145.0.0.0 (Windows 10): Executed 49 of 77[31m (24 FAILED)[39m (0 secs / 0.671 secs)
[1A[2K[1A[2KChrome 145.0.0.0 (Windows 10) LOG: [36m'Detalle del pedido:', Object{id: 1, fecha: '2023-01-15T10:00:00Z', nombre: 'Cliente A', correo: 'a@a.com', direccion: 'Dir A', telefono: '123', items: [Object{cuentoId: ..., nombreCuento: ..., imagenUrl: ..., precioUnitario: ..., cantidad: ..., subtotal: ...}, Object{cuentoId: ..., nombreCuento: ..., imagenUrl: ..., precioUnitario: ..., cantidad: ..., subtotal: ...}], total: 40, estado: 'PAGO_PENDIENTE', userId: 1, correoUsuario: 'a@a.com'}[39m
Chrome 145.0.0.0 (Windows 10): Executed 49 of 77[31m (24 FAILED)[39m (0 secs / 0.671 secs)
Chrome 145.0.0.0 (Windows 10): Executed 49 of 77[31m (24 FAILED)[39m (0 secs / 0.671 secs)
Chrome 145.0.0.0 (Windows 10) LOG: 'Detalle del pedido:', Object{id: 1, fecha: '2023-01-15T10:00:00Z', nombre: 'Cliente A', correo: 'a@a.com', direccion: 'Dir A', telefono: '123', items: [Object{cuentoId: ..., nombreCuento: ..., imagenUrl: ..., precioUnitario: ..., cantidad: ..., subtotal: ...}, Object{cuentoId: ..., nombreCuento: ..., imagenUrl: ..., precioUnitario: ..., cantidad: ..., subtotal: ...}], total: 40, estado: 'PAGO_PENDIENTE', userId: 1, correoUsuario: 'a@a.com'}
[1A[2K[1A[2KChrome 145.0.0.0 (Windows 10) LOG: [36m'Detalle del pedido:', Object{id: 1, fecha: '2023-01-15T10:00:00Z', nombre: 'Cliente A', correo: 'a@a.com', direccion: 'Dir A', telefono: '123', items: [Object{cuentoId: ..., nombreCuento: ..., imagenUrl: ..., precioUnitario: ..., cantidad: ..., subtotal: ...}, Object{cuentoId: ..., nombreCuento: ..., imagenUrl: ..., precioUnitario: ..., cantidad: ..., subtotal: ...}], total: 40, estado: 'PAGO_PENDIENTE', userId: 1, correoUsuario: 'a@a.com'}[39m
Chrome 145.0.0.0 (Windows 10): Executed 49 of 77[31m (24 FAILED)[39m (0 secs / 0.671 secs)
Chrome 145.0.0.0 (Windows 10): Executed 49 of 77[31m (24 FAILED)[39m (0 secs / 0.671 secs)
Chrome 145.0.0.0 (Windows 10) LOG: 'Detalle del pedido:', Object{id: 1, fecha: '2023-01-15T10:00:00Z', nombre: 'Cliente A', correo: 'a@a.com', direccion: 'Dir A', telefono: '123', items: [Object{cuentoId: ..., nombreCuento: ..., imagenUrl: ..., precioUnitario: ..., cantidad: ..., subtotal: ...}, Object{cuentoId: ..., nombreCuento: ..., imagenUrl: ..., precioUnitario: ..., cantidad: ..., subtotal: ...}], total: 40, estado: 'PAGO_PENDIENTE', userId: 1, correoUsuario: 'a@a.com'}
[1A[2K[1A[2KChrome 145.0.0.0 (Windows 10): Executed 50 of 77[31m (24 FAILED)[39m (0 secs / 0.678 secs)
Chrome 145.0.0.0 (Windows 10): Executed 50 of 77[31m (24 FAILED)[39m (0 secs / 0.678 secs)
[1A[2K[1A[2K[31mChrome 145.0.0.0 (Windows 10) AdminPedidosComponent trackByPedidoId should return Id when present FAILED[39m
	NullInjectorError: R3InjectorError(DynamicTestModule)[ActivatedRoute -> ActivatedRoute]: 
	  NullInjectorError: No provider for ActivatedRoute!
	error properties: Object({ ngTempTokenPath: null, ngTokenPath: [ 'ActivatedRoute', 'ActivatedRoute' ] })
	    at NullInjector.get (node_modules/@angular/core/fesm2022/core.mjs:1663:27)
	    at R3Injector.get (node_modules/@angular/core/fesm2022/core.mjs:3109:33)
	    at R3Injector.get (node_modules/@angular/core/fesm2022/core.mjs:3109:33)
	    at ChainedInjector.get (node_modules/@angular/core/fesm2022/core.mjs:5454:36)
	    at lookupTokenUsingModuleInjector (node_modules/@angular/core/fesm2022/core.mjs:5807:39)
	    at getOrCreateInjectable (node_modules/@angular/core/fesm2022/core.mjs:5855:12)
	    at ╔Á╔ÁdirectiveInject (node_modules/@angular/core/fesm2022/core.mjs:11933:19)
	    at NodeInjectorFactory.factory (ng:///AdminPedidosComponent/╔Áfac.js:5:7)
	    at getNodeInjectable (node_modules/@angular/core/fesm2022/core.mjs:6067:44)
	    at createRootComponent (node_modules/@angular/core/fesm2022/core.mjs:16916:35)
Chrome 145.0.0.0 (Windows 10): Executed 51 of 77[31m (25 FAILED)[39m (0 secs / 0.71 secs)
Chrome 145.0.0.0 (Windows 10): Executed 51 of 77[31m (25 FAILED)[39m (0 secs / 0.71 secs)
[1A[2K[1A[2K[31mChrome 145.0.0.0 (Windows 10) AdminPedidosComponent trackByPedidoId should fall back to id when Id is undefined FAILED[39m
	NullInjectorError: R3InjectorError(DynamicTestModule)[ActivatedRoute -> ActivatedRoute]: 
	  NullInjectorError: No provider for ActivatedRoute!
	error properties: Object({ ngTempTokenPath: null, ngTokenPath: [ 'ActivatedRoute', 'ActivatedRoute' ] })
	    at NullInjector.get (node_modules/@angular/core/fesm2022/core.mjs:1663:27)
	    at R3Injector.get (node_modules/@angular/core/fesm2022/core.mjs:3109:33)
	    at R3Injector.get (node_modules/@angular/core/fesm2022/core.mjs:3109:33)
	    at ChainedInjector.get (node_modules/@angular/core/fesm2022/core.mjs:5454:36)
	    at lookupTokenUsingModuleInjector (node_modules/@angular/core/fesm2022/core.mjs:5807:39)
	    at getOrCreateInjectable (node_modules/@angular/core/fesm2022/core.mjs:5855:12)
	    at ╔Á╔ÁdirectiveInject (node_modules/@angular/core/fesm2022/core.mjs:11933:19)
	    at NodeInjectorFactory.factory (ng:///AdminPedidosComponent/╔Áfac.js:5:7)
	    at getNodeInjectable (node_modules/@angular/core/fesm2022/core.mjs:6067:44)
	    at createRootComponent (node_modules/@angular/core/fesm2022/core.mjs:16916:35)
Chrome 145.0.0.0 (Windows 10): Executed 52 of 77[31m (26 FAILED)[39m (0 secs / 0.714 secs)
Chrome 145.0.0.0 (Windows 10): Executed 52 of 77[31m (26 FAILED)[39m (0 secs / 0.714 secs)
[1A[2K[1A[2K[31mChrome 145.0.0.0 (Windows 10) AdminPedidosComponent should not call service when canceling FAILED[39m
	NullInjectorError: R3InjectorError(DynamicTestModule)[ActivatedRoute -> ActivatedRoute]: 
	  NullInjectorError: No provider for ActivatedRoute!
	error properties: Object({ ngTempTokenPath: null, ngTokenPath: [ 'ActivatedRoute', 'ActivatedRoute' ] })
	    at NullInjector.get (node_modules/@angular/core/fesm2022/core.mjs:1663:27)
	    at R3Injector.get (node_modules/@angular/core/fesm2022/core.mjs:3109:33)
	    at R3Injector.get (node_modules/@angular/core/fesm2022/core.mjs:3109:33)
	    at ChainedInjector.get (node_modules/@angular/core/fesm2022/core.mjs:5454:36)
	    at lookupTokenUsingModuleInjector (node_modules/@angular/core/fesm2022/core.mjs:5807:39)
	    at getOrCreateInjectable (node_modules/@angular/core/fesm2022/core.mjs:5855:12)
	    at ╔Á╔ÁdirectiveInject (node_modules/@angular/core/fesm2022/core.mjs:11933:19)
	    at NodeInjectorFactory.factory (ng:///AdminPedidosComponent/╔Áfac.js:5:7)
	    at getNodeInjectable (node_modules/@angular/core/fesm2022/core.mjs:6067:44)
	    at createRootComponent (node_modules/@angular/core/fesm2022/core.mjs:16916:35)
Chrome 145.0.0.0 (Windows 10): Executed 53 of 77[31m (27 FAILED)[39m (0 secs / 0.724 secs)
Chrome 145.0.0.0 (Windows 10): Executed 53 of 77[31m (27 FAILED)[39m (0 secs / 0.724 secs)
[1A[2K[1A[2K[31mChrome 145.0.0.0 (Windows 10) AdminPedidosComponent should create FAILED[39m
	NullInjectorError: R3InjectorError(DynamicTestModule)[ActivatedRoute -> ActivatedRoute]: 
	  NullInjectorError: No provider for ActivatedRoute!
	error properties: Object({ ngTempTokenPath: null, ngTokenPath: [ 'ActivatedRoute', 'ActivatedRoute' ] })
	    at NullInjector.get (node_modules/@angular/core/fesm2022/core.mjs:1663:27)
	    at R3Injector.get (node_modules/@angular/core/fesm2022/core.mjs:3109:33)
	    at R3Injector.get (node_modules/@angular/core/fesm2022/core.mjs:3109:33)
	    at ChainedInjector.get (node_modules/@angular/core/fesm2022/core.mjs:5454:36)
	    at lookupTokenUsingModuleInjector (node_modules/@angular/core/fesm2022/core.mjs:5807:39)
	    at getOrCreateInjectable (node_modules/@angular/core/fesm2022/core.mjs:5855:12)
	    at ╔Á╔ÁdirectiveInject (node_modules/@angular/core/fesm2022/core.mjs:11933:19)
	    at NodeInjectorFactory.factory (ng:///AdminPedidosComponent/╔Áfac.js:5:7)
	    at getNodeInjectable (node_modules/@angular/core/fesm2022/core.mjs:6067:44)
	    at createRootComponent (node_modules/@angular/core/fesm2022/core.mjs:16916:35)
Chrome 145.0.0.0 (Windows 10): Executed 54 of 77[31m (28 FAILED)[39m (0 secs / 0.727 secs)
Chrome 145.0.0.0 (Windows 10): Executed 54 of 77[31m (28 FAILED)[39m (0 secs / 0.727 secs)
[1A[2K[1A[2K[31mChrome 145.0.0.0 (Windows 10) AdminPedidosComponent should open dialog on rechazarPago and call service on confirm FAILED[39m
	NullInjectorError: R3InjectorError(DynamicTestModule)[ActivatedRoute -> ActivatedRoute]: 
	  NullInjectorError: No provider for ActivatedRoute!
	error properties: Object({ ngTempTokenPath: null, ngTokenPath: [ 'ActivatedRoute', 'ActivatedRoute' ] })
	    at NullInjector.get (node_modules/@angular/core/fesm2022/core.mjs:1663:27)
	    at R3Injector.get (node_modules/@angular/core/fesm2022/core.mjs:3109:33)
	    at R3Injector.get (node_modules/@angular/core/fesm2022/core.mjs:3109:33)
	    at ChainedInjector.get (node_modules/@angular/core/fesm2022/core.mjs:5454:36)
	    at lookupTokenUsingModuleInjector (node_modules/@angular/core/fesm2022/core.mjs:5807:39)
	    at getOrCreateInjectable (node_modules/@angular/core/fesm2022/core.mjs:5855:12)
	    at ╔Á╔ÁdirectiveInject (node_modules/@angular/core/fesm2022/core.mjs:11933:19)
	    at NodeInjectorFactory.factory (ng:///AdminPedidosComponent/╔Áfac.js:5:7)
	    at getNodeInjectable (node_modules/@angular/core/fesm2022/core.mjs:6067:44)
	    at createRootComponent (node_modules/@angular/core/fesm2022/core.mjs:16916:35)
Chrome 145.0.0.0 (Windows 10): Executed 55 of 77[31m (29 FAILED)[39m (0 secs / 0.729 secs)
Chrome 145.0.0.0 (Windows 10): Executed 55 of 77[31m (29 FAILED)[39m (0 secs / 0.729 secs)
[1A[2K[1A[2K[31mChrome 145.0.0.0 (Windows 10) PedidoService getOrderById should handle non-numeric or invalid ID for getOrderById gracefully (compile-time check) FAILED[39m
	Error: Expected one matching request for criteria "Match URL: http://localhost:8080/api/orders/NaN", found none.
	    at HttpClientTestingBackend.expectOne (node_modules/@angular/common/fesm2022/http/testing.mjs:270:19)
	    at UserContext.apply (src/app/services/pedido.service.spec.ts:97:28)
	    at _ZoneDelegate.invoke (node_modules/zone.js/fesm2015/zone.js:369:28)
	    at ProxyZoneSpec.onInvoke (node_modules/zone.js/fesm2015/zone-testing.js:2081:39)
	    at _ZoneDelegate.invoke (node_modules/zone.js/fesm2015/zone.js:368:34)
	    at ZoneImpl.run (node_modules/zone.js/fesm2015/zone.js:111:43)
	    at runInTestZone (node_modules/zone.js/fesm2015/zone-testing.js:216:38)
	    at UserContext.<anonymous> (node_modules/zone.js/fesm2015/zone-testing.js:234:32)
	    at <Jasmine>
Chrome 145.0.0.0 (Windows 10): Executed 56 of 77[31m (30 FAILED)[39m (0 secs / 0.732 secs)
Chrome 145.0.0.0 (Windows 10): Executed 56 of 77[31m (30 FAILED)[39m (0 secs / 0.732 secs)
[1A[2K[1A[2KChrome 145.0.0.0 (Windows 10): Executed 57 of 77[31m (30 FAILED)[39m (0 secs / 0.736 secs)
Chrome 145.0.0.0 (Windows 10): Executed 57 of 77[31m (30 FAILED)[39m (0 secs / 0.736 secs)
[1A[2K[1A[2KChrome 145.0.0.0 (Windows 10): Executed 58 of 77[31m (30 FAILED)[39m (0 secs / 0.737 secs)
Chrome 145.0.0.0 (Windows 10): Executed 58 of 77[31m (30 FAILED)[39m (0 secs / 0.737 secs)
[1A[2K[1A[2KChrome 145.0.0.0 (Windows 10): Executed 59 of 77[31m (30 FAILED)[39m (0 secs / 0.738 secs)
Chrome 145.0.0.0 (Windows 10): Executed 59 of 77[31m (30 FAILED)[39m (0 secs / 0.738 secs)
[1A[2K[1A[2KChrome 145.0.0.0 (Windows 10): Executed 60 of 77[31m (30 FAILED)[39m (0 secs / 0.739 secs)
Chrome 145.0.0.0 (Windows 10): Executed 60 of 77[31m (30 FAILED)[39m (0 secs / 0.739 secs)
[1A[2K[1A[2KChrome 145.0.0.0 (Windows 10): Executed 61 of 77[31m (30 FAILED)[39m (0 secs / 0.741 secs)
Chrome 145.0.0.0 (Windows 10): Executed 61 of 77[31m (30 FAILED)[39m (0 secs / 0.741 secs)
[1A[2K[1A[2KChrome 145.0.0.0 (Windows 10): Executed 62 of 77[31m (30 FAILED)[39m (0 secs / 0.772 secs)
Chrome 145.0.0.0 (Windows 10): Executed 62 of 77[31m (30 FAILED)[39m (0 secs / 0.772 secs)
[1A[2K[1A[2KChrome 145.0.0.0 (Windows 10): Executed 63 of 77[31m (30 FAILED)[39m (0 secs / 0.82 secs)
Chrome 145.0.0.0 (Windows 10): Executed 63 of 77[31m (30 FAILED)[39m (0 secs / 0.82 secs)
[1A[2K[1A[2KChrome 145.0.0.0 (Windows 10): Executed 64 of 77[31m (30 FAILED)[39m (0 secs / 0.866 secs)
Chrome 145.0.0.0 (Windows 10): Executed 64 of 77[31m (30 FAILED)[39m (0 secs / 0.866 secs)
[1A[2K[1A[2KChrome 145.0.0.0 (Windows 10): Executed 65 of 77[31m (30 FAILED)[39m (0 secs / 0.869 secs)
Chrome 145.0.0.0 (Windows 10): Executed 65 of 77[31m (30 FAILED)[39m (0 secs / 0.869 secs)
[1A[2K[1A[2KChrome 145.0.0.0 (Windows 10): Executed 66 of 77[31m (30 FAILED)[39m (0 secs / 0.871 secs)
Chrome 145.0.0.0 (Windows 10): Executed 66 of 77[31m (30 FAILED)[39m (0 secs / 0.871 secs)
[1A[2K[1A[2KChrome 145.0.0.0 (Windows 10): Executed 67 of 77[31m (30 FAILED)[39m (0 secs / 0.873 secs)
Chrome 145.0.0.0 (Windows 10): Executed 67 of 77[31m (30 FAILED)[39m (0 secs / 0.873 secs)
[1A[2K[1A[2KChrome 145.0.0.0 (Windows 10): Executed 68 of 77[31m (30 FAILED)[39m (0 secs / 0.876 secs)
Chrome 145.0.0.0 (Windows 10): Executed 68 of 77[31m (30 FAILED)[39m (0 secs / 0.876 secs)
[1A[2K[1A[2KChrome 145.0.0.0 (Windows 10): Executed 69 of 77[31m (30 FAILED)[39m (0 secs / 0.882 secs)
Chrome 145.0.0.0 (Windows 10): Executed 69 of 77[31m (30 FAILED)[39m (0 secs / 0.882 secs)
[1A[2K[1A[2KChrome 145.0.0.0 (Windows 10): Executed 70 of 77[31m (30 FAILED)[39m (0 secs / 0.901 secs)
Chrome 145.0.0.0 (Windows 10): Executed 70 of 77[31m (30 FAILED)[39m (0 secs / 0.901 secs)
[1A[2K[1A[2KChrome 145.0.0.0 (Windows 10): Executed 71 of 77[31m (30 FAILED)[39m (0 secs / 0.91 secs)
Chrome 145.0.0.0 (Windows 10): Executed 71 of 77[31m (30 FAILED)[39m (0 secs / 0.91 secs)
[1A[2K[1A[2K[31mChrome 145.0.0.0 (Windows 10) AppComponent should render title FAILED[39m
	Expected undefined to contain 'Hello, cuentos-killa-FE'.
	    at <Jasmine>
	    at UserContext.apply (src/app/app.component.spec.ts:29:55)
	    at _ZoneDelegate.invoke (node_modules/zone.js/fesm2015/zone.js:369:28)
	    at ProxyZoneSpec.onInvoke (node_modules/zone.js/fesm2015/zone-testing.js:2081:39)
	    at _ZoneDelegate.invoke (node_modules/zone.js/fesm2015/zone.js:368:34)
Chrome 145.0.0.0 (Windows 10): Executed 72 of 77[31m (31 FAILED)[39m (0 secs / 0.921 secs)
Chrome 145.0.0.0 (Windows 10): Executed 72 of 77[31m (31 FAILED)[39m (0 secs / 0.921 secs)
[1A[2K[1A[2KChrome 145.0.0.0 (Windows 10): Executed 73 of 77[31m (31 FAILED)[39m (0 secs / 0.924 secs)
Chrome 145.0.0.0 (Windows 10): Executed 73 of 77[31m (31 FAILED)[39m (0 secs / 0.924 secs)
[1A[2K[1A[2KChrome 145.0.0.0 (Windows 10): Executed 74 of 77[31m (31 FAILED)[39m (0 secs / 0.926 secs)
Chrome 145.0.0.0 (Windows 10): Executed 74 of 77[31m (31 FAILED)[39m (0 secs / 0.926 secs)
[1A[2K[1A[2KChrome 145.0.0.0 (Windows 10): Executed 75 of 77[31m (31 FAILED)[39m (0 secs / 0.931 secs)
Chrome 145.0.0.0 (Windows 10): Executed 75 of 77[31m (31 FAILED)[39m (0 secs / 0.931 secs)
[1A[2K[1A[2KChrome 145.0.0.0 (Windows 10): Executed 76 of 77[31m (31 FAILED)[39m (0 secs / 0.934 secs)
Chrome 145.0.0.0 (Windows 10): Executed 76 of 77[31m (31 FAILED)[39m (0 secs / 0.934 secs)
[1A[2K[1A[2KChrome 145.0.0.0 (Windows 10): Executed 77 of 77[31m (31 FAILED)[39m (0 secs / 0.936 secs)
Chrome 145.0.0.0 (Windows 10): Executed 77 of 77[31m (31 FAILED)[39m (0 secs / 0.936 secs)
[1A[2K[1A[2K[31mChrome 145.0.0.0 (Windows 10) LoginComponent should create FAILED[39m
	Error: NG0304: 'app-form-error' is not a known element (used in the 'LoginComponent' component template):
	1. If 'app-form-error' is an Angular component, then verify that it is included in the '@Component.imports' of this component.
	2. If 'app-form-error' is a Web Component then add 'CUSTOM_ELEMENTS_SCHEMA' to the '@Component.schemas' of this component to suppress this message.
	error properties: Object({ code: 304 })
	    at validateElementIsKnown (node_modules/@angular/core/fesm2022/core.mjs:10533:23)
	    at ╔Á╔ÁelementStart (node_modules/@angular/core/fesm2022/core.mjs:24343:9)
	    at ╔Á╔Áelement (node_modules/@angular/core/fesm2022/core.mjs:24418:5)
	    at templateFn (ng:///LoginComponent.js:36:38)
	    at executeTemplate (node_modules/@angular/core/fesm2022/core.mjs:12159:9)
	    at renderView (node_modules/@angular/core/fesm2022/core.mjs:13366:13)
	    at renderComponent (node_modules/@angular/core/fesm2022/core.mjs:13312:5)
	    at renderChildComponents (node_modules/@angular/core/fesm2022/core.mjs:13414:9)
	    at renderView (node_modules/@angular/core/fesm2022/core.mjs:13394:13)
	    at ComponentFactory.create (node_modules/@angular/core/fesm2022/core.mjs:16768:17)
Chrome 145.0.0.0 (Windows 10): Executed 78 of 77[31m (32 FAILED)[39m (0 secs / 0.945 secs)
Chrome 145.0.0.0 (Windows 10): Executed 78 of 77[31m (32 FAILED)[39m (0 secs / 0.945 secs)
[1A[2K[1A[2KChrome 145.0.0.0 (Windows 10): Executed 78 of 77[31m (32 FAILED)[39m (3.657 secs / 0.945 secs)
Chrome 145.0.0.0 (Windows 10): Executed 78 of 77[31m (32 FAILED)[39m (3.657 secs / 0.945 secs)
ÔêÜ Browser application bundle generation complete.
ÔêÜ Browser application bundle generation complete.
ÔêÜ Browser application bundle generation complete.
[1m[31m
./src/app/components/detalle-cuento/detalle-cuento.component.spec.ts:13:16-32 - Error: export 'NO_ERRORS_SCHEMA' 
(imported as 'NO_ERRORS_SCHEMA') was not found in '@angular/core/testing' (possible exports: ComponentFixture, 
ComponentFixtureAutoDetect, ComponentFixtureNoNgZone, DeferBlockBehavior, DeferBlockFixture, DeferBlockState, 
InjectSetupWrapper, TestBed, TestComponentRenderer, __core_private_testing_placeholder__, discardPeriodicTasks, 
fakeAsync, flush, flushMicrotasks, getTestBed, inject, resetFakeAsyncZone, tick, waitForAsync, withModule, 
╔ÁMetadataOverrider)

Error: [96msrc/app/components/detalle-cuento/detalle-cuento.component.spec.ts[0m:[93m3[0m:[93m37[0m - 
[91merror[0m[90m TS2305: [0mModule '"@angular/core/testing"' has no exported member 'NO_ERRORS_SCHEMA'.

[7m3[0m import { ComponentFixture, TestBed, NO_ERRORS_SCHEMA } from '@angular/core/testing';
[7m [0m [91m                                    ~~~~~~~~~~~~~~~~[0m


[39m[22m
Chrome 145.0.0.0 (Windows 10): Executed 0 of 75[32m SUCCESS[39m (0 secs / 0 secs)
[1A[2KChrome 145.0.0.0 (Windows 10): Executed 1 of 75[32m SUCCESS[39m (0 secs / 0.129 secs)
[1A[2KChrome 145.0.0.0 (Windows 10): Executed 2 of 75[32m SUCCESS[39m (0 secs / 0.157 secs)
[33m27 02 2026 17:41:44.242:WARN [web-server]: [39m404: /_karma_webpack_/assets/icons/dashboard.svg
[33m27 02 2026 17:41:44.243:WARN [web-server]: [39m404: /_karma_webpack_/assets/icons/cuentos.svg
[1A[2K[31mChrome 145.0.0.0 (Windows 10) AdminPedidosComponent should create FAILED[39m
	NullInjectorError: R3InjectorError(DynamicTestModule)[ActivatedRoute -> ActivatedRoute]: 
	  NullInjectorError: No provider for ActivatedRoute!
	error properties: Object({ ngTempTokenPath: null, ngTokenPath: [ 'ActivatedRoute', 'ActivatedRoute' ] })
	    at NullInjector.get (node_modules/@angular/core/fesm2022/core.mjs:1663:27)
	    at R3Injector.get (node_modules/@angular/core/fesm2022/core.mjs:3109:33)
	    at R3Injector.get (node_modules/@angular/core/fesm2022/core.mjs:3109:33)
	    at ChainedInjector.get (node_modules/@angular/core/fesm2022/core.mjs:5454:36)
	    at lookupTokenUsingModuleInjector (node_modules/@angular/core/fesm2022/core.mjs:5807:39)
	    at getOrCreateInjectable (node_modules/@angular/core/fesm2022/core.mjs:5855:12)
	    at ╔Á╔ÁdirectiveInject (node_modules/@angular/core/fesm2022/core.mjs:11933:19)
	    at NodeInjectorFactory.factory (ng:///AdminPedidosComponent/╔Áfac.js:5:7)
	    at getNodeInjectable (node_modules/@angular/core/fesm2022/core.mjs:6067:44)
	    at createRootComponent (node_modules/@angular/core/fesm2022/core.mjs:16916:35)
Chrome 145.0.0.0 (Windows 10): Executed 3 of 75[31m (1 FAILED)[39m (0 secs / 0.27 secs)
[33m27 02 2026 17:41:44.358:WARN [web-server]: [39m404: /_karma_webpack_/assets/icons/pedidos.svg
[33m27 02 2026 17:41:44.359:WARN [web-server]: [39m404: /_karma_webpack_/assets/icons/usuarios.svg
[1A[2K[31mChrome 145.0.0.0 (Windows 10) AdminPedidosComponent trackByPedidoId should return Id when present FAILED[39m
	NullInjectorError: R3InjectorError(DynamicTestModule)[ActivatedRoute -> ActivatedRoute]: 
	  NullInjectorError: No provider for ActivatedRoute!
	error properties: Object({ ngTempTokenPath: null, ngTokenPath: [ 'ActivatedRoute', 'ActivatedRoute' ] })
	    at NullInjector.get (node_modules/@angular/core/fesm2022/core.mjs:1663:27)
	    at R3Injector.get (node_modules/@angular/core/fesm2022/core.mjs:3109:33)
	    at R3Injector.get (node_modules/@angular/core/fesm2022/core.mjs:3109:33)
	    at ChainedInjector.get (node_modules/@angular/core/fesm2022/core.mjs:5454:36)
	    at lookupTokenUsingModuleInjector (node_modules/@angular/core/fesm2022/core.mjs:5807:39)
	    at getOrCreateInjectable (node_modules/@angular/core/fesm2022/core.mjs:5855:12)
	    at ╔Á╔ÁdirectiveInject (node_modules/@angular/core/fesm2022/core.mjs:11933:19)
	    at NodeInjectorFactory.factory (ng:///AdminPedidosComponent/╔Áfac.js:5:7)
	    at getNodeInjectable (node_modules/@angular/core/fesm2022/core.mjs:6067:44)
	    at createRootComponent (node_modules/@angular/core/fesm2022/core.mjs:16916:35)
Chrome 145.0.0.0 (Windows 10): Executed 4 of 75[31m (2 FAILED)[39m (0 secs / 0.276 secs)
[33m27 02 2026 17:41:44.365:WARN [web-server]: [39m404: /_karma_webpack_/assets/icons/config.svg
[1A[2K[31mChrome 145.0.0.0 (Windows 10) AdminPedidosComponent trackByPedidoId should fall back to id when Id is undefined FAILED[39m
	NullInjectorError: R3InjectorError(DynamicTestModule)[ActivatedRoute -> ActivatedRoute]: 
	  NullInjectorError: No provider for ActivatedRoute!
	error properties: Object({ ngTempTokenPath: null, ngTokenPath: [ 'ActivatedRoute', 'ActivatedRoute' ] })
	    at NullInjector.get (node_modules/@angular/core/fesm2022/core.mjs:1663:27)
	    at R3Injector.get (node_modules/@angular/core/fesm2022/core.mjs:3109:33)
	    at R3Injector.get (node_modules/@angular/core/fesm2022/core.mjs:3109:33)
	    at ChainedInjector.get (node_modules/@angular/core/fesm2022/core.mjs:5454:36)
	    at lookupTokenUsingModuleInjector (node_modules/@angular/core/fesm2022/core.mjs:5807:39)
	    at getOrCreateInjectable (node_modules/@angular/core/fesm2022/core.mjs:5855:12)
	    at ╔Á╔ÁdirectiveInject (node_modules/@angular/core/fesm2022/core.mjs:11933:19)
	    at NodeInjectorFactory.factory (ng:///AdminPedidosComponent/╔Áfac.js:5:7)
	    at getNodeInjectable (node_modules/@angular/core/fesm2022/core.mjs:6067:44)
	    at createRootComponent (node_modules/@angular/core/fesm2022/core.mjs:16916:35)
Chrome 145.0.0.0 (Windows 10): Executed 5 of 75[31m (3 FAILED)[39m (0 secs / 0.283 secs)
[1A[2K[31mChrome 145.0.0.0 (Windows 10) AdminPedidosComponent should open dialog on rechazarPago and call service on confirm FAILED[39m
	NullInjectorError: R3InjectorError(DynamicTestModule)[ActivatedRoute -> ActivatedRoute]: 
	  NullInjectorError: No provider for ActivatedRoute!
	error properties: Object({ ngTempTokenPath: null, ngTokenPath: [ 'ActivatedRoute', 'ActivatedRoute' ] })
	    at NullInjector.get (node_modules/@angular/core/fesm2022/core.mjs:1663:27)
	    at R3Injector.get (node_modules/@angular/core/fesm2022/core.mjs:3109:33)
	    at R3Injector.get (node_modules/@angular/core/fesm2022/core.mjs:3109:33)
	    at ChainedInjector.get (node_modules/@angular/core/fesm2022/core.mjs:5454:36)
	    at lookupTokenUsingModuleInjector (node_modules/@angular/core/fesm2022/core.mjs:5807:39)
	    at getOrCreateInjectable (node_modules/@angular/core/fesm2022/core.mjs:5855:12)
	    at ╔Á╔ÁdirectiveInject (node_modules/@angular/core/fesm2022/core.mjs:11933:19)
	    at NodeInjectorFactory.factory (ng:///AdminPedidosComponent/╔Áfac.js:5:7)
	    at getNodeInjectable (node_modules/@angular/core/fesm2022/core.mjs:6067:44)
	    at createRootComponent (node_modules/@angular/core/fesm2022/core.mjs:16916:35)
Chrome 145.0.0.0 (Windows 10): Executed 6 of 75[31m (4 FAILED)[39m (0 secs / 0.287 secs)
[1A[2K[31mChrome 145.0.0.0 (Windows 10) AdminPedidosComponent should not call service when canceling FAILED[39m
	NullInjectorError: R3InjectorError(DynamicTestModule)[ActivatedRoute -> ActivatedRoute]: 
	  NullInjectorError: No provider for ActivatedRoute!
	error properties: Object({ ngTempTokenPath: null, ngTokenPath: [ 'ActivatedRoute', 'ActivatedRoute' ] })
	    at NullInjector.get (node_modules/@angular/core/fesm2022/core.mjs:1663:27)
	    at R3Injector.get (node_modules/@angular/core/fesm2022/core.mjs:3109:33)
	    at R3Injector.get (node_modules/@angular/core/fesm2022/core.mjs:3109:33)
	    at ChainedInjector.get (node_modules/@angular/core/fesm2022/core.mjs:5454:36)
	    at lookupTokenUsingModuleInjector (node_modules/@angular/core/fesm2022/core.mjs:5807:39)
	    at getOrCreateInjectable (node_modules/@angular/core/fesm2022/core.mjs:5855:12)
	    at ╔Á╔ÁdirectiveInject (node_modules/@angular/core/fesm2022/core.mjs:11933:19)
	    at NodeInjectorFactory.factory (ng:///AdminPedidosComponent/╔Áfac.js:5:7)
	    at getNodeInjectable (node_modules/@angular/core/fesm2022/core.mjs:6067:44)
	    at createRootComponent (node_modules/@angular/core/fesm2022/core.mjs:16916:35)
Chrome 145.0.0.0 (Windows 10): Executed 7 of 75[31m (5 FAILED)[39m (0 secs / 0.292 secs)
[1A[2K[31mChrome 145.0.0.0 (Windows 10) PagoComponent ngOnInit - Mercado Pago Callback should confirm payment if collection_status is "approved" and external_reference matches pedidoId FAILED[39m
	TypeError: Cannot redefine property: location
	    at Object.defineProperty (<anonymous>)
	    at UserContext.<anonymous> (src/app/components/pages/pago/pago.component.spec.ts:70:12)
	    at Generator.next (<anonymous>)
	    at asyncGeneratorStep (node_modules/@babel/runtime/helpers/esm/asyncToGenerator.js:3:1)
	    at apply (node_modules/@babel/runtime/helpers/esm/asyncToGenerator.js:17:1)
	    at _ZoneDelegate.invoke (node_modules/zone.js/fesm2015/zone.js:369:28)
	    at ProxyZoneSpec.onInvoke (node_modules/zone.js/fesm2015/zone-testing.js:2081:39)
	    at _ZoneDelegate.invoke (node_modules/zone.js/fesm2015/zone.js:368:34)
	    at ZoneImpl.run (node_modules/zone.js/fesm2015/zone.js:111:43)
	    at node_modules/zone.js/fesm2015/zone.js:2538:40
Chrome 145.0.0.0 (Windows 10): Executed 8 of 75[31m (6 FAILED)[39m (0 secs / 0.324 secs)
[1A[2K[31mChrome 145.0.0.0 (Windows 10) PagoComponent ngOnInit - Mercado Pago Callback should handle error if confirmarPagoMercadoPago fails FAILED[39m
	TypeError: Cannot redefine property: location
	    at Object.defineProperty (<anonymous>)
	    at UserContext.<anonymous> (src/app/components/pages/pago/pago.component.spec.ts:70:12)
	    at Generator.next (<anonymous>)
	    at asyncGeneratorStep (node_modules/@babel/runtime/helpers/esm/asyncToGenerator.js:3:1)
	    at apply (node_modules/@babel/runtime/helpers/esm/asyncToGenerator.js:17:1)
	    at _ZoneDelegate.invoke (node_modules/zone.js/fesm2015/zone.js:369:28)
	    at ProxyZoneSpec.onInvoke (node_modules/zone.js/fesm2015/zone-testing.js:2081:39)
	    at _ZoneDelegate.invoke (node_modules/zone.js/fesm2015/zone.js:368:34)
	    at ZoneImpl.run (node_modules/zone.js/fesm2015/zone.js:111:43)
	    at node_modules/zone.js/fesm2015/zone.js:2538:40
Chrome 145.0.0.0 (Windows 10): Executed 9 of 75[31m (7 FAILED)[39m (0 secs / 0.33 secs)
[1A[2K[31mChrome 145.0.0.0 (Windows 10) PagoComponent ngOnInit - Mercado Pago Callback should NOT confirm payment if collection_status is not "approved" FAILED[39m
	TypeError: Cannot redefine property: location
	    at Object.defineProperty (<anonymous>)
	    at UserContext.<anonymous> (src/app/components/pages/pago/pago.component.spec.ts:70:12)
	    at Generator.next (<anonymous>)
	    at asyncGeneratorStep (node_modules/@babel/runtime/helpers/esm/asyncToGenerator.js:3:1)
	    at apply (node_modules/@babel/runtime/helpers/esm/asyncToGenerator.js:17:1)
	    at _ZoneDelegate.invoke (node_modules/zone.js/fesm2015/zone.js:369:28)
	    at ProxyZoneSpec.onInvoke (node_modules/zone.js/fesm2015/zone-testing.js:2081:39)
	    at _ZoneDelegate.invoke (node_modules/zone.js/fesm2015/zone.js:368:34)
	    at ZoneImpl.run (node_modules/zone.js/fesm2015/zone.js:111:43)
	    at node_modules/zone.js/fesm2015/zone.js:2538:40
Chrome 145.0.0.0 (Windows 10): Executed 10 of 75[31m (8 FAILED)[39m (0 secs / 0.335 secs)
[1A[2K[31mChrome 145.0.0.0 (Windows 10) PagoComponent ngOnInit - Mercado Pago Callback should NOT confirm payment if external_reference does not match pedidoId FAILED[39m
	TypeError: Cannot redefine property: location
	    at Object.defineProperty (<anonymous>)
	    at UserContext.<anonymous> (src/app/components/pages/pago/pago.component.spec.ts:70:12)
	    at Generator.next (<anonymous>)
	    at asyncGeneratorStep (node_modules/@babel/runtime/helpers/esm/asyncToGenerator.js:3:1)
	    at apply (node_modules/@babel/runtime/helpers/esm/asyncToGenerator.js:17:1)
	    at _ZoneDelegate.invoke (node_modules/zone.js/fesm2015/zone.js:369:28)
	    at ProxyZoneSpec.onInvoke (node_modules/zone.js/fesm2015/zone-testing.js:2081:39)
	    at _ZoneDelegate.invoke (node_modules/zone.js/fesm2015/zone.js:368:34)
	    at ZoneImpl.run (node_modules/zone.js/fesm2015/zone.js:111:43)
	    at node_modules/zone.js/fesm2015/zone.js:2538:40
Chrome 145.0.0.0 (Windows 10): Executed 11 of 75[31m (9 FAILED)[39m (0 secs / 0.339 secs)
[1A[2K[31mChrome 145.0.0.0 (Windows 10) PagoComponent ngOnInit - Mercado Pago Callback should not call confirmarPagoMercadoPago if no relevant query params are present FAILED[39m
	TypeError: Cannot redefine property: location
	    at Object.defineProperty (<anonymous>)
	    at UserContext.<anonymous> (src/app/components/pages/pago/pago.component.spec.ts:70:12)
	    at Generator.next (<anonymous>)
	    at asyncGeneratorStep (node_modules/@babel/runtime/helpers/esm/asyncToGenerator.js:3:1)
	    at apply (node_modules/@babel/runtime/helpers/esm/asyncToGenerator.js:17:1)
	    at _ZoneDelegate.invoke (node_modules/zone.js/fesm2015/zone.js:369:28)
	    at ProxyZoneSpec.onInvoke (node_modules/zone.js/fesm2015/zone-testing.js:2081:39)
	    at _ZoneDelegate.invoke (node_modules/zone.js/fesm2015/zone.js:368:34)
	    at ZoneImpl.run (node_modules/zone.js/fesm2015/zone.js:111:43)
	    at node_modules/zone.js/fesm2015/zone.js:2538:40
Chrome 145.0.0.0 (Windows 10): Executed 12 of 75[31m (10 FAILED)[39m (0 secs / 0.343 secs)
[1A[2K[31mChrome 145.0.0.0 (Windows 10) PagoComponent ngOnInit - Mercado Pago Callback should show info message if payment status is not "approved" but external_reference matches FAILED[39m
	TypeError: Cannot redefine property: location
	    at Object.defineProperty (<anonymous>)
	    at UserContext.<anonymous> (src/app/components/pages/pago/pago.component.spec.ts:70:12)
	    at Generator.next (<anonymous>)
	    at asyncGeneratorStep (node_modules/@babel/runtime/helpers/esm/asyncToGenerator.js:3:1)
	    at apply (node_modules/@babel/runtime/helpers/esm/asyncToGenerator.js:17:1)
	    at _ZoneDelegate.invoke (node_modules/zone.js/fesm2015/zone.js:369:28)
	    at ProxyZoneSpec.onInvoke (node_modules/zone.js/fesm2015/zone-testing.js:2081:39)
	    at _ZoneDelegate.invoke (node_modules/zone.js/fesm2015/zone.js:368:34)
	    at ZoneImpl.run (node_modules/zone.js/fesm2015/zone.js:111:43)
	    at node_modules/zone.js/fesm2015/zone.js:2538:40
Chrome 145.0.0.0 (Windows 10): Executed 13 of 75[31m (11 FAILED)[39m (0 secs / 0.347 secs)
[1A[2K[31mChrome 145.0.0.0 (Windows 10) PagoComponent should create FAILED[39m
	TypeError: Cannot redefine property: location
	    at Object.defineProperty (<anonymous>)
	    at UserContext.<anonymous> (src/app/components/pages/pago/pago.component.spec.ts:70:12)
	    at Generator.next (<anonymous>)
	    at asyncGeneratorStep (node_modules/@babel/runtime/helpers/esm/asyncToGenerator.js:3:1)
	    at apply (node_modules/@babel/runtime/helpers/esm/asyncToGenerator.js:17:1)
	    at _ZoneDelegate.invoke (node_modules/zone.js/fesm2015/zone.js:369:28)
	    at ProxyZoneSpec.onInvoke (node_modules/zone.js/fesm2015/zone-testing.js:2081:39)
	    at _ZoneDelegate.invoke (node_modules/zone.js/fesm2015/zone.js:368:34)
	    at ZoneImpl.run (node_modules/zone.js/fesm2015/zone.js:111:43)
	    at node_modules/zone.js/fesm2015/zone.js:2538:40
Chrome 145.0.0.0 (Windows 10): Executed 14 of 75[31m (12 FAILED)[39m (0 secs / 0.352 secs)
[1A[2K[31mChrome 145.0.0.0 (Windows 10) PagoComponent should fetch order status on init FAILED[39m
	TypeError: Cannot redefine property: location
	    at Object.defineProperty (<anonymous>)
	    at UserContext.<anonymous> (src/app/components/pages/pago/pago.component.spec.ts:70:12)
	    at Generator.next (<anonymous>)
	    at asyncGeneratorStep (node_modules/@babel/runtime/helpers/esm/asyncToGenerator.js:3:1)
	    at apply (node_modules/@babel/runtime/helpers/esm/asyncToGenerator.js:17:1)
	    at _ZoneDelegate.invoke (node_modules/zone.js/fesm2015/zone.js:369:28)
	    at ProxyZoneSpec.onInvoke (node_modules/zone.js/fesm2015/zone-testing.js:2081:39)
	    at _ZoneDelegate.invoke (node_modules/zone.js/fesm2015/zone.js:368:34)
	    at ZoneImpl.run (node_modules/zone.js/fesm2015/zone.js:111:43)
	    at node_modules/zone.js/fesm2015/zone.js:2538:40
Chrome 145.0.0.0 (Windows 10): Executed 15 of 75[31m (13 FAILED)[39m (0 secs / 0.357 secs)
[1A[2K[31mChrome 145.0.0.0 (Windows 10) PagoComponent pagarConMercadoPagoConfirmado should redirect to the correct Mercado Pago URL FAILED[39m
	TypeError: Cannot redefine property: location
	    at Object.defineProperty (<anonymous>)
	    at UserContext.<anonymous> (src/app/components/pages/pago/pago.component.spec.ts:70:12)
	    at Generator.next (<anonymous>)
	    at asyncGeneratorStep (node_modules/@babel/runtime/helpers/esm/asyncToGenerator.js:3:1)
	    at apply (node_modules/@babel/runtime/helpers/esm/asyncToGenerator.js:17:1)
	    at _ZoneDelegate.invoke (node_modules/zone.js/fesm2015/zone.js:369:28)
	    at ProxyZoneSpec.onInvoke (node_modules/zone.js/fesm2015/zone-testing.js:2081:39)
	    at _ZoneDelegate.invoke (node_modules/zone.js/fesm2015/zone.js:368:34)
	    at ZoneImpl.run (node_modules/zone.js/fesm2015/zone.js:111:43)
	    at node_modules/zone.js/fesm2015/zone.js:2538:40
Chrome 145.0.0.0 (Windows 10): Executed 16 of 75[31m (14 FAILED)[39m (0 secs / 0.361 secs)
[1A[2KChrome 145.0.0.0 (Windows 10): Executed 17 of 75[31m (14 FAILED)[39m (0 secs / 0.396 secs)
[1A[2KChrome 145.0.0.0 (Windows 10): Executed 18 of 75[31m (14 FAILED)[39m (0 secs / 0.437 secs)
[1A[2KChrome 145.0.0.0 (Windows 10): Executed 19 of 75[31m (14 FAILED)[39m (0 secs / 0.468 secs)
[1A[2KChrome 145.0.0.0 (Windows 10): Executed 20 of 75[31m (14 FAILED)[39m (0 secs / 0.493 secs)
[1A[2KChrome 145.0.0.0 (Windows 10): Executed 21 of 75[31m (14 FAILED)[39m (0 secs / 0.516 secs)
[1A[2K[31mChrome 145.0.0.0 (Windows 10) LoginComponent should create FAILED[39m
	Error: NG0304: 'app-form-error' is not a known element (used in the 'LoginComponent' component template):
	1. If 'app-form-error' is an Angular component, then verify that it is included in the '@Component.imports' of this component.
	2. If 'app-form-error' is a Web Component then add 'CUSTOM_ELEMENTS_SCHEMA' to the '@Component.schemas' of this component to suppress this message.
	error properties: Object({ code: 304 })
	    at validateElementIsKnown (node_modules/@angular/core/fesm2022/core.mjs:10533:23)
	    at ╔Á╔ÁelementStart (node_modules/@angular/core/fesm2022/core.mjs:24343:9)
	    at ╔Á╔Áelement (node_modules/@angular/core/fesm2022/core.mjs:24418:5)
	    at templateFn (ng:///LoginComponent.js:36:38)
	    at executeTemplate (node_modules/@angular/core/fesm2022/core.mjs:12159:9)
	    at renderView (node_modules/@angular/core/fesm2022/core.mjs:13366:13)
	    at renderComponent (node_modules/@angular/core/fesm2022/core.mjs:13312:5)
	    at renderChildComponents (node_modules/@angular/core/fesm2022/core.mjs:13414:9)
	    at renderView (node_modules/@angular/core/fesm2022/core.mjs:13394:13)
	    at ComponentFactory.create (node_modules/@angular/core/fesm2022/core.mjs:16768:17)
Chrome 145.0.0.0 (Windows 10): Executed 22 of 75[31m (15 FAILED)[39m (0 secs / 0.536 secs)
[1A[2KChrome 145.0.0.0 (Windows 10): Executed 23 of 75[31m (15 FAILED)[39m (0 secs / 0.544 secs)
[1A[2KChrome 145.0.0.0 (Windows 10): Executed 24 of 75[31m (15 FAILED)[39m (0 secs / 0.594 secs)
[1A[2KLOG: [36m'Detalle del pedido:', Object{id: 1, fecha: '2023-01-15T10:00:00Z', nombre: 'Cliente A', correo: 'a@a.com', direccion: 'Dir A', telefono: '123', items: [Object{cuentoId: ..., nombreCuento: ..., imagenUrl: ..., precioUnitario: ..., cantidad: ..., subtotal: ...}, Object{cuentoId: ..., nombreCuento: ..., imagenUrl: ..., precioUnitario: ..., cantidad: ..., subtotal: ...}], total: 40, estado: 'PAGO_PENDIENTE', userId: 1, correoUsuario: 'a@a.com'}[39m
Chrome 145.0.0.0 (Windows 10): Executed 24 of 75[31m (15 FAILED)[39m (0 secs / 0.594 secs)
LOG: 'Detalle del pedido:', Object{id: 1, fecha: '2023-01-15T10:00:00Z', nombre: 'Cliente A', correo: 'a@a.com', direccion: 'Dir A', telefono: '123', items: [Object{cuentoId: ..., nombreCuento: ..., imagenUrl: ..., precioUnitario: ..., cantidad: ..., subtotal: ...}, Object{cuentoId: ..., nombreCuento: ..., imagenUrl: ..., precioUnitario: ..., cantidad: ..., subtotal: ...}], total: 40, estado: 'PAGO_PENDIENTE', userId: 1, correoUsuario: 'a@a.com'}
[1A[2KChrome 145.0.0.0 (Windows 10): Executed 25 of 75[31m (15 FAILED)[39m (0 secs / 0.614 secs)
[1A[2KChrome 145.0.0.0 (Windows 10): Executed 26 of 75[31m (15 FAILED)[39m (0 secs / 0.618 secs)
[1A[2KERROR: [36m'Error fetching order details:', Object{status: 404, message: 'Not Found'}[39m
Chrome 145.0.0.0 (Windows 10): Executed 26 of 75[31m (15 FAILED)[39m (0 secs / 0.618 secs)
ERROR: 'Error fetching order details:', Object{status: 404, message: 'Not Found'}
[1A[2K[31mChrome 145.0.0.0 (Windows 10) OrderDetailComponent ngOnInit should set errorMensaje and isLoading to false if service call fails FAILED[39m
	Expected null to be undefined.
	    at <Jasmine>
	    at UserContext.apply (src/app/components/pages/order-detail/order-detail.component.spec.ts:95:32)
	    at UserContext.apply (node_modules/zone.js/fesm2015/zone-testing.js:1702:26)
	    at _ZoneDelegate.invoke (node_modules/zone.js/fesm2015/zone.js:369:28)
	    at ProxyZoneSpec.onInvoke (node_modules/zone.js/fesm2015/zone-testing.js:2081:39)
Chrome 145.0.0.0 (Windows 10): Executed 27 of 75[31m (16 FAILED)[39m (0 secs / 0.623 secs)
[1A[2KLOG: [36m'Detalle del pedido:', Object{id: 1, fecha: '2023-01-15T10:00:00Z', nombre: 'Cliente A', correo: 'a@a.com', direccion: 'Dir A', telefono: '123', items: [Object{cuentoId: ..., nombreCuento: ..., imagenUrl: ..., precioUnitario: ..., cantidad: ..., subtotal: ...}, Object{cuentoId: ..., nombreCuento: ..., imagenUrl: ..., precioUnitario: ..., cantidad: ..., subtotal: ...}], total: 40, estado: 'PAGO_PENDIENTE', userId: 1, correoUsuario: 'a@a.com'}[39m
Chrome 145.0.0.0 (Windows 10): Executed 27 of 75[31m (16 FAILED)[39m (0 secs / 0.623 secs)
LOG: 'Detalle del pedido:', Object{id: 1, fecha: '2023-01-15T10:00:00Z', nombre: 'Cliente A', correo: 'a@a.com', direccion: 'Dir A', telefono: '123', items: [Object{cuentoId: ..., nombreCuento: ..., imagenUrl: ..., precioUnitario: ..., cantidad: ..., subtotal: ...}, Object{cuentoId: ..., nombreCuento: ..., imagenUrl: ..., precioUnitario: ..., cantidad: ..., subtotal: ...}], total: 40, estado: 'PAGO_PENDIENTE', userId: 1, correoUsuario: 'a@a.com'}
[1A[2KChrome 145.0.0.0 (Windows 10): Executed 28 of 75[31m (16 FAILED)[39m (0 secs / 0.627 secs)
[1A[2K[31mChrome 145.0.0.0 (Windows 10) OrderDetailComponent pagarAhora should log a message and show a toast FAILED[39m
	Expected spy log to have been called with:
	  [ 'Intento de pago para el pedido:', 1 ]
	but actual calls were:
	  [ 'Intento de pago para el pedido:', undefined ].
	
	Call 0:
	  Expected $[1] = undefined to equal 1.
	Error: Expected spy log to have been called with:
	  [ 'Intento de pago para el pedido:', 1 ]
	but actual calls were:
	  [ 'Intento de pago para el pedido:', undefined ].
	Call 0:
	  Expected $[1] = undefined to equal 1.
	    at <Jasmine>
	    at UserContext.apply (src/app/components/pages/order-detail/order-detail.component.spec.ts:120:27)
	    at _ZoneDelegate.invoke (node_modules/zone.js/fesm2015/zone.js:369:28)
	    at ProxyZoneSpec.onInvoke (node_modules/zone.js/fesm2015/zone-testing.js:2081:39)
	    at _ZoneDelegate.invoke (node_modules/zone.js/fesm2015/zone.js:368:34)
Chrome 145.0.0.0 (Windows 10): Executed 29 of 75[31m (17 FAILED)[39m (0 secs / 0.631 secs)
[1A[2K[31mChrome 145.0.0.0 (Windows 10) OrderDetailComponent isPagoPendiente should return true if estado is PENDIENTE (case insensitive) FAILED[39m
	Expected false to be true.
	    at <Jasmine>
	    at UserContext.apply (src/app/components/pages/order-detail/order-detail.component.spec.ts:132:43)
	    at _ZoneDelegate.invoke (node_modules/zone.js/fesm2015/zone.js:369:28)
	    at ProxyZoneSpec.onInvoke (node_modules/zone.js/fesm2015/zone-testing.js:2081:39)
	    at _ZoneDelegate.invoke (node_modules/zone.js/fesm2015/zone.js:368:34)
Chrome 145.0.0.0 (Windows 10): Executed 30 of 75[31m (18 FAILED)[39m (0 secs / 0.636 secs)
[1A[2KChrome 145.0.0.0 (Windows 10): Executed 31 of 75[31m (18 FAILED)[39m (0 secs / 0.639 secs)
[1A[2KChrome 145.0.0.0 (Windows 10): Executed 32 of 75[31m (18 FAILED)[39m (0 secs / 0.642 secs)
[1A[2KChrome 145.0.0.0 (Windows 10): Executed 33 of 75[31m (18 FAILED)[39m (0 secs / 0.645 secs)
[1A[2KChrome 145.0.0.0 (Windows 10): Executed 34 of 75[31m (18 FAILED)[39m (0 secs / 0.65 secs)
[1A[2KLOG: [36m'Detalle del pedido:', Object{id: 1, fecha: '2023-01-15T10:00:00Z', nombre: 'Cliente A', correo: 'a@a.com', direccion: 'Dir A', telefono: '123', items: [Object{cuentoId: ..., nombreCuento: ..., imagenUrl: ..., precioUnitario: ..., cantidad: ..., subtotal: ...}, Object{cuentoId: ..., nombreCuento: ..., imagenUrl: ..., precioUnitario: ..., cantidad: ..., subtotal: ...}], total: 40, estado: 'PAGO_PENDIENTE', userId: 1, correoUsuario: 'a@a.com'}[39m
Chrome 145.0.0.0 (Windows 10): Executed 34 of 75[31m (18 FAILED)[39m (0 secs / 0.65 secs)
LOG: 'Detalle del pedido:', Object{id: 1, fecha: '2023-01-15T10:00:00Z', nombre: 'Cliente A', correo: 'a@a.com', direccion: 'Dir A', telefono: '123', items: [Object{cuentoId: ..., nombreCuento: ..., imagenUrl: ..., precioUnitario: ..., cantidad: ..., subtotal: ...}, Object{cuentoId: ..., nombreCuento: ..., imagenUrl: ..., precioUnitario: ..., cantidad: ..., subtotal: ...}], total: 40, estado: 'PAGO_PENDIENTE', userId: 1, correoUsuario: 'a@a.com'}
[1A[2KLOG: [36m'Detalle del pedido:', Object{id: 1, fecha: '2023-01-15T10:00:00Z', nombre: 'Cliente A', correo: 'a@a.com', direccion: 'Dir A', telefono: '123', items: [Object{cuentoId: ..., nombreCuento: ..., imagenUrl: ..., precioUnitario: ..., cantidad: ..., subtotal: ...}, Object{cuentoId: ..., nombreCuento: ..., imagenUrl: ..., precioUnitario: ..., cantidad: ..., subtotal: ...}], total: 40, estado: 'PAGO_PENDIENTE', userId: 1, correoUsuario: 'a@a.com'}[39m
Chrome 145.0.0.0 (Windows 10): Executed 34 of 75[31m (18 FAILED)[39m (0 secs / 0.65 secs)
LOG: 'Detalle del pedido:', Object{id: 1, fecha: '2023-01-15T10:00:00Z', nombre: 'Cliente A', correo: 'a@a.com', direccion: 'Dir A', telefono: '123', items: [Object{cuentoId: ..., nombreCuento: ..., imagenUrl: ..., precioUnitario: ..., cantidad: ..., subtotal: ...}, Object{cuentoId: ..., nombreCuento: ..., imagenUrl: ..., precioUnitario: ..., cantidad: ..., subtotal: ...}], total: 40, estado: 'PAGO_PENDIENTE', userId: 1, correoUsuario: 'a@a.com'}
[1A[2KChrome 145.0.0.0 (Windows 10): Executed 35 of 75[31m (18 FAILED)[39m (0 secs / 0.664 secs)
[1A[2KLOG: [36m'Detalle del pedido:', Object{id: 1, fecha: '2023-01-15T10:00:00Z', nombre: 'Cliente A', correo: 'a@a.com', direccion: 'Dir A', telefono: '123', items: [Object{cuentoId: ..., nombreCuento: ..., imagenUrl: ..., precioUnitario: ..., cantidad: ..., subtotal: ...}, Object{cuentoId: ..., nombreCuento: ..., imagenUrl: ..., precioUnitario: ..., cantidad: ..., subtotal: ...}], total: 40, estado: 'PAGO_PENDIENTE', userId: 1, correoUsuario: 'a@a.com'}[39m
Chrome 145.0.0.0 (Windows 10): Executed 35 of 75[31m (18 FAILED)[39m (0 secs / 0.664 secs)
LOG: 'Detalle del pedido:', Object{id: 1, fecha: '2023-01-15T10:00:00Z', nombre: 'Cliente A', correo: 'a@a.com', direccion: 'Dir A', telefono: '123', items: [Object{cuentoId: ..., nombreCuento: ..., imagenUrl: ..., precioUnitario: ..., cantidad: ..., subtotal: ...}, Object{cuentoId: ..., nombreCuento: ..., imagenUrl: ..., precioUnitario: ..., cantidad: ..., subtotal: ...}], total: 40, estado: 'PAGO_PENDIENTE', userId: 1, correoUsuario: 'a@a.com'}
[1A[2KLOG: [36m'Detalle del pedido:', Object{id: 1, fecha: '2023-01-15T10:00:00Z', nombre: 'Cliente A', correo: 'a@a.com', direccion: 'Dir A', telefono: '123', items: [Object{cuentoId: ..., nombreCuento: ..., imagenUrl: ..., precioUnitario: ..., cantidad: ..., subtotal: ...}, Object{cuentoId: ..., nombreCuento: ..., imagenUrl: ..., precioUnitario: ..., cantidad: ..., subtotal: ...}], total: 40, estado: 'PAGO_PENDIENTE', userId: 1, correoUsuario: 'a@a.com'}[39m
Chrome 145.0.0.0 (Windows 10): Executed 35 of 75[31m (18 FAILED)[39m (0 secs / 0.664 secs)
LOG: 'Detalle del pedido:', Object{id: 1, fecha: '2023-01-15T10:00:00Z', nombre: 'Cliente A', correo: 'a@a.com', direccion: 'Dir A', telefono: '123', items: [Object{cuentoId: ..., nombreCuento: ..., imagenUrl: ..., precioUnitario: ..., cantidad: ..., subtotal: ...}, Object{cuentoId: ..., nombreCuento: ..., imagenUrl: ..., precioUnitario: ..., cantidad: ..., subtotal: ...}], total: 40, estado: 'PAGO_PENDIENTE', userId: 1, correoUsuario: 'a@a.com'}
[1A[2KChrome 145.0.0.0 (Windows 10): Executed 36 of 75[31m (18 FAILED)[39m (0 secs / 0.671 secs)
[1A[2KLOG: [36m'Detalle del pedido:', Object{id: 1, fecha: '2023-01-15T10:00:00Z', nombre: 'Cliente A', correo: 'a@a.com', direccion: 'Dir A', telefono: '123', items: [Object{cuentoId: ..., nombreCuento: ..., imagenUrl: ..., precioUnitario: ..., cantidad: ..., subtotal: ...}, Object{cuentoId: ..., nombreCuento: ..., imagenUrl: ..., precioUnitario: ..., cantidad: ..., subtotal: ...}], total: 40, estado: 'PAGO_PENDIENTE', userId: 1, correoUsuario: 'a@a.com'}[39m
Chrome 145.0.0.0 (Windows 10): Executed 36 of 75[31m (18 FAILED)[39m (0 secs / 0.671 secs)
LOG: 'Detalle del pedido:', Object{id: 1, fecha: '2023-01-15T10:00:00Z', nombre: 'Cliente A', correo: 'a@a.com', direccion: 'Dir A', telefono: '123', items: [Object{cuentoId: ..., nombreCuento: ..., imagenUrl: ..., precioUnitario: ..., cantidad: ..., subtotal: ...}, Object{cuentoId: ..., nombreCuento: ..., imagenUrl: ..., precioUnitario: ..., cantidad: ..., subtotal: ...}], total: 40, estado: 'PAGO_PENDIENTE', userId: 1, correoUsuario: 'a@a.com'}
[1A[2KLOG: [36m'Detalle del pedido:', Object{id: 1, fecha: '2023-01-15T10:00:00Z', nombre: 'Cliente A', correo: 'a@a.com', direccion: 'Dir A', telefono: '123', items: [Object{cuentoId: ..., nombreCuento: ..., imagenUrl: ..., precioUnitario: ..., cantidad: ..., subtotal: ...}, Object{cuentoId: ..., nombreCuento: ..., imagenUrl: ..., precioUnitario: ..., cantidad: ..., subtotal: ...}], total: 40, estado: 'PAGO_PENDIENTE', userId: 1, correoUsuario: 'a@a.com'}[39m
Chrome 145.0.0.0 (Windows 10): Executed 36 of 75[31m (18 FAILED)[39m (0 secs / 0.671 secs)
LOG: 'Detalle del pedido:', Object{id: 1, fecha: '2023-01-15T10:00:00Z', nombre: 'Cliente A', correo: 'a@a.com', direccion: 'Dir A', telefono: '123', items: [Object{cuentoId: ..., nombreCuento: ..., imagenUrl: ..., precioUnitario: ..., cantidad: ..., subtotal: ...}, Object{cuentoId: ..., nombreCuento: ..., imagenUrl: ..., precioUnitario: ..., cantidad: ..., subtotal: ...}], total: 40, estado: 'PAGO_PENDIENTE', userId: 1, correoUsuario: 'a@a.com'}
[1A[2K[31mChrome 145.0.0.0 (Windows 10) OrderDetailComponent Template Rendering should display "Detalle del Pedido #ID" title FAILED[39m
	Expected 'Detalle del Pedido #' to contain 'Detalle del Pedido #1'.
	    at <Jasmine>
	    at UserContext.apply (src/app/components/pages/order-detail/order-detail.component.spec.ts:154:54)
	    at _ZoneDelegate.invoke (node_modules/zone.js/fesm2015/zone.js:369:28)
	    at ProxyZoneSpec.onInvoke (node_modules/zone.js/fesm2015/zone-testing.js:2081:39)
	    at _ZoneDelegate.invoke (node_modules/zone.js/fesm2015/zone.js:368:34)
Chrome 145.0.0.0 (Windows 10): Executed 37 of 75[31m (19 FAILED)[39m (0 secs / 0.678 secs)
[1A[2KLOG: [36m'Detalle del pedido:', Object{id: 1, fecha: '2023-01-15T10:00:00Z', nombre: 'Cliente A', correo: 'a@a.com', direccion: 'Dir A', telefono: '123', items: [Object{cuentoId: ..., nombreCuento: ..., imagenUrl: ..., precioUnitario: ..., cantidad: ..., subtotal: ...}, Object{cuentoId: ..., nombreCuento: ..., imagenUrl: ..., precioUnitario: ..., cantidad: ..., subtotal: ...}], total: 40, estado: 'PAGO_PENDIENTE', userId: 1, correoUsuario: 'a@a.com'}[39m
Chrome 145.0.0.0 (Windows 10): Executed 37 of 75[31m (19 FAILED)[39m (0 secs / 0.678 secs)
LOG: 'Detalle del pedido:', Object{id: 1, fecha: '2023-01-15T10:00:00Z', nombre: 'Cliente A', correo: 'a@a.com', direccion: 'Dir A', telefono: '123', items: [Object{cuentoId: ..., nombreCuento: ..., imagenUrl: ..., precioUnitario: ..., cantidad: ..., subtotal: ...}, Object{cuentoId: ..., nombreCuento: ..., imagenUrl: ..., precioUnitario: ..., cantidad: ..., subtotal: ...}], total: 40, estado: 'PAGO_PENDIENTE', userId: 1, correoUsuario: 'a@a.com'}
[1A[2KLOG: [36m'Detalle del pedido:', Object{id: 1, fecha: '2023-01-15T10:00:00Z', nombre: 'Cliente A', correo: 'a@a.com', direccion: 'Dir A', telefono: '123', items: [Object{cuentoId: ..., nombreCuento: ..., imagenUrl: ..., precioUnitario: ..., cantidad: ..., subtotal: ...}, Object{cuentoId: ..., nombreCuento: ..., imagenUrl: ..., precioUnitario: ..., cantidad: ..., subtotal: ...}], total: 40, estado: 'PAGO_PENDIENTE', userId: 1, correoUsuario: 'a@a.com'}[39m
Chrome 145.0.0.0 (Windows 10): Executed 37 of 75[31m (19 FAILED)[39m (0 secs / 0.678 secs)
LOG: 'Detalle del pedido:', Object{id: 1, fecha: '2023-01-15T10:00:00Z', nombre: 'Cliente A', correo: 'a@a.com', direccion: 'Dir A', telefono: '123', items: [Object{cuentoId: ..., nombreCuento: ..., imagenUrl: ..., precioUnitario: ..., cantidad: ..., subtotal: ...}, Object{cuentoId: ..., nombreCuento: ..., imagenUrl: ..., precioUnitario: ..., cantidad: ..., subtotal: ...}], total: 40, estado: 'PAGO_PENDIENTE', userId: 1, correoUsuario: 'a@a.com'}
[1A[2KChrome 145.0.0.0 (Windows 10): Executed 38 of 75[31m (19 FAILED)[39m (0 secs / 0.685 secs)
[1A[2KLOG: [36m'Detalle del pedido:', Object{id: 1, fecha: '2023-01-15T10:00:00Z', nombre: 'Cliente A', correo: 'a@a.com', direccion: 'Dir A', telefono: '123', items: [Object{cuentoId: ..., nombreCuento: ..., imagenUrl: ..., precioUnitario: ..., cantidad: ..., subtotal: ...}, Object{cuentoId: ..., nombreCuento: ..., imagenUrl: ..., precioUnitario: ..., cantidad: ..., subtotal: ...}], total: 40, estado: 'PAGO_PENDIENTE', userId: 1, correoUsuario: 'a@a.com'}[39m
Chrome 145.0.0.0 (Windows 10): Executed 38 of 75[31m (19 FAILED)[39m (0 secs / 0.685 secs)
LOG: 'Detalle del pedido:', Object{id: 1, fecha: '2023-01-15T10:00:00Z', nombre: 'Cliente A', correo: 'a@a.com', direccion: 'Dir A', telefono: '123', items: [Object{cuentoId: ..., nombreCuento: ..., imagenUrl: ..., precioUnitario: ..., cantidad: ..., subtotal: ...}, Object{cuentoId: ..., nombreCuento: ..., imagenUrl: ..., precioUnitario: ..., cantidad: ..., subtotal: ...}], total: 40, estado: 'PAGO_PENDIENTE', userId: 1, correoUsuario: 'a@a.com'}
[1A[2KLOG: [36m'Detalle del pedido:', Object{id: 1, fecha: '2023-01-15T10:00:00Z', nombre: 'Cliente A', correo: 'a@a.com', direccion: 'Dir A', telefono: '123', items: [Object{cuentoId: ..., nombreCuento: ..., imagenUrl: ..., precioUnitario: ..., cantidad: ..., subtotal: ...}, Object{cuentoId: ..., nombreCuento: ..., imagenUrl: ..., precioUnitario: ..., cantidad: ..., subtotal: ...}], total: 40, estado: 'PAGO_PENDIENTE', userId: 1, correoUsuario: 'a@a.com'}[39m
Chrome 145.0.0.0 (Windows 10): Executed 38 of 75[31m (19 FAILED)[39m (0 secs / 0.685 secs)
LOG: 'Detalle del pedido:', Object{id: 1, fecha: '2023-01-15T10:00:00Z', nombre: 'Cliente A', correo: 'a@a.com', direccion: 'Dir A', telefono: '123', items: [Object{cuentoId: ..., nombreCuento: ..., imagenUrl: ..., precioUnitario: ..., cantidad: ..., subtotal: ...}, Object{cuentoId: ..., nombreCuento: ..., imagenUrl: ..., precioUnitario: ..., cantidad: ..., subtotal: ...}], total: 40, estado: 'PAGO_PENDIENTE', userId: 1, correoUsuario: 'a@a.com'}
[1A[2K[31mChrome 145.0.0.0 (Windows 10) OrderDetailComponent Template Rendering should display general order information FAILED[39m
	Expected 'ID del Pedido: Fecha: 15/01/2023 05:00Estado:PAGO_PENDIENTENombre: Cliente ACorreo: a@a.comDirecci├│n: Dir ATel├®fono: 123Total del Pedido:$40.00' to contain 'ID del Pedido: 1'.
	    at <Jasmine>
	    at UserContext.apply (src/app/components/pages/order-detail/order-detail.component.spec.ts:159:50)
	    at _ZoneDelegate.invoke (node_modules/zone.js/fesm2015/zone.js:369:28)
	    at ProxyZoneSpec.onInvoke (node_modules/zone.js/fesm2015/zone-testing.js:2081:39)
	    at _ZoneDelegate.invoke (node_modules/zone.js/fesm2015/zone.js:368:34)
	Expected 'ID del Pedido: Fecha: 15/01/2023 05:00Estado:PAGO_PENDIENTENombre: Cliente ACorreo: a@a.comDirecci├│n: Dir ATel├®fono: 123Total del Pedido:$40.00' to contain 'Estado: PAGO_PENDIENTE'.
	    at <Jasmine>
	    at UserContext.apply (src/app/components/pages/order-detail/order-detail.component.spec.ts:161:50)
	    at _ZoneDelegate.invoke (node_modules/zone.js/fesm2015/zone.js:369:28)
	    at ProxyZoneSpec.onInvoke (node_modules/zone.js/fesm2015/zone-testing.js:2081:39)
	    at _ZoneDelegate.invoke (node_modules/zone.js/fesm2015/zone.js:368:34)
Chrome 145.0.0.0 (Windows 10): Executed 39 of 75[31m (20 FAILED)[39m (0 secs / 0.7 secs)
[1A[2KLOG: [36m'Detalle del pedido:', Object{id: 1, fecha: '2023-01-15T10:00:00Z', nombre: 'Cliente A', correo: 'a@a.com', direccion: 'Dir A', telefono: '123', items: [Object{cuentoId: ..., nombreCuento: ..., imagenUrl: ..., precioUnitario: ..., cantidad: ..., subtotal: ...}, Object{cuentoId: ..., nombreCuento: ..., imagenUrl: ..., precioUnitario: ..., cantidad: ..., subtotal: ...}], total: 40, estado: 'PAGO_PENDIENTE', userId: 1, correoUsuario: 'a@a.com'}[39m
Chrome 145.0.0.0 (Windows 10): Executed 39 of 75[31m (20 FAILED)[39m (0 secs / 0.7 secs)
LOG: 'Detalle del pedido:', Object{id: 1, fecha: '2023-01-15T10:00:00Z', nombre: 'Cliente A', correo: 'a@a.com', direccion: 'Dir A', telefono: '123', items: [Object{cuentoId: ..., nombreCuento: ..., imagenUrl: ..., precioUnitario: ..., cantidad: ..., subtotal: ...}, Object{cuentoId: ..., nombreCuento: ..., imagenUrl: ..., precioUnitario: ..., cantidad: ..., subtotal: ...}], total: 40, estado: 'PAGO_PENDIENTE', userId: 1, correoUsuario: 'a@a.com'}
[1A[2KLOG: [36m'Detalle del pedido:', Object{id: 1, fecha: '2023-01-15T10:00:00Z', nombre: 'Cliente A', correo: 'a@a.com', direccion: 'Dir A', telefono: '123', items: [Object{cuentoId: ..., nombreCuento: ..., imagenUrl: ..., precioUnitario: ..., cantidad: ..., subtotal: ...}, Object{cuentoId: ..., nombreCuento: ..., imagenUrl: ..., precioUnitario: ..., cantidad: ..., subtotal: ...}], total: 40, estado: 'PAGO_PENDIENTE', userId: 1, correoUsuario: 'a@a.com'}[39m
Chrome 145.0.0.0 (Windows 10): Executed 39 of 75[31m (20 FAILED)[39m (0 secs / 0.7 secs)
LOG: 'Detalle del pedido:', Object{id: 1, fecha: '2023-01-15T10:00:00Z', nombre: 'Cliente A', correo: 'a@a.com', direccion: 'Dir A', telefono: '123', items: [Object{cuentoId: ..., nombreCuento: ..., imagenUrl: ..., precioUnitario: ..., cantidad: ..., subtotal: ...}, Object{cuentoId: ..., nombreCuento: ..., imagenUrl: ..., precioUnitario: ..., cantidad: ..., subtotal: ...}], total: 40, estado: 'PAGO_PENDIENTE', userId: 1, correoUsuario: 'a@a.com'}
[1A[2KChrome 145.0.0.0 (Windows 10): Executed 40 of 75[31m (20 FAILED)[39m (0 secs / 0.709 secs)
[1A[2KLOG: [36m'Detalle del pedido:', Object{id: 1, fecha: '2023-01-15T10:00:00Z', nombre: 'Cliente A', correo: 'a@a.com', direccion: 'Dir A', telefono: '123', items: [Object{cuentoId: ..., nombreCuento: ..., imagenUrl: ..., precioUnitario: ..., cantidad: ..., subtotal: ...}, Object{cuentoId: ..., nombreCuento: ..., imagenUrl: ..., precioUnitario: ..., cantidad: ..., subtotal: ...}], total: 40, estado: 'PAGO_PENDIENTE', userId: 1, correoUsuario: 'a@a.com'}[39m
Chrome 145.0.0.0 (Windows 10): Executed 40 of 75[31m (20 FAILED)[39m (0 secs / 0.709 secs)
LOG: 'Detalle del pedido:', Object{id: 1, fecha: '2023-01-15T10:00:00Z', nombre: 'Cliente A', correo: 'a@a.com', direccion: 'Dir A', telefono: '123', items: [Object{cuentoId: ..., nombreCuento: ..., imagenUrl: ..., precioUnitario: ..., cantidad: ..., subtotal: ...}, Object{cuentoId: ..., nombreCuento: ..., imagenUrl: ..., precioUnitario: ..., cantidad: ..., subtotal: ...}], total: 40, estado: 'PAGO_PENDIENTE', userId: 1, correoUsuario: 'a@a.com'}
[1A[2KLOG: [36m'Detalle del pedido:', Object{id: 1, fecha: '2023-01-15T10:00:00Z', nombre: 'Cliente A', correo: 'a@a.com', direccion: 'Dir A', telefono: '123', items: [Object{cuentoId: ..., nombreCuento: ..., imagenUrl: ..., precioUnitario: ..., cantidad: ..., subtotal: ...}, Object{cuentoId: ..., nombreCuento: ..., imagenUrl: ..., precioUnitario: ..., cantidad: ..., subtotal: ...}], total: 40, estado: 'PAGO_PENDIENTE', userId: 1, correoUsuario: 'a@a.com'}[39m
Chrome 145.0.0.0 (Windows 10): Executed 40 of 75[31m (20 FAILED)[39m (0 secs / 0.709 secs)
LOG: 'Detalle del pedido:', Object{id: 1, fecha: '2023-01-15T10:00:00Z', nombre: 'Cliente A', correo: 'a@a.com', direccion: 'Dir A', telefono: '123', items: [Object{cuentoId: ..., nombreCuento: ..., imagenUrl: ..., precioUnitario: ..., cantidad: ..., subtotal: ...}, Object{cuentoId: ..., nombreCuento: ..., imagenUrl: ..., precioUnitario: ..., cantidad: ..., subtotal: ...}], total: 40, estado: 'PAGO_PENDIENTE', userId: 1, correoUsuario: 'a@a.com'}
[1A[2KChrome 145.0.0.0 (Windows 10): Executed 41 of 75[31m (20 FAILED)[39m (0 secs / 0.719 secs)
[1A[2KChrome 145.0.0.0 (Windows 10): Executed 42 of 75[31m (20 FAILED)[39m (0 secs / 0.721 secs)
[1A[2KChrome 145.0.0.0 (Windows 10): Executed 43 of 75[31m (20 FAILED)[39m (0 secs / 0.722 secs)
[1A[2KChrome 145.0.0.0 (Windows 10): Executed 44 of 75[31m (20 FAILED)[39m (0 secs / 0.733 secs)
[1A[2KChrome 145.0.0.0 (Windows 10): Executed 45 of 75[31m (20 FAILED)[39m (0 secs / 0.741 secs)
[1A[2KChrome 145.0.0.0 (Windows 10): Executed 46 of 75[31m (20 FAILED)[39m (0 secs / 0.748 secs)
[1A[2KChrome 145.0.0.0 (Windows 10): Executed 47 of 75[31m (20 FAILED)[39m (0 secs / 0.759 secs)
[1A[2KChrome 145.0.0.0 (Windows 10): Executed 48 of 75[31m (20 FAILED)[39m (0 secs / 0.762 secs)
[1A[2KChrome 145.0.0.0 (Windows 10): Executed 49 of 75[31m (20 FAILED)[39m (0 secs / 0.764 secs)
[1A[2K[31mChrome 145.0.0.0 (Windows 10) AdminDashboardComponent should update counters with data from services FAILED[39m
	Expected 10 to be 0.
	    at <Jasmine>
	    at UserContext.apply (src/app/components/pages/admin/admin-dashboard/admin-dashboard.component.spec.ts:69:37)
	    at _ZoneDelegate.invoke (node_modules/zone.js/fesm2015/zone.js:369:28)
	    at ProxyZoneSpec.onInvoke (node_modules/zone.js/fesm2015/zone-testing.js:2081:39)
	    at _ZoneDelegate.invoke (node_modules/zone.js/fesm2015/zone.js:368:34)
Chrome 145.0.0.0 (Windows 10): Executed 50 of 75[31m (21 FAILED)[39m (0 secs / 0.814 secs)
[1A[2KChrome 145.0.0.0 (Windows 10): Executed 51 of 75[31m (21 FAILED)[39m (0 secs / 0.845 secs)
[1A[2KChrome 145.0.0.0 (Windows 10): Executed 52 of 75[31m (21 FAILED)[39m (0 secs / 0.849 secs)
[1A[2KChrome 145.0.0.0 (Windows 10): Executed 53 of 75[31m (21 FAILED)[39m (0 secs / 0.878 secs)
[1A[2K[31mChrome 145.0.0.0 (Windows 10) OrderListComponent ngOnInit should assign pedidos on successful data fetch FAILED[39m
	Expected 0 to be 2.
	    at <Jasmine>
	    at UserContext.apply (src/app/components/pages/order-list/order-list.component.spec.ts:69:40)
	    at UserContext.apply (node_modules/zone.js/fesm2015/zone-testing.js:1702:26)
	    at _ZoneDelegate.invoke (node_modules/zone.js/fesm2015/zone.js:369:28)
	    at ProxyZoneSpec.onInvoke (node_modules/zone.js/fesm2015/zone-testing.js:2081:39)
	Expected $.length = 0 to equal 2.
	Expected $[0] = undefined to equal Object({ id: 1, fecha: '2023-01-15T10:00:00Z', nombre: 'Cliente A', correo: 'a@a.com', direccion: 'Dir A', telefono: '123', items: [  ], total: 100, estado: 'ENTREGADO', userId: 1, correoUsuario: 'a@a.com' }).
	Expected $[1] = undefined to equal Object({ id: 2, fecha: '2023-01-16T11:00:00Z', nombre: 'Cliente B', correo: 'b@b.com', direccion: 'Dir B', telefono: '456', items: [  ], total: 200, estado: 'PAGO_PENDIENTE', userId: 2, correoUsuario: 'b@b.com' }).
	    at <Jasmine>
	    at UserContext.apply (src/app/components/pages/order-list/order-list.component.spec.ts:70:33)
	    at UserContext.apply (node_modules/zone.js/fesm2015/zone-testing.js:1702:26)
	    at _ZoneDelegate.invoke (node_modules/zone.js/fesm2015/zone.js:369:28)
	    at ProxyZoneSpec.onInvoke (node_modules/zone.js/fesm2015/zone-testing.js:2081:39)
Chrome 145.0.0.0 (Windows 10): Executed 54 of 75[31m (22 FAILED)[39m (0 secs / 0.885 secs)
[1A[2KERROR: [36m'Error fetching orders:', Object{status: 500, message: 'Server Error'}[39m
Chrome 145.0.0.0 (Windows 10): Executed 54 of 75[31m (22 FAILED)[39m (0 secs / 0.885 secs)
ERROR: 'Error fetching orders:', Object{status: 500, message: 'Server Error'}
[1A[2KChrome 145.0.0.0 (Windows 10): Executed 55 of 75[31m (22 FAILED)[39m (0 secs / 0.89 secs)
[1A[2KChrome 145.0.0.0 (Windows 10): Executed 56 of 75[31m (22 FAILED)[39m (0 secs / 0.896 secs)
[1A[2K[31mChrome 145.0.0.0 (Windows 10) OrderListComponent Template Rendering should display error message when errorMensaje is set FAILED[39m
	TypeError: Cannot read properties of undefined (reading 'subscribe')
	    at OrderListComponent.loadOrders (src/app/components/pages/order-list/order-list.component.ts:63:35)
	    at OrderListComponent.call [as ngOnInit] (src/app/components/pages/order-list/order-list.component.ts:55:10)
	    at callHookInternal (node_modules/@angular/core/fesm2022/core.mjs:5154:14)
	    at callHook (node_modules/@angular/core/fesm2022/core.mjs:5181:13)
	    at callHooks (node_modules/@angular/core/fesm2022/core.mjs:5135:17)
	    at executeInitAndCheckHooks (node_modules/@angular/core/fesm2022/core.mjs:5085:9)
	    at refreshView (node_modules/@angular/core/fesm2022/core.mjs:13792:21)
	    at detectChangesInView (node_modules/@angular/core/fesm2022/core.mjs:13993:9)
	    at detectChangesInViewWhileDirty (node_modules/@angular/core/fesm2022/core.mjs:13688:9)
	    at detectChangesInternal (node_modules/@angular/core/fesm2022/core.mjs:13667:9)
Chrome 145.0.0.0 (Windows 10): Executed 57 of 75[31m (23 FAILED)[39m (0 secs / 0.901 secs)
[1A[2K[31mChrome 145.0.0.0 (Windows 10) OrderListComponent Template Rendering should display "Pedidos" title FAILED[39m
	TypeError: Cannot read properties of undefined (reading 'subscribe')
	    at OrderListComponent.loadOrders (src/app/components/pages/order-list/order-list.component.ts:63:35)
	    at OrderListComponent.call [as ngOnInit] (src/app/components/pages/order-list/order-list.component.ts:55:10)
	    at callHookInternal (node_modules/@angular/core/fesm2022/core.mjs:5154:14)
	    at callHook (node_modules/@angular/core/fesm2022/core.mjs:5181:13)
	    at callHooks (node_modules/@angular/core/fesm2022/core.mjs:5135:17)
	    at executeInitAndCheckHooks (node_modules/@angular/core/fesm2022/core.mjs:5085:9)
	    at refreshView (node_modules/@angular/core/fesm2022/core.mjs:13792:21)
	    at detectChangesInView (node_modules/@angular/core/fesm2022/core.mjs:13993:9)
	    at detectChangesInViewWhileDirty (node_modules/@angular/core/fesm2022/core.mjs:13688:9)
	    at detectChangesInternal (node_modules/@angular/core/fesm2022/core.mjs:13667:9)
Chrome 145.0.0.0 (Windows 10): Executed 58 of 75[31m (24 FAILED)[39m (0 secs / 0.906 secs)
[1A[2K[31mChrome 145.0.0.0 (Windows 10) OrderListComponent Template Rendering should display "A├║n no tienes pedidos." when pedidos is empty and not loading and no error FAILED[39m
	TypeError: Cannot read properties of undefined (reading 'subscribe')
	    at OrderListComponent.loadOrders (src/app/components/pages/order-list/order-list.component.ts:63:35)
	    at OrderListComponent.call [as ngOnInit] (src/app/components/pages/order-list/order-list.component.ts:55:10)
	    at callHookInternal (node_modules/@angular/core/fesm2022/core.mjs:5154:14)
	    at callHook (node_modules/@angular/core/fesm2022/core.mjs:5181:13)
	    at callHooks (node_modules/@angular/core/fesm2022/core.mjs:5135:17)
	    at executeInitAndCheckHooks (node_modules/@angular/core/fesm2022/core.mjs:5085:9)
	    at refreshView (node_modules/@angular/core/fesm2022/core.mjs:13792:21)
	    at detectChangesInView (node_modules/@angular/core/fesm2022/core.mjs:13993:9)
	    at detectChangesInViewWhileDirty (node_modules/@angular/core/fesm2022/core.mjs:13688:9)
	    at detectChangesInternal (node_modules/@angular/core/fesm2022/core.mjs:13667:9)
Chrome 145.0.0.0 (Windows 10): Executed 59 of 75[31m (25 FAILED)[39m (0 secs / 0.916 secs)
[1A[2K[31mChrome 145.0.0.0 (Windows 10) OrderListComponent Template Rendering should render order cards when pedidos has data FAILED[39m
	Expected 0 to be 2.
	    at <Jasmine>
	    at UserContext.apply (src/app/components/pages/order-list/order-list.component.spec.ts:134:32)
	    at UserContext.apply (node_modules/zone.js/fesm2015/zone-testing.js:1702:26)
	    at _ZoneDelegate.invoke (node_modules/zone.js/fesm2015/zone.js:369:28)
	    at ProxyZoneSpec.onInvoke (node_modules/zone.js/fesm2015/zone-testing.js:2081:39)
	TypeError: Cannot read properties of undefined (reading 'query')
	    at UserContext.apply (src/app/components/pages/order-list/order-list.component.spec.ts:137:23)
	    at UserContext.apply (node_modules/zone.js/fesm2015/zone-testing.js:1702:26)
	    at _ZoneDelegate.invoke (node_modules/zone.js/fesm2015/zone.js:369:28)
	    at ProxyZoneSpec.onInvoke (node_modules/zone.js/fesm2015/zone-testing.js:2081:39)
	    at _ZoneDelegate.invoke (node_modules/zone.js/fesm2015/zone.js:368:34)
	    at ZoneImpl.run (node_modules/zone.js/fesm2015/zone.js:111:43)
	    at runInTestZone (node_modules/zone.js/fesm2015/zone-testing.js:216:38)
	    at UserContext.<anonymous> (node_modules/zone.js/fesm2015/zone-testing.js:234:32)
	    at <Jasmine>
Chrome 145.0.0.0 (Windows 10): Executed 60 of 75[31m (26 FAILED)[39m (0 secs / 0.926 secs)
[1A[2K[31mChrome 145.0.0.0 (Windows 10) OrderListComponent Template Rendering should display "Cargando pedidos..." when isLoading is true FAILED[39m
	TypeError: Cannot read properties of undefined (reading 'subscribe')
	    at OrderListComponent.loadOrders (src/app/components/pages/order-list/order-list.component.ts:63:35)
	    at OrderListComponent.call [as ngOnInit] (src/app/components/pages/order-list/order-list.component.ts:55:10)
	    at callHookInternal (node_modules/@angular/core/fesm2022/core.mjs:5154:14)
	    at callHook (node_modules/@angular/core/fesm2022/core.mjs:5181:13)
	    at callHooks (node_modules/@angular/core/fesm2022/core.mjs:5135:17)
	    at executeInitAndCheckHooks (node_modules/@angular/core/fesm2022/core.mjs:5085:9)
	    at refreshView (node_modules/@angular/core/fesm2022/core.mjs:13792:21)
	    at detectChangesInView (node_modules/@angular/core/fesm2022/core.mjs:13993:9)
	    at detectChangesInViewWhileDirty (node_modules/@angular/core/fesm2022/core.mjs:13688:9)
	    at detectChangesInternal (node_modules/@angular/core/fesm2022/core.mjs:13667:9)
Chrome 145.0.0.0 (Windows 10): Executed 61 of 75[31m (27 FAILED)[39m (0 secs / 0.933 secs)
[1A[2K[31mChrome 145.0.0.0 (Windows 10) OrderListComponent Template Rendering should call irAPago when primary action button is clicked FAILED[39m
	TypeError: Cannot read properties of null (reading 'triggerEventHandler')
	    at UserContext.apply (src/app/components/pages/order-list/order-list.component.spec.ts:160:14)
	    at UserContext.apply (node_modules/zone.js/fesm2015/zone-testing.js:1702:26)
	    at _ZoneDelegate.invoke (node_modules/zone.js/fesm2015/zone.js:369:28)
	    at ProxyZoneSpec.onInvoke (node_modules/zone.js/fesm2015/zone-testing.js:2081:39)
	    at _ZoneDelegate.invoke (node_modules/zone.js/fesm2015/zone.js:368:34)
	    at ZoneImpl.run (node_modules/zone.js/fesm2015/zone.js:111:43)
	    at runInTestZone (node_modules/zone.js/fesm2015/zone-testing.js:216:38)
	    at UserContext.<anonymous> (node_modules/zone.js/fesm2015/zone-testing.js:234:32)
	    at <Jasmine>
Chrome 145.0.0.0 (Windows 10): Executed 62 of 75[31m (28 FAILED)[39m (0 secs / 0.939 secs)
[1A[2KChrome 145.0.0.0 (Windows 10): Executed 63 of 75[31m (28 FAILED)[39m (0 secs / 0.943 secs)
[1A[2K[31mChrome 145.0.0.0 (Windows 10) DetalleCuentoComponent should create FAILED[39m
	Error: NG0303: Can't bind to 'appLazyLoad' since it isn't a known property of 'img' (used in the 'DetalleCuentoComponent' component template).
	1. If 'img' is an Angular component and it has the 'appLazyLoad' input, then verify that it is a part of an @NgModule where this component is declared.
	2. To allow any property add 'NO_ERRORS_SCHEMA' to the '@NgModule.schemas' of this component.
	error properties: Object({ code: 303 })
	    at reportUnknownPropertyError (node_modules/@angular/core/fesm2022/core.mjs:10630:15)
	    at handleUnknownPropertyError (node_modules/@angular/core/fesm2022/core.mjs:10626:5)
	    at elementPropertyInternal (node_modules/@angular/core/fesm2022/core.mjs:12600:17)
	    at ╔Á╔Áproperty (node_modules/@angular/core/fesm2022/core.mjs:22504:9)
	    at templateFn (ng:///DetalleCuentoComponent.js:485:9)
	    at executeTemplate (node_modules/@angular/core/fesm2022/core.mjs:12159:9)
	    at refreshView (node_modules/@angular/core/fesm2022/core.mjs:13777:13)
	    at detectChangesInView (node_modules/@angular/core/fesm2022/core.mjs:13993:9)
	    at detectChangesInViewIfAttached (node_modules/@angular/core/fesm2022/core.mjs:13953:5)
	    at detectChangesInComponent (node_modules/@angular/core/fesm2022/core.mjs:13942:5)
Chrome 145.0.0.0 (Windows 10): Executed 64 of 75[31m (29 FAILED)[39m (0 secs / 1.003 secs)
[1A[2KChrome 145.0.0.0 (Windows 10): Executed 65 of 75[31m (29 FAILED)[39m (0 secs / 1.007 secs)
[1A[2K[31mChrome 145.0.0.0 (Windows 10) PedidoService getOrderById should handle non-numeric or invalid ID for getOrderById gracefully (compile-time check) FAILED[39m
	Error: Expected one matching request for criteria "Match URL: http://localhost:8080/api/orders/NaN", found none.
	    at HttpClientTestingBackend.expectOne (node_modules/@angular/common/fesm2022/http/testing.mjs:270:19)
	    at UserContext.apply (src/app/services/pedido.service.spec.ts:97:28)
	    at _ZoneDelegate.invoke (node_modules/zone.js/fesm2015/zone.js:369:28)
	    at ProxyZoneSpec.onInvoke (node_modules/zone.js/fesm2015/zone-testing.js:2081:39)
	    at _ZoneDelegate.invoke (node_modules/zone.js/fesm2015/zone.js:368:34)
	    at ZoneImpl.run (node_modules/zone.js/fesm2015/zone.js:111:43)
	    at runInTestZone (node_modules/zone.js/fesm2015/zone-testing.js:216:38)
	    at UserContext.<anonymous> (node_modules/zone.js/fesm2015/zone-testing.js:234:32)
	    at <Jasmine>
Chrome 145.0.0.0 (Windows 10): Executed 66 of 75[31m (30 FAILED)[39m (0 secs / 1.011 secs)
[1A[2KChrome 145.0.0.0 (Windows 10): Executed 67 of 75[31m (30 FAILED)[39m (0 secs / 1.017 secs)
[1A[2KChrome 145.0.0.0 (Windows 10): Executed 68 of 75[31m (30 FAILED)[39m (0 secs / 1.021 secs)
[1A[2KChrome 145.0.0.0 (Windows 10): Executed 69 of 75[31m (30 FAILED)[39m (0 secs / 1.023 secs)
[1A[2KChrome 145.0.0.0 (Windows 10): Executed 70 of 75[31m (30 FAILED)[39m (0 secs / 1.025 secs)
[1A[2KChrome 145.0.0.0 (Windows 10): Executed 71 of 75[31m (30 FAILED)[39m (0 secs / 1.028 secs)
[1A[2KChrome 145.0.0.0 (Windows 10): Executed 72 of 75[31m (30 FAILED)[39m (0 secs / 1.031 secs)
[1A[2KChrome 145.0.0.0 (Windows 10): Executed 73 of 75[31m (30 FAILED)[39m (0 secs / 1.033 secs)
[1A[2KChrome 145.0.0.0 (Windows 10): Executed 74 of 75[31m (30 FAILED)[39m (0 secs / 1.048 secs)
[1A[2KChrome 145.0.0.0 (Windows 10): Executed 75 of 75[31m (30 FAILED)[39m (0 secs / 1.055 secs)
[1A[2KChrome 145.0.0.0 (Windows 10): Executed 75 of 75[31m (30 FAILED)[39m (1.17 secs / 1.055 secs)
[31mTOTAL: 30 FAILED, 45 SUCCESS[39m
ÔêÜ Browser application bundle generation complete.
Chrome 145.0.0.0 (Windows 10): Executed 0 of 75[32m SUCCESS[39m (0 secs / 0 secs)
[1A[2KChrome 145.0.0.0 (Windows 10): Executed 1 of 75[32m SUCCESS[39m (0 secs / 0.053 secs)
[1A[2K[31mChrome 145.0.0.0 (Windows 10) OrderListComponent ngOnInit should assign pedidos on successful data fetch FAILED[39m
	Expected 0 to be 2.
	    at <Jasmine>
	    at UserContext.apply (src/app/components/pages/order-list/order-list.component.spec.ts:69:40)
	    at UserContext.apply (node_modules/zone.js/fesm2015/zone-testing.js:1702:26)
	    at _ZoneDelegate.invoke (node_modules/zone.js/fesm2015/zone.js:369:28)
	    at ProxyZoneSpec.onInvoke (node_modules/zone.js/fesm2015/zone-testing.js:2081:39)
	Expected $.length = 0 to equal 2.
	Expected $[0] = undefined to equal Object({ id: 1, fecha: '2023-01-15T10:00:00Z', nombre: 'Cliente A', correo: 'a@a.com', direccion: 'Dir A', telefono: '123', items: [  ], total: 100, estado: 'ENTREGADO', userId: 1, correoUsuario: 'a@a.com' }).
	Expected $[1] = undefined to equal Object({ id: 2, fecha: '2023-01-16T11:00:00Z', nombre: 'Cliente B', correo: 'b@b.com', direccion: 'Dir B', telefono: '456', items: [  ], total: 200, estado: 'PAGO_PENDIENTE', userId: 2, correoUsuario: 'b@b.com' }).
	    at <Jasmine>
	    at UserContext.apply (src/app/components/pages/order-list/order-list.component.spec.ts:70:33)
	    at UserContext.apply (node_modules/zone.js/fesm2015/zone-testing.js:1702:26)
	    at _ZoneDelegate.invoke (node_modules/zone.js/fesm2015/zone.js:369:28)
	    at ProxyZoneSpec.onInvoke (node_modules/zone.js/fesm2015/zone-testing.js:2081:39)
Chrome 145.0.0.0 (Windows 10): Executed 2 of 75[31m (1 FAILED)[39m (0 secs / 0.104 secs)
[1A[2KChrome 145.0.0.0 (Windows 10): Executed 3 of 75[31m (1 FAILED)[39m (0 secs / 0.108 secs)
[1A[2KERROR: [36m'Error fetching orders:', Object{status: 500, message: 'Server Error'}[39m
Chrome 145.0.0.0 (Windows 10): Executed 3 of 75[31m (1 FAILED)[39m (0 secs / 0.108 secs)
ERROR: 'Error fetching orders:', Object{status: 500, message: 'Server Error'}
[1A[2KChrome 145.0.0.0 (Windows 10): Executed 4 of 75[31m (1 FAILED)[39m (0 secs / 0.112 secs)
[1A[2KChrome 145.0.0.0 (Windows 10): Executed 5 of 75[31m (1 FAILED)[39m (0 secs / 0.116 secs)
[1A[2K[31mChrome 145.0.0.0 (Windows 10) OrderListComponent Template Rendering should render order cards when pedidos has data FAILED[39m
	Expected 0 to be 2.
	    at <Jasmine>
	    at UserContext.apply (src/app/components/pages/order-list/order-list.component.spec.ts:134:32)
	    at UserContext.apply (node_modules/zone.js/fesm2015/zone-testing.js:1702:26)
	    at _ZoneDelegate.invoke (node_modules/zone.js/fesm2015/zone.js:369:28)
	    at ProxyZoneSpec.onInvoke (node_modules/zone.js/fesm2015/zone-testing.js:2081:39)
	TypeError: Cannot read properties of undefined (reading 'query')
	    at UserContext.apply (src/app/components/pages/order-list/order-list.component.spec.ts:137:23)
	    at UserContext.apply (node_modules/zone.js/fesm2015/zone-testing.js:1702:26)
	    at _ZoneDelegate.invoke (node_modules/zone.js/fesm2015/zone.js:369:28)
	    at ProxyZoneSpec.onInvoke (node_modules/zone.js/fesm2015/zone-testing.js:2081:39)
	    at _ZoneDelegate.invoke (node_modules/zone.js/fesm2015/zone.js:368:34)
	    at ZoneImpl.run (node_modules/zone.js/fesm2015/zone.js:111:43)
	    at runInTestZone (node_modules/zone.js/fesm2015/zone-testing.js:216:38)
	    at UserContext.<anonymous> (node_modules/zone.js/fesm2015/zone-testing.js:234:32)
	    at <Jasmine>
Chrome 145.0.0.0 (Windows 10): Executed 6 of 75[31m (2 FAILED)[39m (0 secs / 0.122 secs)
[1A[2K[31mChrome 145.0.0.0 (Windows 10) OrderListComponent Template Rendering should display error message when errorMensaje is set FAILED[39m
	TypeError: Cannot read properties of undefined (reading 'subscribe')
	    at OrderListComponent.loadOrders (src/app/components/pages/order-list/order-list.component.ts:63:35)
	    at OrderListComponent.call [as ngOnInit] (src/app/components/pages/order-list/order-list.component.ts:55:10)
	    at callHookInternal (node_modules/@angular/core/fesm2022/core.mjs:5154:14)
	    at callHook (node_modules/@angular/core/fesm2022/core.mjs:5181:13)
	    at callHooks (node_modules/@angular/core/fesm2022/core.mjs:5135:17)
	    at executeInitAndCheckHooks (node_modules/@angular/core/fesm2022/core.mjs:5085:9)
	    at refreshView (node_modules/@angular/core/fesm2022/core.mjs:13792:21)
	    at detectChangesInView (node_modules/@angular/core/fesm2022/core.mjs:13993:9)
	    at detectChangesInViewWhileDirty (node_modules/@angular/core/fesm2022/core.mjs:13688:9)
	    at detectChangesInternal (node_modules/@angular/core/fesm2022/core.mjs:13667:9)
Chrome 145.0.0.0 (Windows 10): Executed 7 of 75[31m (3 FAILED)[39m (0 secs / 0.127 secs)
[1A[2K[31mChrome 145.0.0.0 (Windows 10) OrderListComponent Template Rendering should display "A├║n no tienes pedidos." when pedidos is empty and not loading and no error FAILED[39m
	TypeError: Cannot read properties of undefined (reading 'subscribe')
	    at OrderListComponent.loadOrders (src/app/components/pages/order-list/order-list.component.ts:63:35)
	    at OrderListComponent.call [as ngOnInit] (src/app/components/pages/order-list/order-list.component.ts:55:10)
	    at callHookInternal (node_modules/@angular/core/fesm2022/core.mjs:5154:14)
	    at callHook (node_modules/@angular/core/fesm2022/core.mjs:5181:13)
	    at callHooks (node_modules/@angular/core/fesm2022/core.mjs:5135:17)
	    at executeInitAndCheckHooks (node_modules/@angular/core/fesm2022/core.mjs:5085:9)
	    at refreshView (node_modules/@angular/core/fesm2022/core.mjs:13792:21)
	    at detectChangesInView (node_modules/@angular/core/fesm2022/core.mjs:13993:9)
	    at detectChangesInViewWhileDirty (node_modules/@angular/core/fesm2022/core.mjs:13688:9)
	    at detectChangesInternal (node_modules/@angular/core/fesm2022/core.mjs:13667:9)
Chrome 145.0.0.0 (Windows 10): Executed 8 of 75[31m (4 FAILED)[39m (0 secs / 0.132 secs)
[1A[2K[31mChrome 145.0.0.0 (Windows 10) OrderListComponent Template Rendering should call irAPago when primary action button is clicked FAILED[39m
	TypeError: Cannot read properties of null (reading 'triggerEventHandler')
	    at UserContext.apply (src/app/components/pages/order-list/order-list.component.spec.ts:160:14)
	    at UserContext.apply (node_modules/zone.js/fesm2015/zone-testing.js:1702:26)
	    at _ZoneDelegate.invoke (node_modules/zone.js/fesm2015/zone.js:369:28)
	    at ProxyZoneSpec.onInvoke (node_modules/zone.js/fesm2015/zone-testing.js:2081:39)
	    at _ZoneDelegate.invoke (node_modules/zone.js/fesm2015/zone.js:368:34)
	    at ZoneImpl.run (node_modules/zone.js/fesm2015/zone.js:111:43)
	    at runInTestZone (node_modules/zone.js/fesm2015/zone-testing.js:216:38)
	    at UserContext.<anonymous> (node_modules/zone.js/fesm2015/zone-testing.js:234:32)
	    at <Jasmine>
Chrome 145.0.0.0 (Windows 10): Executed 9 of 75[31m (5 FAILED)[39m (0 secs / 0.139 secs)
[1A[2K[31mChrome 145.0.0.0 (Windows 10) OrderListComponent Template Rendering should display "Cargando pedidos..." when isLoading is true FAILED[39m
	TypeError: Cannot read properties of undefined (reading 'subscribe')
	    at OrderListComponent.loadOrders (src/app/components/pages/order-list/order-list.component.ts:63:35)
	    at OrderListComponent.call [as ngOnInit] (src/app/components/pages/order-list/order-list.component.ts:55:10)
	    at callHookInternal (node_modules/@angular/core/fesm2022/core.mjs:5154:14)
	    at callHook (node_modules/@angular/core/fesm2022/core.mjs:5181:13)
	    at callHooks (node_modules/@angular/core/fesm2022/core.mjs:5135:17)
	    at executeInitAndCheckHooks (node_modules/@angular/core/fesm2022/core.mjs:5085:9)
	    at refreshView (node_modules/@angular/core/fesm2022/core.mjs:13792:21)
	    at detectChangesInView (node_modules/@angular/core/fesm2022/core.mjs:13993:9)
	    at detectChangesInViewWhileDirty (node_modules/@angular/core/fesm2022/core.mjs:13688:9)
	    at detectChangesInternal (node_modules/@angular/core/fesm2022/core.mjs:13667:9)
Chrome 145.0.0.0 (Windows 10): Executed 10 of 75[31m (6 FAILED)[39m (0 secs / 0.144 secs)
[1A[2K[31mChrome 145.0.0.0 (Windows 10) OrderListComponent Template Rendering should display "Pedidos" title FAILED[39m
	TypeError: Cannot read properties of undefined (reading 'subscribe')
	    at OrderListComponent.loadOrders (src/app/components/pages/order-list/order-list.component.ts:63:35)
	    at OrderListComponent.call [as ngOnInit] (src/app/components/pages/order-list/order-list.component.ts:55:10)
	    at callHookInternal (node_modules/@angular/core/fesm2022/core.mjs:5154:14)
	    at callHook (node_modules/@angular/core/fesm2022/core.mjs:5181:13)
	    at callHooks (node_modules/@angular/core/fesm2022/core.mjs:5135:17)
	    at executeInitAndCheckHooks (node_modules/@angular/core/fesm2022/core.mjs:5085:9)
	    at refreshView (node_modules/@angular/core/fesm2022/core.mjs:13792:21)
	    at detectChangesInView (node_modules/@angular/core/fesm2022/core.mjs:13993:9)
	    at detectChangesInViewWhileDirty (node_modules/@angular/core/fesm2022/core.mjs:13688:9)
	    at detectChangesInternal (node_modules/@angular/core/fesm2022/core.mjs:13667:9)
Chrome 145.0.0.0 (Windows 10): Executed 11 of 75[31m (7 FAILED)[39m (0 secs / 0.149 secs)
[1A[2KChrome 145.0.0.0 (Windows 10): Executed 12 of 75[31m (7 FAILED)[39m (0 secs / 0.152 secs)
[1A[2KChrome 145.0.0.0 (Windows 10): Executed 13 of 75[31m (7 FAILED)[39m (0 secs / 0.17 secs)
[33m27 02 2026 17:41:58.602:WARN [web-server]: [39m404: /_karma_webpack_/assets/icons/dashboard.svg
[33m27 02 2026 17:41:58.604:WARN [web-server]: [39m404: /_karma_webpack_/assets/icons/cuentos.svg
[1A[2KChrome 145.0.0.0 (Windows 10): Executed 14 of 75[31m (7 FAILED)[39m (0 secs / 0.182 secs)
[33m27 02 2026 17:41:58.616:WARN [web-server]: [39m404: /_karma_webpack_/assets/icons/pedidos.svg
[33m27 02 2026 17:41:58.617:WARN [web-server]: [39m404: /_karma_webpack_/assets/icons/usuarios.svg
[1A[2KChrome 145.0.0.0 (Windows 10): Executed 15 of 75[31m (7 FAILED)[39m (0 secs / 0.186 secs)
[1A[2KChrome 145.0.0.0 (Windows 10): Executed 16 of 75[31m (7 FAILED)[39m (0 secs / 0.191 secs)
[33m27 02 2026 17:41:58.625:WARN [web-server]: [39m404: /_karma_webpack_/assets/icons/config.svg
[1A[2K[31mChrome 145.0.0.0 (Windows 10) AdminDashboardComponent should update counters with data from services FAILED[39m
	Expected 10 to be 0.
	    at <Jasmine>
	    at UserContext.apply (src/app/components/pages/admin/admin-dashboard/admin-dashboard.component.spec.ts:69:37)
	    at _ZoneDelegate.invoke (node_modules/zone.js/fesm2015/zone.js:369:28)
	    at ProxyZoneSpec.onInvoke (node_modules/zone.js/fesm2015/zone-testing.js:2081:39)
	    at _ZoneDelegate.invoke (node_modules/zone.js/fesm2015/zone.js:368:34)
Chrome 145.0.0.0 (Windows 10): Executed 17 of 75[31m (8 FAILED)[39m (0 secs / 0.229 secs)
[1A[2KChrome 145.0.0.0 (Windows 10): Executed 18 of 75[31m (8 FAILED)[39m (0 secs / 0.232 secs)
[1A[2KChrome 145.0.0.0 (Windows 10): Executed 19 of 75[31m (8 FAILED)[39m (0 secs / 0.255 secs)
[1A[2KChrome 145.0.0.0 (Windows 10): Executed 20 of 75[31m (8 FAILED)[39m (0 secs / 0.311 secs)
[1A[2KChrome 145.0.0.0 (Windows 10): Executed 21 of 75[31m (8 FAILED)[39m (0 secs / 0.313 secs)
[1A[2KChrome 145.0.0.0 (Windows 10): Executed 22 of 75[31m (8 FAILED)[39m (0 secs / 0.315 secs)
[1A[2KChrome 145.0.0.0 (Windows 10): Executed 23 of 75[31m (8 FAILED)[39m (0 secs / 0.441 secs)
[1A[2KChrome 145.0.0.0 (Windows 10): Executed 24 of 75[31m (8 FAILED)[39m (0 secs / 0.45 secs)
[1A[2KChrome 145.0.0.0 (Windows 10): Executed 25 of 75[31m (8 FAILED)[39m (0 secs / 0.456 secs)
[1A[2KChrome 145.0.0.0 (Windows 10): Executed 26 of 75[31m (8 FAILED)[39m (0 secs / 0.463 secs)
[1A[2KChrome 145.0.0.0 (Windows 10): Executed 27 of 75[31m (8 FAILED)[39m (0 secs / 0.466 secs)
[1A[2K[31mChrome 145.0.0.0 (Windows 10) AdminPedidosComponent trackByPedidoId should return Id when present FAILED[39m
	NullInjectorError: R3InjectorError(DynamicTestModule)[ActivatedRoute -> ActivatedRoute]: 
	  NullInjectorError: No provider for ActivatedRoute!
	error properties: Object({ ngTempTokenPath: null, ngTokenPath: [ 'ActivatedRoute', 'ActivatedRoute' ] })
	    at NullInjector.get (node_modules/@angular/core/fesm2022/core.mjs:1663:27)
	    at R3Injector.get (node_modules/@angular/core/fesm2022/core.mjs:3109:33)
	    at R3Injector.get (node_modules/@angular/core/fesm2022/core.mjs:3109:33)
	    at ChainedInjector.get (node_modules/@angular/core/fesm2022/core.mjs:5454:36)
	    at lookupTokenUsingModuleInjector (node_modules/@angular/core/fesm2022/core.mjs:5807:39)
	    at getOrCreateInjectable (node_modules/@angular/core/fesm2022/core.mjs:5855:12)
	    at ╔Á╔ÁdirectiveInject (node_modules/@angular/core/fesm2022/core.mjs:11933:19)
	    at NodeInjectorFactory.factory (ng:///AdminPedidosComponent/╔Áfac.js:5:7)
	    at getNodeInjectable (node_modules/@angular/core/fesm2022/core.mjs:6067:44)
	    at createRootComponent (node_modules/@angular/core/fesm2022/core.mjs:16916:35)
Chrome 145.0.0.0 (Windows 10): Executed 28 of 75[31m (9 FAILED)[39m (0 secs / 0.506 secs)
[1A[2K[31mChrome 145.0.0.0 (Windows 10) AdminPedidosComponent trackByPedidoId should fall back to id when Id is undefined FAILED[39m
	NullInjectorError: R3InjectorError(DynamicTestModule)[ActivatedRoute -> ActivatedRoute]: 
	  NullInjectorError: No provider for ActivatedRoute!
	error properties: Object({ ngTempTokenPath: null, ngTokenPath: [ 'ActivatedRoute', 'ActivatedRoute' ] })
	    at NullInjector.get (node_modules/@angular/core/fesm2022/core.mjs:1663:27)
	    at R3Injector.get (node_modules/@angular/core/fesm2022/core.mjs:3109:33)
	    at R3Injector.get (node_modules/@angular/core/fesm2022/core.mjs:3109:33)
	    at ChainedInjector.get (node_modules/@angular/core/fesm2022/core.mjs:5454:36)
	    at lookupTokenUsingModuleInjector (node_modules/@angular/core/fesm2022/core.mjs:5807:39)
	    at getOrCreateInjectable (node_modules/@angular/core/fesm2022/core.mjs:5855:12)
	    at ╔Á╔ÁdirectiveInject (node_modules/@angular/core/fesm2022/core.mjs:11933:19)
	    at NodeInjectorFactory.factory (ng:///AdminPedidosComponent/╔Áfac.js:5:7)
	    at getNodeInjectable (node_modules/@angular/core/fesm2022/core.mjs:6067:44)
	    at createRootComponent (node_modules/@angular/core/fesm2022/core.mjs:16916:35)
Chrome 145.0.0.0 (Windows 10): Executed 29 of 75[31m (10 FAILED)[39m (0 secs / 0.509 secs)
[1A[2K[31mChrome 145.0.0.0 (Windows 10) AdminPedidosComponent should not call service when canceling FAILED[39m
	NullInjectorError: R3InjectorError(DynamicTestModule)[ActivatedRoute -> ActivatedRoute]: 
	  NullInjectorError: No provider for ActivatedRoute!
	error properties: Object({ ngTempTokenPath: null, ngTokenPath: [ 'ActivatedRoute', 'ActivatedRoute' ] })
	    at NullInjector.get (node_modules/@angular/core/fesm2022/core.mjs:1663:27)
	    at R3Injector.get (node_modules/@angular/core/fesm2022/core.mjs:3109:33)
	    at R3Injector.get (node_modules/@angular/core/fesm2022/core.mjs:3109:33)
	    at ChainedInjector.get (node_modules/@angular/core/fesm2022/core.mjs:5454:36)
	    at lookupTokenUsingModuleInjector (node_modules/@angular/core/fesm2022/core.mjs:5807:39)
	    at getOrCreateInjectable (node_modules/@angular/core/fesm2022/core.mjs:5855:12)
	    at ╔Á╔ÁdirectiveInject (node_modules/@angular/core/fesm2022/core.mjs:11933:19)
	    at NodeInjectorFactory.factory (ng:///AdminPedidosComponent/╔Áfac.js:5:7)
	    at getNodeInjectable (node_modules/@angular/core/fesm2022/core.mjs:6067:44)
	    at createRootComponent (node_modules/@angular/core/fesm2022/core.mjs:16916:35)
Chrome 145.0.0.0 (Windows 10): Executed 30 of 75[31m (11 FAILED)[39m (0 secs / 0.512 secs)
[1A[2K[31mChrome 145.0.0.0 (Windows 10) AdminPedidosComponent should open dialog on rechazarPago and call service on confirm FAILED[39m
	NullInjectorError: R3InjectorError(DynamicTestModule)[ActivatedRoute -> ActivatedRoute]: 
	  NullInjectorError: No provider for ActivatedRoute!
	error properties: Object({ ngTempTokenPath: null, ngTokenPath: [ 'ActivatedRoute', 'ActivatedRoute' ] })
	    at NullInjector.get (node_modules/@angular/core/fesm2022/core.mjs:1663:27)
	    at R3Injector.get (node_modules/@angular/core/fesm2022/core.mjs:3109:33)
	    at R3Injector.get (node_modules/@angular/core/fesm2022/core.mjs:3109:33)
	    at ChainedInjector.get (node_modules/@angular/core/fesm2022/core.mjs:5454:36)
	    at lookupTokenUsingModuleInjector (node_modules/@angular/core/fesm2022/core.mjs:5807:39)
	    at getOrCreateInjectable (node_modules/@angular/core/fesm2022/core.mjs:5855:12)
	    at ╔Á╔ÁdirectiveInject (node_modules/@angular/core/fesm2022/core.mjs:11933:19)
	    at NodeInjectorFactory.factory (ng:///AdminPedidosComponent/╔Áfac.js:5:7)
	    at getNodeInjectable (node_modules/@angular/core/fesm2022/core.mjs:6067:44)
	    at createRootComponent (node_modules/@angular/core/fesm2022/core.mjs:16916:35)
Chrome 145.0.0.0 (Windows 10): Executed 31 of 75[31m (12 FAILED)[39m (0 secs / 0.515 secs)
[1A[2K[31mChrome 145.0.0.0 (Windows 10) AdminPedidosComponent should create FAILED[39m
	NullInjectorError: R3InjectorError(DynamicTestModule)[ActivatedRoute -> ActivatedRoute]: 
	  NullInjectorError: No provider for ActivatedRoute!
	error properties: Object({ ngTempTokenPath: null, ngTokenPath: [ 'ActivatedRoute', 'ActivatedRoute' ] })
	    at NullInjector.get (node_modules/@angular/core/fesm2022/core.mjs:1663:27)
	    at R3Injector.get (node_modules/@angular/core/fesm2022/core.mjs:3109:33)
	    at R3Injector.get (node_modules/@angular/core/fesm2022/core.mjs:3109:33)
	    at ChainedInjector.get (node_modules/@angular/core/fesm2022/core.mjs:5454:36)
	    at lookupTokenUsingModuleInjector (node_modules/@angular/core/fesm2022/core.mjs:5807:39)
	    at getOrCreateInjectable (node_modules/@angular/core/fesm2022/core.mjs:5855:12)
	    at ╔Á╔ÁdirectiveInject (node_modules/@angular/core/fesm2022/core.mjs:11933:19)
	    at NodeInjectorFactory.factory (ng:///AdminPedidosComponent/╔Áfac.js:5:7)
	    at getNodeInjectable (node_modules/@angular/core/fesm2022/core.mjs:6067:44)
	    at createRootComponent (node_modules/@angular/core/fesm2022/core.mjs:16916:35)
Chrome 145.0.0.0 (Windows 10): Executed 32 of 75[31m (13 FAILED)[39m (0 secs / 0.517 secs)
[1A[2K[31mChrome 145.0.0.0 (Windows 10) LoginComponent should create FAILED[39m
	Error: NG0304: 'app-form-error' is not a known element (used in the 'LoginComponent' component template):
	1. If 'app-form-error' is an Angular component, then verify that it is included in the '@Component.imports' of this component.
	2. If 'app-form-error' is a Web Component then add 'CUSTOM_ELEMENTS_SCHEMA' to the '@Component.schemas' of this component to suppress this message.
	error properties: Object({ code: 304 })
	    at validateElementIsKnown (node_modules/@angular/core/fesm2022/core.mjs:10533:23)
	    at ╔Á╔ÁelementStart (node_modules/@angular/core/fesm2022/core.mjs:24343:9)
	    at ╔Á╔Áelement (node_modules/@angular/core/fesm2022/core.mjs:24418:5)
	    at templateFn (ng:///LoginComponent.js:36:38)
	    at executeTemplate (node_modules/@angular/core/fesm2022/core.mjs:12159:9)
	    at renderView (node_modules/@angular/core/fesm2022/core.mjs:13366:13)
	    at renderComponent (node_modules/@angular/core/fesm2022/core.mjs:13312:5)
	    at renderChildComponents (node_modules/@angular/core/fesm2022/core.mjs:13414:9)
	    at renderView (node_modules/@angular/core/fesm2022/core.mjs:13394:13)
	    at ComponentFactory.create (node_modules/@angular/core/fesm2022/core.mjs:16768:17)
Chrome 145.0.0.0 (Windows 10): Executed 33 of 75[31m (14 FAILED)[39m (0 secs / 0.531 secs)
[1A[2KChrome 145.0.0.0 (Windows 10): Executed 34 of 75[31m (14 FAILED)[39m (0 secs / 0.533 secs)
[1A[2KChrome 145.0.0.0 (Windows 10): Executed 35 of 75[31m (14 FAILED)[39m (0 secs / 0.535 secs)
[1A[2KChrome 145.0.0.0 (Windows 10): Executed 36 of 75[31m (14 FAILED)[39m (0 secs / 0.573 secs)
[1A[2KChrome 145.0.0.0 (Windows 10): Executed 37 of 75[31m (14 FAILED)[39m (0 secs / 0.587 secs)
[1A[2KChrome 145.0.0.0 (Windows 10): Executed 38 of 75[31m (14 FAILED)[39m (0 secs / 0.596 secs)
[1A[2KChrome 145.0.0.0 (Windows 10): Executed 39 of 75[31m (14 FAILED)[39m (0 secs / 0.597 secs)
[1A[2KChrome 145.0.0.0 (Windows 10): Executed 40 of 75[31m (14 FAILED)[39m (0 secs / 0.601 secs)
[1A[2KChrome 145.0.0.0 (Windows 10): Executed 41 of 75[31m (14 FAILED)[39m (0 secs / 0.603 secs)
[1A[2K[31mChrome 145.0.0.0 (Windows 10) PedidoService getOrderById should handle non-numeric or invalid ID for getOrderById gracefully (compile-time check) FAILED[39m
	Error: Expected one matching request for criteria "Match URL: http://localhost:8080/api/orders/NaN", found none.
	    at HttpClientTestingBackend.expectOne (node_modules/@angular/common/fesm2022/http/testing.mjs:270:19)
	    at UserContext.apply (src/app/services/pedido.service.spec.ts:97:28)
	    at _ZoneDelegate.invoke (node_modules/zone.js/fesm2015/zone.js:369:28)
	    at ProxyZoneSpec.onInvoke (node_modules/zone.js/fesm2015/zone-testing.js:2081:39)
	    at _ZoneDelegate.invoke (node_modules/zone.js/fesm2015/zone.js:368:34)
	    at ZoneImpl.run (node_modules/zone.js/fesm2015/zone.js:111:43)
	    at runInTestZone (node_modules/zone.js/fesm2015/zone-testing.js:216:38)
	    at UserContext.<anonymous> (node_modules/zone.js/fesm2015/zone-testing.js:234:32)
	    at <Jasmine>
Chrome 145.0.0.0 (Windows 10): Executed 42 of 75[31m (15 FAILED)[39m (0 secs / 0.606 secs)
[1A[2KChrome 145.0.0.0 (Windows 10): Executed 43 of 75[31m (15 FAILED)[39m (0 secs / 0.608 secs)
[1A[2KChrome 145.0.0.0 (Windows 10): Executed 44 of 75[31m (15 FAILED)[39m (0 secs / 0.61 secs)
[1A[2KChrome 145.0.0.0 (Windows 10): Executed 45 of 75[31m (15 FAILED)[39m (0 secs / 0.634 secs)
[1A[2KChrome 145.0.0.0 (Windows 10): Executed 46 of 75[31m (15 FAILED)[39m (0 secs / 0.643 secs)
[1A[2K[31mChrome 145.0.0.0 (Windows 10) PagoComponent should create FAILED[39m
	TypeError: Cannot redefine property: location
	    at Object.defineProperty (<anonymous>)
	    at UserContext.<anonymous> (src/app/components/pages/pago/pago.component.spec.ts:70:12)
	    at Generator.next (<anonymous>)
	    at asyncGeneratorStep (node_modules/@babel/runtime/helpers/esm/asyncToGenerator.js:3:1)
	    at apply (node_modules/@babel/runtime/helpers/esm/asyncToGenerator.js:17:1)
	    at _ZoneDelegate.invoke (node_modules/zone.js/fesm2015/zone.js:369:28)
	    at ProxyZoneSpec.onInvoke (node_modules/zone.js/fesm2015/zone-testing.js:2081:39)
	    at _ZoneDelegate.invoke (node_modules/zone.js/fesm2015/zone.js:368:34)
	    at ZoneImpl.run (node_modules/zone.js/fesm2015/zone.js:111:43)
	    at node_modules/zone.js/fesm2015/zone.js:2538:40
Chrome 145.0.0.0 (Windows 10): Executed 47 of 75[31m (16 FAILED)[39m (0 secs / 0.66 secs)
[1A[2K[31mChrome 145.0.0.0 (Windows 10) PagoComponent ngOnInit - Mercado Pago Callback should NOT confirm payment if external_reference does not match pedidoId FAILED[39m
	TypeError: Cannot redefine property: location
	    at Object.defineProperty (<anonymous>)
	    at UserContext.<anonymous> (src/app/components/pages/pago/pago.component.spec.ts:70:12)
	    at Generator.next (<anonymous>)
	    at asyncGeneratorStep (node_modules/@babel/runtime/helpers/esm/asyncToGenerator.js:3:1)
	    at apply (node_modules/@babel/runtime/helpers/esm/asyncToGenerator.js:17:1)
	    at _ZoneDelegate.invoke (node_modules/zone.js/fesm2015/zone.js:369:28)
	    at ProxyZoneSpec.onInvoke (node_modules/zone.js/fesm2015/zone-testing.js:2081:39)
	    at _ZoneDelegate.invoke (node_modules/zone.js/fesm2015/zone.js:368:34)
	    at ZoneImpl.run (node_modules/zone.js/fesm2015/zone.js:111:43)
	    at node_modules/zone.js/fesm2015/zone.js:2538:40
Chrome 145.0.0.0 (Windows 10): Executed 48 of 75[31m (17 FAILED)[39m (0 secs / 0.663 secs)
[1A[2K[31mChrome 145.0.0.0 (Windows 10) PagoComponent ngOnInit - Mercado Pago Callback should NOT confirm payment if collection_status is not "approved" FAILED[39m
	TypeError: Cannot redefine property: location
	    at Object.defineProperty (<anonymous>)
	    at UserContext.<anonymous> (src/app/components/pages/pago/pago.component.spec.ts:70:12)
	    at Generator.next (<anonymous>)
	    at asyncGeneratorStep (node_modules/@babel/runtime/helpers/esm/asyncToGenerator.js:3:1)
	    at apply (node_modules/@babel/runtime/helpers/esm/asyncToGenerator.js:17:1)
	    at _ZoneDelegate.invoke (node_modules/zone.js/fesm2015/zone.js:369:28)
	    at ProxyZoneSpec.onInvoke (node_modules/zone.js/fesm2015/zone-testing.js:2081:39)
	    at _ZoneDelegate.invoke (node_modules/zone.js/fesm2015/zone.js:368:34)
	    at ZoneImpl.run (node_modules/zone.js/fesm2015/zone.js:111:43)
	    at node_modules/zone.js/fesm2015/zone.js:2538:40
Chrome 145.0.0.0 (Windows 10): Executed 49 of 75[31m (18 FAILED)[39m (0 secs / 0.666 secs)
[1A[2K[31mChrome 145.0.0.0 (Windows 10) PagoComponent ngOnInit - Mercado Pago Callback should confirm payment if collection_status is "approved" and external_reference matches pedidoId FAILED[39m
	TypeError: Cannot redefine property: location
	    at Object.defineProperty (<anonymous>)
	    at UserContext.<anonymous> (src/app/components/pages/pago/pago.component.spec.ts:70:12)
	    at Generator.next (<anonymous>)
	    at asyncGeneratorStep (node_modules/@babel/runtime/helpers/esm/asyncToGenerator.js:3:1)
	    at apply (node_modules/@babel/runtime/helpers/esm/asyncToGenerator.js:17:1)
	    at _ZoneDelegate.invoke (node_modules/zone.js/fesm2015/zone.js:369:28)
	    at ProxyZoneSpec.onInvoke (node_modules/zone.js/fesm2015/zone-testing.js:2081:39)
	    at _ZoneDelegate.invoke (node_modules/zone.js/fesm2015/zone.js:368:34)
	    at ZoneImpl.run (node_modules/zone.js/fesm2015/zone.js:111:43)
	    at node_modules/zone.js/fesm2015/zone.js:2538:40
Chrome 145.0.0.0 (Windows 10): Executed 50 of 75[31m (19 FAILED)[39m (0 secs / 0.67 secs)
[1A[2K[31mChrome 145.0.0.0 (Windows 10) PagoComponent ngOnInit - Mercado Pago Callback should not call confirmarPagoMercadoPago if no relevant query params are present FAILED[39m
	TypeError: Cannot redefine property: location
	    at Object.defineProperty (<anonymous>)
	    at UserContext.<anonymous> (src/app/components/pages/pago/pago.component.spec.ts:70:12)
	    at Generator.next (<anonymous>)
	    at asyncGeneratorStep (node_modules/@babel/runtime/helpers/esm/asyncToGenerator.js:3:1)
	    at apply (node_modules/@babel/runtime/helpers/esm/asyncToGenerator.js:17:1)
	    at _ZoneDelegate.invoke (node_modules/zone.js/fesm2015/zone.js:369:28)
	    at ProxyZoneSpec.onInvoke (node_modules/zone.js/fesm2015/zone-testing.js:2081:39)
	    at _ZoneDelegate.invoke (node_modules/zone.js/fesm2015/zone.js:368:34)
	    at ZoneImpl.run (node_modules/zone.js/fesm2015/zone.js:111:43)
	    at node_modules/zone.js/fesm2015/zone.js:2538:40
Chrome 145.0.0.0 (Windows 10): Executed 51 of 75[31m (20 FAILED)[39m (0 secs / 0.673 secs)
[1A[2K[31mChrome 145.0.0.0 (Windows 10) PagoComponent ngOnInit - Mercado Pago Callback should handle error if confirmarPagoMercadoPago fails FAILED[39m
	TypeError: Cannot redefine property: location
	    at Object.defineProperty (<anonymous>)
	    at UserContext.<anonymous> (src/app/components/pages/pago/pago.component.spec.ts:70:12)
	    at Generator.next (<anonymous>)
	    at asyncGeneratorStep (node_modules/@babel/runtime/helpers/esm/asyncToGenerator.js:3:1)
	    at apply (node_modules/@babel/runtime/helpers/esm/asyncToGenerator.js:17:1)
	    at _ZoneDelegate.invoke (node_modules/zone.js/fesm2015/zone.js:369:28)
	    at ProxyZoneSpec.onInvoke (node_modules/zone.js/fesm2015/zone-testing.js:2081:39)
	    at _ZoneDelegate.invoke (node_modules/zone.js/fesm2015/zone.js:368:34)
	    at ZoneImpl.run (node_modules/zone.js/fesm2015/zone.js:111:43)
	    at node_modules/zone.js/fesm2015/zone.js:2538:40
Chrome 145.0.0.0 (Windows 10): Executed 52 of 75[31m (21 FAILED)[39m (0 secs / 0.676 secs)
[1A[2K[31mChrome 145.0.0.0 (Windows 10) PagoComponent ngOnInit - Mercado Pago Callback should show info message if payment status is not "approved" but external_reference matches FAILED[39m
	TypeError: Cannot redefine property: location
	    at Object.defineProperty (<anonymous>)
	    at UserContext.<anonymous> (src/app/components/pages/pago/pago.component.spec.ts:70:12)
	    at Generator.next (<anonymous>)
	    at asyncGeneratorStep (node_modules/@babel/runtime/helpers/esm/asyncToGenerator.js:3:1)
	    at apply (node_modules/@babel/runtime/helpers/esm/asyncToGenerator.js:17:1)
	    at _ZoneDelegate.invoke (node_modules/zone.js/fesm2015/zone.js:369:28)
	    at ProxyZoneSpec.onInvoke (node_modules/zone.js/fesm2015/zone-testing.js:2081:39)
	    at _ZoneDelegate.invoke (node_modules/zone.js/fesm2015/zone.js:368:34)
	    at ZoneImpl.run (node_modules/zone.js/fesm2015/zone.js:111:43)
	    at node_modules/zone.js/fesm2015/zone.js:2538:40
Chrome 145.0.0.0 (Windows 10): Executed 53 of 75[31m (22 FAILED)[39m (0 secs / 0.679 secs)
[1A[2K[31mChrome 145.0.0.0 (Windows 10) PagoComponent should fetch order status on init FAILED[39m
	TypeError: Cannot redefine property: location
	    at Object.defineProperty (<anonymous>)
	    at UserContext.<anonymous> (src/app/components/pages/pago/pago.component.spec.ts:70:12)
	    at Generator.next (<anonymous>)
	    at asyncGeneratorStep (node_modules/@babel/runtime/helpers/esm/asyncToGenerator.js:3:1)
	    at apply (node_modules/@babel/runtime/helpers/esm/asyncToGenerator.js:17:1)
	    at _ZoneDelegate.invoke (node_modules/zone.js/fesm2015/zone.js:369:28)
	    at ProxyZoneSpec.onInvoke (node_modules/zone.js/fesm2015/zone-testing.js:2081:39)
	    at _ZoneDelegate.invoke (node_modules/zone.js/fesm2015/zone.js:368:34)
	    at ZoneImpl.run (node_modules/zone.js/fesm2015/zone.js:111:43)
	    at node_modules/zone.js/fesm2015/zone.js:2538:40
Chrome 145.0.0.0 (Windows 10): Executed 54 of 75[31m (23 FAILED)[39m (0 secs / 0.683 secs)
[1A[2K[31mChrome 145.0.0.0 (Windows 10) PagoComponent pagarConMercadoPagoConfirmado should redirect to the correct Mercado Pago URL FAILED[39m
	TypeError: Cannot redefine property: location
	    at Object.defineProperty (<anonymous>)
	    at UserContext.<anonymous> (src/app/components/pages/pago/pago.component.spec.ts:70:12)
	    at Generator.next (<anonymous>)
	    at asyncGeneratorStep (node_modules/@babel/runtime/helpers/esm/asyncToGenerator.js:3:1)
	    at apply (node_modules/@babel/runtime/helpers/esm/asyncToGenerator.js:17:1)
	    at _ZoneDelegate.invoke (node_modules/zone.js/fesm2015/zone.js:369:28)
	    at ProxyZoneSpec.onInvoke (node_modules/zone.js/fesm2015/zone-testing.js:2081:39)
	    at _ZoneDelegate.invoke (node_modules/zone.js/fesm2015/zone.js:368:34)
	    at ZoneImpl.run (node_modules/zone.js/fesm2015/zone.js:111:43)
	    at node_modules/zone.js/fesm2015/zone.js:2538:40
Chrome 145.0.0.0 (Windows 10): Executed 55 of 75[31m (24 FAILED)[39m (0 secs / 0.686 secs)
[1A[2KChrome 145.0.0.0 (Windows 10): Executed 56 of 75[31m (24 FAILED)[39m (0 secs / 0.712 secs)
[1A[2KChrome 145.0.0.0 (Windows 10): Executed 57 of 75[31m (24 FAILED)[39m (0 secs / 0.717 secs)
[1A[2K[31mChrome 145.0.0.0 (Windows 10) OrderDetailComponent isPagoPendiente should return true if estado is PENDIENTE (case insensitive) FAILED[39m
	Expected false to be true.
	    at <Jasmine>
	    at UserContext.apply (src/app/components/pages/order-detail/order-detail.component.spec.ts:132:43)
	    at _ZoneDelegate.invoke (node_modules/zone.js/fesm2015/zone.js:369:28)
	    at ProxyZoneSpec.onInvoke (node_modules/zone.js/fesm2015/zone-testing.js:2081:39)
	    at _ZoneDelegate.invoke (node_modules/zone.js/fesm2015/zone.js:368:34)
Chrome 145.0.0.0 (Windows 10): Executed 58 of 75[31m (25 FAILED)[39m (0 secs / 0.722 secs)
[1A[2KChrome 145.0.0.0 (Windows 10): Executed 59 of 75[31m (25 FAILED)[39m (0 secs / 0.726 secs)
[1A[2KChrome 145.0.0.0 (Windows 10): Executed 60 of 75[31m (25 FAILED)[39m (0 secs / 0.729 secs)
[1A[2KChrome 145.0.0.0 (Windows 10): Executed 61 of 75[31m (25 FAILED)[39m (0 secs / 0.733 secs)
[1A[2KLOG: [36m'Detalle del pedido:', Object{id: 1, fecha: '2023-01-15T10:00:00Z', nombre: 'Cliente A', correo: 'a@a.com', direccion: 'Dir A', telefono: '123', items: [Object{cuentoId: ..., nombreCuento: ..., imagenUrl: ..., precioUnitario: ..., cantidad: ..., subtotal: ...}, Object{cuentoId: ..., nombreCuento: ..., imagenUrl: ..., precioUnitario: ..., cantidad: ..., subtotal: ...}], total: 40, estado: 'PAGO_PENDIENTE', userId: 1, correoUsuario: 'a@a.com'}[39m
Chrome 145.0.0.0 (Windows 10): Executed 61 of 75[31m (25 FAILED)[39m (0 secs / 0.733 secs)
LOG: 'Detalle del pedido:', Object{id: 1, fecha: '2023-01-15T10:00:00Z', nombre: 'Cliente A', correo: 'a@a.com', direccion: 'Dir A', telefono: '123', items: [Object{cuentoId: ..., nombreCuento: ..., imagenUrl: ..., precioUnitario: ..., cantidad: ..., subtotal: ...}, Object{cuentoId: ..., nombreCuento: ..., imagenUrl: ..., precioUnitario: ..., cantidad: ..., subtotal: ...}], total: 40, estado: 'PAGO_PENDIENTE', userId: 1, correoUsuario: 'a@a.com'}
[1A[2KLOG: [36m'Detalle del pedido:', Object{id: 1, fecha: '2023-01-15T10:00:00Z', nombre: 'Cliente A', correo: 'a@a.com', direccion: 'Dir A', telefono: '123', items: [Object{cuentoId: ..., nombreCuento: ..., imagenUrl: ..., precioUnitario: ..., cantidad: ..., subtotal: ...}, Object{cuentoId: ..., nombreCuento: ..., imagenUrl: ..., precioUnitario: ..., cantidad: ..., subtotal: ...}], total: 40, estado: 'PAGO_PENDIENTE', userId: 1, correoUsuario: 'a@a.com'}[39m
Chrome 145.0.0.0 (Windows 10): Executed 61 of 75[31m (25 FAILED)[39m (0 secs / 0.733 secs)
LOG: 'Detalle del pedido:', Object{id: 1, fecha: '2023-01-15T10:00:00Z', nombre: 'Cliente A', correo: 'a@a.com', direccion: 'Dir A', telefono: '123', items: [Object{cuentoId: ..., nombreCuento: ..., imagenUrl: ..., precioUnitario: ..., cantidad: ..., subtotal: ...}, Object{cuentoId: ..., nombreCuento: ..., imagenUrl: ..., precioUnitario: ..., cantidad: ..., subtotal: ...}], total: 40, estado: 'PAGO_PENDIENTE', userId: 1, correoUsuario: 'a@a.com'}
[1A[2KChrome 145.0.0.0 (Windows 10): Executed 62 of 75[31m (25 FAILED)[39m (0 secs / 0.743 secs)
[1A[2KLOG: [36m'Detalle del pedido:', Object{id: 1, fecha: '2023-01-15T10:00:00Z', nombre: 'Cliente A', correo: 'a@a.com', direccion: 'Dir A', telefono: '123', items: [Object{cuentoId: ..., nombreCuento: ..., imagenUrl: ..., precioUnitario: ..., cantidad: ..., subtotal: ...}, Object{cuentoId: ..., nombreCuento: ..., imagenUrl: ..., precioUnitario: ..., cantidad: ..., subtotal: ...}], total: 40, estado: 'PAGO_PENDIENTE', userId: 1, correoUsuario: 'a@a.com'}[39m
Chrome 145.0.0.0 (Windows 10): Executed 62 of 75[31m (25 FAILED)[39m (0 secs / 0.743 secs)
LOG: 'Detalle del pedido:', Object{id: 1, fecha: '2023-01-15T10:00:00Z', nombre: 'Cliente A', correo: 'a@a.com', direccion: 'Dir A', telefono: '123', items: [Object{cuentoId: ..., nombreCuento: ..., imagenUrl: ..., precioUnitario: ..., cantidad: ..., subtotal: ...}, Object{cuentoId: ..., nombreCuento: ..., imagenUrl: ..., precioUnitario: ..., cantidad: ..., subtotal: ...}], total: 40, estado: 'PAGO_PENDIENTE', userId: 1, correoUsuario: 'a@a.com'}
[1A[2KLOG: [36m'Detalle del pedido:', Object{id: 1, fecha: '2023-01-15T10:00:00Z', nombre: 'Cliente A', correo: 'a@a.com', direccion: 'Dir A', telefono: '123', items: [Object{cuentoId: ..., nombreCuento: ..., imagenUrl: ..., precioUnitario: ..., cantidad: ..., subtotal: ...}, Object{cuentoId: ..., nombreCuento: ..., imagenUrl: ..., precioUnitario: ..., cantidad: ..., subtotal: ...}], total: 40, estado: 'PAGO_PENDIENTE', userId: 1, correoUsuario: 'a@a.com'}[39m
Chrome 145.0.0.0 (Windows 10): Executed 62 of 75[31m (25 FAILED)[39m (0 secs / 0.743 secs)
LOG: 'Detalle del pedido:', Object{id: 1, fecha: '2023-01-15T10:00:00Z', nombre: 'Cliente A', correo: 'a@a.com', direccion: 'Dir A', telefono: '123', items: [Object{cuentoId: ..., nombreCuento: ..., imagenUrl: ..., precioUnitario: ..., cantidad: ..., subtotal: ...}, Object{cuentoId: ..., nombreCuento: ..., imagenUrl: ..., precioUnitario: ..., cantidad: ..., subtotal: ...}], total: 40, estado: 'PAGO_PENDIENTE', userId: 1, correoUsuario: 'a@a.com'}
[1A[2K[31mChrome 145.0.0.0 (Windows 10) OrderDetailComponent Template Rendering should display general order information FAILED[39m
	Expected 'ID del Pedido: Fecha: 15/01/2023 05:00Estado:PAGO_PENDIENTENombre: Cliente ACorreo: a@a.comDirecci├│n: Dir ATel├®fono: 123Total del Pedido:$40.00' to contain 'ID del Pedido: 1'.
	    at <Jasmine>
	    at UserContext.apply (src/app/components/pages/order-detail/order-detail.component.spec.ts:159:50)
	    at _ZoneDelegate.invoke (node_modules/zone.js/fesm2015/zone.js:369:28)
	    at ProxyZoneSpec.onInvoke (node_modules/zone.js/fesm2015/zone-testing.js:2081:39)
	    at _ZoneDelegate.invoke (node_modules/zone.js/fesm2015/zone.js:368:34)
	Expected 'ID del Pedido: Fecha: 15/01/2023 05:00Estado:PAGO_PENDIENTENombre: Cliente ACorreo: a@a.comDirecci├│n: Dir ATel├®fono: 123Total del Pedido:$40.00' to contain 'Estado: PAGO_PENDIENTE'.
	    at <Jasmine>
	    at UserContext.apply (src/app/components/pages/order-detail/order-detail.component.spec.ts:161:50)
	    at _ZoneDelegate.invoke (node_modules/zone.js/fesm2015/zone.js:369:28)
	    at ProxyZoneSpec.onInvoke (node_modules/zone.js/fesm2015/zone-testing.js:2081:39)
	    at _ZoneDelegate.invoke (node_modules/zone.js/fesm2015/zone.js:368:34)
Chrome 145.0.0.0 (Windows 10): Executed 63 of 75[31m (26 FAILED)[39m (0 secs / 0.752 secs)
[1A[2KLOG: [36m'Detalle del pedido:', Object{id: 1, fecha: '2023-01-15T10:00:00Z', nombre: 'Cliente A', correo: 'a@a.com', direccion: 'Dir A', telefono: '123', items: [Object{cuentoId: ..., nombreCuento: ..., imagenUrl: ..., precioUnitario: ..., cantidad: ..., subtotal: ...}, Object{cuentoId: ..., nombreCuento: ..., imagenUrl: ..., precioUnitario: ..., cantidad: ..., subtotal: ...}], total: 40, estado: 'PAGO_PENDIENTE', userId: 1, correoUsuario: 'a@a.com'}[39m
Chrome 145.0.0.0 (Windows 10): Executed 63 of 75[31m (26 FAILED)[39m (0 secs / 0.752 secs)
LOG: 'Detalle del pedido:', Object{id: 1, fecha: '2023-01-15T10:00:00Z', nombre: 'Cliente A', correo: 'a@a.com', direccion: 'Dir A', telefono: '123', items: [Object{cuentoId: ..., nombreCuento: ..., imagenUrl: ..., precioUnitario: ..., cantidad: ..., subtotal: ...}, Object{cuentoId: ..., nombreCuento: ..., imagenUrl: ..., precioUnitario: ..., cantidad: ..., subtotal: ...}], total: 40, estado: 'PAGO_PENDIENTE', userId: 1, correoUsuario: 'a@a.com'}
[1A[2KLOG: [36m'Detalle del pedido:', Object{id: 1, fecha: '2023-01-15T10:00:00Z', nombre: 'Cliente A', correo: 'a@a.com', direccion: 'Dir A', telefono: '123', items: [Object{cuentoId: ..., nombreCuento: ..., imagenUrl: ..., precioUnitario: ..., cantidad: ..., subtotal: ...}, Object{cuentoId: ..., nombreCuento: ..., imagenUrl: ..., precioUnitario: ..., cantidad: ..., subtotal: ...}], total: 40, estado: 'PAGO_PENDIENTE', userId: 1, correoUsuario: 'a@a.com'}[39m
Chrome 145.0.0.0 (Windows 10): Executed 63 of 75[31m (26 FAILED)[39m (0 secs / 0.752 secs)
LOG: 'Detalle del pedido:', Object{id: 1, fecha: '2023-01-15T10:00:00Z', nombre: 'Cliente A', correo: 'a@a.com', direccion: 'Dir A', telefono: '123', items: [Object{cuentoId: ..., nombreCuento: ..., imagenUrl: ..., precioUnitario: ..., cantidad: ..., subtotal: ...}, Object{cuentoId: ..., nombreCuento: ..., imagenUrl: ..., precioUnitario: ..., cantidad: ..., subtotal: ...}], total: 40, estado: 'PAGO_PENDIENTE', userId: 1, correoUsuario: 'a@a.com'}
[1A[2K[31mChrome 145.0.0.0 (Windows 10) OrderDetailComponent Template Rendering should display "Detalle del Pedido #ID" title FAILED[39m
	Expected 'Detalle del Pedido #' to contain 'Detalle del Pedido #1'.
	    at <Jasmine>
	    at UserContext.apply (src/app/components/pages/order-detail/order-detail.component.spec.ts:154:54)
	    at _ZoneDelegate.invoke (node_modules/zone.js/fesm2015/zone.js:369:28)
	    at ProxyZoneSpec.onInvoke (node_modules/zone.js/fesm2015/zone-testing.js:2081:39)
	    at _ZoneDelegate.invoke (node_modules/zone.js/fesm2015/zone.js:368:34)
Chrome 145.0.0.0 (Windows 10): Executed 64 of 75[31m (27 FAILED)[39m (0 secs / 0.759 secs)
[1A[2KLOG: [36m'Detalle del pedido:', Object{id: 1, fecha: '2023-01-15T10:00:00Z', nombre: 'Cliente A', correo: 'a@a.com', direccion: 'Dir A', telefono: '123', items: [Object{cuentoId: ..., nombreCuento: ..., imagenUrl: ..., precioUnitario: ..., cantidad: ..., subtotal: ...}, Object{cuentoId: ..., nombreCuento: ..., imagenUrl: ..., precioUnitario: ..., cantidad: ..., subtotal: ...}], total: 40, estado: 'PAGO_PENDIENTE', userId: 1, correoUsuario: 'a@a.com'}[39m
Chrome 145.0.0.0 (Windows 10): Executed 64 of 75[31m (27 FAILED)[39m (0 secs / 0.759 secs)
LOG: 'Detalle del pedido:', Object{id: 1, fecha: '2023-01-15T10:00:00Z', nombre: 'Cliente A', correo: 'a@a.com', direccion: 'Dir A', telefono: '123', items: [Object{cuentoId: ..., nombreCuento: ..., imagenUrl: ..., precioUnitario: ..., cantidad: ..., subtotal: ...}, Object{cuentoId: ..., nombreCuento: ..., imagenUrl: ..., precioUnitario: ..., cantidad: ..., subtotal: ...}], total: 40, estado: 'PAGO_PENDIENTE', userId: 1, correoUsuario: 'a@a.com'}
[1A[2KLOG: [36m'Detalle del pedido:', Object{id: 1, fecha: '2023-01-15T10:00:00Z', nombre: 'Cliente A', correo: 'a@a.com', direccion: 'Dir A', telefono: '123', items: [Object{cuentoId: ..., nombreCuento: ..., imagenUrl: ..., precioUnitario: ..., cantidad: ..., subtotal: ...}, Object{cuentoId: ..., nombreCuento: ..., imagenUrl: ..., precioUnitario: ..., cantidad: ..., subtotal: ...}], total: 40, estado: 'PAGO_PENDIENTE', userId: 1, correoUsuario: 'a@a.com'}[39m
Chrome 145.0.0.0 (Windows 10): Executed 64 of 75[31m (27 FAILED)[39m (0 secs / 0.759 secs)
LOG: 'Detalle del pedido:', Object{id: 1, fecha: '2023-01-15T10:00:00Z', nombre: 'Cliente A', correo: 'a@a.com', direccion: 'Dir A', telefono: '123', items: [Object{cuentoId: ..., nombreCuento: ..., imagenUrl: ..., precioUnitario: ..., cantidad: ..., subtotal: ...}, Object{cuentoId: ..., nombreCuento: ..., imagenUrl: ..., precioUnitario: ..., cantidad: ..., subtotal: ...}], total: 40, estado: 'PAGO_PENDIENTE', userId: 1, correoUsuario: 'a@a.com'}
[1A[2KChrome 145.0.0.0 (Windows 10): Executed 65 of 75[31m (27 FAILED)[39m (0 secs / 0.766 secs)
[1A[2KLOG: [36m'Detalle del pedido:', Object{id: 1, fecha: '2023-01-15T10:00:00Z', nombre: 'Cliente A', correo: 'a@a.com', direccion: 'Dir A', telefono: '123', items: [Object{cuentoId: ..., nombreCuento: ..., imagenUrl: ..., precioUnitario: ..., cantidad: ..., subtotal: ...}, Object{cuentoId: ..., nombreCuento: ..., imagenUrl: ..., precioUnitario: ..., cantidad: ..., subtotal: ...}], total: 40, estado: 'PAGO_PENDIENTE', userId: 1, correoUsuario: 'a@a.com'}[39m
Chrome 145.0.0.0 (Windows 10): Executed 65 of 75[31m (27 FAILED)[39m (0 secs / 0.766 secs)
LOG: 'Detalle del pedido:', Object{id: 1, fecha: '2023-01-15T10:00:00Z', nombre: 'Cliente A', correo: 'a@a.com', direccion: 'Dir A', telefono: '123', items: [Object{cuentoId: ..., nombreCuento: ..., imagenUrl: ..., precioUnitario: ..., cantidad: ..., subtotal: ...}, Object{cuentoId: ..., nombreCuento: ..., imagenUrl: ..., precioUnitario: ..., cantidad: ..., subtotal: ...}], total: 40, estado: 'PAGO_PENDIENTE', userId: 1, correoUsuario: 'a@a.com'}
[1A[2KLOG: [36m'Detalle del pedido:', Object{id: 1, fecha: '2023-01-15T10:00:00Z', nombre: 'Cliente A', correo: 'a@a.com', direccion: 'Dir A', telefono: '123', items: [Object{cuentoId: ..., nombreCuento: ..., imagenUrl: ..., precioUnitario: ..., cantidad: ..., subtotal: ...}, Object{cuentoId: ..., nombreCuento: ..., imagenUrl: ..., precioUnitario: ..., cantidad: ..., subtotal: ...}], total: 40, estado: 'PAGO_PENDIENTE', userId: 1, correoUsuario: 'a@a.com'}[39m
Chrome 145.0.0.0 (Windows 10): Executed 65 of 75[31m (27 FAILED)[39m (0 secs / 0.766 secs)
LOG: 'Detalle del pedido:', Object{id: 1, fecha: '2023-01-15T10:00:00Z', nombre: 'Cliente A', correo: 'a@a.com', direccion: 'Dir A', telefono: '123', items: [Object{cuentoId: ..., nombreCuento: ..., imagenUrl: ..., precioUnitario: ..., cantidad: ..., subtotal: ...}, Object{cuentoId: ..., nombreCuento: ..., imagenUrl: ..., precioUnitario: ..., cantidad: ..., subtotal: ...}], total: 40, estado: 'PAGO_PENDIENTE', userId: 1, correoUsuario: 'a@a.com'}
[1A[2KChrome 145.0.0.0 (Windows 10): Executed 66 of 75[31m (27 FAILED)[39m (0 secs / 0.773 secs)
[1A[2KLOG: [36m'Detalle del pedido:', Object{id: 1, fecha: '2023-01-15T10:00:00Z', nombre: 'Cliente A', correo: 'a@a.com', direccion: 'Dir A', telefono: '123', items: [Object{cuentoId: ..., nombreCuento: ..., imagenUrl: ..., precioUnitario: ..., cantidad: ..., subtotal: ...}, Object{cuentoId: ..., nombreCuento: ..., imagenUrl: ..., precioUnitario: ..., cantidad: ..., subtotal: ...}], total: 40, estado: 'PAGO_PENDIENTE', userId: 1, correoUsuario: 'a@a.com'}[39m
Chrome 145.0.0.0 (Windows 10): Executed 66 of 75[31m (27 FAILED)[39m (0 secs / 0.773 secs)
LOG: 'Detalle del pedido:', Object{id: 1, fecha: '2023-01-15T10:00:00Z', nombre: 'Cliente A', correo: 'a@a.com', direccion: 'Dir A', telefono: '123', items: [Object{cuentoId: ..., nombreCuento: ..., imagenUrl: ..., precioUnitario: ..., cantidad: ..., subtotal: ...}, Object{cuentoId: ..., nombreCuento: ..., imagenUrl: ..., precioUnitario: ..., cantidad: ..., subtotal: ...}], total: 40, estado: 'PAGO_PENDIENTE', userId: 1, correoUsuario: 'a@a.com'}
[1A[2KLOG: [36m'Detalle del pedido:', Object{id: 1, fecha: '2023-01-15T10:00:00Z', nombre: 'Cliente A', correo: 'a@a.com', direccion: 'Dir A', telefono: '123', items: [Object{cuentoId: ..., nombreCuento: ..., imagenUrl: ..., precioUnitario: ..., cantidad: ..., subtotal: ...}, Object{cuentoId: ..., nombreCuento: ..., imagenUrl: ..., precioUnitario: ..., cantidad: ..., subtotal: ...}], total: 40, estado: 'PAGO_PENDIENTE', userId: 1, correoUsuario: 'a@a.com'}[39m
Chrome 145.0.0.0 (Windows 10): Executed 66 of 75[31m (27 FAILED)[39m (0 secs / 0.773 secs)
LOG: 'Detalle del pedido:', Object{id: 1, fecha: '2023-01-15T10:00:00Z', nombre: 'Cliente A', correo: 'a@a.com', direccion: 'Dir A', telefono: '123', items: [Object{cuentoId: ..., nombreCuento: ..., imagenUrl: ..., precioUnitario: ..., cantidad: ..., subtotal: ...}, Object{cuentoId: ..., nombreCuento: ..., imagenUrl: ..., precioUnitario: ..., cantidad: ..., subtotal: ...}], total: 40, estado: 'PAGO_PENDIENTE', userId: 1, correoUsuario: 'a@a.com'}
[1A[2KChrome 145.0.0.0 (Windows 10): Executed 67 of 75[31m (27 FAILED)[39m (0 secs / 0.78 secs)
[1A[2KLOG: [36m'Detalle del pedido:', Object{id: 1, fecha: '2023-01-15T10:00:00Z', nombre: 'Cliente A', correo: 'a@a.com', direccion: 'Dir A', telefono: '123', items: [Object{cuentoId: ..., nombreCuento: ..., imagenUrl: ..., precioUnitario: ..., cantidad: ..., subtotal: ...}, Object{cuentoId: ..., nombreCuento: ..., imagenUrl: ..., precioUnitario: ..., cantidad: ..., subtotal: ...}], total: 40, estado: 'PAGO_PENDIENTE', userId: 1, correoUsuario: 'a@a.com'}[39m
Chrome 145.0.0.0 (Windows 10): Executed 67 of 75[31m (27 FAILED)[39m (0 secs / 0.78 secs)
LOG: 'Detalle del pedido:', Object{id: 1, fecha: '2023-01-15T10:00:00Z', nombre: 'Cliente A', correo: 'a@a.com', direccion: 'Dir A', telefono: '123', items: [Object{cuentoId: ..., nombreCuento: ..., imagenUrl: ..., precioUnitario: ..., cantidad: ..., subtotal: ...}, Object{cuentoId: ..., nombreCuento: ..., imagenUrl: ..., precioUnitario: ..., cantidad: ..., subtotal: ...}], total: 40, estado: 'PAGO_PENDIENTE', userId: 1, correoUsuario: 'a@a.com'}
[1A[2KLOG: [36m'Detalle del pedido:', Object{id: 1, fecha: '2023-01-15T10:00:00Z', nombre: 'Cliente A', correo: 'a@a.com', direccion: 'Dir A', telefono: '123', items: [Object{cuentoId: ..., nombreCuento: ..., imagenUrl: ..., precioUnitario: ..., cantidad: ..., subtotal: ...}, Object{cuentoId: ..., nombreCuento: ..., imagenUrl: ..., precioUnitario: ..., cantidad: ..., subtotal: ...}], total: 40, estado: 'PAGO_PENDIENTE', userId: 1, correoUsuario: 'a@a.com'}[39m
Chrome 145.0.0.0 (Windows 10): Executed 67 of 75[31m (27 FAILED)[39m (0 secs / 0.78 secs)
LOG: 'Detalle del pedido:', Object{id: 1, fecha: '2023-01-15T10:00:00Z', nombre: 'Cliente A', correo: 'a@a.com', direccion: 'Dir A', telefono: '123', items: [Object{cuentoId: ..., nombreCuento: ..., imagenUrl: ..., precioUnitario: ..., cantidad: ..., subtotal: ...}, Object{cuentoId: ..., nombreCuento: ..., imagenUrl: ..., precioUnitario: ..., cantidad: ..., subtotal: ...}], total: 40, estado: 'PAGO_PENDIENTE', userId: 1, correoUsuario: 'a@a.com'}
[1A[2KChrome 145.0.0.0 (Windows 10): Executed 68 of 75[31m (27 FAILED)[39m (0 secs / 0.787 secs)
[1A[2KERROR: [36m'Error fetching order details:', Object{status: 404, message: 'Not Found'}[39m
Chrome 145.0.0.0 (Windows 10): Executed 68 of 75[31m (27 FAILED)[39m (0 secs / 0.787 secs)
ERROR: 'Error fetching order details:', Object{status: 404, message: 'Not Found'}
[1A[2K[31mChrome 145.0.0.0 (Windows 10) OrderDetailComponent ngOnInit should set errorMensaje and isLoading to false if service call fails FAILED[39m
	Expected null to be undefined.
	    at <Jasmine>
	    at UserContext.apply (src/app/components/pages/order-detail/order-detail.component.spec.ts:95:32)
	    at UserContext.apply (node_modules/zone.js/fesm2015/zone-testing.js:1702:26)
	    at _ZoneDelegate.invoke (node_modules/zone.js/fesm2015/zone.js:369:28)
	    at ProxyZoneSpec.onInvoke (node_modules/zone.js/fesm2015/zone-testing.js:2081:39)
Chrome 145.0.0.0 (Windows 10): Executed 69 of 75[31m (28 FAILED)[39m (0 secs / 0.792 secs)
[1A[2KChrome 145.0.0.0 (Windows 10): Executed 70 of 75[31m (28 FAILED)[39m (0 secs / 0.795 secs)
[1A[2KLOG: [36m'Detalle del pedido:', Object{id: 1, fecha: '2023-01-15T10:00:00Z', nombre: 'Cliente A', correo: 'a@a.com', direccion: 'Dir A', telefono: '123', items: [Object{cuentoId: ..., nombreCuento: ..., imagenUrl: ..., precioUnitario: ..., cantidad: ..., subtotal: ...}, Object{cuentoId: ..., nombreCuento: ..., imagenUrl: ..., precioUnitario: ..., cantidad: ..., subtotal: ...}], total: 40, estado: 'PAGO_PENDIENTE', userId: 1, correoUsuario: 'a@a.com'}[39m
Chrome 145.0.0.0 (Windows 10): Executed 70 of 75[31m (28 FAILED)[39m (0 secs / 0.795 secs)
LOG: 'Detalle del pedido:', Object{id: 1, fecha: '2023-01-15T10:00:00Z', nombre: 'Cliente A', correo: 'a@a.com', direccion: 'Dir A', telefono: '123', items: [Object{cuentoId: ..., nombreCuento: ..., imagenUrl: ..., precioUnitario: ..., cantidad: ..., subtotal: ...}, Object{cuentoId: ..., nombreCuento: ..., imagenUrl: ..., precioUnitario: ..., cantidad: ..., subtotal: ...}], total: 40, estado: 'PAGO_PENDIENTE', userId: 1, correoUsuario: 'a@a.com'}
[1A[2KChrome 145.0.0.0 (Windows 10): Executed 71 of 75[31m (28 FAILED)[39m (0 secs / 0.799 secs)
[1A[2KLOG: [36m'Detalle del pedido:', Object{id: 1, fecha: '2023-01-15T10:00:00Z', nombre: 'Cliente A', correo: 'a@a.com', direccion: 'Dir A', telefono: '123', items: [Object{cuentoId: ..., nombreCuento: ..., imagenUrl: ..., precioUnitario: ..., cantidad: ..., subtotal: ...}, Object{cuentoId: ..., nombreCuento: ..., imagenUrl: ..., precioUnitario: ..., cantidad: ..., subtotal: ...}], total: 40, estado: 'PAGO_PENDIENTE', userId: 1, correoUsuario: 'a@a.com'}[39m
Chrome 145.0.0.0 (Windows 10): Executed 71 of 75[31m (28 FAILED)[39m (0 secs / 0.799 secs)
LOG: 'Detalle del pedido:', Object{id: 1, fecha: '2023-01-15T10:00:00Z', nombre: 'Cliente A', correo: 'a@a.com', direccion: 'Dir A', telefono: '123', items: [Object{cuentoId: ..., nombreCuento: ..., imagenUrl: ..., precioUnitario: ..., cantidad: ..., subtotal: ...}, Object{cuentoId: ..., nombreCuento: ..., imagenUrl: ..., precioUnitario: ..., cantidad: ..., subtotal: ...}], total: 40, estado: 'PAGO_PENDIENTE', userId: 1, correoUsuario: 'a@a.com'}
[1A[2KChrome 145.0.0.0 (Windows 10): Executed 72 of 75[31m (28 FAILED)[39m (0 secs / 0.802 secs)
[1A[2K[31mChrome 145.0.0.0 (Windows 10) OrderDetailComponent pagarAhora should log a message and show a toast FAILED[39m
	Expected spy log to have been called with:
	  [ 'Intento de pago para el pedido:', 1 ]
	but actual calls were:
	  [ 'Intento de pago para el pedido:', undefined ].
	
	Call 0:
	  Expected $[1] = undefined to equal 1.
	Error: Expected spy log to have been called with:
	  [ 'Intento de pago para el pedido:', 1 ]
	but actual calls were:
	  [ 'Intento de pago para el pedido:', undefined ].
	Call 0:
	  Expected $[1] = undefined to equal 1.
	    at <Jasmine>
	    at UserContext.apply (src/app/components/pages/order-detail/order-detail.component.spec.ts:120:27)
	    at _ZoneDelegate.invoke (node_modules/zone.js/fesm2015/zone.js:369:28)
	    at ProxyZoneSpec.onInvoke (node_modules/zone.js/fesm2015/zone-testing.js:2081:39)
	    at _ZoneDelegate.invoke (node_modules/zone.js/fesm2015/zone.js:368:34)
Chrome 145.0.0.0 (Windows 10): Executed 73 of 75[31m (29 FAILED)[39m (0 secs / 0.805 secs)
[1A[2KChrome 145.0.0.0 (Windows 10): Executed 74 of 75[31m (29 FAILED)[39m (0 secs / 0.822 secs)
[1A[2KChrome 145.0.0.0 (Windows 10): Executed 75 of 75[31m (29 FAILED)[39m (0 secs / 0.842 secs)
[1A[2KChrome 145.0.0.0 (Windows 10): Executed 75 of 75[31m (29 FAILED)[39m (0.922 secs / 0.842 secs)
[31mTOTAL: 29 FAILED, 46 SUCCESS[39m
ÔêÜ Browser application bundle generation complete.
ÔêÜ Browser application bundle generation complete.
Chrome 145.0.0.0 (Windows 10): Executed 0 of 75[32m SUCCESS[39m (0 secs / 0 secs)
[1A[2KChrome 145.0.0.0 (Windows 10): Executed 1 of 75[32m SUCCESS[39m (0 secs / 0.201 secs)
[1A[2KChrome 145.0.0.0 (Windows 10): Executed 2 of 75[32m SUCCESS[39m (0 secs / 0.237 secs)
[1A[2K[31mChrome 145.0.0.0 (Windows 10) LoginComponent should create FAILED[39m
	Error: NG0304: 'app-form-error' is not a known element (used in the 'LoginComponent' component template):
	1. If 'app-form-error' is an Angular component, then verify that it is included in the '@Component.imports' of this component.
	2. If 'app-form-error' is a Web Component then add 'CUSTOM_ELEMENTS_SCHEMA' to the '@Component.schemas' of this component to suppress this message.
	error properties: Object({ code: 304 })
	    at validateElementIsKnown (node_modules/@angular/core/fesm2022/core.mjs:10533:23)
	    at ╔Á╔ÁelementStart (node_modules/@angular/core/fesm2022/core.mjs:24343:9)
	    at ╔Á╔Áelement (node_modules/@angular/core/fesm2022/core.mjs:24418:5)
	    at templateFn (ng:///LoginComponent.js:36:38)
	    at executeTemplate (node_modules/@angular/core/fesm2022/core.mjs:12159:9)
	    at renderView (node_modules/@angular/core/fesm2022/core.mjs:13366:13)
	    at renderComponent (node_modules/@angular/core/fesm2022/core.mjs:13312:5)
	    at renderChildComponents (node_modules/@angular/core/fesm2022/core.mjs:13414:9)
	    at renderView (node_modules/@angular/core/fesm2022/core.mjs:13394:13)
	    at ComponentFactory.create (node_modules/@angular/core/fesm2022/core.mjs:16768:17)
Chrome 145.0.0.0 (Windows 10): Executed 3 of 75[31m (1 FAILED)[39m (0 secs / 0.255 secs)
[1A[2KChrome 145.0.0.0 (Windows 10): Executed 4 of 75[31m (1 FAILED)[39m (0 secs / 0.279 secs)
[33m27 02 2026 17:42:16.358:WARN [web-server]: [39m404: /_karma_webpack_/assets/icons/cuentos.svg
[33m27 02 2026 17:42:16.359:WARN [web-server]: [39m404: /_karma_webpack_/assets/icons/dashboard.svg
[1A[2KChrome 145.0.0.0 (Windows 10): Executed 5 of 75[31m (1 FAILED)[39m (0 secs / 0.282 secs)
[1A[2KChrome 145.0.0.0 (Windows 10): Executed 6 of 75[31m (1 FAILED)[39m (0 secs / 0.286 secs)
[33m27 02 2026 17:42:16.365:WARN [web-server]: [39m404: /_karma_webpack_/assets/icons/usuarios.svg
[33m27 02 2026 17:42:16.366:WARN [web-server]: [39m404: /_karma_webpack_/assets/icons/pedidos.svg
[1A[2KChrome 145.0.0.0 (Windows 10): Executed 7 of 75[31m (1 FAILED)[39m (0 secs / 0.369 secs)
[33m27 02 2026 17:42:16.450:WARN [web-server]: [39m404: /_karma_webpack_/assets/icons/config.svg
[1A[2KChrome 145.0.0.0 (Windows 10): Executed 8 of 75[31m (1 FAILED)[39m (0 secs / 0.398 secs)
[1A[2KChrome 145.0.0.0 (Windows 10): Executed 9 of 75[31m (1 FAILED)[39m (0 secs / 0.402 secs)
[1A[2KChrome 145.0.0.0 (Windows 10): Executed 10 of 75[31m (1 FAILED)[39m (0 secs / 0.404 secs)
[1A[2KChrome 145.0.0.0 (Windows 10): Executed 11 of 75[31m (1 FAILED)[39m (0 secs / 0.407 secs)
[1A[2KLOG: [36m'Detalle del pedido:', Object{Id: 1, fecha: '2023-01-15T10:00:00Z', nombre: 'Cliente A', correo: 'a@a.com', direccion: 'Dir A', telefono: '123', items: [Object{cuentoId: ..., nombreCuento: ..., imagenUrl: ..., precioUnitario: ..., cantidad: ..., subtotal: ...}, Object{cuentoId: ..., nombreCuento: ..., imagenUrl: ..., precioUnitario: ..., cantidad: ..., subtotal: ...}], total: 40, estado: 'PAGO_PENDIENTE', userId: 1, correoUsuario: 'a@a.com'}[39m
Chrome 145.0.0.0 (Windows 10): Executed 11 of 75[31m (1 FAILED)[39m (0 secs / 0.407 secs)
LOG: 'Detalle del pedido:', Object{Id: 1, fecha: '2023-01-15T10:00:00Z', nombre: 'Cliente A', correo: 'a@a.com', direccion: 'Dir A', telefono: '123', items: [Object{cuentoId: ..., nombreCuento: ..., imagenUrl: ..., precioUnitario: ..., cantidad: ..., subtotal: ...}, Object{cuentoId: ..., nombreCuento: ..., imagenUrl: ..., precioUnitario: ..., cantidad: ..., subtotal: ...}], total: 40, estado: 'PAGO_PENDIENTE', userId: 1, correoUsuario: 'a@a.com'}
[1A[2KChrome 145.0.0.0 (Windows 10): Executed 12 of 75[31m (1 FAILED)[39m (0 secs / 0.432 secs)
[1A[2KChrome 145.0.0.0 (Windows 10): Executed 13 of 75[31m (1 FAILED)[39m (0 secs / 0.438 secs)
[1A[2KERROR: [36m'Error fetching order details:', Object{status: 404, message: 'Not Found'}[39m
Chrome 145.0.0.0 (Windows 10): Executed 13 of 75[31m (1 FAILED)[39m (0 secs / 0.438 secs)
ERROR: 'Error fetching order details:', Object{status: 404, message: 'Not Found'}
[1A[2K[31mChrome 145.0.0.0 (Windows 10) OrderDetailComponent ngOnInit should set errorMensaje and isLoading to false if service call fails FAILED[39m
	Expected null to be undefined.
	    at <Jasmine>
	    at UserContext.apply (src/app/components/pages/order-detail/order-detail.component.spec.ts:95:32)
	    at UserContext.apply (node_modules/zone.js/fesm2015/zone-testing.js:1702:26)
	    at _ZoneDelegate.invoke (node_modules/zone.js/fesm2015/zone.js:369:28)
	    at ProxyZoneSpec.onInvoke (node_modules/zone.js/fesm2015/zone-testing.js:2081:39)
Chrome 145.0.0.0 (Windows 10): Executed 14 of 75[31m (2 FAILED)[39m (0 secs / 0.443 secs)
[1A[2KLOG: [36m'Detalle del pedido:', Object{Id: 1, fecha: '2023-01-15T10:00:00Z', nombre: 'Cliente A', correo: 'a@a.com', direccion: 'Dir A', telefono: '123', items: [Object{cuentoId: ..., nombreCuento: ..., imagenUrl: ..., precioUnitario: ..., cantidad: ..., subtotal: ...}, Object{cuentoId: ..., nombreCuento: ..., imagenUrl: ..., precioUnitario: ..., cantidad: ..., subtotal: ...}], total: 40, estado: 'PAGO_PENDIENTE', userId: 1, correoUsuario: 'a@a.com'}[39m
Chrome 145.0.0.0 (Windows 10): Executed 14 of 75[31m (2 FAILED)[39m (0 secs / 0.443 secs)
LOG: 'Detalle del pedido:', Object{Id: 1, fecha: '2023-01-15T10:00:00Z', nombre: 'Cliente A', correo: 'a@a.com', direccion: 'Dir A', telefono: '123', items: [Object{cuentoId: ..., nombreCuento: ..., imagenUrl: ..., precioUnitario: ..., cantidad: ..., subtotal: ...}, Object{cuentoId: ..., nombreCuento: ..., imagenUrl: ..., precioUnitario: ..., cantidad: ..., subtotal: ...}], total: 40, estado: 'PAGO_PENDIENTE', userId: 1, correoUsuario: 'a@a.com'}
[1A[2KChrome 145.0.0.0 (Windows 10): Executed 15 of 75[31m (2 FAILED)[39m (0 secs / 0.447 secs)
[1A[2KChrome 145.0.0.0 (Windows 10): Executed 16 of 75[31m (2 FAILED)[39m (0 secs / 0.449 secs)
[1A[2KChrome 145.0.0.0 (Windows 10): Executed 17 of 75[31m (2 FAILED)[39m (0 secs / 0.452 secs)
[1A[2KChrome 145.0.0.0 (Windows 10): Executed 18 of 75[31m (2 FAILED)[39m (0 secs / 0.455 secs)
[1A[2KChrome 145.0.0.0 (Windows 10): Executed 19 of 75[31m (2 FAILED)[39m (0 secs / 0.458 secs)
[1A[2KChrome 145.0.0.0 (Windows 10): Executed 20 of 75[31m (2 FAILED)[39m (0 secs / 0.461 secs)
[1A[2K[31mChrome 145.0.0.0 (Windows 10) OrderDetailComponent isPagoPendiente should return true if estado is PENDIENTE (case insensitive) FAILED[39m
	Expected false to be true.
	    at <Jasmine>
	    at UserContext.apply (src/app/components/pages/order-detail/order-detail.component.spec.ts:132:43)
	    at _ZoneDelegate.invoke (node_modules/zone.js/fesm2015/zone.js:369:28)
	    at ProxyZoneSpec.onInvoke (node_modules/zone.js/fesm2015/zone-testing.js:2081:39)
	    at _ZoneDelegate.invoke (node_modules/zone.js/fesm2015/zone.js:368:34)
Chrome 145.0.0.0 (Windows 10): Executed 21 of 75[31m (3 FAILED)[39m (0 secs / 0.465 secs)
[1A[2KLOG: [36m'Detalle del pedido:', Object{Id: 1, fecha: '2023-01-15T10:00:00Z', nombre: 'Cliente A', correo: 'a@a.com', direccion: 'Dir A', telefono: '123', items: [Object{cuentoId: ..., nombreCuento: ..., imagenUrl: ..., precioUnitario: ..., cantidad: ..., subtotal: ...}, Object{cuentoId: ..., nombreCuento: ..., imagenUrl: ..., precioUnitario: ..., cantidad: ..., subtotal: ...}], total: 40, estado: 'PAGO_PENDIENTE', userId: 1, correoUsuario: 'a@a.com'}[39m
Chrome 145.0.0.0 (Windows 10): Executed 21 of 75[31m (3 FAILED)[39m (0 secs / 0.465 secs)
LOG: 'Detalle del pedido:', Object{Id: 1, fecha: '2023-01-15T10:00:00Z', nombre: 'Cliente A', correo: 'a@a.com', direccion: 'Dir A', telefono: '123', items: [Object{cuentoId: ..., nombreCuento: ..., imagenUrl: ..., precioUnitario: ..., cantidad: ..., subtotal: ...}, Object{cuentoId: ..., nombreCuento: ..., imagenUrl: ..., precioUnitario: ..., cantidad: ..., subtotal: ...}], total: 40, estado: 'PAGO_PENDIENTE', userId: 1, correoUsuario: 'a@a.com'}
[1A[2KLOG: [36m'Detalle del pedido:', Object{Id: 1, fecha: '2023-01-15T10:00:00Z', nombre: 'Cliente A', correo: 'a@a.com', direccion: 'Dir A', telefono: '123', items: [Object{cuentoId: ..., nombreCuento: ..., imagenUrl: ..., precioUnitario: ..., cantidad: ..., subtotal: ...}, Object{cuentoId: ..., nombreCuento: ..., imagenUrl: ..., precioUnitario: ..., cantidad: ..., subtotal: ...}], total: 40, estado: 'PAGO_PENDIENTE', userId: 1, correoUsuario: 'a@a.com'}[39m
Chrome 145.0.0.0 (Windows 10): Executed 21 of 75[31m (3 FAILED)[39m (0 secs / 0.465 secs)
LOG: 'Detalle del pedido:', Object{Id: 1, fecha: '2023-01-15T10:00:00Z', nombre: 'Cliente A', correo: 'a@a.com', direccion: 'Dir A', telefono: '123', items: [Object{cuentoId: ..., nombreCuento: ..., imagenUrl: ..., precioUnitario: ..., cantidad: ..., subtotal: ...}, Object{cuentoId: ..., nombreCuento: ..., imagenUrl: ..., precioUnitario: ..., cantidad: ..., subtotal: ...}], total: 40, estado: 'PAGO_PENDIENTE', userId: 1, correoUsuario: 'a@a.com'}
[1A[2K[31mChrome 145.0.0.0 (Windows 10) OrderDetailComponent Template Rendering should display "Detalle del Pedido #ID" title FAILED[39m
	Expected 'Detalle del Pedido #1' to contain 'Detalle del Pedido #undefined'.
	    at <Jasmine>
	    at UserContext.apply (src/app/components/pages/order-detail/order-detail.component.spec.ts:154:54)
	    at _ZoneDelegate.invoke (node_modules/zone.js/fesm2015/zone.js:369:28)
	    at ProxyZoneSpec.onInvoke (node_modules/zone.js/fesm2015/zone-testing.js:2081:39)
	    at _ZoneDelegate.invoke (node_modules/zone.js/fesm2015/zone.js:368:34)
Chrome 145.0.0.0 (Windows 10): Executed 22 of 75[31m (4 FAILED)[39m (0 secs / 0.479 secs)
[1A[2KLOG: [36m'Detalle del pedido:', Object{Id: 1, fecha: '2023-01-15T10:00:00Z', nombre: 'Cliente A', correo: 'a@a.com', direccion: 'Dir A', telefono: '123', items: [Object{cuentoId: ..., nombreCuento: ..., imagenUrl: ..., precioUnitario: ..., cantidad: ..., subtotal: ...}, Object{cuentoId: ..., nombreCuento: ..., imagenUrl: ..., precioUnitario: ..., cantidad: ..., subtotal: ...}], total: 40, estado: 'PAGO_PENDIENTE', userId: 1, correoUsuario: 'a@a.com'}[39m
Chrome 145.0.0.0 (Windows 10): Executed 22 of 75[31m (4 FAILED)[39m (0 secs / 0.479 secs)
LOG: 'Detalle del pedido:', Object{Id: 1, fecha: '2023-01-15T10:00:00Z', nombre: 'Cliente A', correo: 'a@a.com', direccion: 'Dir A', telefono: '123', items: [Object{cuentoId: ..., nombreCuento: ..., imagenUrl: ..., precioUnitario: ..., cantidad: ..., subtotal: ...}, Object{cuentoId: ..., nombreCuento: ..., imagenUrl: ..., precioUnitario: ..., cantidad: ..., subtotal: ...}], total: 40, estado: 'PAGO_PENDIENTE', userId: 1, correoUsuario: 'a@a.com'}
[1A[2KLOG: [36m'Detalle del pedido:', Object{Id: 1, fecha: '2023-01-15T10:00:00Z', nombre: 'Cliente A', correo: 'a@a.com', direccion: 'Dir A', telefono: '123', items: [Object{cuentoId: ..., nombreCuento: ..., imagenUrl: ..., precioUnitario: ..., cantidad: ..., subtotal: ...}, Object{cuentoId: ..., nombreCuento: ..., imagenUrl: ..., precioUnitario: ..., cantidad: ..., subtotal: ...}], total: 40, estado: 'PAGO_PENDIENTE', userId: 1, correoUsuario: 'a@a.com'}[39m
Chrome 145.0.0.0 (Windows 10): Executed 22 of 75[31m (4 FAILED)[39m (0 secs / 0.479 secs)
LOG: 'Detalle del pedido:', Object{Id: 1, fecha: '2023-01-15T10:00:00Z', nombre: 'Cliente A', correo: 'a@a.com', direccion: 'Dir A', telefono: '123', items: [Object{cuentoId: ..., nombreCuento: ..., imagenUrl: ..., precioUnitario: ..., cantidad: ..., subtotal: ...}, Object{cuentoId: ..., nombreCuento: ..., imagenUrl: ..., precioUnitario: ..., cantidad: ..., subtotal: ...}], total: 40, estado: 'PAGO_PENDIENTE', userId: 1, correoUsuario: 'a@a.com'}
[1A[2KChrome 145.0.0.0 (Windows 10): Executed 23 of 75[31m (4 FAILED)[39m (0 secs / 0.488 secs)
[1A[2KLOG: [36m'Detalle del pedido:', Object{Id: 1, fecha: '2023-01-15T10:00:00Z', nombre: 'Cliente A', correo: 'a@a.com', direccion: 'Dir A', telefono: '123', items: [Object{cuentoId: ..., nombreCuento: ..., imagenUrl: ..., precioUnitario: ..., cantidad: ..., subtotal: ...}, Object{cuentoId: ..., nombreCuento: ..., imagenUrl: ..., precioUnitario: ..., cantidad: ..., subtotal: ...}], total: 40, estado: 'PAGO_PENDIENTE', userId: 1, correoUsuario: 'a@a.com'}[39m
Chrome 145.0.0.0 (Windows 10): Executed 23 of 75[31m (4 FAILED)[39m (0 secs / 0.488 secs)
LOG: 'Detalle del pedido:', Object{Id: 1, fecha: '2023-01-15T10:00:00Z', nombre: 'Cliente A', correo: 'a@a.com', direccion: 'Dir A', telefono: '123', items: [Object{cuentoId: ..., nombreCuento: ..., imagenUrl: ..., precioUnitario: ..., cantidad: ..., subtotal: ...}, Object{cuentoId: ..., nombreCuento: ..., imagenUrl: ..., precioUnitario: ..., cantidad: ..., subtotal: ...}], total: 40, estado: 'PAGO_PENDIENTE', userId: 1, correoUsuario: 'a@a.com'}
[1A[2KLOG: [36m'Detalle del pedido:', Object{Id: 1, fecha: '2023-01-15T10:00:00Z', nombre: 'Cliente A', correo: 'a@a.com', direccion: 'Dir A', telefono: '123', items: [Object{cuentoId: ..., nombreCuento: ..., imagenUrl: ..., precioUnitario: ..., cantidad: ..., subtotal: ...}, Object{cuentoId: ..., nombreCuento: ..., imagenUrl: ..., precioUnitario: ..., cantidad: ..., subtotal: ...}], total: 40, estado: 'PAGO_PENDIENTE', userId: 1, correoUsuario: 'a@a.com'}[39m
Chrome 145.0.0.0 (Windows 10): Executed 23 of 75[31m (4 FAILED)[39m (0 secs / 0.488 secs)
LOG: 'Detalle del pedido:', Object{Id: 1, fecha: '2023-01-15T10:00:00Z', nombre: 'Cliente A', correo: 'a@a.com', direccion: 'Dir A', telefono: '123', items: [Object{cuentoId: ..., nombreCuento: ..., imagenUrl: ..., precioUnitario: ..., cantidad: ..., subtotal: ...}, Object{cuentoId: ..., nombreCuento: ..., imagenUrl: ..., precioUnitario: ..., cantidad: ..., subtotal: ...}], total: 40, estado: 'PAGO_PENDIENTE', userId: 1, correoUsuario: 'a@a.com'}
[1A[2KChrome 145.0.0.0 (Windows 10): Executed 24 of 75[31m (4 FAILED)[39m (0 secs / 0.495 secs)
[1A[2KLOG: [36m'Detalle del pedido:', Object{Id: 1, fecha: '2023-01-15T10:00:00Z', nombre: 'Cliente A', correo: 'a@a.com', direccion: 'Dir A', telefono: '123', items: [Object{cuentoId: ..., nombreCuento: ..., imagenUrl: ..., precioUnitario: ..., cantidad: ..., subtotal: ...}, Object{cuentoId: ..., nombreCuento: ..., imagenUrl: ..., precioUnitario: ..., cantidad: ..., subtotal: ...}], total: 40, estado: 'PAGO_PENDIENTE', userId: 1, correoUsuario: 'a@a.com'}[39m
Chrome 145.0.0.0 (Windows 10): Executed 24 of 75[31m (4 FAILED)[39m (0 secs / 0.495 secs)
LOG: 'Detalle del pedido:', Object{Id: 1, fecha: '2023-01-15T10:00:00Z', nombre: 'Cliente A', correo: 'a@a.com', direccion: 'Dir A', telefono: '123', items: [Object{cuentoId: ..., nombreCuento: ..., imagenUrl: ..., precioUnitario: ..., cantidad: ..., subtotal: ...}, Object{cuentoId: ..., nombreCuento: ..., imagenUrl: ..., precioUnitario: ..., cantidad: ..., subtotal: ...}], total: 40, estado: 'PAGO_PENDIENTE', userId: 1, correoUsuario: 'a@a.com'}
[1A[2KLOG: [36m'Detalle del pedido:', Object{Id: 1, fecha: '2023-01-15T10:00:00Z', nombre: 'Cliente A', correo: 'a@a.com', direccion: 'Dir A', telefono: '123', items: [Object{cuentoId: ..., nombreCuento: ..., imagenUrl: ..., precioUnitario: ..., cantidad: ..., subtotal: ...}, Object{cuentoId: ..., nombreCuento: ..., imagenUrl: ..., precioUnitario: ..., cantidad: ..., subtotal: ...}], total: 40, estado: 'PAGO_PENDIENTE', userId: 1, correoUsuario: 'a@a.com'}[39m
Chrome 145.0.0.0 (Windows 10): Executed 24 of 75[31m (4 FAILED)[39m (0 secs / 0.495 secs)
LOG: 'Detalle del pedido:', Object{Id: 1, fecha: '2023-01-15T10:00:00Z', nombre: 'Cliente A', correo: 'a@a.com', direccion: 'Dir A', telefono: '123', items: [Object{cuentoId: ..., nombreCuento: ..., imagenUrl: ..., precioUnitario: ..., cantidad: ..., subtotal: ...}, Object{cuentoId: ..., nombreCuento: ..., imagenUrl: ..., precioUnitario: ..., cantidad: ..., subtotal: ...}], total: 40, estado: 'PAGO_PENDIENTE', userId: 1, correoUsuario: 'a@a.com'}
[1A[2KChrome 145.0.0.0 (Windows 10): Executed 25 of 75[31m (4 FAILED)[39m (0 secs / 0.501 secs)
[1A[2KLOG: [36m'Detalle del pedido:', Object{Id: 1, fecha: '2023-01-15T10:00:00Z', nombre: 'Cliente A', correo: 'a@a.com', direccion: 'Dir A', telefono: '123', items: [Object{cuentoId: ..., nombreCuento: ..., imagenUrl: ..., precioUnitario: ..., cantidad: ..., subtotal: ...}, Object{cuentoId: ..., nombreCuento: ..., imagenUrl: ..., precioUnitario: ..., cantidad: ..., subtotal: ...}], total: 40, estado: 'PAGO_PENDIENTE', userId: 1, correoUsuario: 'a@a.com'}[39m
Chrome 145.0.0.0 (Windows 10): Executed 25 of 75[31m (4 FAILED)[39m (0 secs / 0.501 secs)
LOG: 'Detalle del pedido:', Object{Id: 1, fecha: '2023-01-15T10:00:00Z', nombre: 'Cliente A', correo: 'a@a.com', direccion: 'Dir A', telefono: '123', items: [Object{cuentoId: ..., nombreCuento: ..., imagenUrl: ..., precioUnitario: ..., cantidad: ..., subtotal: ...}, Object{cuentoId: ..., nombreCuento: ..., imagenUrl: ..., precioUnitario: ..., cantidad: ..., subtotal: ...}], total: 40, estado: 'PAGO_PENDIENTE', userId: 1, correoUsuario: 'a@a.com'}
[1A[2KLOG: [36m'Detalle del pedido:', Object{Id: 1, fecha: '2023-01-15T10:00:00Z', nombre: 'Cliente A', correo: 'a@a.com', direccion: 'Dir A', telefono: '123', items: [Object{cuentoId: ..., nombreCuento: ..., imagenUrl: ..., precioUnitario: ..., cantidad: ..., subtotal: ...}, Object{cuentoId: ..., nombreCuento: ..., imagenUrl: ..., precioUnitario: ..., cantidad: ..., subtotal: ...}], total: 40, estado: 'PAGO_PENDIENTE', userId: 1, correoUsuario: 'a@a.com'}[39m
Chrome 145.0.0.0 (Windows 10): Executed 25 of 75[31m (4 FAILED)[39m (0 secs / 0.501 secs)
LOG: 'Detalle del pedido:', Object{Id: 1, fecha: '2023-01-15T10:00:00Z', nombre: 'Cliente A', correo: 'a@a.com', direccion: 'Dir A', telefono: '123', items: [Object{cuentoId: ..., nombreCuento: ..., imagenUrl: ..., precioUnitario: ..., cantidad: ..., subtotal: ...}, Object{cuentoId: ..., nombreCuento: ..., imagenUrl: ..., precioUnitario: ..., cantidad: ..., subtotal: ...}], total: 40, estado: 'PAGO_PENDIENTE', userId: 1, correoUsuario: 'a@a.com'}
[1A[2K[31mChrome 145.0.0.0 (Windows 10) OrderDetailComponent Template Rendering should display general order information FAILED[39m
	Expected 'ID del Pedido: 1Fecha: 15/01/2023 05:00Estado:PAGO_PENDIENTENombre: Cliente ACorreo: a@a.comDirecci├│n: Dir ATel├®fono: 123Total del Pedido:$40.00' to contain 'ID del Pedido: undefined'.
	    at <Jasmine>
	    at UserContext.apply (src/app/components/pages/order-detail/order-detail.component.spec.ts:159:50)
	    at _ZoneDelegate.invoke (node_modules/zone.js/fesm2015/zone.js:369:28)
	    at ProxyZoneSpec.onInvoke (node_modules/zone.js/fesm2015/zone-testing.js:2081:39)
	    at _ZoneDelegate.invoke (node_modules/zone.js/fesm2015/zone.js:368:34)
	Expected 'ID del Pedido: 1Fecha: 15/01/2023 05:00Estado:PAGO_PENDIENTENombre: Cliente ACorreo: a@a.comDirecci├│n: Dir ATel├®fono: 123Total del Pedido:$40.00' to contain 'Estado: PAGO_PENDIENTE'.
	    at <Jasmine>
	    at UserContext.apply (src/app/components/pages/order-detail/order-detail.component.spec.ts:161:50)
	    at _ZoneDelegate.invoke (node_modules/zone.js/fesm2015/zone.js:369:28)
	    at ProxyZoneSpec.onInvoke (node_modules/zone.js/fesm2015/zone-testing.js:2081:39)
	    at _ZoneDelegate.invoke (node_modules/zone.js/fesm2015/zone.js:368:34)
Chrome 145.0.0.0 (Windows 10): Executed 26 of 75[31m (5 FAILED)[39m (0 secs / 0.51 secs)
[1A[2KLOG: [36m'Detalle del pedido:', Object{Id: 1, fecha: '2023-01-15T10:00:00Z', nombre: 'Cliente A', correo: 'a@a.com', direccion: 'Dir A', telefono: '123', items: [Object{cuentoId: ..., nombreCuento: ..., imagenUrl: ..., precioUnitario: ..., cantidad: ..., subtotal: ...}, Object{cuentoId: ..., nombreCuento: ..., imagenUrl: ..., precioUnitario: ..., cantidad: ..., subtotal: ...}], total: 40, estado: 'PAGO_PENDIENTE', userId: 1, correoUsuario: 'a@a.com'}[39m
Chrome 145.0.0.0 (Windows 10): Executed 26 of 75[31m (5 FAILED)[39m (0 secs / 0.51 secs)
LOG: 'Detalle del pedido:', Object{Id: 1, fecha: '2023-01-15T10:00:00Z', nombre: 'Cliente A', correo: 'a@a.com', direccion: 'Dir A', telefono: '123', items: [Object{cuentoId: ..., nombreCuento: ..., imagenUrl: ..., precioUnitario: ..., cantidad: ..., subtotal: ...}, Object{cuentoId: ..., nombreCuento: ..., imagenUrl: ..., precioUnitario: ..., cantidad: ..., subtotal: ...}], total: 40, estado: 'PAGO_PENDIENTE', userId: 1, correoUsuario: 'a@a.com'}
[1A[2KLOG: [36m'Detalle del pedido:', Object{Id: 1, fecha: '2023-01-15T10:00:00Z', nombre: 'Cliente A', correo: 'a@a.com', direccion: 'Dir A', telefono: '123', items: [Object{cuentoId: ..., nombreCuento: ..., imagenUrl: ..., precioUnitario: ..., cantidad: ..., subtotal: ...}, Object{cuentoId: ..., nombreCuento: ..., imagenUrl: ..., precioUnitario: ..., cantidad: ..., subtotal: ...}], total: 40, estado: 'PAGO_PENDIENTE', userId: 1, correoUsuario: 'a@a.com'}[39m
Chrome 145.0.0.0 (Windows 10): Executed 26 of 75[31m (5 FAILED)[39m (0 secs / 0.51 secs)
LOG: 'Detalle del pedido:', Object{Id: 1, fecha: '2023-01-15T10:00:00Z', nombre: 'Cliente A', correo: 'a@a.com', direccion: 'Dir A', telefono: '123', items: [Object{cuentoId: ..., nombreCuento: ..., imagenUrl: ..., precioUnitario: ..., cantidad: ..., subtotal: ...}, Object{cuentoId: ..., nombreCuento: ..., imagenUrl: ..., precioUnitario: ..., cantidad: ..., subtotal: ...}], total: 40, estado: 'PAGO_PENDIENTE', userId: 1, correoUsuario: 'a@a.com'}
[1A[2KChrome 145.0.0.0 (Windows 10): Executed 27 of 75[31m (5 FAILED)[39m (0 secs / 0.516 secs)
[1A[2KLOG: [36m'Detalle del pedido:', Object{Id: 1, fecha: '2023-01-15T10:00:00Z', nombre: 'Cliente A', correo: 'a@a.com', direccion: 'Dir A', telefono: '123', items: [Object{cuentoId: ..., nombreCuento: ..., imagenUrl: ..., precioUnitario: ..., cantidad: ..., subtotal: ...}, Object{cuentoId: ..., nombreCuento: ..., imagenUrl: ..., precioUnitario: ..., cantidad: ..., subtotal: ...}], total: 40, estado: 'PAGO_PENDIENTE', userId: 1, correoUsuario: 'a@a.com'}[39m
Chrome 145.0.0.0 (Windows 10): Executed 27 of 75[31m (5 FAILED)[39m (0 secs / 0.516 secs)
LOG: 'Detalle del pedido:', Object{Id: 1, fecha: '2023-01-15T10:00:00Z', nombre: 'Cliente A', correo: 'a@a.com', direccion: 'Dir A', telefono: '123', items: [Object{cuentoId: ..., nombreCuento: ..., imagenUrl: ..., precioUnitario: ..., cantidad: ..., subtotal: ...}, Object{cuentoId: ..., nombreCuento: ..., imagenUrl: ..., precioUnitario: ..., cantidad: ..., subtotal: ...}], total: 40, estado: 'PAGO_PENDIENTE', userId: 1, correoUsuario: 'a@a.com'}
[1A[2KLOG: [36m'Detalle del pedido:', Object{Id: 1, fecha: '2023-01-15T10:00:00Z', nombre: 'Cliente A', correo: 'a@a.com', direccion: 'Dir A', telefono: '123', items: [Object{cuentoId: ..., nombreCuento: ..., imagenUrl: ..., precioUnitario: ..., cantidad: ..., subtotal: ...}, Object{cuentoId: ..., nombreCuento: ..., imagenUrl: ..., precioUnitario: ..., cantidad: ..., subtotal: ...}], total: 40, estado: 'PAGO_PENDIENTE', userId: 1, correoUsuario: 'a@a.com'}[39m
Chrome 145.0.0.0 (Windows 10): Executed 27 of 75[31m (5 FAILED)[39m (0 secs / 0.516 secs)
LOG: 'Detalle del pedido:', Object{Id: 1, fecha: '2023-01-15T10:00:00Z', nombre: 'Cliente A', correo: 'a@a.com', direccion: 'Dir A', telefono: '123', items: [Object{cuentoId: ..., nombreCuento: ..., imagenUrl: ..., precioUnitario: ..., cantidad: ..., subtotal: ...}, Object{cuentoId: ..., nombreCuento: ..., imagenUrl: ..., precioUnitario: ..., cantidad: ..., subtotal: ...}], total: 40, estado: 'PAGO_PENDIENTE', userId: 1, correoUsuario: 'a@a.com'}
[1A[2KChrome 145.0.0.0 (Windows 10): Executed 28 of 75[31m (5 FAILED)[39m (0 secs / 0.522 secs)
[1A[2K[31mChrome 145.0.0.0 (Windows 10) OrderDetailComponent pagarAhora should log a message and show a toast FAILED[39m
	Expected spy log to have been called with:
	  [ 'Intento de pago para el pedido:', undefined ]
	but actual calls were:
	  [ 'Intento de pago para el pedido:', 1 ].
	
	Call 0:
	  Expected $[1] = 1 to equal undefined.
	Error: Expected spy log to have been called with:
	  [ 'Intento de pago para el pedido:', undefined ]
	but actual calls were:
	  [ 'Intento de pago para el pedido:', 1 ].
	Call 0:
	  Expected $[1] = 1 to equal undefined.
	    at <Jasmine>
	    at UserContext.apply (src/app/components/pages/order-detail/order-detail.component.spec.ts:120:27)
	    at _ZoneDelegate.invoke (node_modules/zone.js/fesm2015/zone.js:369:28)
	    at ProxyZoneSpec.onInvoke (node_modules/zone.js/fesm2015/zone-testing.js:2081:39)
	    at _ZoneDelegate.invoke (node_modules/zone.js/fesm2015/zone.js:368:34)
Chrome 145.0.0.0 (Windows 10): Executed 29 of 75[31m (6 FAILED)[39m (0 secs / 0.525 secs)
[1A[2K[31mChrome 145.0.0.0 (Windows 10) AdminPedidosComponent trackByPedidoId should return Id when present FAILED[39m
	NullInjectorError: R3InjectorError(DynamicTestModule)[ActivatedRoute -> ActivatedRoute]: 
	  NullInjectorError: No provider for ActivatedRoute!
	error properties: Object({ ngTempTokenPath: null, ngTokenPath: [ 'ActivatedRoute', 'ActivatedRoute' ] })
	    at NullInjector.get (node_modules/@angular/core/fesm2022/core.mjs:1663:27)
	    at R3Injector.get (node_modules/@angular/core/fesm2022/core.mjs:3109:33)
	    at R3Injector.get (node_modules/@angular/core/fesm2022/core.mjs:3109:33)
	    at ChainedInjector.get (node_modules/@angular/core/fesm2022/core.mjs:5454:36)
	    at lookupTokenUsingModuleInjector (node_modules/@angular/core/fesm2022/core.mjs:5807:39)
	    at getOrCreateInjectable (node_modules/@angular/core/fesm2022/core.mjs:5855:12)
	    at ╔Á╔ÁdirectiveInject (node_modules/@angular/core/fesm2022/core.mjs:11933:19)
	    at NodeInjectorFactory.factory (ng:///AdminPedidosComponent/╔Áfac.js:5:7)
	    at getNodeInjectable (node_modules/@angular/core/fesm2022/core.mjs:6067:44)
	    at createRootComponent (node_modules/@angular/core/fesm2022/core.mjs:16916:35)
Chrome 145.0.0.0 (Windows 10): Executed 30 of 75[31m (7 FAILED)[39m (0 secs / 0.554 secs)
[1A[2K[31mChrome 145.0.0.0 (Windows 10) AdminPedidosComponent trackByPedidoId should fall back to id when Id is undefined FAILED[39m
	NullInjectorError: R3InjectorError(DynamicTestModule)[ActivatedRoute -> ActivatedRoute]: 
	  NullInjectorError: No provider for ActivatedRoute!
	error properties: Object({ ngTempTokenPath: null, ngTokenPath: [ 'ActivatedRoute', 'ActivatedRoute' ] })
	    at NullInjector.get (node_modules/@angular/core/fesm2022/core.mjs:1663:27)
	    at R3Injector.get (node_modules/@angular/core/fesm2022/core.mjs:3109:33)
	    at R3Injector.get (node_modules/@angular/core/fesm2022/core.mjs:3109:33)
	    at ChainedInjector.get (node_modules/@angular/core/fesm2022/core.mjs:5454:36)
	    at lookupTokenUsingModuleInjector (node_modules/@angular/core/fesm2022/core.mjs:5807:39)
	    at getOrCreateInjectable (node_modules/@angular/core/fesm2022/core.mjs:5855:12)
	    at ╔Á╔ÁdirectiveInject (node_modules/@angular/core/fesm2022/core.mjs:11933:19)
	    at NodeInjectorFactory.factory (ng:///AdminPedidosComponent/╔Áfac.js:5:7)
	    at getNodeInjectable (node_modules/@angular/core/fesm2022/core.mjs:6067:44)
	    at createRootComponent (node_modules/@angular/core/fesm2022/core.mjs:16916:35)
Chrome 145.0.0.0 (Windows 10): Executed 31 of 75[31m (8 FAILED)[39m (0 secs / 0.557 secs)
[1A[2K[31mChrome 145.0.0.0 (Windows 10) AdminPedidosComponent should create FAILED[39m
	NullInjectorError: R3InjectorError(DynamicTestModule)[ActivatedRoute -> ActivatedRoute]: 
	  NullInjectorError: No provider for ActivatedRoute!
	error properties: Object({ ngTempTokenPath: null, ngTokenPath: [ 'ActivatedRoute', 'ActivatedRoute' ] })
	    at NullInjector.get (node_modules/@angular/core/fesm2022/core.mjs:1663:27)
	    at R3Injector.get (node_modules/@angular/core/fesm2022/core.mjs:3109:33)
	    at R3Injector.get (node_modules/@angular/core/fesm2022/core.mjs:3109:33)
	    at ChainedInjector.get (node_modules/@angular/core/fesm2022/core.mjs:5454:36)
	    at lookupTokenUsingModuleInjector (node_modules/@angular/core/fesm2022/core.mjs:5807:39)
	    at getOrCreateInjectable (node_modules/@angular/core/fesm2022/core.mjs:5855:12)
	    at ╔Á╔ÁdirectiveInject (node_modules/@angular/core/fesm2022/core.mjs:11933:19)
	    at NodeInjectorFactory.factory (ng:///AdminPedidosComponent/╔Áfac.js:5:7)
	    at getNodeInjectable (node_modules/@angular/core/fesm2022/core.mjs:6067:44)
	    at createRootComponent (node_modules/@angular/core/fesm2022/core.mjs:16916:35)
Chrome 145.0.0.0 (Windows 10): Executed 32 of 75[31m (9 FAILED)[39m (0 secs / 0.56 secs)
[1A[2K[31mChrome 145.0.0.0 (Windows 10) AdminPedidosComponent should not call service when canceling FAILED[39m
	NullInjectorError: R3InjectorError(DynamicTestModule)[ActivatedRoute -> ActivatedRoute]: 
	  NullInjectorError: No provider for ActivatedRoute!
	error properties: Object({ ngTempTokenPath: null, ngTokenPath: [ 'ActivatedRoute', 'ActivatedRoute' ] })
	    at NullInjector.get (node_modules/@angular/core/fesm2022/core.mjs:1663:27)
	    at R3Injector.get (node_modules/@angular/core/fesm2022/core.mjs:3109:33)
	    at R3Injector.get (node_modules/@angular/core/fesm2022/core.mjs:3109:33)
	    at ChainedInjector.get (node_modules/@angular/core/fesm2022/core.mjs:5454:36)
	    at lookupTokenUsingModuleInjector (node_modules/@angular/core/fesm2022/core.mjs:5807:39)
	    at getOrCreateInjectable (node_modules/@angular/core/fesm2022/core.mjs:5855:12)
	    at ╔Á╔ÁdirectiveInject (node_modules/@angular/core/fesm2022/core.mjs:11933:19)
	    at NodeInjectorFactory.factory (ng:///AdminPedidosComponent/╔Áfac.js:5:7)
	    at getNodeInjectable (node_modules/@angular/core/fesm2022/core.mjs:6067:44)
	    at createRootComponent (node_modules/@angular/core/fesm2022/core.mjs:16916:35)
Chrome 145.0.0.0 (Windows 10): Executed 33 of 75[31m (10 FAILED)[39m (0 secs / 0.564 secs)
[1A[2K[31mChrome 145.0.0.0 (Windows 10) AdminPedidosComponent should open dialog on rechazarPago and call service on confirm FAILED[39m
	NullInjectorError: R3InjectorError(DynamicTestModule)[ActivatedRoute -> ActivatedRoute]: 
	  NullInjectorError: No provider for ActivatedRoute!
	error properties: Object({ ngTempTokenPath: null, ngTokenPath: [ 'ActivatedRoute', 'ActivatedRoute' ] })
	    at NullInjector.get (node_modules/@angular/core/fesm2022/core.mjs:1663:27)
	    at R3Injector.get (node_modules/@angular/core/fesm2022/core.mjs:3109:33)
	    at R3Injector.get (node_modules/@angular/core/fesm2022/core.mjs:3109:33)
	    at ChainedInjector.get (node_modules/@angular/core/fesm2022/core.mjs:5454:36)
	    at lookupTokenUsingModuleInjector (node_modules/@angular/core/fesm2022/core.mjs:5807:39)
	    at getOrCreateInjectable (node_modules/@angular/core/fesm2022/core.mjs:5855:12)
	    at ╔Á╔ÁdirectiveInject (node_modules/@angular/core/fesm2022/core.mjs:11933:19)
	    at NodeInjectorFactory.factory (ng:///AdminPedidosComponent/╔Áfac.js:5:7)
	    at getNodeInjectable (node_modules/@angular/core/fesm2022/core.mjs:6067:44)
	    at createRootComponent (node_modules/@angular/core/fesm2022/core.mjs:16916:35)
Chrome 145.0.0.0 (Windows 10): Executed 34 of 75[31m (11 FAILED)[39m (0 secs / 0.566 secs)
[1A[2KChrome 145.0.0.0 (Windows 10): Executed 35 of 75[31m (11 FAILED)[39m (0 secs / 0.568 secs)
[1A[2KChrome 145.0.0.0 (Windows 10): Executed 36 of 75[31m (11 FAILED)[39m (0 secs / 0.571 secs)
[1A[2KChrome 145.0.0.0 (Windows 10): Executed 37 of 75[31m (11 FAILED)[39m (0 secs / 0.573 secs)
[1A[2KChrome 145.0.0.0 (Windows 10): Executed 38 of 75[31m (11 FAILED)[39m (0 secs / 0.618 secs)
[1A[2KChrome 145.0.0.0 (Windows 10): Executed 39 of 75[31m (11 FAILED)[39m (0 secs / 0.624 secs)
[1A[2KChrome 145.0.0.0 (Windows 10): Executed 40 of 75[31m (11 FAILED)[39m (0 secs / 0.627 secs)
[1A[2KChrome 145.0.0.0 (Windows 10): Executed 41 of 75[31m (11 FAILED)[39m (0 secs / 0.63 secs)
[1A[2KChrome 145.0.0.0 (Windows 10): Executed 42 of 75[31m (11 FAILED)[39m (0 secs / 0.647 secs)
[1A[2KChrome 145.0.0.0 (Windows 10): Executed 43 of 75[31m (11 FAILED)[39m (0 secs / 0.689 secs)
[1A[2KChrome 145.0.0.0 (Windows 10): Executed 44 of 75[31m (11 FAILED)[39m (0 secs / 0.711 secs)
[1A[2KChrome 145.0.0.0 (Windows 10): Executed 45 of 75[31m (11 FAILED)[39m (0 secs / 0.721 secs)
[1A[2KChrome 145.0.0.0 (Windows 10): Executed 46 of 75[31m (11 FAILED)[39m (0 secs / 0.734 secs)
[1A[2KChrome 145.0.0.0 (Windows 10): Executed 47 of 75[31m (11 FAILED)[39m (0 secs / 0.758 secs)
[1A[2KChrome 145.0.0.0 (Windows 10): Executed 48 of 75[31m (11 FAILED)[39m (0 secs / 0.763 secs)
[1A[2K[31mChrome 145.0.0.0 (Windows 10) OrderListComponent ngOnInit should assign pedidos on successful data fetch FAILED[39m
	Expected 0 to be 2.
	    at <Jasmine>
	    at UserContext.apply (src/app/components/pages/order-list/order-list.component.spec.ts:69:40)
	    at UserContext.apply (node_modules/zone.js/fesm2015/zone-testing.js:1702:26)
	    at _ZoneDelegate.invoke (node_modules/zone.js/fesm2015/zone.js:369:28)
	    at ProxyZoneSpec.onInvoke (node_modules/zone.js/fesm2015/zone-testing.js:2081:39)
	Expected $.length = 0 to equal 2.
	Expected $[0] = undefined to equal Object({ id: 1, fecha: '2023-01-15T10:00:00Z', nombre: 'Cliente A', correo: 'a@a.com', direccion: 'Dir A', telefono: '123', items: [  ], total: 100, estado: 'ENTREGADO', userId: 1, correoUsuario: 'a@a.com' }).
	Expected $[1] = undefined to equal Object({ id: 2, fecha: '2023-01-16T11:00:00Z', nombre: 'Cliente B', correo: 'b@b.com', direccion: 'Dir B', telefono: '456', items: [  ], total: 200, estado: 'PAGO_PENDIENTE', userId: 2, correoUsuario: 'b@b.com' }).
	    at <Jasmine>
	    at UserContext.apply (src/app/components/pages/order-list/order-list.component.spec.ts:70:33)
	    at UserContext.apply (node_modules/zone.js/fesm2015/zone-testing.js:1702:26)
	    at _ZoneDelegate.invoke (node_modules/zone.js/fesm2015/zone.js:369:28)
	    at ProxyZoneSpec.onInvoke (node_modules/zone.js/fesm2015/zone-testing.js:2081:39)
Chrome 145.0.0.0 (Windows 10): Executed 49 of 75[31m (12 FAILED)[39m (0 secs / 0.768 secs)
[1A[2KERROR: [36m'Error fetching orders:', Object{status: 500, message: 'Server Error'}[39m
Chrome 145.0.0.0 (Windows 10): Executed 49 of 75[31m (12 FAILED)[39m (0 secs / 0.768 secs)
ERROR: 'Error fetching orders:', Object{status: 500, message: 'Server Error'}
[1A[2KChrome 145.0.0.0 (Windows 10): Executed 50 of 75[31m (12 FAILED)[39m (0 secs / 0.771 secs)
[1A[2KChrome 145.0.0.0 (Windows 10): Executed 51 of 75[31m (12 FAILED)[39m (0 secs / 0.784 secs)
[1A[2K[31mChrome 145.0.0.0 (Windows 10) OrderListComponent Template Rendering should display "Cargando pedidos..." when isLoading is true FAILED[39m
	TypeError: Cannot read properties of undefined (reading 'subscribe')
	    at OrderListComponent.loadOrders (src/app/components/pages/order-list/order-list.component.ts:63:35)
	    at OrderListComponent.call [as ngOnInit] (src/app/components/pages/order-list/order-list.component.ts:55:10)
	    at callHookInternal (node_modules/@angular/core/fesm2022/core.mjs:5154:14)
	    at callHook (node_modules/@angular/core/fesm2022/core.mjs:5181:13)
	    at callHooks (node_modules/@angular/core/fesm2022/core.mjs:5135:17)
	    at executeInitAndCheckHooks (node_modules/@angular/core/fesm2022/core.mjs:5085:9)
	    at refreshView (node_modules/@angular/core/fesm2022/core.mjs:13792:21)
	    at detectChangesInView (node_modules/@angular/core/fesm2022/core.mjs:13993:9)
	    at detectChangesInViewWhileDirty (node_modules/@angular/core/fesm2022/core.mjs:13688:9)
	    at detectChangesInternal (node_modules/@angular/core/fesm2022/core.mjs:13667:9)
Chrome 145.0.0.0 (Windows 10): Executed 52 of 75[31m (13 FAILED)[39m (0 secs / 0.792 secs)
[1A[2K[31mChrome 145.0.0.0 (Windows 10) OrderListComponent Template Rendering should display error message when errorMensaje is set FAILED[39m
	TypeError: Cannot read properties of undefined (reading 'subscribe')
	    at OrderListComponent.loadOrders (src/app/components/pages/order-list/order-list.component.ts:63:35)
	    at OrderListComponent.call [as ngOnInit] (src/app/components/pages/order-list/order-list.component.ts:55:10)
	    at callHookInternal (node_modules/@angular/core/fesm2022/core.mjs:5154:14)
	    at callHook (node_modules/@angular/core/fesm2022/core.mjs:5181:13)
	    at callHooks (node_modules/@angular/core/fesm2022/core.mjs:5135:17)
	    at executeInitAndCheckHooks (node_modules/@angular/core/fesm2022/core.mjs:5085:9)
	    at refreshView (node_modules/@angular/core/fesm2022/core.mjs:13792:21)
	    at detectChangesInView (node_modules/@angular/core/fesm2022/core.mjs:13993:9)
	    at detectChangesInViewWhileDirty (node_modules/@angular/core/fesm2022/core.mjs:13688:9)
	    at detectChangesInternal (node_modules/@angular/core/fesm2022/core.mjs:13667:9)
Chrome 145.0.0.0 (Windows 10): Executed 53 of 75[31m (14 FAILED)[39m (0 secs / 0.797 secs)
[1A[2K[31mChrome 145.0.0.0 (Windows 10) OrderListComponent Template Rendering should call irAPago when primary action button is clicked FAILED[39m
	TypeError: Cannot read properties of null (reading 'triggerEventHandler')
	    at UserContext.apply (src/app/components/pages/order-list/order-list.component.spec.ts:160:14)
	    at UserContext.apply (node_modules/zone.js/fesm2015/zone-testing.js:1702:26)
	    at _ZoneDelegate.invoke (node_modules/zone.js/fesm2015/zone.js:369:28)
	    at ProxyZoneSpec.onInvoke (node_modules/zone.js/fesm2015/zone-testing.js:2081:39)
	    at _ZoneDelegate.invoke (node_modules/zone.js/fesm2015/zone.js:368:34)
	    at ZoneImpl.run (node_modules/zone.js/fesm2015/zone.js:111:43)
	    at runInTestZone (node_modules/zone.js/fesm2015/zone-testing.js:216:38)
	    at UserContext.<anonymous> (node_modules/zone.js/fesm2015/zone-testing.js:234:32)
	    at <Jasmine>
Chrome 145.0.0.0 (Windows 10): Executed 54 of 75[31m (15 FAILED)[39m (0 secs / 0.805 secs)
[1A[2K[31mChrome 145.0.0.0 (Windows 10) OrderListComponent Template Rendering should display "A├║n no tienes pedidos." when pedidos is empty and not loading and no error FAILED[39m
	TypeError: Cannot read properties of undefined (reading 'subscribe')
	    at OrderListComponent.loadOrders (src/app/components/pages/order-list/order-list.component.ts:63:35)
	    at OrderListComponent.call [as ngOnInit] (src/app/components/pages/order-list/order-list.component.ts:55:10)
	    at callHookInternal (node_modules/@angular/core/fesm2022/core.mjs:5154:14)
	    at callHook (node_modules/@angular/core/fesm2022/core.mjs:5181:13)
	    at callHooks (node_modules/@angular/core/fesm2022/core.mjs:5135:17)
	    at executeInitAndCheckHooks (node_modules/@angular/core/fesm2022/core.mjs:5085:9)
	    at refreshView (node_modules/@angular/core/fesm2022/core.mjs:13792:21)
	    at detectChangesInView (node_modules/@angular/core/fesm2022/core.mjs:13993:9)
	    at detectChangesInViewWhileDirty (node_modules/@angular/core/fesm2022/core.mjs:13688:9)
	    at detectChangesInternal (node_modules/@angular/core/fesm2022/core.mjs:13667:9)
Chrome 145.0.0.0 (Windows 10): Executed 55 of 75[31m (16 FAILED)[39m (0 secs / 0.812 secs)
[1A[2K[31mChrome 145.0.0.0 (Windows 10) OrderListComponent Template Rendering should display "Pedidos" title FAILED[39m
	TypeError: Cannot read properties of undefined (reading 'subscribe')
	    at OrderListComponent.loadOrders (src/app/components/pages/order-list/order-list.component.ts:63:35)
	    at OrderListComponent.call [as ngOnInit] (src/app/components/pages/order-list/order-list.component.ts:55:10)
	    at callHookInternal (node_modules/@angular/core/fesm2022/core.mjs:5154:14)
	    at callHook (node_modules/@angular/core/fesm2022/core.mjs:5181:13)
	    at callHooks (node_modules/@angular/core/fesm2022/core.mjs:5135:17)
	    at executeInitAndCheckHooks (node_modules/@angular/core/fesm2022/core.mjs:5085:9)
	    at refreshView (node_modules/@angular/core/fesm2022/core.mjs:13792:21)
	    at detectChangesInView (node_modules/@angular/core/fesm2022/core.mjs:13993:9)
	    at detectChangesInViewWhileDirty (node_modules/@angular/core/fesm2022/core.mjs:13688:9)
	    at detectChangesInternal (node_modules/@angular/core/fesm2022/core.mjs:13667:9)
Chrome 145.0.0.0 (Windows 10): Executed 56 of 75[31m (17 FAILED)[39m (0 secs / 0.824 secs)
[1A[2K[31mChrome 145.0.0.0 (Windows 10) OrderListComponent Template Rendering should render order cards when pedidos has data FAILED[39m
	Expected 0 to be 2.
	    at <Jasmine>
	    at UserContext.apply (src/app/components/pages/order-list/order-list.component.spec.ts:134:32)
	    at UserContext.apply (node_modules/zone.js/fesm2015/zone-testing.js:1702:26)
	    at _ZoneDelegate.invoke (node_modules/zone.js/fesm2015/zone.js:369:28)
	    at ProxyZoneSpec.onInvoke (node_modules/zone.js/fesm2015/zone-testing.js:2081:39)
	TypeError: Cannot read properties of undefined (reading 'query')
	    at UserContext.apply (src/app/components/pages/order-list/order-list.component.spec.ts:137:23)
	    at UserContext.apply (node_modules/zone.js/fesm2015/zone-testing.js:1702:26)
	    at _ZoneDelegate.invoke (node_modules/zone.js/fesm2015/zone.js:369:28)
	    at ProxyZoneSpec.onInvoke (node_modules/zone.js/fesm2015/zone-testing.js:2081:39)
	    at _ZoneDelegate.invoke (node_modules/zone.js/fesm2015/zone.js:368:34)
	    at ZoneImpl.run (node_modules/zone.js/fesm2015/zone.js:111:43)
	    at runInTestZone (node_modules/zone.js/fesm2015/zone-testing.js:216:38)
	    at UserContext.<anonymous> (node_modules/zone.js/fesm2015/zone-testing.js:234:32)
	    at <Jasmine>
Chrome 145.0.0.0 (Windows 10): Executed 57 of 75[31m (18 FAILED)[39m (0 secs / 0.834 secs)
[1A[2KChrome 145.0.0.0 (Windows 10): Executed 58 of 75[31m (18 FAILED)[39m (0 secs / 0.865 secs)
[1A[2KChrome 145.0.0.0 (Windows 10): Executed 59 of 75[31m (18 FAILED)[39m (0 secs / 0.88 secs)
[1A[2K[31mChrome 145.0.0.0 (Windows 10) PagoComponent should create FAILED[39m
	TypeError: Cannot redefine property: location
	    at Object.defineProperty (<anonymous>)
	    at UserContext.<anonymous> (src/app/components/pages/pago/pago.component.spec.ts:70:12)
	    at Generator.next (<anonymous>)
	    at asyncGeneratorStep (node_modules/@babel/runtime/helpers/esm/asyncToGenerator.js:3:1)
	    at apply (node_modules/@babel/runtime/helpers/esm/asyncToGenerator.js:17:1)
	    at _ZoneDelegate.invoke (node_modules/zone.js/fesm2015/zone.js:369:28)
	    at ProxyZoneSpec.onInvoke (node_modules/zone.js/fesm2015/zone-testing.js:2081:39)
	    at _ZoneDelegate.invoke (node_modules/zone.js/fesm2015/zone.js:368:34)
	    at ZoneImpl.run (node_modules/zone.js/fesm2015/zone.js:111:43)
	    at node_modules/zone.js/fesm2015/zone.js:2538:40
Chrome 145.0.0.0 (Windows 10): Executed 60 of 75[31m (19 FAILED)[39m (0 secs / 0.89 secs)
[1A[2K[31mChrome 145.0.0.0 (Windows 10) PagoComponent should fetch order status on init FAILED[39m
	TypeError: Cannot redefine property: location
	    at Object.defineProperty (<anonymous>)
	    at UserContext.<anonymous> (src/app/components/pages/pago/pago.component.spec.ts:70:12)
	    at Generator.next (<anonymous>)
	    at asyncGeneratorStep (node_modules/@babel/runtime/helpers/esm/asyncToGenerator.js:3:1)
	    at apply (node_modules/@babel/runtime/helpers/esm/asyncToGenerator.js:17:1)
	    at _ZoneDelegate.invoke (node_modules/zone.js/fesm2015/zone.js:369:28)
	    at ProxyZoneSpec.onInvoke (node_modules/zone.js/fesm2015/zone-testing.js:2081:39)
	    at _ZoneDelegate.invoke (node_modules/zone.js/fesm2015/zone.js:368:34)
	    at ZoneImpl.run (node_modules/zone.js/fesm2015/zone.js:111:43)
	    at node_modules/zone.js/fesm2015/zone.js:2538:40
Chrome 145.0.0.0 (Windows 10): Executed 61 of 75[31m (20 FAILED)[39m (0 secs / 0.893 secs)
[1A[2K[31mChrome 145.0.0.0 (Windows 10) PagoComponent ngOnInit - Mercado Pago Callback should NOT confirm payment if external_reference does not match pedidoId FAILED[39m
	TypeError: Cannot redefine property: location
	    at Object.defineProperty (<anonymous>)
	    at UserContext.<anonymous> (src/app/components/pages/pago/pago.component.spec.ts:70:12)
	    at Generator.next (<anonymous>)
	    at asyncGeneratorStep (node_modules/@babel/runtime/helpers/esm/asyncToGenerator.js:3:1)
	    at apply (node_modules/@babel/runtime/helpers/esm/asyncToGenerator.js:17:1)
	    at _ZoneDelegate.invoke (node_modules/zone.js/fesm2015/zone.js:369:28)
	    at ProxyZoneSpec.onInvoke (node_modules/zone.js/fesm2015/zone-testing.js:2081:39)
	    at _ZoneDelegate.invoke (node_modules/zone.js/fesm2015/zone.js:368:34)
	    at ZoneImpl.run (node_modules/zone.js/fesm2015/zone.js:111:43)
	    at node_modules/zone.js/fesm2015/zone.js:2538:40
Chrome 145.0.0.0 (Windows 10): Executed 62 of 75[31m (21 FAILED)[39m (0 secs / 0.895 secs)
[1A[2K[31mChrome 145.0.0.0 (Windows 10) PagoComponent ngOnInit - Mercado Pago Callback should show info message if payment status is not "approved" but external_reference matches FAILED[39m
	TypeError: Cannot redefine property: location
	    at Object.defineProperty (<anonymous>)
	    at UserContext.<anonymous> (src/app/components/pages/pago/pago.component.spec.ts:70:12)
	    at Generator.next (<anonymous>)
	    at asyncGeneratorStep (node_modules/@babel/runtime/helpers/esm/asyncToGenerator.js:3:1)
	    at apply (node_modules/@babel/runtime/helpers/esm/asyncToGenerator.js:17:1)
	    at _ZoneDelegate.invoke (node_modules/zone.js/fesm2015/zone.js:369:28)
	    at ProxyZoneSpec.onInvoke (node_modules/zone.js/fesm2015/zone-testing.js:2081:39)
	    at _ZoneDelegate.invoke (node_modules/zone.js/fesm2015/zone.js:368:34)
	    at ZoneImpl.run (node_modules/zone.js/fesm2015/zone.js:111:43)
	    at node_modules/zone.js/fesm2015/zone.js:2538:40
Chrome 145.0.0.0 (Windows 10): Executed 63 of 75[31m (22 FAILED)[39m (0 secs / 0.897 secs)
[1A[2K[31mChrome 145.0.0.0 (Windows 10) PagoComponent ngOnInit - Mercado Pago Callback should handle error if confirmarPagoMercadoPago fails FAILED[39m
	TypeError: Cannot redefine property: location
	    at Object.defineProperty (<anonymous>)
	    at UserContext.<anonymous> (src/app/components/pages/pago/pago.component.spec.ts:70:12)
	    at Generator.next (<anonymous>)
	    at asyncGeneratorStep (node_modules/@babel/runtime/helpers/esm/asyncToGenerator.js:3:1)
	    at apply (node_modules/@babel/runtime/helpers/esm/asyncToGenerator.js:17:1)
	    at _ZoneDelegate.invoke (node_modules/zone.js/fesm2015/zone.js:369:28)
	    at ProxyZoneSpec.onInvoke (node_modules/zone.js/fesm2015/zone-testing.js:2081:39)
	    at _ZoneDelegate.invoke (node_modules/zone.js/fesm2015/zone.js:368:34)
	    at ZoneImpl.run (node_modules/zone.js/fesm2015/zone.js:111:43)
	    at node_modules/zone.js/fesm2015/zone.js:2538:40
Chrome 145.0.0.0 (Windows 10): Executed 64 of 75[31m (23 FAILED)[39m (0 secs / 0.901 secs)
[1A[2K[31mChrome 145.0.0.0 (Windows 10) PagoComponent ngOnInit - Mercado Pago Callback should confirm payment if collection_status is "approved" and external_reference matches pedidoId FAILED[39m
	TypeError: Cannot redefine property: location
	    at Object.defineProperty (<anonymous>)
	    at UserContext.<anonymous> (src/app/components/pages/pago/pago.component.spec.ts:70:12)
	    at Generator.next (<anonymous>)
	    at asyncGeneratorStep (node_modules/@babel/runtime/helpers/esm/asyncToGenerator.js:3:1)
	    at apply (node_modules/@babel/runtime/helpers/esm/asyncToGenerator.js:17:1)
	    at _ZoneDelegate.invoke (node_modules/zone.js/fesm2015/zone.js:369:28)
	    at ProxyZoneSpec.onInvoke (node_modules/zone.js/fesm2015/zone-testing.js:2081:39)
	    at _ZoneDelegate.invoke (node_modules/zone.js/fesm2015/zone.js:368:34)
	    at ZoneImpl.run (node_modules/zone.js/fesm2015/zone.js:111:43)
	    at node_modules/zone.js/fesm2015/zone.js:2538:40
Chrome 145.0.0.0 (Windows 10): Executed 65 of 75[31m (24 FAILED)[39m (0 secs / 0.913 secs)
[1A[2K[31mChrome 145.0.0.0 (Windows 10) PagoComponent ngOnInit - Mercado Pago Callback should NOT confirm payment if collection_status is not "approved" FAILED[39m
	TypeError: Cannot redefine property: location
	    at Object.defineProperty (<anonymous>)
	    at UserContext.<anonymous> (src/app/components/pages/pago/pago.component.spec.ts:70:12)
	    at Generator.next (<anonymous>)
	    at asyncGeneratorStep (node_modules/@babel/runtime/helpers/esm/asyncToGenerator.js:3:1)
	    at apply (node_modules/@babel/runtime/helpers/esm/asyncToGenerator.js:17:1)
	    at _ZoneDelegate.invoke (node_modules/zone.js/fesm2015/zone.js:369:28)
	    at ProxyZoneSpec.onInvoke (node_modules/zone.js/fesm2015/zone-testing.js:2081:39)
	    at _ZoneDelegate.invoke (node_modules/zone.js/fesm2015/zone.js:368:34)
	    at ZoneImpl.run (node_modules/zone.js/fesm2015/zone.js:111:43)
	    at node_modules/zone.js/fesm2015/zone.js:2538:40
Chrome 145.0.0.0 (Windows 10): Executed 66 of 75[31m (25 FAILED)[39m (0 secs / 0.915 secs)
[1A[2K[31mChrome 145.0.0.0 (Windows 10) PagoComponent ngOnInit - Mercado Pago Callback should not call confirmarPagoMercadoPago if no relevant query params are present FAILED[39m
	TypeError: Cannot redefine property: location
	    at Object.defineProperty (<anonymous>)
	    at UserContext.<anonymous> (src/app/components/pages/pago/pago.component.spec.ts:70:12)
	    at Generator.next (<anonymous>)
	    at asyncGeneratorStep (node_modules/@babel/runtime/helpers/esm/asyncToGenerator.js:3:1)
	    at apply (node_modules/@babel/runtime/helpers/esm/asyncToGenerator.js:17:1)
	    at _ZoneDelegate.invoke (node_modules/zone.js/fesm2015/zone.js:369:28)
	    at ProxyZoneSpec.onInvoke (node_modules/zone.js/fesm2015/zone-testing.js:2081:39)
	    at _ZoneDelegate.invoke (node_modules/zone.js/fesm2015/zone.js:368:34)
	    at ZoneImpl.run (node_modules/zone.js/fesm2015/zone.js:111:43)
	    at node_modules/zone.js/fesm2015/zone.js:2538:40
Chrome 145.0.0.0 (Windows 10): Executed 67 of 75[31m (26 FAILED)[39m (0 secs / 0.917 secs)
[1A[2K[31mChrome 145.0.0.0 (Windows 10) PagoComponent pagarConMercadoPagoConfirmado should redirect to the correct Mercado Pago URL FAILED[39m
	TypeError: Cannot redefine property: location
	    at Object.defineProperty (<anonymous>)
	    at UserContext.<anonymous> (src/app/components/pages/pago/pago.component.spec.ts:70:12)
	    at Generator.next (<anonymous>)
	    at asyncGeneratorStep (node_modules/@babel/runtime/helpers/esm/asyncToGenerator.js:3:1)
	    at apply (node_modules/@babel/runtime/helpers/esm/asyncToGenerator.js:17:1)
	    at _ZoneDelegate.invoke (node_modules/zone.js/fesm2015/zone.js:369:28)
	    at ProxyZoneSpec.onInvoke (node_modules/zone.js/fesm2015/zone-testing.js:2081:39)
	    at _ZoneDelegate.invoke (node_modules/zone.js/fesm2015/zone.js:368:34)
	    at ZoneImpl.run (node_modules/zone.js/fesm2015/zone.js:111:43)
	    at node_modules/zone.js/fesm2015/zone.js:2538:40
Chrome 145.0.0.0 (Windows 10): Executed 68 of 75[31m (27 FAILED)[39m (0 secs / 0.92 secs)
[1A[2KChrome 145.0.0.0 (Windows 10): Executed 69 of 75[31m (27 FAILED)[39m (0 secs / 0.922 secs)
[1A[2KChrome 145.0.0.0 (Windows 10): Executed 70 of 75[31m (27 FAILED)[39m (0 secs / 0.923 secs)
[1A[2KChrome 145.0.0.0 (Windows 10): Executed 71 of 75[31m (27 FAILED)[39m (0 secs / 0.925 secs)
[1A[2KChrome 145.0.0.0 (Windows 10): Executed 72 of 75[31m (27 FAILED)[39m (0 secs / 0.926 secs)
[1A[2KChrome 145.0.0.0 (Windows 10): Executed 73 of 75[31m (27 FAILED)[39m (0 secs / 0.927 secs)
[1A[2K[31mChrome 145.0.0.0 (Windows 10) PedidoService getOrderById should handle non-numeric or invalid ID for getOrderById gracefully (compile-time check) FAILED[39m
	Error: Expected one matching request for criteria "Match URL: http://localhost:8080/api/orders/NaN", found none.
	    at HttpClientTestingBackend.expectOne (node_modules/@angular/common/fesm2022/http/testing.mjs:270:19)
	    at UserContext.apply (src/app/services/pedido.service.spec.ts:97:28)
	    at _ZoneDelegate.invoke (node_modules/zone.js/fesm2015/zone.js:369:28)
	    at ProxyZoneSpec.onInvoke (node_modules/zone.js/fesm2015/zone-testing.js:2081:39)
	    at _ZoneDelegate.invoke (node_modules/zone.js/fesm2015/zone.js:368:34)
	    at ZoneImpl.run (node_modules/zone.js/fesm2015/zone.js:111:43)
	    at runInTestZone (node_modules/zone.js/fesm2015/zone-testing.js:216:38)
	    at UserContext.<anonymous> (node_modules/zone.js/fesm2015/zone-testing.js:234:32)
	    at <Jasmine>
Chrome 145.0.0.0 (Windows 10): Executed 74 of 75[31m (28 FAILED)[39m (0 secs / 0.928 secs)
[1A[2KChrome 145.0.0.0 (Windows 10): Executed 75 of 75[31m (28 FAILED)[39m (0 secs / 0.932 secs)
[1A[2KChrome 145.0.0.0 (Windows 10): Executed 75 of 75[31m (28 FAILED)[39m (1.06 secs / 0.932 secs)
[31mTOTAL: 28 FAILED, 47 SUCCESS[39m
ÔêÜ Browser application bundle generation complete.
Chrome 145.0.0.0 (Windows 10): Executed 0 of 75[32m SUCCESS[39m (0 secs / 0 secs)
[1A[2KChrome 145.0.0.0 (Windows 10): Executed 1 of 75[32m SUCCESS[39m (0 secs / 0.122 secs)
[1A[2KChrome 145.0.0.0 (Windows 10): Executed 2 of 75[32m SUCCESS[39m (0 secs / 0.131 secs)
[1A[2KChrome 145.0.0.0 (Windows 10): Executed 3 of 75[32m SUCCESS[39m (0 secs / 0.139 secs)
[1A[2KChrome 145.0.0.0 (Windows 10): Executed 4 of 75[32m SUCCESS[39m (0 secs / 0.195 secs)
[1A[2KChrome 145.0.0.0 (Windows 10): Executed 5 of 75[32m SUCCESS[39m (0 secs / 0.312 secs)
[1A[2K[31mChrome 145.0.0.0 (Windows 10) OrderDetailComponent pagarAhora should log a message and show a toast FAILED[39m
	Expected spy log to have been called with:
	  [ 'Intento de pago para el pedido:', undefined ]
	but actual calls were:
	  [ 'Intento de pago para el pedido:', 1 ].
	
	Call 0:
	  Expected $[1] = 1 to equal undefined.
	Error: Expected spy log to have been called with:
	  [ 'Intento de pago para el pedido:', undefined ]
	but actual calls were:
	  [ 'Intento de pago para el pedido:', 1 ].
	Call 0:
	  Expected $[1] = 1 to equal undefined.
	    at <Jasmine>
	    at UserContext.apply (src/app/components/pages/order-detail/order-detail.component.spec.ts:120:27)
	    at _ZoneDelegate.invoke (node_modules/zone.js/fesm2015/zone.js:369:28)
	    at ProxyZoneSpec.onInvoke (node_modules/zone.js/fesm2015/zone-testing.js:2081:39)
	    at _ZoneDelegate.invoke (node_modules/zone.js/fesm2015/zone.js:368:34)
Chrome 145.0.0.0 (Windows 10): Executed 6 of 75[31m (1 FAILED)[39m (0 secs / 0.388 secs)
[1A[2KChrome 145.0.0.0 (Windows 10): Executed 7 of 75[31m (1 FAILED)[39m (0 secs / 0.394 secs)
[1A[2KChrome 145.0.0.0 (Windows 10): Executed 8 of 75[31m (1 FAILED)[39m (0 secs / 0.398 secs)
[1A[2KLOG: [36m'Detalle del pedido:', Object{Id: 1, fecha: '2023-01-15T10:00:00Z', nombre: 'Cliente A', correo: 'a@a.com', direccion: 'Dir A', telefono: '123', items: [Object{cuentoId: ..., nombreCuento: ..., imagenUrl: ..., precioUnitario: ..., cantidad: ..., subtotal: ...}, Object{cuentoId: ..., nombreCuento: ..., imagenUrl: ..., precioUnitario: ..., cantidad: ..., subtotal: ...}], total: 40, estado: 'PAGO_PENDIENTE', userId: 1, correoUsuario: 'a@a.com'}[39m
Chrome 145.0.0.0 (Windows 10): Executed 8 of 75[31m (1 FAILED)[39m (0 secs / 0.398 secs)
LOG: 'Detalle del pedido:', Object{Id: 1, fecha: '2023-01-15T10:00:00Z', nombre: 'Cliente A', correo: 'a@a.com', direccion: 'Dir A', telefono: '123', items: [Object{cuentoId: ..., nombreCuento: ..., imagenUrl: ..., precioUnitario: ..., cantidad: ..., subtotal: ...}, Object{cuentoId: ..., nombreCuento: ..., imagenUrl: ..., precioUnitario: ..., cantidad: ..., subtotal: ...}], total: 40, estado: 'PAGO_PENDIENTE', userId: 1, correoUsuario: 'a@a.com'}
[1A[2KChrome 145.0.0.0 (Windows 10): Executed 9 of 75[31m (1 FAILED)[39m (0 secs / 0.403 secs)
[1A[2KLOG: [36m'Detalle del pedido:', Object{Id: 1, fecha: '2023-01-15T10:00:00Z', nombre: 'Cliente A', correo: 'a@a.com', direccion: 'Dir A', telefono: '123', items: [Object{cuentoId: ..., nombreCuento: ..., imagenUrl: ..., precioUnitario: ..., cantidad: ..., subtotal: ...}, Object{cuentoId: ..., nombreCuento: ..., imagenUrl: ..., precioUnitario: ..., cantidad: ..., subtotal: ...}], total: 40, estado: 'PAGO_PENDIENTE', userId: 1, correoUsuario: 'a@a.com'}[39m
Chrome 145.0.0.0 (Windows 10): Executed 9 of 75[31m (1 FAILED)[39m (0 secs / 0.403 secs)
LOG: 'Detalle del pedido:', Object{Id: 1, fecha: '2023-01-15T10:00:00Z', nombre: 'Cliente A', correo: 'a@a.com', direccion: 'Dir A', telefono: '123', items: [Object{cuentoId: ..., nombreCuento: ..., imagenUrl: ..., precioUnitario: ..., cantidad: ..., subtotal: ...}, Object{cuentoId: ..., nombreCuento: ..., imagenUrl: ..., precioUnitario: ..., cantidad: ..., subtotal: ...}], total: 40, estado: 'PAGO_PENDIENTE', userId: 1, correoUsuario: 'a@a.com'}
[1A[2KChrome 145.0.0.0 (Windows 10): Executed 10 of 75[31m (1 FAILED)[39m (0 secs / 0.408 secs)
[1A[2KERROR: [36m'Error fetching order details:', Object{status: 404, message: 'Not Found'}[39m
Chrome 145.0.0.0 (Windows 10): Executed 10 of 75[31m (1 FAILED)[39m (0 secs / 0.408 secs)
ERROR: 'Error fetching order details:', Object{status: 404, message: 'Not Found'}
[1A[2K[31mChrome 145.0.0.0 (Windows 10) OrderDetailComponent ngOnInit should set errorMensaje and isLoading to false if service call fails FAILED[39m
	Expected null to be undefined.
	    at <Jasmine>
	    at UserContext.apply (src/app/components/pages/order-detail/order-detail.component.spec.ts:95:32)
	    at UserContext.apply (node_modules/zone.js/fesm2015/zone-testing.js:1702:26)
	    at _ZoneDelegate.invoke (node_modules/zone.js/fesm2015/zone.js:369:28)
	    at ProxyZoneSpec.onInvoke (node_modules/zone.js/fesm2015/zone-testing.js:2081:39)
Chrome 145.0.0.0 (Windows 10): Executed 11 of 75[31m (2 FAILED)[39m (0 secs / 0.414 secs)
[1A[2KChrome 145.0.0.0 (Windows 10): Executed 12 of 75[31m (2 FAILED)[39m (0 secs / 0.418 secs)
[1A[2KChrome 145.0.0.0 (Windows 10): Executed 13 of 75[31m (2 FAILED)[39m (0 secs / 0.421 secs)
[1A[2KChrome 145.0.0.0 (Windows 10): Executed 14 of 75[31m (2 FAILED)[39m (0 secs / 0.427 secs)
[1A[2K[31mChrome 145.0.0.0 (Windows 10) OrderDetailComponent isPagoPendiente should return true if estado is PENDIENTE (case insensitive) FAILED[39m
	Expected false to be true.
	    at <Jasmine>
	    at UserContext.apply (src/app/components/pages/order-detail/order-detail.component.spec.ts:132:43)
	    at _ZoneDelegate.invoke (node_modules/zone.js/fesm2015/zone.js:369:28)
	    at ProxyZoneSpec.onInvoke (node_modules/zone.js/fesm2015/zone-testing.js:2081:39)
	    at _ZoneDelegate.invoke (node_modules/zone.js/fesm2015/zone.js:368:34)
Chrome 145.0.0.0 (Windows 10): Executed 15 of 75[31m (3 FAILED)[39m (0 secs / 0.432 secs)
[1A[2KChrome 145.0.0.0 (Windows 10): Executed 16 of 75[31m (3 FAILED)[39m (0 secs / 0.438 secs)
[1A[2KLOG: [36m'Detalle del pedido:', Object{Id: 1, fecha: '2023-01-15T10:00:00Z', nombre: 'Cliente A', correo: 'a@a.com', direccion: 'Dir A', telefono: '123', items: [Object{cuentoId: ..., nombreCuento: ..., imagenUrl: ..., precioUnitario: ..., cantidad: ..., subtotal: ...}, Object{cuentoId: ..., nombreCuento: ..., imagenUrl: ..., precioUnitario: ..., cantidad: ..., subtotal: ...}], total: 40, estado: 'PAGO_PENDIENTE', userId: 1, correoUsuario: 'a@a.com'}[39m
Chrome 145.0.0.0 (Windows 10): Executed 16 of 75[31m (3 FAILED)[39m (0 secs / 0.438 secs)
LOG: 'Detalle del pedido:', Object{Id: 1, fecha: '2023-01-15T10:00:00Z', nombre: 'Cliente A', correo: 'a@a.com', direccion: 'Dir A', telefono: '123', items: [Object{cuentoId: ..., nombreCuento: ..., imagenUrl: ..., precioUnitario: ..., cantidad: ..., subtotal: ...}, Object{cuentoId: ..., nombreCuento: ..., imagenUrl: ..., precioUnitario: ..., cantidad: ..., subtotal: ...}], total: 40, estado: 'PAGO_PENDIENTE', userId: 1, correoUsuario: 'a@a.com'}
[1A[2KLOG: [36m'Detalle del pedido:', Object{Id: 1, fecha: '2023-01-15T10:00:00Z', nombre: 'Cliente A', correo: 'a@a.com', direccion: 'Dir A', telefono: '123', items: [Object{cuentoId: ..., nombreCuento: ..., imagenUrl: ..., precioUnitario: ..., cantidad: ..., subtotal: ...}, Object{cuentoId: ..., nombreCuento: ..., imagenUrl: ..., precioUnitario: ..., cantidad: ..., subtotal: ...}], total: 40, estado: 'PAGO_PENDIENTE', userId: 1, correoUsuario: 'a@a.com'}[39m
Chrome 145.0.0.0 (Windows 10): Executed 16 of 75[31m (3 FAILED)[39m (0 secs / 0.438 secs)
LOG: 'Detalle del pedido:', Object{Id: 1, fecha: '2023-01-15T10:00:00Z', nombre: 'Cliente A', correo: 'a@a.com', direccion: 'Dir A', telefono: '123', items: [Object{cuentoId: ..., nombreCuento: ..., imagenUrl: ..., precioUnitario: ..., cantidad: ..., subtotal: ...}, Object{cuentoId: ..., nombreCuento: ..., imagenUrl: ..., precioUnitario: ..., cantidad: ..., subtotal: ...}], total: 40, estado: 'PAGO_PENDIENTE', userId: 1, correoUsuario: 'a@a.com'}
[1A[2KChrome 145.0.0.0 (Windows 10): Executed 17 of 75[31m (3 FAILED)[39m (0 secs / 0.462 secs)
[1A[2KLOG: [36m'Detalle del pedido:', Object{Id: 1, fecha: '2023-01-15T10:00:00Z', nombre: 'Cliente A', correo: 'a@a.com', direccion: 'Dir A', telefono: '123', items: [Object{cuentoId: ..., nombreCuento: ..., imagenUrl: ..., precioUnitario: ..., cantidad: ..., subtotal: ...}, Object{cuentoId: ..., nombreCuento: ..., imagenUrl: ..., precioUnitario: ..., cantidad: ..., subtotal: ...}], total: 40, estado: 'PAGO_PENDIENTE', userId: 1, correoUsuario: 'a@a.com'}[39m
Chrome 145.0.0.0 (Windows 10): Executed 17 of 75[31m (3 FAILED)[39m (0 secs / 0.462 secs)
LOG: 'Detalle del pedido:', Object{Id: 1, fecha: '2023-01-15T10:00:00Z', nombre: 'Cliente A', correo: 'a@a.com', direccion: 'Dir A', telefono: '123', items: [Object{cuentoId: ..., nombreCuento: ..., imagenUrl: ..., precioUnitario: ..., cantidad: ..., subtotal: ...}, Object{cuentoId: ..., nombreCuento: ..., imagenUrl: ..., precioUnitario: ..., cantidad: ..., subtotal: ...}], total: 40, estado: 'PAGO_PENDIENTE', userId: 1, correoUsuario: 'a@a.com'}
[1A[2KLOG: [36m'Detalle del pedido:', Object{Id: 1, fecha: '2023-01-15T10:00:00Z', nombre: 'Cliente A', correo: 'a@a.com', direccion: 'Dir A', telefono: '123', items: [Object{cuentoId: ..., nombreCuento: ..., imagenUrl: ..., precioUnitario: ..., cantidad: ..., subtotal: ...}, Object{cuentoId: ..., nombreCuento: ..., imagenUrl: ..., precioUnitario: ..., cantidad: ..., subtotal: ...}], total: 40, estado: 'PAGO_PENDIENTE', userId: 1, correoUsuario: 'a@a.com'}[39m
Chrome 145.0.0.0 (Windows 10): Executed 17 of 75[31m (3 FAILED)[39m (0 secs / 0.462 secs)
LOG: 'Detalle del pedido:', Object{Id: 1, fecha: '2023-01-15T10:00:00Z', nombre: 'Cliente A', correo: 'a@a.com', direccion: 'Dir A', telefono: '123', items: [Object{cuentoId: ..., nombreCuento: ..., imagenUrl: ..., precioUnitario: ..., cantidad: ..., subtotal: ...}, Object{cuentoId: ..., nombreCuento: ..., imagenUrl: ..., precioUnitario: ..., cantidad: ..., subtotal: ...}], total: 40, estado: 'PAGO_PENDIENTE', userId: 1, correoUsuario: 'a@a.com'}
[1A[2KChrome 145.0.0.0 (Windows 10): Executed 18 of 75[31m (3 FAILED)[39m (0 secs / 0.473 secs)
[1A[2KLOG: [36m'Detalle del pedido:', Object{Id: 1, fecha: '2023-01-15T10:00:00Z', nombre: 'Cliente A', correo: 'a@a.com', direccion: 'Dir A', telefono: '123', items: [Object{cuentoId: ..., nombreCuento: ..., imagenUrl: ..., precioUnitario: ..., cantidad: ..., subtotal: ...}, Object{cuentoId: ..., nombreCuento: ..., imagenUrl: ..., precioUnitario: ..., cantidad: ..., subtotal: ...}], total: 40, estado: 'PAGO_PENDIENTE', userId: 1, correoUsuario: 'a@a.com'}[39m
Chrome 145.0.0.0 (Windows 10): Executed 18 of 75[31m (3 FAILED)[39m (0 secs / 0.473 secs)
LOG: 'Detalle del pedido:', Object{Id: 1, fecha: '2023-01-15T10:00:00Z', nombre: 'Cliente A', correo: 'a@a.com', direccion: 'Dir A', telefono: '123', items: [Object{cuentoId: ..., nombreCuento: ..., imagenUrl: ..., precioUnitario: ..., cantidad: ..., subtotal: ...}, Object{cuentoId: ..., nombreCuento: ..., imagenUrl: ..., precioUnitario: ..., cantidad: ..., subtotal: ...}], total: 40, estado: 'PAGO_PENDIENTE', userId: 1, correoUsuario: 'a@a.com'}
[1A[2KLOG: [36m'Detalle del pedido:', Object{Id: 1, fecha: '2023-01-15T10:00:00Z', nombre: 'Cliente A', correo: 'a@a.com', direccion: 'Dir A', telefono: '123', items: [Object{cuentoId: ..., nombreCuento: ..., imagenUrl: ..., precioUnitario: ..., cantidad: ..., subtotal: ...}, Object{cuentoId: ..., nombreCuento: ..., imagenUrl: ..., precioUnitario: ..., cantidad: ..., subtotal: ...}], total: 40, estado: 'PAGO_PENDIENTE', userId: 1, correoUsuario: 'a@a.com'}[39m
Chrome 145.0.0.0 (Windows 10): Executed 18 of 75[31m (3 FAILED)[39m (0 secs / 0.473 secs)
LOG: 'Detalle del pedido:', Object{Id: 1, fecha: '2023-01-15T10:00:00Z', nombre: 'Cliente A', correo: 'a@a.com', direccion: 'Dir A', telefono: '123', items: [Object{cuentoId: ..., nombreCuento: ..., imagenUrl: ..., precioUnitario: ..., cantidad: ..., subtotal: ...}, Object{cuentoId: ..., nombreCuento: ..., imagenUrl: ..., precioUnitario: ..., cantidad: ..., subtotal: ...}], total: 40, estado: 'PAGO_PENDIENTE', userId: 1, correoUsuario: 'a@a.com'}
[1A[2KChrome 145.0.0.0 (Windows 10): Executed 19 of 75[31m (3 FAILED)[39m (0 secs / 0.48 secs)
[1A[2KLOG: [36m'Detalle del pedido:', Object{Id: 1, fecha: '2023-01-15T10:00:00Z', nombre: 'Cliente A', correo: 'a@a.com', direccion: 'Dir A', telefono: '123', items: [Object{cuentoId: ..., nombreCuento: ..., imagenUrl: ..., precioUnitario: ..., cantidad: ..., subtotal: ...}, Object{cuentoId: ..., nombreCuento: ..., imagenUrl: ..., precioUnitario: ..., cantidad: ..., subtotal: ...}], total: 40, estado: 'PAGO_PENDIENTE', userId: 1, correoUsuario: 'a@a.com'}[39m
Chrome 145.0.0.0 (Windows 10): Executed 19 of 75[31m (3 FAILED)[39m (0 secs / 0.48 secs)
LOG: 'Detalle del pedido:', Object{Id: 1, fecha: '2023-01-15T10:00:00Z', nombre: 'Cliente A', correo: 'a@a.com', direccion: 'Dir A', telefono: '123', items: [Object{cuentoId: ..., nombreCuento: ..., imagenUrl: ..., precioUnitario: ..., cantidad: ..., subtotal: ...}, Object{cuentoId: ..., nombreCuento: ..., imagenUrl: ..., precioUnitario: ..., cantidad: ..., subtotal: ...}], total: 40, estado: 'PAGO_PENDIENTE', userId: 1, correoUsuario: 'a@a.com'}
[1A[2KLOG: [36m'Detalle del pedido:', Object{Id: 1, fecha: '2023-01-15T10:00:00Z', nombre: 'Cliente A', correo: 'a@a.com', direccion: 'Dir A', telefono: '123', items: [Object{cuentoId: ..., nombreCuento: ..., imagenUrl: ..., precioUnitario: ..., cantidad: ..., subtotal: ...}, Object{cuentoId: ..., nombreCuento: ..., imagenUrl: ..., precioUnitario: ..., cantidad: ..., subtotal: ...}], total: 40, estado: 'PAGO_PENDIENTE', userId: 1, correoUsuario: 'a@a.com'}[39m
Chrome 145.0.0.0 (Windows 10): Executed 19 of 75[31m (3 FAILED)[39m (0 secs / 0.48 secs)
LOG: 'Detalle del pedido:', Object{Id: 1, fecha: '2023-01-15T10:00:00Z', nombre: 'Cliente A', correo: 'a@a.com', direccion: 'Dir A', telefono: '123', items: [Object{cuentoId: ..., nombreCuento: ..., imagenUrl: ..., precioUnitario: ..., cantidad: ..., subtotal: ...}, Object{cuentoId: ..., nombreCuento: ..., imagenUrl: ..., precioUnitario: ..., cantidad: ..., subtotal: ...}], total: 40, estado: 'PAGO_PENDIENTE', userId: 1, correoUsuario: 'a@a.com'}
[1A[2K[31mChrome 145.0.0.0 (Windows 10) OrderDetailComponent Template Rendering should display general order information FAILED[39m
	Expected 'ID del Pedido: 1Fecha: 15/01/2023 05:00Estado:PAGO_PENDIENTENombre: Cliente ACorreo: a@a.comDirecci├│n: Dir ATel├®fono: 123Total del Pedido:$40.00' to contain 'ID del Pedido: undefined'.
	    at <Jasmine>
	    at UserContext.apply (src/app/components/pages/order-detail/order-detail.component.spec.ts:159:50)
	    at _ZoneDelegate.invoke (node_modules/zone.js/fesm2015/zone.js:369:28)
	    at ProxyZoneSpec.onInvoke (node_modules/zone.js/fesm2015/zone-testing.js:2081:39)
	    at _ZoneDelegate.invoke (node_modules/zone.js/fesm2015/zone.js:368:34)
	Expected 'ID del Pedido: 1Fecha: 15/01/2023 05:00Estado:PAGO_PENDIENTENombre: Cliente ACorreo: a@a.comDirecci├│n: Dir ATel├®fono: 123Total del Pedido:$40.00' to contain 'Estado: PAGO_PENDIENTE'.
	    at <Jasmine>
	    at UserContext.apply (src/app/components/pages/order-detail/order-detail.component.spec.ts:161:50)
	    at _ZoneDelegate.invoke (node_modules/zone.js/fesm2015/zone.js:369:28)
	    at ProxyZoneSpec.onInvoke (node_modules/zone.js/fesm2015/zone-testing.js:2081:39)
	    at _ZoneDelegate.invoke (node_modules/zone.js/fesm2015/zone.js:368:34)
Chrome 145.0.0.0 (Windows 10): Executed 20 of 75[31m (4 FAILED)[39m (0 secs / 0.488 secs)
[1A[2KLOG: [36m'Detalle del pedido:', Object{Id: 1, fecha: '2023-01-15T10:00:00Z', nombre: 'Cliente A', correo: 'a@a.com', direccion: 'Dir A', telefono: '123', items: [Object{cuentoId: ..., nombreCuento: ..., imagenUrl: ..., precioUnitario: ..., cantidad: ..., subtotal: ...}, Object{cuentoId: ..., nombreCuento: ..., imagenUrl: ..., precioUnitario: ..., cantidad: ..., subtotal: ...}], total: 40, estado: 'PAGO_PENDIENTE', userId: 1, correoUsuario: 'a@a.com'}[39m
Chrome 145.0.0.0 (Windows 10): Executed 20 of 75[31m (4 FAILED)[39m (0 secs / 0.488 secs)
LOG: 'Detalle del pedido:', Object{Id: 1, fecha: '2023-01-15T10:00:00Z', nombre: 'Cliente A', correo: 'a@a.com', direccion: 'Dir A', telefono: '123', items: [Object{cuentoId: ..., nombreCuento: ..., imagenUrl: ..., precioUnitario: ..., cantidad: ..., subtotal: ...}, Object{cuentoId: ..., nombreCuento: ..., imagenUrl: ..., precioUnitario: ..., cantidad: ..., subtotal: ...}], total: 40, estado: 'PAGO_PENDIENTE', userId: 1, correoUsuario: 'a@a.com'}
[1A[2KLOG: [36m'Detalle del pedido:', Object{Id: 1, fecha: '2023-01-15T10:00:00Z', nombre: 'Cliente A', correo: 'a@a.com', direccion: 'Dir A', telefono: '123', items: [Object{cuentoId: ..., nombreCuento: ..., imagenUrl: ..., precioUnitario: ..., cantidad: ..., subtotal: ...}, Object{cuentoId: ..., nombreCuento: ..., imagenUrl: ..., precioUnitario: ..., cantidad: ..., subtotal: ...}], total: 40, estado: 'PAGO_PENDIENTE', userId: 1, correoUsuario: 'a@a.com'}[39m
Chrome 145.0.0.0 (Windows 10): Executed 20 of 75[31m (4 FAILED)[39m (0 secs / 0.488 secs)
LOG: 'Detalle del pedido:', Object{Id: 1, fecha: '2023-01-15T10:00:00Z', nombre: 'Cliente A', correo: 'a@a.com', direccion: 'Dir A', telefono: '123', items: [Object{cuentoId: ..., nombreCuento: ..., imagenUrl: ..., precioUnitario: ..., cantidad: ..., subtotal: ...}, Object{cuentoId: ..., nombreCuento: ..., imagenUrl: ..., precioUnitario: ..., cantidad: ..., subtotal: ...}], total: 40, estado: 'PAGO_PENDIENTE', userId: 1, correoUsuario: 'a@a.com'}
[1A[2KChrome 145.0.0.0 (Windows 10): Executed 21 of 75[31m (4 FAILED)[39m (0 secs / 0.497 secs)
[1A[2KLOG: [36m'Detalle del pedido:', Object{Id: 1, fecha: '2023-01-15T10:00:00Z', nombre: 'Cliente A', correo: 'a@a.com', direccion: 'Dir A', telefono: '123', items: [Object{cuentoId: ..., nombreCuento: ..., imagenUrl: ..., precioUnitario: ..., cantidad: ..., subtotal: ...}, Object{cuentoId: ..., nombreCuento: ..., imagenUrl: ..., precioUnitario: ..., cantidad: ..., subtotal: ...}], total: 40, estado: 'PAGO_PENDIENTE', userId: 1, correoUsuario: 'a@a.com'}[39m
Chrome 145.0.0.0 (Windows 10): Executed 21 of 75[31m (4 FAILED)[39m (0 secs / 0.497 secs)
LOG: 'Detalle del pedido:', Object{Id: 1, fecha: '2023-01-15T10:00:00Z', nombre: 'Cliente A', correo: 'a@a.com', direccion: 'Dir A', telefono: '123', items: [Object{cuentoId: ..., nombreCuento: ..., imagenUrl: ..., precioUnitario: ..., cantidad: ..., subtotal: ...}, Object{cuentoId: ..., nombreCuento: ..., imagenUrl: ..., precioUnitario: ..., cantidad: ..., subtotal: ...}], total: 40, estado: 'PAGO_PENDIENTE', userId: 1, correoUsuario: 'a@a.com'}
[1A[2KLOG: [36m'Detalle del pedido:', Object{Id: 1, fecha: '2023-01-15T10:00:00Z', nombre: 'Cliente A', correo: 'a@a.com', direccion: 'Dir A', telefono: '123', items: [Object{cuentoId: ..., nombreCuento: ..., imagenUrl: ..., precioUnitario: ..., cantidad: ..., subtotal: ...}, Object{cuentoId: ..., nombreCuento: ..., imagenUrl: ..., precioUnitario: ..., cantidad: ..., subtotal: ...}], total: 40, estado: 'PAGO_PENDIENTE', userId: 1, correoUsuario: 'a@a.com'}[39m
Chrome 145.0.0.0 (Windows 10): Executed 21 of 75[31m (4 FAILED)[39m (0 secs / 0.497 secs)
LOG: 'Detalle del pedido:', Object{Id: 1, fecha: '2023-01-15T10:00:00Z', nombre: 'Cliente A', correo: 'a@a.com', direccion: 'Dir A', telefono: '123', items: [Object{cuentoId: ..., nombreCuento: ..., imagenUrl: ..., precioUnitario: ..., cantidad: ..., subtotal: ...}, Object{cuentoId: ..., nombreCuento: ..., imagenUrl: ..., precioUnitario: ..., cantidad: ..., subtotal: ...}], total: 40, estado: 'PAGO_PENDIENTE', userId: 1, correoUsuario: 'a@a.com'}
[1A[2K[31mChrome 145.0.0.0 (Windows 10) OrderDetailComponent Template Rendering should display "Detalle del Pedido #ID" title FAILED[39m
	Expected 'Detalle del Pedido #1' to contain 'Detalle del Pedido #undefined'.
	    at <Jasmine>
	    at UserContext.apply (src/app/components/pages/order-detail/order-detail.component.spec.ts:154:54)
	    at _ZoneDelegate.invoke (node_modules/zone.js/fesm2015/zone.js:369:28)
	    at ProxyZoneSpec.onInvoke (node_modules/zone.js/fesm2015/zone-testing.js:2081:39)
	    at _ZoneDelegate.invoke (node_modules/zone.js/fesm2015/zone.js:368:34)
Chrome 145.0.0.0 (Windows 10): Executed 22 of 75[31m (5 FAILED)[39m (0 secs / 0.503 secs)
[1A[2KLOG: [36m'Detalle del pedido:', Object{Id: 1, fecha: '2023-01-15T10:00:00Z', nombre: 'Cliente A', correo: 'a@a.com', direccion: 'Dir A', telefono: '123', items: [Object{cuentoId: ..., nombreCuento: ..., imagenUrl: ..., precioUnitario: ..., cantidad: ..., subtotal: ...}, Object{cuentoId: ..., nombreCuento: ..., imagenUrl: ..., precioUnitario: ..., cantidad: ..., subtotal: ...}], total: 40, estado: 'PAGO_PENDIENTE', userId: 1, correoUsuario: 'a@a.com'}[39m
Chrome 145.0.0.0 (Windows 10): Executed 22 of 75[31m (5 FAILED)[39m (0 secs / 0.503 secs)
LOG: 'Detalle del pedido:', Object{Id: 1, fecha: '2023-01-15T10:00:00Z', nombre: 'Cliente A', correo: 'a@a.com', direccion: 'Dir A', telefono: '123', items: [Object{cuentoId: ..., nombreCuento: ..., imagenUrl: ..., precioUnitario: ..., cantidad: ..., subtotal: ...}, Object{cuentoId: ..., nombreCuento: ..., imagenUrl: ..., precioUnitario: ..., cantidad: ..., subtotal: ...}], total: 40, estado: 'PAGO_PENDIENTE', userId: 1, correoUsuario: 'a@a.com'}
[1A[2KLOG: [36m'Detalle del pedido:', Object{Id: 1, fecha: '2023-01-15T10:00:00Z', nombre: 'Cliente A', correo: 'a@a.com', direccion: 'Dir A', telefono: '123', items: [Object{cuentoId: ..., nombreCuento: ..., imagenUrl: ..., precioUnitario: ..., cantidad: ..., subtotal: ...}, Object{cuentoId: ..., nombreCuento: ..., imagenUrl: ..., precioUnitario: ..., cantidad: ..., subtotal: ...}], total: 40, estado: 'PAGO_PENDIENTE', userId: 1, correoUsuario: 'a@a.com'}[39m
Chrome 145.0.0.0 (Windows 10): Executed 22 of 75[31m (5 FAILED)[39m (0 secs / 0.503 secs)
LOG: 'Detalle del pedido:', Object{Id: 1, fecha: '2023-01-15T10:00:00Z', nombre: 'Cliente A', correo: 'a@a.com', direccion: 'Dir A', telefono: '123', items: [Object{cuentoId: ..., nombreCuento: ..., imagenUrl: ..., precioUnitario: ..., cantidad: ..., subtotal: ...}, Object{cuentoId: ..., nombreCuento: ..., imagenUrl: ..., precioUnitario: ..., cantidad: ..., subtotal: ...}], total: 40, estado: 'PAGO_PENDIENTE', userId: 1, correoUsuario: 'a@a.com'}
[1A[2KChrome 145.0.0.0 (Windows 10): Executed 23 of 75[31m (5 FAILED)[39m (0 secs / 0.509 secs)
[1A[2KChrome 145.0.0.0 (Windows 10): Executed 24 of 75[31m (5 FAILED)[39m (0 secs / 0.527 secs)
[33m27 02 2026 17:42:30.222:WARN [web-server]: [39m404: /_karma_webpack_/assets/icons/dashboard.svg
[33m27 02 2026 17:42:30.223:WARN [web-server]: [39m404: /_karma_webpack_/assets/icons/cuentos.svg
[1A[2KChrome 145.0.0.0 (Windows 10): Executed 25 of 75[31m (5 FAILED)[39m (0 secs / 0.531 secs)
[1A[2KChrome 145.0.0.0 (Windows 10): Executed 26 of 75[31m (5 FAILED)[39m (0 secs / 0.533 secs)
[33m27 02 2026 17:42:30.232:WARN [web-server]: [39m404: /_karma_webpack_/assets/icons/pedidos.svg
[33m27 02 2026 17:42:30.233:WARN [web-server]: [39m404: /_karma_webpack_/assets/icons/usuarios.svg
[1A[2KChrome 145.0.0.0 (Windows 10): Executed 27 of 75[31m (5 FAILED)[39m (0 secs / 0.586 secs)
[33m27 02 2026 17:42:30.288:WARN [web-server]: [39m404: /_karma_webpack_/assets/icons/config.svg
[1A[2KChrome 145.0.0.0 (Windows 10): Executed 28 of 75[31m (5 FAILED)[39m (0 secs / 0.622 secs)
[1A[2KChrome 145.0.0.0 (Windows 10): Executed 29 of 75[31m (5 FAILED)[39m (0 secs / 0.626 secs)
[1A[2K[31mChrome 145.0.0.0 (Windows 10) AdminPedidosComponent should create FAILED[39m
	NullInjectorError: R3InjectorError(DynamicTestModule)[ActivatedRoute -> ActivatedRoute]: 
	  NullInjectorError: No provider for ActivatedRoute!
	error properties: Object({ ngTempTokenPath: null, ngTokenPath: [ 'ActivatedRoute', 'ActivatedRoute' ] })
	    at NullInjector.get (node_modules/@angular/core/fesm2022/core.mjs:1663:27)
	    at R3Injector.get (node_modules/@angular/core/fesm2022/core.mjs:3109:33)
	    at R3Injector.get (node_modules/@angular/core/fesm2022/core.mjs:3109:33)
	    at ChainedInjector.get (node_modules/@angular/core/fesm2022/core.mjs:5454:36)
	    at lookupTokenUsingModuleInjector (node_modules/@angular/core/fesm2022/core.mjs:5807:39)
	    at getOrCreateInjectable (node_modules/@angular/core/fesm2022/core.mjs:5855:12)
	    at ╔Á╔ÁdirectiveInject (node_modules/@angular/core/fesm2022/core.mjs:11933:19)
	    at NodeInjectorFactory.factory (ng:///AdminPedidosComponent/╔Áfac.js:5:7)
	    at getNodeInjectable (node_modules/@angular/core/fesm2022/core.mjs:6067:44)
	    at createRootComponent (node_modules/@angular/core/fesm2022/core.mjs:16916:35)
Chrome 145.0.0.0 (Windows 10): Executed 30 of 75[31m (6 FAILED)[39m (0 secs / 0.655 secs)
[1A[2K[31mChrome 145.0.0.0 (Windows 10) AdminPedidosComponent should not call service when canceling FAILED[39m
	NullInjectorError: R3InjectorError(DynamicTestModule)[ActivatedRoute -> ActivatedRoute]: 
	  NullInjectorError: No provider for ActivatedRoute!
	error properties: Object({ ngTempTokenPath: null, ngTokenPath: [ 'ActivatedRoute', 'ActivatedRoute' ] })
	    at NullInjector.get (node_modules/@angular/core/fesm2022/core.mjs:1663:27)
	    at R3Injector.get (node_modules/@angular/core/fesm2022/core.mjs:3109:33)
	    at R3Injector.get (node_modules/@angular/core/fesm2022/core.mjs:3109:33)
	    at ChainedInjector.get (node_modules/@angular/core/fesm2022/core.mjs:5454:36)
	    at lookupTokenUsingModuleInjector (node_modules/@angular/core/fesm2022/core.mjs:5807:39)
	    at getOrCreateInjectable (node_modules/@angular/core/fesm2022/core.mjs:5855:12)
	    at ╔Á╔ÁdirectiveInject (node_modules/@angular/core/fesm2022/core.mjs:11933:19)
	    at NodeInjectorFactory.factory (ng:///AdminPedidosComponent/╔Áfac.js:5:7)
	    at getNodeInjectable (node_modules/@angular/core/fesm2022/core.mjs:6067:44)
	    at createRootComponent (node_modules/@angular/core/fesm2022/core.mjs:16916:35)
Chrome 145.0.0.0 (Windows 10): Executed 31 of 75[31m (7 FAILED)[39m (0 secs / 0.658 secs)
[1A[2K[31mChrome 145.0.0.0 (Windows 10) AdminPedidosComponent should open dialog on rechazarPago and call service on confirm FAILED[39m
	NullInjectorError: R3InjectorError(DynamicTestModule)[ActivatedRoute -> ActivatedRoute]: 
	  NullInjectorError: No provider for ActivatedRoute!
	error properties: Object({ ngTempTokenPath: null, ngTokenPath: [ 'ActivatedRoute', 'ActivatedRoute' ] })
	    at NullInjector.get (node_modules/@angular/core/fesm2022/core.mjs:1663:27)
	    at R3Injector.get (node_modules/@angular/core/fesm2022/core.mjs:3109:33)
	    at R3Injector.get (node_modules/@angular/core/fesm2022/core.mjs:3109:33)
	    at ChainedInjector.get (node_modules/@angular/core/fesm2022/core.mjs:5454:36)
	    at lookupTokenUsingModuleInjector (node_modules/@angular/core/fesm2022/core.mjs:5807:39)
	    at getOrCreateInjectable (node_modules/@angular/core/fesm2022/core.mjs:5855:12)
	    at ╔Á╔ÁdirectiveInject (node_modules/@angular/core/fesm2022/core.mjs:11933:19)
	    at NodeInjectorFactory.factory (ng:///AdminPedidosComponent/╔Áfac.js:5:7)
	    at getNodeInjectable (node_modules/@angular/core/fesm2022/core.mjs:6067:44)
	    at createRootComponent (node_modules/@angular/core/fesm2022/core.mjs:16916:35)
Chrome 145.0.0.0 (Windows 10): Executed 32 of 75[31m (8 FAILED)[39m (0 secs / 0.663 secs)
[1A[2K[31mChrome 145.0.0.0 (Windows 10) AdminPedidosComponent trackByPedidoId should return Id when present FAILED[39m
	NullInjectorError: R3InjectorError(DynamicTestModule)[ActivatedRoute -> ActivatedRoute]: 
	  NullInjectorError: No provider for ActivatedRoute!
	error properties: Object({ ngTempTokenPath: null, ngTokenPath: [ 'ActivatedRoute', 'ActivatedRoute' ] })
	    at NullInjector.get (node_modules/@angular/core/fesm2022/core.mjs:1663:27)
	    at R3Injector.get (node_modules/@angular/core/fesm2022/core.mjs:3109:33)
	    at R3Injector.get (node_modules/@angular/core/fesm2022/core.mjs:3109:33)
	    at ChainedInjector.get (node_modules/@angular/core/fesm2022/core.mjs:5454:36)
	    at lookupTokenUsingModuleInjector (node_modules/@angular/core/fesm2022/core.mjs:5807:39)
	    at getOrCreateInjectable (node_modules/@angular/core/fesm2022/core.mjs:5855:12)
	    at ╔Á╔ÁdirectiveInject (node_modules/@angular/core/fesm2022/core.mjs:11933:19)
	    at NodeInjectorFactory.factory (ng:///AdminPedidosComponent/╔Áfac.js:5:7)
	    at getNodeInjectable (node_modules/@angular/core/fesm2022/core.mjs:6067:44)
	    at createRootComponent (node_modules/@angular/core/fesm2022/core.mjs:16916:35)
Chrome 145.0.0.0 (Windows 10): Executed 33 of 75[31m (9 FAILED)[39m (0 secs / 0.666 secs)
[1A[2K[31mChrome 145.0.0.0 (Windows 10) AdminPedidosComponent trackByPedidoId should fall back to id when Id is undefined FAILED[39m
	NullInjectorError: R3InjectorError(DynamicTestModule)[ActivatedRoute -> ActivatedRoute]: 
	  NullInjectorError: No provider for ActivatedRoute!
	error properties: Object({ ngTempTokenPath: null, ngTokenPath: [ 'ActivatedRoute', 'ActivatedRoute' ] })
	    at NullInjector.get (node_modules/@angular/core/fesm2022/core.mjs:1663:27)
	    at R3Injector.get (node_modules/@angular/core/fesm2022/core.mjs:3109:33)
	    at R3Injector.get (node_modules/@angular/core/fesm2022/core.mjs:3109:33)
	    at ChainedInjector.get (node_modules/@angular/core/fesm2022/core.mjs:5454:36)
	    at lookupTokenUsingModuleInjector (node_modules/@angular/core/fesm2022/core.mjs:5807:39)
	    at getOrCreateInjectable (node_modules/@angular/core/fesm2022/core.mjs:5855:12)
	    at ╔Á╔ÁdirectiveInject (node_modules/@angular/core/fesm2022/core.mjs:11933:19)
	    at NodeInjectorFactory.factory (ng:///AdminPedidosComponent/╔Áfac.js:5:7)
	    at getNodeInjectable (node_modules/@angular/core/fesm2022/core.mjs:6067:44)
	    at createRootComponent (node_modules/@angular/core/fesm2022/core.mjs:16916:35)
Chrome 145.0.0.0 (Windows 10): Executed 34 of 75[31m (10 FAILED)[39m (0 secs / 0.669 secs)
[1A[2KChrome 145.0.0.0 (Windows 10): Executed 35 of 75[31m (10 FAILED)[39m (0 secs / 0.672 secs)
[1A[2KChrome 145.0.0.0 (Windows 10): Executed 36 of 75[31m (10 FAILED)[39m (0 secs / 0.674 secs)
[1A[2KChrome 145.0.0.0 (Windows 10): Executed 37 of 75[31m (10 FAILED)[39m (0 secs / 0.676 secs)
[1A[2KChrome 145.0.0.0 (Windows 10): Executed 38 of 75[31m (10 FAILED)[39m (0 secs / 0.678 secs)
[1A[2KChrome 145.0.0.0 (Windows 10): Executed 39 of 75[31m (10 FAILED)[39m (0 secs / 0.68 secs)
[1A[2K[31mChrome 145.0.0.0 (Windows 10) OrderListComponent Template Rendering should render order cards when pedidos has data FAILED[39m
	Expected 0 to be 2.
	    at <Jasmine>
	    at UserContext.apply (src/app/components/pages/order-list/order-list.component.spec.ts:134:32)
	    at UserContext.apply (node_modules/zone.js/fesm2015/zone-testing.js:1702:26)
	    at _ZoneDelegate.invoke (node_modules/zone.js/fesm2015/zone.js:369:28)
	    at ProxyZoneSpec.onInvoke (node_modules/zone.js/fesm2015/zone-testing.js:2081:39)
	TypeError: Cannot read properties of undefined (reading 'query')
	    at UserContext.apply (src/app/components/pages/order-list/order-list.component.spec.ts:137:23)
	    at UserContext.apply (node_modules/zone.js/fesm2015/zone-testing.js:1702:26)
	    at _ZoneDelegate.invoke (node_modules/zone.js/fesm2015/zone.js:369:28)
	    at ProxyZoneSpec.onInvoke (node_modules/zone.js/fesm2015/zone-testing.js:2081:39)
	    at _ZoneDelegate.invoke (node_modules/zone.js/fesm2015/zone.js:368:34)
	    at ZoneImpl.run (node_modules/zone.js/fesm2015/zone.js:111:43)
	    at runInTestZone (node_modules/zone.js/fesm2015/zone-testing.js:216:38)
	    at UserContext.<anonymous> (node_modules/zone.js/fesm2015/zone-testing.js:234:32)
	    at <Jasmine>
Chrome 145.0.0.0 (Windows 10): Executed 40 of 75[31m (11 FAILED)[39m (0 secs / 0.723 secs)
[1A[2K[31mChrome 145.0.0.0 (Windows 10) OrderListComponent Template Rendering should display "A├║n no tienes pedidos." when pedidos is empty and not loading and no error FAILED[39m
	TypeError: Cannot read properties of undefined (reading 'subscribe')
	    at OrderListComponent.loadOrders (src/app/components/pages/order-list/order-list.component.ts:63:35)
	    at OrderListComponent.call [as ngOnInit] (src/app/components/pages/order-list/order-list.component.ts:55:10)
	    at callHookInternal (node_modules/@angular/core/fesm2022/core.mjs:5154:14)
	    at callHook (node_modules/@angular/core/fesm2022/core.mjs:5181:13)
	    at callHooks (node_modules/@angular/core/fesm2022/core.mjs:5135:17)
	    at executeInitAndCheckHooks (node_modules/@angular/core/fesm2022/core.mjs:5085:9)
	    at refreshView (node_modules/@angular/core/fesm2022/core.mjs:13792:21)
	    at detectChangesInView (node_modules/@angular/core/fesm2022/core.mjs:13993:9)
	    at detectChangesInViewWhileDirty (node_modules/@angular/core/fesm2022/core.mjs:13688:9)
	    at detectChangesInternal (node_modules/@angular/core/fesm2022/core.mjs:13667:9)
Chrome 145.0.0.0 (Windows 10): Executed 41 of 75[31m (12 FAILED)[39m (0 secs / 0.729 secs)
[1A[2K[31mChrome 145.0.0.0 (Windows 10) OrderListComponent Template Rendering should call irAPago when primary action button is clicked FAILED[39m
	TypeError: Cannot read properties of null (reading 'triggerEventHandler')
	    at UserContext.apply (src/app/components/pages/order-list/order-list.component.spec.ts:160:14)
	    at UserContext.apply (node_modules/zone.js/fesm2015/zone-testing.js:1702:26)
	    at _ZoneDelegate.invoke (node_modules/zone.js/fesm2015/zone.js:369:28)
	    at ProxyZoneSpec.onInvoke (node_modules/zone.js/fesm2015/zone-testing.js:2081:39)
	    at _ZoneDelegate.invoke (node_modules/zone.js/fesm2015/zone.js:368:34)
	    at ZoneImpl.run (node_modules/zone.js/fesm2015/zone.js:111:43)
	    at runInTestZone (node_modules/zone.js/fesm2015/zone-testing.js:216:38)
	    at UserContext.<anonymous> (node_modules/zone.js/fesm2015/zone-testing.js:234:32)
	    at <Jasmine>
Chrome 145.0.0.0 (Windows 10): Executed 42 of 75[31m (13 FAILED)[39m (0 secs / 0.735 secs)
[1A[2K[31mChrome 145.0.0.0 (Windows 10) OrderListComponent Template Rendering should display error message when errorMensaje is set FAILED[39m
	TypeError: Cannot read properties of undefined (reading 'subscribe')
	    at OrderListComponent.loadOrders (src/app/components/pages/order-list/order-list.component.ts:63:35)
	    at OrderListComponent.call [as ngOnInit] (src/app/components/pages/order-list/order-list.component.ts:55:10)
	    at callHookInternal (node_modules/@angular/core/fesm2022/core.mjs:5154:14)
	    at callHook (node_modules/@angular/core/fesm2022/core.mjs:5181:13)
	    at callHooks (node_modules/@angular/core/fesm2022/core.mjs:5135:17)
	    at executeInitAndCheckHooks (node_modules/@angular/core/fesm2022/core.mjs:5085:9)
	    at refreshView (node_modules/@angular/core/fesm2022/core.mjs:13792:21)
	    at detectChangesInView (node_modules/@angular/core/fesm2022/core.mjs:13993:9)
	    at detectChangesInViewWhileDirty (node_modules/@angular/core/fesm2022/core.mjs:13688:9)
	    at detectChangesInternal (node_modules/@angular/core/fesm2022/core.mjs:13667:9)
Chrome 145.0.0.0 (Windows 10): Executed 43 of 75[31m (14 FAILED)[39m (0 secs / 0.74 secs)
[1A[2K[31mChrome 145.0.0.0 (Windows 10) OrderListComponent Template Rendering should display "Cargando pedidos..." when isLoading is true FAILED[39m
	TypeError: Cannot read properties of undefined (reading 'subscribe')
	    at OrderListComponent.loadOrders (src/app/components/pages/order-list/order-list.component.ts:63:35)
	    at OrderListComponent.call [as ngOnInit] (src/app/components/pages/order-list/order-list.component.ts:55:10)
	    at callHookInternal (node_modules/@angular/core/fesm2022/core.mjs:5154:14)
	    at callHook (node_modules/@angular/core/fesm2022/core.mjs:5181:13)
	    at callHooks (node_modules/@angular/core/fesm2022/core.mjs:5135:17)
	    at executeInitAndCheckHooks (node_modules/@angular/core/fesm2022/core.mjs:5085:9)
	    at refreshView (node_modules/@angular/core/fesm2022/core.mjs:13792:21)
	    at detectChangesInView (node_modules/@angular/core/fesm2022/core.mjs:13993:9)
	    at detectChangesInViewWhileDirty (node_modules/@angular/core/fesm2022/core.mjs:13688:9)
	    at detectChangesInternal (node_modules/@angular/core/fesm2022/core.mjs:13667:9)
Chrome 145.0.0.0 (Windows 10): Executed 44 of 75[31m (15 FAILED)[39m (0 secs / 0.745 secs)
[1A[2K[31mChrome 145.0.0.0 (Windows 10) OrderListComponent Template Rendering should display "Pedidos" title FAILED[39m
	TypeError: Cannot read properties of undefined (reading 'subscribe')
	    at OrderListComponent.loadOrders (src/app/components/pages/order-list/order-list.component.ts:63:35)
	    at OrderListComponent.call [as ngOnInit] (src/app/components/pages/order-list/order-list.component.ts:55:10)
	    at callHookInternal (node_modules/@angular/core/fesm2022/core.mjs:5154:14)
	    at callHook (node_modules/@angular/core/fesm2022/core.mjs:5181:13)
	    at callHooks (node_modules/@angular/core/fesm2022/core.mjs:5135:17)
	    at executeInitAndCheckHooks (node_modules/@angular/core/fesm2022/core.mjs:5085:9)
	    at refreshView (node_modules/@angular/core/fesm2022/core.mjs:13792:21)
	    at detectChangesInView (node_modules/@angular/core/fesm2022/core.mjs:13993:9)
	    at detectChangesInViewWhileDirty (node_modules/@angular/core/fesm2022/core.mjs:13688:9)
	    at detectChangesInternal (node_modules/@angular/core/fesm2022/core.mjs:13667:9)
Chrome 145.0.0.0 (Windows 10): Executed 45 of 75[31m (16 FAILED)[39m (0 secs / 0.75 secs)
[1A[2KChrome 145.0.0.0 (Windows 10): Executed 46 of 75[31m (16 FAILED)[39m (0 secs / 0.754 secs)
[1A[2KERROR: [36m'Error fetching orders:', Object{status: 500, message: 'Server Error'}[39m
Chrome 145.0.0.0 (Windows 10): Executed 46 of 75[31m (16 FAILED)[39m (0 secs / 0.754 secs)
ERROR: 'Error fetching orders:', Object{status: 500, message: 'Server Error'}
[1A[2KChrome 145.0.0.0 (Windows 10): Executed 47 of 75[31m (16 FAILED)[39m (0 secs / 0.758 secs)
[1A[2K[31mChrome 145.0.0.0 (Windows 10) OrderListComponent ngOnInit should assign pedidos on successful data fetch FAILED[39m
	Expected 0 to be 2.
	    at <Jasmine>
	    at UserContext.apply (src/app/components/pages/order-list/order-list.component.spec.ts:69:40)
	    at UserContext.apply (node_modules/zone.js/fesm2015/zone-testing.js:1702:26)
	    at _ZoneDelegate.invoke (node_modules/zone.js/fesm2015/zone.js:369:28)
	    at ProxyZoneSpec.onInvoke (node_modules/zone.js/fesm2015/zone-testing.js:2081:39)
	Expected $.length = 0 to equal 2.
	Expected $[0] = undefined to equal Object({ id: 1, fecha: '2023-01-15T10:00:00Z', nombre: 'Cliente A', correo: 'a@a.com', direccion: 'Dir A', telefono: '123', items: [  ], total: 100, estado: 'ENTREGADO', userId: 1, correoUsuario: 'a@a.com' }).
	Expected $[1] = undefined to equal Object({ id: 2, fecha: '2023-01-16T11:00:00Z', nombre: 'Cliente B', correo: 'b@b.com', direccion: 'Dir B', telefono: '456', items: [  ], total: 200, estado: 'PAGO_PENDIENTE', userId: 2, correoUsuario: 'b@b.com' }).
	    at <Jasmine>
	    at UserContext.apply (src/app/components/pages/order-list/order-list.component.spec.ts:70:33)
	    at UserContext.apply (node_modules/zone.js/fesm2015/zone-testing.js:1702:26)
	    at _ZoneDelegate.invoke (node_modules/zone.js/fesm2015/zone.js:369:28)
	    at ProxyZoneSpec.onInvoke (node_modules/zone.js/fesm2015/zone-testing.js:2081:39)
Chrome 145.0.0.0 (Windows 10): Executed 48 of 75[31m (17 FAILED)[39m (0 secs / 0.763 secs)
[1A[2KChrome 145.0.0.0 (Windows 10): Executed 49 of 75[31m (17 FAILED)[39m (0 secs / 0.767 secs)
[1A[2KChrome 145.0.0.0 (Windows 10): Executed 50 of 75[31m (17 FAILED)[39m (0 secs / 0.769 secs)
[1A[2KChrome 145.0.0.0 (Windows 10): Executed 51 of 75[31m (17 FAILED)[39m (0 secs / 0.815 secs)
[1A[2KChrome 145.0.0.0 (Windows 10): Executed 52 of 75[31m (17 FAILED)[39m (0 secs / 0.837 secs)
[1A[2KChrome 145.0.0.0 (Windows 10): Executed 53 of 75[31m (17 FAILED)[39m (0 secs / 0.852 secs)
[1A[2KChrome 145.0.0.0 (Windows 10): Executed 54 of 75[31m (17 FAILED)[39m (0 secs / 0.865 secs)
[1A[2KChrome 145.0.0.0 (Windows 10): Executed 55 of 75[31m (17 FAILED)[39m (0 secs / 0.902 secs)
[1A[2K[31mChrome 145.0.0.0 (Windows 10) PedidoService getOrderById should handle non-numeric or invalid ID for getOrderById gracefully (compile-time check) FAILED[39m
	Error: Expected one matching request for criteria "Match URL: http://localhost:8080/api/orders/NaN", found none.
	    at HttpClientTestingBackend.expectOne (node_modules/@angular/common/fesm2022/http/testing.mjs:270:19)
	    at UserContext.apply (src/app/services/pedido.service.spec.ts:97:28)
	    at _ZoneDelegate.invoke (node_modules/zone.js/fesm2015/zone.js:369:28)
	    at ProxyZoneSpec.onInvoke (node_modules/zone.js/fesm2015/zone-testing.js:2081:39)
	    at _ZoneDelegate.invoke (node_modules/zone.js/fesm2015/zone.js:368:34)
	    at ZoneImpl.run (node_modules/zone.js/fesm2015/zone.js:111:43)
	    at runInTestZone (node_modules/zone.js/fesm2015/zone-testing.js:216:38)
	    at UserContext.<anonymous> (node_modules/zone.js/fesm2015/zone-testing.js:234:32)
	    at <Jasmine>
Chrome 145.0.0.0 (Windows 10): Executed 56 of 75[31m (18 FAILED)[39m (0 secs / 0.907 secs)
[1A[2KChrome 145.0.0.0 (Windows 10): Executed 57 of 75[31m (18 FAILED)[39m (0 secs / 0.909 secs)
[1A[2KChrome 145.0.0.0 (Windows 10): Executed 58 of 75[31m (18 FAILED)[39m (0 secs / 0.914 secs)
[1A[2KChrome 145.0.0.0 (Windows 10): Executed 59 of 75[31m (18 FAILED)[39m (0 secs / 0.917 secs)
[1A[2KChrome 145.0.0.0 (Windows 10): Executed 60 of 75[31m (18 FAILED)[39m (0 secs / 0.919 secs)
[1A[2KChrome 145.0.0.0 (Windows 10): Executed 61 of 75[31m (18 FAILED)[39m (0 secs / 0.92 secs)
[1A[2K[31mChrome 145.0.0.0 (Windows 10) LoginComponent should create FAILED[39m
	Error: NG0304: 'app-form-error' is not a known element (used in the 'LoginComponent' component template):
	1. If 'app-form-error' is an Angular component, then verify that it is included in the '@Component.imports' of this component.
	2. If 'app-form-error' is a Web Component then add 'CUSTOM_ELEMENTS_SCHEMA' to the '@Component.schemas' of this component to suppress this message.
	error properties: Object({ code: 304 })
	    at validateElementIsKnown (node_modules/@angular/core/fesm2022/core.mjs:10533:23)
	    at ╔Á╔ÁelementStart (node_modules/@angular/core/fesm2022/core.mjs:24343:9)
	    at ╔Á╔Áelement (node_modules/@angular/core/fesm2022/core.mjs:24418:5)
	    at templateFn (ng:///LoginComponent.js:36:38)
	    at executeTemplate (node_modules/@angular/core/fesm2022/core.mjs:12159:9)
	    at renderView (node_modules/@angular/core/fesm2022/core.mjs:13366:13)
	    at renderComponent (node_modules/@angular/core/fesm2022/core.mjs:13312:5)
	    at renderChildComponents (node_modules/@angular/core/fesm2022/core.mjs:13414:9)
	    at renderView (node_modules/@angular/core/fesm2022/core.mjs:13394:13)
	    at ComponentFactory.create (node_modules/@angular/core/fesm2022/core.mjs:16768:17)
Chrome 145.0.0.0 (Windows 10): Executed 62 of 75[31m (19 FAILED)[39m (0 secs / 0.937 secs)
[1A[2KChrome 145.0.0.0 (Windows 10): Executed 63 of 75[31m (19 FAILED)[39m (0 secs / 0.989 secs)
[1A[2KChrome 145.0.0.0 (Windows 10): Executed 64 of 75[31m (19 FAILED)[39m (0 secs / 0.996 secs)
[1A[2K[31mChrome 145.0.0.0 (Windows 10) PagoComponent pagarConMercadoPagoConfirmado should redirect to the correct Mercado Pago URL FAILED[39m
	TypeError: this.pedidoService.getOrderById is not a function
	    at PagoComponent.call [as ngOnInit] (src/app/components/pages/pago/pago.component.ts:36:24)
	    at callHookInternal (node_modules/@angular/core/fesm2022/core.mjs:5154:14)
	    at callHook (node_modules/@angular/core/fesm2022/core.mjs:5181:13)
	    at callHooks (node_modules/@angular/core/fesm2022/core.mjs:5135:17)
	    at executeInitAndCheckHooks (node_modules/@angular/core/fesm2022/core.mjs:5085:9)
	    at refreshView (node_modules/@angular/core/fesm2022/core.mjs:13792:21)
	    at detectChangesInView (node_modules/@angular/core/fesm2022/core.mjs:13993:9)
	    at detectChangesInViewWhileDirty (node_modules/@angular/core/fesm2022/core.mjs:13688:9)
	    at detectChangesInternal (node_modules/@angular/core/fesm2022/core.mjs:13667:9)
	    at ViewRef$1.detectChanges (node_modules/@angular/core/fesm2022/core.mjs:14297:9)
Chrome 145.0.0.0 (Windows 10): Executed 65 of 75[31m (20 FAILED)[39m (0 secs / 1.012 secs)
[1A[2K[31mChrome 145.0.0.0 (Windows 10) PagoComponent ngOnInit - Mercado Pago Callback should not call confirmarPagoMercadoPago if no relevant query params are present FAILED[39m
	TypeError: this.pedidoService.getOrderById is not a function
	    at PagoComponent.call [as ngOnInit] (src/app/components/pages/pago/pago.component.ts:36:24)
	    at callHookInternal (node_modules/@angular/core/fesm2022/core.mjs:5154:14)
	    at callHook (node_modules/@angular/core/fesm2022/core.mjs:5181:13)
	    at callHooks (node_modules/@angular/core/fesm2022/core.mjs:5135:17)
	    at executeInitAndCheckHooks (node_modules/@angular/core/fesm2022/core.mjs:5085:9)
	    at refreshView (node_modules/@angular/core/fesm2022/core.mjs:13792:21)
	    at detectChangesInView (node_modules/@angular/core/fesm2022/core.mjs:13993:9)
	    at detectChangesInViewWhileDirty (node_modules/@angular/core/fesm2022/core.mjs:13688:9)
	    at detectChangesInternal (node_modules/@angular/core/fesm2022/core.mjs:13667:9)
	    at ViewRef$1.detectChanges (node_modules/@angular/core/fesm2022/core.mjs:14297:9)
Chrome 145.0.0.0 (Windows 10): Executed 66 of 75[31m (21 FAILED)[39m (0 secs / 1.015 secs)
[1A[2K[31mChrome 145.0.0.0 (Windows 10) PagoComponent ngOnInit - Mercado Pago Callback should handle error if confirmarPagoMercadoPago fails FAILED[39m
	TypeError: this.pedidoService.getOrderById is not a function
	    at PagoComponent.call [as ngOnInit] (src/app/components/pages/pago/pago.component.ts:36:24)
	    at callHookInternal (node_modules/@angular/core/fesm2022/core.mjs:5154:14)
	    at callHook (node_modules/@angular/core/fesm2022/core.mjs:5181:13)
	    at callHooks (node_modules/@angular/core/fesm2022/core.mjs:5135:17)
	    at executeInitAndCheckHooks (node_modules/@angular/core/fesm2022/core.mjs:5085:9)
	    at refreshView (node_modules/@angular/core/fesm2022/core.mjs:13792:21)
	    at detectChangesInView (node_modules/@angular/core/fesm2022/core.mjs:13993:9)
	    at detectChangesInViewWhileDirty (node_modules/@angular/core/fesm2022/core.mjs:13688:9)
	    at detectChangesInternal (node_modules/@angular/core/fesm2022/core.mjs:13667:9)
	    at ViewRef$1.detectChanges (node_modules/@angular/core/fesm2022/core.mjs:14297:9)
Chrome 145.0.0.0 (Windows 10): Executed 67 of 75[31m (22 FAILED)[39m (0 secs / 1.018 secs)
[1A[2K[31mChrome 145.0.0.0 (Windows 10) PagoComponent ngOnInit - Mercado Pago Callback should show info message if payment status is not "approved" but external_reference matches FAILED[39m
	TypeError: this.pedidoService.getOrderById is not a function
	    at PagoComponent.call [as ngOnInit] (src/app/components/pages/pago/pago.component.ts:36:24)
	    at callHookInternal (node_modules/@angular/core/fesm2022/core.mjs:5154:14)
	    at callHook (node_modules/@angular/core/fesm2022/core.mjs:5181:13)
	    at callHooks (node_modules/@angular/core/fesm2022/core.mjs:5135:17)
	    at executeInitAndCheckHooks (node_modules/@angular/core/fesm2022/core.mjs:5085:9)
	    at refreshView (node_modules/@angular/core/fesm2022/core.mjs:13792:21)
	    at detectChangesInView (node_modules/@angular/core/fesm2022/core.mjs:13993:9)
	    at detectChangesInViewWhileDirty (node_modules/@angular/core/fesm2022/core.mjs:13688:9)
	    at detectChangesInternal (node_modules/@angular/core/fesm2022/core.mjs:13667:9)
	    at ViewRef$1.detectChanges (node_modules/@angular/core/fesm2022/core.mjs:14297:9)
Chrome 145.0.0.0 (Windows 10): Executed 68 of 75[31m (23 FAILED)[39m (0 secs / 1.022 secs)
[1A[2K[31mChrome 145.0.0.0 (Windows 10) PagoComponent ngOnInit - Mercado Pago Callback should confirm payment if collection_status is "approved" and external_reference matches pedidoId FAILED[39m
	TypeError: this.pedidoService.getOrderById is not a function
	    at PagoComponent.call [as ngOnInit] (src/app/components/pages/pago/pago.component.ts:36:24)
	    at callHookInternal (node_modules/@angular/core/fesm2022/core.mjs:5154:14)
	    at callHook (node_modules/@angular/core/fesm2022/core.mjs:5181:13)
	    at callHooks (node_modules/@angular/core/fesm2022/core.mjs:5135:17)
	    at executeInitAndCheckHooks (node_modules/@angular/core/fesm2022/core.mjs:5085:9)
	    at refreshView (node_modules/@angular/core/fesm2022/core.mjs:13792:21)
	    at detectChangesInView (node_modules/@angular/core/fesm2022/core.mjs:13993:9)
	    at detectChangesInViewWhileDirty (node_modules/@angular/core/fesm2022/core.mjs:13688:9)
	    at detectChangesInternal (node_modules/@angular/core/fesm2022/core.mjs:13667:9)
	    at ViewRef$1.detectChanges (node_modules/@angular/core/fesm2022/core.mjs:14297:9)
Chrome 145.0.0.0 (Windows 10): Executed 69 of 75[31m (24 FAILED)[39m (0 secs / 1.026 secs)
[1A[2K[31mChrome 145.0.0.0 (Windows 10) PagoComponent ngOnInit - Mercado Pago Callback should NOT confirm payment if collection_status is not "approved" FAILED[39m
	TypeError: this.pedidoService.getOrderById is not a function
	    at PagoComponent.call [as ngOnInit] (src/app/components/pages/pago/pago.component.ts:36:24)
	    at callHookInternal (node_modules/@angular/core/fesm2022/core.mjs:5154:14)
	    at callHook (node_modules/@angular/core/fesm2022/core.mjs:5181:13)
	    at callHooks (node_modules/@angular/core/fesm2022/core.mjs:5135:17)
	    at executeInitAndCheckHooks (node_modules/@angular/core/fesm2022/core.mjs:5085:9)
	    at refreshView (node_modules/@angular/core/fesm2022/core.mjs:13792:21)
	    at detectChangesInView (node_modules/@angular/core/fesm2022/core.mjs:13993:9)
	    at detectChangesInViewWhileDirty (node_modules/@angular/core/fesm2022/core.mjs:13688:9)
	    at detectChangesInternal (node_modules/@angular/core/fesm2022/core.mjs:13667:9)
	    at ViewRef$1.detectChanges (node_modules/@angular/core/fesm2022/core.mjs:14297:9)
Chrome 145.0.0.0 (Windows 10): Executed 70 of 75[31m (25 FAILED)[39m (0 secs / 1.03 secs)
[1A[2K[31mChrome 145.0.0.0 (Windows 10) PagoComponent ngOnInit - Mercado Pago Callback should NOT confirm payment if external_reference does not match pedidoId FAILED[39m
	TypeError: this.pedidoService.getOrderById is not a function
	    at PagoComponent.call [as ngOnInit] (src/app/components/pages/pago/pago.component.ts:36:24)
	    at callHookInternal (node_modules/@angular/core/fesm2022/core.mjs:5154:14)
	    at callHook (node_modules/@angular/core/fesm2022/core.mjs:5181:13)
	    at callHooks (node_modules/@angular/core/fesm2022/core.mjs:5135:17)
	    at executeInitAndCheckHooks (node_modules/@angular/core/fesm2022/core.mjs:5085:9)
	    at refreshView (node_modules/@angular/core/fesm2022/core.mjs:13792:21)
	    at detectChangesInView (node_modules/@angular/core/fesm2022/core.mjs:13993:9)
	    at detectChangesInViewWhileDirty (node_modules/@angular/core/fesm2022/core.mjs:13688:9)
	    at detectChangesInternal (node_modules/@angular/core/fesm2022/core.mjs:13667:9)
	    at ViewRef$1.detectChanges (node_modules/@angular/core/fesm2022/core.mjs:14297:9)
Chrome 145.0.0.0 (Windows 10): Executed 71 of 75[31m (26 FAILED)[39m (0 secs / 1.034 secs)
[1A[2K[31mChrome 145.0.0.0 (Windows 10) PagoComponent should create FAILED[39m
	TypeError: this.pedidoService.getOrderById is not a function
	    at PagoComponent.call [as ngOnInit] (src/app/components/pages/pago/pago.component.ts:36:24)
	    at callHookInternal (node_modules/@angular/core/fesm2022/core.mjs:5154:14)
	    at callHook (node_modules/@angular/core/fesm2022/core.mjs:5181:13)
	    at callHooks (node_modules/@angular/core/fesm2022/core.mjs:5135:17)
	    at executeInitAndCheckHooks (node_modules/@angular/core/fesm2022/core.mjs:5085:9)
	    at refreshView (node_modules/@angular/core/fesm2022/core.mjs:13792:21)
	    at detectChangesInView (node_modules/@angular/core/fesm2022/core.mjs:13993:9)
	    at detectChangesInViewWhileDirty (node_modules/@angular/core/fesm2022/core.mjs:13688:9)
	    at detectChangesInternal (node_modules/@angular/core/fesm2022/core.mjs:13667:9)
	    at ViewRef$1.detectChanges (node_modules/@angular/core/fesm2022/core.mjs:14297:9)
Chrome 145.0.0.0 (Windows 10): Executed 72 of 75[31m (27 FAILED)[39m (0 secs / 1.038 secs)
[1A[2K[31mChrome 145.0.0.0 (Windows 10) PagoComponent should fetch order status on init FAILED[39m
	TypeError: this.pedidoService.getOrderById is not a function
	    at PagoComponent.call [as ngOnInit] (src/app/components/pages/pago/pago.component.ts:36:24)
	    at callHookInternal (node_modules/@angular/core/fesm2022/core.mjs:5154:14)
	    at callHook (node_modules/@angular/core/fesm2022/core.mjs:5181:13)
	    at callHooks (node_modules/@angular/core/fesm2022/core.mjs:5135:17)
	    at executeInitAndCheckHooks (node_modules/@angular/core/fesm2022/core.mjs:5085:9)
	    at refreshView (node_modules/@angular/core/fesm2022/core.mjs:13792:21)
	    at detectChangesInView (node_modules/@angular/core/fesm2022/core.mjs:13993:9)
	    at detectChangesInViewWhileDirty (node_modules/@angular/core/fesm2022/core.mjs:13688:9)
	    at detectChangesInternal (node_modules/@angular/core/fesm2022/core.mjs:13667:9)
	    at ViewRef$1.detectChanges (node_modules/@angular/core/fesm2022/core.mjs:14297:9)
Chrome 145.0.0.0 (Windows 10): Executed 73 of 75[31m (28 FAILED)[39m (0 secs / 1.042 secs)
[1A[2KChrome 145.0.0.0 (Windows 10): Executed 74 of 75[31m (28 FAILED)[39m (0 secs / 1.083 secs)
[1A[2KChrome 145.0.0.0 (Windows 10): Executed 75 of 75[31m (28 FAILED)[39m (0 secs / 1.097 secs)
[1A[2KChrome 145.0.0.0 (Windows 10): Executed 75 of 75[31m (28 FAILED)[39m (1.205 secs / 1.097 secs)
[31mTOTAL: 28 FAILED, 47 SUCCESS[39m
ÔêÜ Browser application bundle generation complete.
Chrome 145.0.0.0 (Windows 10): Executed 0 of 75[32m SUCCESS[39m (0 secs / 0 secs)
[1A[2KChrome 145.0.0.0 (Windows 10): Executed 1 of 75[32m SUCCESS[39m (0 secs / 0.219 secs)
[1A[2KChrome 145.0.0.0 (Windows 10): Executed 2 of 75[32m SUCCESS[39m (0 secs / 0.239 secs)
[1A[2KChrome 145.0.0.0 (Windows 10): Executed 3 of 75[32m SUCCESS[39m (0 secs / 0.246 secs)
[1A[2KChrome 145.0.0.0 (Windows 10): Executed 4 of 75[32m SUCCESS[39m (0 secs / 0.252 secs)
[1A[2KChrome 145.0.0.0 (Windows 10): Executed 5 of 75[32m SUCCESS[39m (0 secs / 0.264 secs)
[1A[2KChrome 145.0.0.0 (Windows 10): Executed 6 of 75[32m SUCCESS[39m (0 secs / 0.267 secs)
[1A[2KChrome 145.0.0.0 (Windows 10): Executed 7 of 75[32m SUCCESS[39m (0 secs / 0.274 secs)
[1A[2KChrome 145.0.0.0 (Windows 10): Executed 8 of 75[32m SUCCESS[39m (0 secs / 0.277 secs)
[1A[2KChrome 145.0.0.0 (Windows 10): Executed 9 of 75[32m SUCCESS[39m (0 secs / 0.354 secs)
[1A[2KChrome 145.0.0.0 (Windows 10): Executed 10 of 75[32m SUCCESS[39m (0 secs / 0.432 secs)
[1A[2KChrome 145.0.0.0 (Windows 10): Executed 11 of 75[32m SUCCESS[39m (0 secs / 0.437 secs)
[1A[2KChrome 145.0.0.0 (Windows 10): Executed 12 of 75[32m SUCCESS[39m (0 secs / 0.469 secs)
[1A[2KChrome 145.0.0.0 (Windows 10): Executed 13 of 75[32m SUCCESS[39m (0 secs / 0.643 secs)
[1A[2KERROR: [36m'Error fetching orders:', Object{status: 500, message: 'Server Error'}[39m
Chrome 145.0.0.0 (Windows 10): Executed 13 of 75[32m SUCCESS[39m (0 secs / 0.643 secs)
ERROR: 'Error fetching orders:', Object{status: 500, message: 'Server Error'}
[1A[2KChrome 145.0.0.0 (Windows 10): Executed 14 of 75[32m SUCCESS[39m (0 secs / 0.66 secs)
[1A[2K[31mChrome 145.0.0.0 (Windows 10) OrderListComponent ngOnInit should assign pedidos on successful data fetch FAILED[39m
	Expected 0 to be 2.
	    at <Jasmine>
	    at UserContext.apply (src/app/components/pages/order-list/order-list.component.spec.ts:69:40)
	    at UserContext.apply (node_modules/zone.js/fesm2015/zone-testing.js:1702:26)
	    at _ZoneDelegate.invoke (node_modules/zone.js/fesm2015/zone.js:369:28)
	    at ProxyZoneSpec.onInvoke (node_modules/zone.js/fesm2015/zone-testing.js:2081:39)
	Expected $.length = 0 to equal 2.
	Expected $[0] = undefined to equal Object({ id: 1, fecha: '2023-01-15T10:00:00Z', nombre: 'Cliente A', correo: 'a@a.com', direccion: 'Dir A', telefono: '123', items: [  ], total: 100, estado: 'ENTREGADO', userId: 1, correoUsuario: 'a@a.com' }).
	Expected $[1] = undefined to equal Object({ id: 2, fecha: '2023-01-16T11:00:00Z', nombre: 'Cliente B', correo: 'b@b.com', direccion: 'Dir B', telefono: '456', items: [  ], total: 200, estado: 'PAGO_PENDIENTE', userId: 2, correoUsuario: 'b@b.com' }).
	    at <Jasmine>
	    at UserContext.apply (src/app/components/pages/order-list/order-list.component.spec.ts:70:33)
	    at UserContext.apply (node_modules/zone.js/fesm2015/zone-testing.js:1702:26)
	    at _ZoneDelegate.invoke (node_modules/zone.js/fesm2015/zone.js:369:28)
	    at ProxyZoneSpec.onInvoke (node_modules/zone.js/fesm2015/zone-testing.js:2081:39)
Chrome 145.0.0.0 (Windows 10): Executed 15 of 75[31m (1 FAILED)[39m (0 secs / 0.674 secs)
[1A[2KChrome 145.0.0.0 (Windows 10): Executed 16 of 75[31m (1 FAILED)[39m (0 secs / 0.679 secs)
[1A[2K[31mChrome 145.0.0.0 (Windows 10) OrderListComponent Template Rendering should display "Pedidos" title FAILED[39m
	TypeError: Cannot read properties of undefined (reading 'subscribe')
	    at OrderListComponent.loadOrders (src/app/components/pages/order-list/order-list.component.ts:63:35)
	    at OrderListComponent.call [as ngOnInit] (src/app/components/pages/order-list/order-list.component.ts:55:10)
	    at callHookInternal (node_modules/@angular/core/fesm2022/core.mjs:5154:14)
	    at callHook (node_modules/@angular/core/fesm2022/core.mjs:5181:13)
	    at callHooks (node_modules/@angular/core/fesm2022/core.mjs:5135:17)
	    at executeInitAndCheckHooks (node_modules/@angular/core/fesm2022/core.mjs:5085:9)
	    at refreshView (node_modules/@angular/core/fesm2022/core.mjs:13792:21)
	    at detectChangesInView (node_modules/@angular/core/fesm2022/core.mjs:13993:9)
	    at detectChangesInViewWhileDirty (node_modules/@angular/core/fesm2022/core.mjs:13688:9)
	    at detectChangesInternal (node_modules/@angular/core/fesm2022/core.mjs:13667:9)
Chrome 145.0.0.0 (Windows 10): Executed 17 of 75[31m (2 FAILED)[39m (0 secs / 0.691 secs)
[1A[2K[31mChrome 145.0.0.0 (Windows 10) OrderListComponent Template Rendering should display error message when errorMensaje is set FAILED[39m
	TypeError: Cannot read properties of undefined (reading 'subscribe')
	    at OrderListComponent.loadOrders (src/app/components/pages/order-list/order-list.component.ts:63:35)
	    at OrderListComponent.call [as ngOnInit] (src/app/components/pages/order-list/order-list.component.ts:55:10)
	    at callHookInternal (node_modules/@angular/core/fesm2022/core.mjs:5154:14)
	    at callHook (node_modules/@angular/core/fesm2022/core.mjs:5181:13)
	    at callHooks (node_modules/@angular/core/fesm2022/core.mjs:5135:17)
	    at executeInitAndCheckHooks (node_modules/@angular/core/fesm2022/core.mjs:5085:9)
	    at refreshView (node_modules/@angular/core/fesm2022/core.mjs:13792:21)
	    at detectChangesInView (node_modules/@angular/core/fesm2022/core.mjs:13993:9)
	    at detectChangesInViewWhileDirty (node_modules/@angular/core/fesm2022/core.mjs:13688:9)
	    at detectChangesInternal (node_modules/@angular/core/fesm2022/core.mjs:13667:9)
Chrome 145.0.0.0 (Windows 10): Executed 18 of 75[31m (3 FAILED)[39m (0 secs / 0.709 secs)
[1A[2K[31mChrome 145.0.0.0 (Windows 10) OrderListComponent Template Rendering should display "Cargando pedidos..." when isLoading is true FAILED[39m
	TypeError: Cannot read properties of undefined (reading 'subscribe')
	    at OrderListComponent.loadOrders (src/app/components/pages/order-list/order-list.component.ts:63:35)
	    at OrderListComponent.call [as ngOnInit] (src/app/components/pages/order-list/order-list.component.ts:55:10)
	    at callHookInternal (node_modules/@angular/core/fesm2022/core.mjs:5154:14)
	    at callHook (node_modules/@angular/core/fesm2022/core.mjs:5181:13)
	    at callHooks (node_modules/@angular/core/fesm2022/core.mjs:5135:17)
	    at executeInitAndCheckHooks (node_modules/@angular/core/fesm2022/core.mjs:5085:9)
	    at refreshView (node_modules/@angular/core/fesm2022/core.mjs:13792:21)
	    at detectChangesInView (node_modules/@angular/core/fesm2022/core.mjs:13993:9)
	    at detectChangesInViewWhileDirty (node_modules/@angular/core/fesm2022/core.mjs:13688:9)
	    at detectChangesInternal (node_modules/@angular/core/fesm2022/core.mjs:13667:9)
Chrome 145.0.0.0 (Windows 10): Executed 19 of 75[31m (4 FAILED)[39m (0 secs / 0.715 secs)
[1A[2K[31mChrome 145.0.0.0 (Windows 10) OrderListComponent Template Rendering should display "A├║n no tienes pedidos." when pedidos is empty and not loading and no error FAILED[39m
	TypeError: Cannot read properties of undefined (reading 'subscribe')
	    at OrderListComponent.loadOrders (src/app/components/pages/order-list/order-list.component.ts:63:35)
	    at OrderListComponent.call [as ngOnInit] (src/app/components/pages/order-list/order-list.component.ts:55:10)
	    at callHookInternal (node_modules/@angular/core/fesm2022/core.mjs:5154:14)
	    at callHook (node_modules/@angular/core/fesm2022/core.mjs:5181:13)
	    at callHooks (node_modules/@angular/core/fesm2022/core.mjs:5135:17)
	    at executeInitAndCheckHooks (node_modules/@angular/core/fesm2022/core.mjs:5085:9)
	    at refreshView (node_modules/@angular/core/fesm2022/core.mjs:13792:21)
	    at detectChangesInView (node_modules/@angular/core/fesm2022/core.mjs:13993:9)
	    at detectChangesInViewWhileDirty (node_modules/@angular/core/fesm2022/core.mjs:13688:9)
	    at detectChangesInternal (node_modules/@angular/core/fesm2022/core.mjs:13667:9)
Chrome 145.0.0.0 (Windows 10): Executed 20 of 75[31m (5 FAILED)[39m (0 secs / 0.722 secs)
[1A[2K[31mChrome 145.0.0.0 (Windows 10) OrderListComponent Template Rendering should render order cards when pedidos has data FAILED[39m
	Expected 0 to be 2.
	    at <Jasmine>
	    at UserContext.apply (src/app/components/pages/order-list/order-list.component.spec.ts:134:32)
	    at UserContext.apply (node_modules/zone.js/fesm2015/zone-testing.js:1702:26)
	    at _ZoneDelegate.invoke (node_modules/zone.js/fesm2015/zone.js:369:28)
	    at ProxyZoneSpec.onInvoke (node_modules/zone.js/fesm2015/zone-testing.js:2081:39)
	TypeError: Cannot read properties of undefined (reading 'query')
	    at UserContext.apply (src/app/components/pages/order-list/order-list.component.spec.ts:137:23)
	    at UserContext.apply (node_modules/zone.js/fesm2015/zone-testing.js:1702:26)
	    at _ZoneDelegate.invoke (node_modules/zone.js/fesm2015/zone.js:369:28)
	    at ProxyZoneSpec.onInvoke (node_modules/zone.js/fesm2015/zone-testing.js:2081:39)
	    at _ZoneDelegate.invoke (node_modules/zone.js/fesm2015/zone.js:368:34)
	    at ZoneImpl.run (node_modules/zone.js/fesm2015/zone.js:111:43)
	    at runInTestZone (node_modules/zone.js/fesm2015/zone-testing.js:216:38)
	    at UserContext.<anonymous> (node_modules/zone.js/fesm2015/zone-testing.js:234:32)
	    at <Jasmine>
Chrome 145.0.0.0 (Windows 10): Executed 21 of 75[31m (6 FAILED)[39m (0 secs / 0.745 secs)
[1A[2K[31mChrome 145.0.0.0 (Windows 10) OrderListComponent Template Rendering should call irAPago when primary action button is clicked FAILED[39m
	TypeError: Cannot read properties of null (reading 'triggerEventHandler')
	    at UserContext.apply (src/app/components/pages/order-list/order-list.component.spec.ts:160:14)
	    at UserContext.apply (node_modules/zone.js/fesm2015/zone-testing.js:1702:26)
	    at _ZoneDelegate.invoke (node_modules/zone.js/fesm2015/zone.js:369:28)
	    at ProxyZoneSpec.onInvoke (node_modules/zone.js/fesm2015/zone-testing.js:2081:39)
	    at _ZoneDelegate.invoke (node_modules/zone.js/fesm2015/zone.js:368:34)
	    at ZoneImpl.run (node_modules/zone.js/fesm2015/zone.js:111:43)
	    at runInTestZone (node_modules/zone.js/fesm2015/zone-testing.js:216:38)
	    at UserContext.<anonymous> (node_modules/zone.js/fesm2015/zone-testing.js:234:32)
	    at <Jasmine>
Chrome 145.0.0.0 (Windows 10): Executed 22 of 75[31m (7 FAILED)[39m (0 secs / 0.758 secs)
[1A[2KChrome 145.0.0.0 (Windows 10): Executed 23 of 75[31m (7 FAILED)[39m (0 secs / 0.763 secs)
[1A[2KChrome 145.0.0.0 (Windows 10): Executed 24 of 75[31m (7 FAILED)[39m (0 secs / 0.806 secs)
[33m27 02 2026 17:57:37.849:WARN [web-server]: [39m404: /_karma_webpack_/assets/icons/dashboard.svg
[33m27 02 2026 17:57:37.850:WARN [web-server]: [39m404: /_karma_webpack_/assets/icons/cuentos.svg
[1A[2K[31mChrome 145.0.0.0 (Windows 10) PagoComponent ngOnInit - Mercado Pago Callback should handle error if confirmarPagoMercadoPago fails FAILED[39m
	TypeError: this.pedidoService.getOrderById is not a function
	    at PagoComponent.call [as ngOnInit] (src/app/components/pages/pago/pago.component.ts:36:24)
	    at callHookInternal (node_modules/@angular/core/fesm2022/core.mjs:5154:14)
	    at callHook (node_modules/@angular/core/fesm2022/core.mjs:5181:13)
	    at callHooks (node_modules/@angular/core/fesm2022/core.mjs:5135:17)
	    at executeInitAndCheckHooks (node_modules/@angular/core/fesm2022/core.mjs:5085:9)
	    at refreshView (node_modules/@angular/core/fesm2022/core.mjs:13792:21)
	    at detectChangesInView (node_modules/@angular/core/fesm2022/core.mjs:13993:9)
	    at detectChangesInViewWhileDirty (node_modules/@angular/core/fesm2022/core.mjs:13688:9)
	    at detectChangesInternal (node_modules/@angular/core/fesm2022/core.mjs:13667:9)
	    at ViewRef$1.detectChanges (node_modules/@angular/core/fesm2022/core.mjs:14297:9)
Chrome 145.0.0.0 (Windows 10): Executed 25 of 75[31m (8 FAILED)[39m (0 secs / 0.842 secs)
[33m27 02 2026 17:57:37.889:WARN [web-server]: [39m404: /_karma_webpack_/assets/icons/pedidos.svg
[33m27 02 2026 17:57:37.891:WARN [web-server]: [39m404: /_karma_webpack_/assets/icons/usuarios.svg
[1A[2K[31mChrome 145.0.0.0 (Windows 10) PagoComponent ngOnInit - Mercado Pago Callback should not call confirmarPagoMercadoPago if no relevant query params are present FAILED[39m
	TypeError: this.pedidoService.getOrderById is not a function
	    at PagoComponent.call [as ngOnInit] (src/app/components/pages/pago/pago.component.ts:36:24)
	    at callHookInternal (node_modules/@angular/core/fesm2022/core.mjs:5154:14)
	    at callHook (node_modules/@angular/core/fesm2022/core.mjs:5181:13)
	    at callHooks (node_modules/@angular/core/fesm2022/core.mjs:5135:17)
	    at executeInitAndCheckHooks (node_modules/@angular/core/fesm2022/core.mjs:5085:9)
	    at refreshView (node_modules/@angular/core/fesm2022/core.mjs:13792:21)
	    at detectChangesInView (node_modules/@angular/core/fesm2022/core.mjs:13993:9)
	    at detectChangesInViewWhileDirty (node_modules/@angular/core/fesm2022/core.mjs:13688:9)
	    at detectChangesInternal (node_modules/@angular/core/fesm2022/core.mjs:13667:9)
	    at ViewRef$1.detectChanges (node_modules/@angular/core/fesm2022/core.mjs:14297:9)
Chrome 145.0.0.0 (Windows 10): Executed 26 of 75[31m (9 FAILED)[39m (0 secs / 0.852 secs)
[33m27 02 2026 17:57:37.898:WARN [web-server]: [39m404: /_karma_webpack_/assets/icons/config.svg
[1A[2K[31mChrome 145.0.0.0 (Windows 10) PagoComponent ngOnInit - Mercado Pago Callback should show info message if payment status is not "approved" but external_reference matches FAILED[39m
	TypeError: this.pedidoService.getOrderById is not a function
	    at PagoComponent.call [as ngOnInit] (src/app/components/pages/pago/pago.component.ts:36:24)
	    at callHookInternal (node_modules/@angular/core/fesm2022/core.mjs:5154:14)
	    at callHook (node_modules/@angular/core/fesm2022/core.mjs:5181:13)
	    at callHooks (node_modules/@angular/core/fesm2022/core.mjs:5135:17)
	    at executeInitAndCheckHooks (node_modules/@angular/core/fesm2022/core.mjs:5085:9)
	    at refreshView (node_modules/@angular/core/fesm2022/core.mjs:13792:21)
	    at detectChangesInView (node_modules/@angular/core/fesm2022/core.mjs:13993:9)
	    at detectChangesInViewWhileDirty (node_modules/@angular/core/fesm2022/core.mjs:13688:9)
	    at detectChangesInternal (node_modules/@angular/core/fesm2022/core.mjs:13667:9)
	    at ViewRef$1.detectChanges (node_modules/@angular/core/fesm2022/core.mjs:14297:9)
Chrome 145.0.0.0 (Windows 10): Executed 27 of 75[31m (10 FAILED)[39m (0 secs / 0.859 secs)
[1A[2K[31mChrome 145.0.0.0 (Windows 10) PagoComponent ngOnInit - Mercado Pago Callback should NOT confirm payment if external_reference does not match pedidoId FAILED[39m
	TypeError: this.pedidoService.getOrderById is not a function
	    at PagoComponent.call [as ngOnInit] (src/app/components/pages/pago/pago.component.ts:36:24)
	    at callHookInternal (node_modules/@angular/core/fesm2022/core.mjs:5154:14)
	    at callHook (node_modules/@angular/core/fesm2022/core.mjs:5181:13)
	    at callHooks (node_modules/@angular/core/fesm2022/core.mjs:5135:17)
	    at executeInitAndCheckHooks (node_modules/@angular/core/fesm2022/core.mjs:5085:9)
	    at refreshView (node_modules/@angular/core/fesm2022/core.mjs:13792:21)
	    at detectChangesInView (node_modules/@angular/core/fesm2022/core.mjs:13993:9)
	    at detectChangesInViewWhileDirty (node_modules/@angular/core/fesm2022/core.mjs:13688:9)
	    at detectChangesInternal (node_modules/@angular/core/fesm2022/core.mjs:13667:9)
	    at ViewRef$1.detectChanges (node_modules/@angular/core/fesm2022/core.mjs:14297:9)
Chrome 145.0.0.0 (Windows 10): Executed 28 of 75[31m (11 FAILED)[39m (0 secs / 0.864 secs)
[1A[2K[31mChrome 145.0.0.0 (Windows 10) PagoComponent ngOnInit - Mercado Pago Callback should NOT confirm payment if collection_status is not "approved" FAILED[39m
	TypeError: this.pedidoService.getOrderById is not a function
	    at PagoComponent.call [as ngOnInit] (src/app/components/pages/pago/pago.component.ts:36:24)
	    at callHookInternal (node_modules/@angular/core/fesm2022/core.mjs:5154:14)
	    at callHook (node_modules/@angular/core/fesm2022/core.mjs:5181:13)
	    at callHooks (node_modules/@angular/core/fesm2022/core.mjs:5135:17)
	    at executeInitAndCheckHooks (node_modules/@angular/core/fesm2022/core.mjs:5085:9)
	    at refreshView (node_modules/@angular/core/fesm2022/core.mjs:13792:21)
	    at detectChangesInView (node_modules/@angular/core/fesm2022/core.mjs:13993:9)
	    at detectChangesInViewWhileDirty (node_modules/@angular/core/fesm2022/core.mjs:13688:9)
	    at detectChangesInternal (node_modules/@angular/core/fesm2022/core.mjs:13667:9)
	    at ViewRef$1.detectChanges (node_modules/@angular/core/fesm2022/core.mjs:14297:9)
Chrome 145.0.0.0 (Windows 10): Executed 29 of 75[31m (12 FAILED)[39m (0 secs / 0.869 secs)
[1A[2K[31mChrome 145.0.0.0 (Windows 10) PagoComponent ngOnInit - Mercado Pago Callback should confirm payment if collection_status is "approved" and external_reference matches pedidoId FAILED[39m
	TypeError: this.pedidoService.getOrderById is not a function
	    at PagoComponent.call [as ngOnInit] (src/app/components/pages/pago/pago.component.ts:36:24)
	    at callHookInternal (node_modules/@angular/core/fesm2022/core.mjs:5154:14)
	    at callHook (node_modules/@angular/core/fesm2022/core.mjs:5181:13)
	    at callHooks (node_modules/@angular/core/fesm2022/core.mjs:5135:17)
	    at executeInitAndCheckHooks (node_modules/@angular/core/fesm2022/core.mjs:5085:9)
	    at refreshView (node_modules/@angular/core/fesm2022/core.mjs:13792:21)
	    at detectChangesInView (node_modules/@angular/core/fesm2022/core.mjs:13993:9)
	    at detectChangesInViewWhileDirty (node_modules/@angular/core/fesm2022/core.mjs:13688:9)
	    at detectChangesInternal (node_modules/@angular/core/fesm2022/core.mjs:13667:9)
	    at ViewRef$1.detectChanges (node_modules/@angular/core/fesm2022/core.mjs:14297:9)
Chrome 145.0.0.0 (Windows 10): Executed 30 of 75[31m (13 FAILED)[39m (0 secs / 0.875 secs)
[1A[2K[31mChrome 145.0.0.0 (Windows 10) PagoComponent pagarConMercadoPagoConfirmado should redirect to the correct Mercado Pago URL FAILED[39m
	TypeError: this.pedidoService.getOrderById is not a function
	    at PagoComponent.call [as ngOnInit] (src/app/components/pages/pago/pago.component.ts:36:24)
	    at callHookInternal (node_modules/@angular/core/fesm2022/core.mjs:5154:14)
	    at callHook (node_modules/@angular/core/fesm2022/core.mjs:5181:13)
	    at callHooks (node_modules/@angular/core/fesm2022/core.mjs:5135:17)
	    at executeInitAndCheckHooks (node_modules/@angular/core/fesm2022/core.mjs:5085:9)
	    at refreshView (node_modules/@angular/core/fesm2022/core.mjs:13792:21)
	    at detectChangesInView (node_modules/@angular/core/fesm2022/core.mjs:13993:9)
	    at detectChangesInViewWhileDirty (node_modules/@angular/core/fesm2022/core.mjs:13688:9)
	    at detectChangesInternal (node_modules/@angular/core/fesm2022/core.mjs:13667:9)
	    at ViewRef$1.detectChanges (node_modules/@angular/core/fesm2022/core.mjs:14297:9)
Chrome 145.0.0.0 (Windows 10): Executed 31 of 75[31m (14 FAILED)[39m (0 secs / 0.879 secs)
[1A[2K[31mChrome 145.0.0.0 (Windows 10) PagoComponent should create FAILED[39m
	TypeError: this.pedidoService.getOrderById is not a function
	    at PagoComponent.call [as ngOnInit] (src/app/components/pages/pago/pago.component.ts:36:24)
	    at callHookInternal (node_modules/@angular/core/fesm2022/core.mjs:5154:14)
	    at callHook (node_modules/@angular/core/fesm2022/core.mjs:5181:13)
	    at callHooks (node_modules/@angular/core/fesm2022/core.mjs:5135:17)
	    at executeInitAndCheckHooks (node_modules/@angular/core/fesm2022/core.mjs:5085:9)
	    at refreshView (node_modules/@angular/core/fesm2022/core.mjs:13792:21)
	    at detectChangesInView (node_modules/@angular/core/fesm2022/core.mjs:13993:9)
	    at detectChangesInViewWhileDirty (node_modules/@angular/core/fesm2022/core.mjs:13688:9)
	    at detectChangesInternal (node_modules/@angular/core/fesm2022/core.mjs:13667:9)
	    at ViewRef$1.detectChanges (node_modules/@angular/core/fesm2022/core.mjs:14297:9)
Chrome 145.0.0.0 (Windows 10): Executed 32 of 75[31m (15 FAILED)[39m (0 secs / 0.884 secs)
[1A[2K[31mChrome 145.0.0.0 (Windows 10) PagoComponent should fetch order status on init FAILED[39m
	TypeError: this.pedidoService.getOrderById is not a function
	    at PagoComponent.call [as ngOnInit] (src/app/components/pages/pago/pago.component.ts:36:24)
	    at callHookInternal (node_modules/@angular/core/fesm2022/core.mjs:5154:14)
	    at callHook (node_modules/@angular/core/fesm2022/core.mjs:5181:13)
	    at callHooks (node_modules/@angular/core/fesm2022/core.mjs:5135:17)
	    at executeInitAndCheckHooks (node_modules/@angular/core/fesm2022/core.mjs:5085:9)
	    at refreshView (node_modules/@angular/core/fesm2022/core.mjs:13792:21)
	    at detectChangesInView (node_modules/@angular/core/fesm2022/core.mjs:13993:9)
	    at detectChangesInViewWhileDirty (node_modules/@angular/core/fesm2022/core.mjs:13688:9)
	    at detectChangesInternal (node_modules/@angular/core/fesm2022/core.mjs:13667:9)
	    at ViewRef$1.detectChanges (node_modules/@angular/core/fesm2022/core.mjs:14297:9)
Chrome 145.0.0.0 (Windows 10): Executed 33 of 75[31m (16 FAILED)[39m (0 secs / 0.887 secs)
[1A[2KChrome 145.0.0.0 (Windows 10): Executed 34 of 75[31m (16 FAILED)[39m (0 secs / 0.903 secs)
[1A[2KChrome 145.0.0.0 (Windows 10): Executed 35 of 75[31m (16 FAILED)[39m (0 secs / 0.914 secs)
[1A[2KChrome 145.0.0.0 (Windows 10): Executed 36 of 75[31m (16 FAILED)[39m (0 secs / 0.931 secs)
[1A[2KChrome 145.0.0.0 (Windows 10): Executed 37 of 75[31m (16 FAILED)[39m (0 secs / 0.967 secs)
[1A[2KChrome 145.0.0.0 (Windows 10): Executed 38 of 75[31m (16 FAILED)[39m (0 secs / 0.972 secs)
[1A[2KChrome 145.0.0.0 (Windows 10): Executed 39 of 75[31m (16 FAILED)[39m (0 secs / 0.988 secs)
[1A[2KChrome 145.0.0.0 (Windows 10): Executed 40 of 75[31m (16 FAILED)[39m (0 secs / 0.992 secs)
[1A[2K[31mChrome 145.0.0.0 (Windows 10) AdminPedidosComponent should open dialog on rechazarPago and call service on confirm FAILED[39m
	TypeError: Cannot read properties of undefined (reading 'subscribe')
	    at AdminPedidosComponent.confirmarRechazo (src/app/components/pages/admin/admin-pedidos/admin-pedidos.component.ts:103:71)
	    at UserContext.apply (src/app/components/pages/admin/admin-pedidos/admin-pedidos.component.spec.ts:38:15)
	    at _ZoneDelegate.invoke (node_modules/zone.js/fesm2015/zone.js:369:28)
	    at ProxyZoneSpec.onInvoke (node_modules/zone.js/fesm2015/zone-testing.js:2081:39)
	    at _ZoneDelegate.invoke (node_modules/zone.js/fesm2015/zone.js:368:34)
	    at ZoneImpl.run (node_modules/zone.js/fesm2015/zone.js:111:43)
	    at runInTestZone (node_modules/zone.js/fesm2015/zone-testing.js:216:38)
	    at UserContext.<anonymous> (node_modules/zone.js/fesm2015/zone-testing.js:234:32)
	    at <Jasmine>
Chrome 145.0.0.0 (Windows 10): Executed 41 of 75[31m (17 FAILED)[39m (0 secs / 0.998 secs)
[1A[2KChrome 145.0.0.0 (Windows 10): Executed 42 of 75[31m (17 FAILED)[39m (0 secs / 1 sec)
[1A[2KChrome 145.0.0.0 (Windows 10): Executed 43 of 75[31m (17 FAILED)[39m (0 secs / 1.002 secs)
[1A[2KChrome 145.0.0.0 (Windows 10): Executed 44 of 75[31m (17 FAILED)[39m (0 secs / 1.038 secs)
[1A[2KChrome 145.0.0.0 (Windows 10): Executed 45 of 75[31m (17 FAILED)[39m (0 secs / 1.041 secs)
[1A[2KChrome 145.0.0.0 (Windows 10): Executed 46 of 75[31m (17 FAILED)[39m (0 secs / 1.043 secs)
[1A[2K[31mChrome 145.0.0.0 (Windows 10) LoginComponent should create FAILED[39m
	Error: NG0304: 'app-form-error' is not a known element (used in the 'LoginComponent' component template):
	1. If 'app-form-error' is an Angular component, then verify that it is included in the '@Component.imports' of this component.
	2. If 'app-form-error' is a Web Component then add 'CUSTOM_ELEMENTS_SCHEMA' to the '@Component.schemas' of this component to suppress this message.
	error properties: Object({ code: 304 })
	    at validateElementIsKnown (node_modules/@angular/core/fesm2022/core.mjs:10533:23)
	    at ╔Á╔ÁelementStart (node_modules/@angular/core/fesm2022/core.mjs:24343:9)
	    at ╔Á╔Áelement (node_modules/@angular/core/fesm2022/core.mjs:24418:5)
	    at templateFn (ng:///LoginComponent.js:36:38)
	    at executeTemplate (node_modules/@angular/core/fesm2022/core.mjs:12159:9)
	    at renderView (node_modules/@angular/core/fesm2022/core.mjs:13366:13)
	    at renderComponent (node_modules/@angular/core/fesm2022/core.mjs:13312:5)
	    at renderChildComponents (node_modules/@angular/core/fesm2022/core.mjs:13414:9)
	    at renderView (node_modules/@angular/core/fesm2022/core.mjs:13394:13)
	    at ComponentFactory.create (node_modules/@angular/core/fesm2022/core.mjs:16768:17)
Chrome 145.0.0.0 (Windows 10): Executed 47 of 75[31m (18 FAILED)[39m (0 secs / 1.057 secs)
[1A[2KChrome 145.0.0.0 (Windows 10): Executed 48 of 75[31m (18 FAILED)[39m (0 secs / 1.106 secs)
[1A[2KChrome 145.0.0.0 (Windows 10): Executed 49 of 75[31m (18 FAILED)[39m (0 secs / 1.114 secs)
[1A[2KChrome 145.0.0.0 (Windows 10): Executed 50 of 75[31m (18 FAILED)[39m (0 secs / 1.131 secs)
[1A[2KChrome 145.0.0.0 (Windows 10): Executed 51 of 75[31m (18 FAILED)[39m (0 secs / 1.14 secs)
[1A[2KChrome 145.0.0.0 (Windows 10): Executed 52 of 75[31m (18 FAILED)[39m (0 secs / 1.143 secs)
[1A[2K[31mChrome 145.0.0.0 (Windows 10) PedidoService getOrderById should handle non-numeric or invalid ID for getOrderById gracefully (compile-time check) FAILED[39m
	Error: Expected one matching request for criteria "Match URL: http://localhost:8080/api/orders/NaN", found none.
	    at HttpClientTestingBackend.expectOne (node_modules/@angular/common/fesm2022/http/testing.mjs:270:19)
	    at UserContext.apply (src/app/services/pedido.service.spec.ts:97:28)
	    at _ZoneDelegate.invoke (node_modules/zone.js/fesm2015/zone.js:369:28)
	    at ProxyZoneSpec.onInvoke (node_modules/zone.js/fesm2015/zone-testing.js:2081:39)
	    at _ZoneDelegate.invoke (node_modules/zone.js/fesm2015/zone.js:368:34)
	    at ZoneImpl.run (node_modules/zone.js/fesm2015/zone.js:111:43)
	    at runInTestZone (node_modules/zone.js/fesm2015/zone-testing.js:216:38)
	    at UserContext.<anonymous> (node_modules/zone.js/fesm2015/zone-testing.js:234:32)
	    at <Jasmine>
Chrome 145.0.0.0 (Windows 10): Executed 53 of 75[31m (19 FAILED)[39m (0 secs / 1.146 secs)
[1A[2KChrome 145.0.0.0 (Windows 10): Executed 54 of 75[31m (19 FAILED)[39m (0 secs / 1.148 secs)
[1A[2KChrome 145.0.0.0 (Windows 10): Executed 55 of 75[31m (19 FAILED)[39m (0 secs / 1.15 secs)
[1A[2KChrome 145.0.0.0 (Windows 10): Executed 56 of 75[31m (19 FAILED)[39m (0 secs / 1.153 secs)
[1A[2KChrome 145.0.0.0 (Windows 10): Executed 57 of 75[31m (19 FAILED)[39m (0 secs / 1.155 secs)
[1A[2KLOG: [36m'Detalle del pedido:', Object{Id: 1, fecha: '2023-01-15T10:00:00Z', nombre: 'Cliente A', correo: 'a@a.com', direccion: 'Dir A', telefono: '123', items: [Object{cuentoId: ..., nombreCuento: ..., imagenUrl: ..., precioUnitario: ..., cantidad: ..., subtotal: ...}, Object{cuentoId: ..., nombreCuento: ..., imagenUrl: ..., precioUnitario: ..., cantidad: ..., subtotal: ...}], total: 40, estado: 'PAGO_PENDIENTE', userId: 1, correoUsuario: 'a@a.com'}[39m
Chrome 145.0.0.0 (Windows 10): Executed 57 of 75[31m (19 FAILED)[39m (0 secs / 1.155 secs)
LOG: 'Detalle del pedido:', Object{Id: 1, fecha: '2023-01-15T10:00:00Z', nombre: 'Cliente A', correo: 'a@a.com', direccion: 'Dir A', telefono: '123', items: [Object{cuentoId: ..., nombreCuento: ..., imagenUrl: ..., precioUnitario: ..., cantidad: ..., subtotal: ...}, Object{cuentoId: ..., nombreCuento: ..., imagenUrl: ..., precioUnitario: ..., cantidad: ..., subtotal: ...}], total: 40, estado: 'PAGO_PENDIENTE', userId: 1, correoUsuario: 'a@a.com'}
[1A[2KLOG: [36m'Detalle del pedido:', Object{Id: 1, fecha: '2023-01-15T10:00:00Z', nombre: 'Cliente A', correo: 'a@a.com', direccion: 'Dir A', telefono: '123', items: [Object{cuentoId: ..., nombreCuento: ..., imagenUrl: ..., precioUnitario: ..., cantidad: ..., subtotal: ...}, Object{cuentoId: ..., nombreCuento: ..., imagenUrl: ..., precioUnitario: ..., cantidad: ..., subtotal: ...}], total: 40, estado: 'PAGO_PENDIENTE', userId: 1, correoUsuario: 'a@a.com'}[39m
Chrome 145.0.0.0 (Windows 10): Executed 57 of 75[31m (19 FAILED)[39m (0 secs / 1.155 secs)
LOG: 'Detalle del pedido:', Object{Id: 1, fecha: '2023-01-15T10:00:00Z', nombre: 'Cliente A', correo: 'a@a.com', direccion: 'Dir A', telefono: '123', items: [Object{cuentoId: ..., nombreCuento: ..., imagenUrl: ..., precioUnitario: ..., cantidad: ..., subtotal: ...}, Object{cuentoId: ..., nombreCuento: ..., imagenUrl: ..., precioUnitario: ..., cantidad: ..., subtotal: ...}], total: 40, estado: 'PAGO_PENDIENTE', userId: 1, correoUsuario: 'a@a.com'}
[1A[2KChrome 145.0.0.0 (Windows 10): Executed 58 of 75[31m (19 FAILED)[39m (0 secs / 1.185 secs)
[1A[2KLOG: [36m'Detalle del pedido:', Object{Id: 1, fecha: '2023-01-15T10:00:00Z', nombre: 'Cliente A', correo: 'a@a.com', direccion: 'Dir A', telefono: '123', items: [Object{cuentoId: ..., nombreCuento: ..., imagenUrl: ..., precioUnitario: ..., cantidad: ..., subtotal: ...}, Object{cuentoId: ..., nombreCuento: ..., imagenUrl: ..., precioUnitario: ..., cantidad: ..., subtotal: ...}], total: 40, estado: 'PAGO_PENDIENTE', userId: 1, correoUsuario: 'a@a.com'}[39m
Chrome 145.0.0.0 (Windows 10): Executed 58 of 75[31m (19 FAILED)[39m (0 secs / 1.185 secs)
LOG: 'Detalle del pedido:', Object{Id: 1, fecha: '2023-01-15T10:00:00Z', nombre: 'Cliente A', correo: 'a@a.com', direccion: 'Dir A', telefono: '123', items: [Object{cuentoId: ..., nombreCuento: ..., imagenUrl: ..., precioUnitario: ..., cantidad: ..., subtotal: ...}, Object{cuentoId: ..., nombreCuento: ..., imagenUrl: ..., precioUnitario: ..., cantidad: ..., subtotal: ...}], total: 40, estado: 'PAGO_PENDIENTE', userId: 1, correoUsuario: 'a@a.com'}
[1A[2KLOG: [36m'Detalle del pedido:', Object{Id: 1, fecha: '2023-01-15T10:00:00Z', nombre: 'Cliente A', correo: 'a@a.com', direccion: 'Dir A', telefono: '123', items: [Object{cuentoId: ..., nombreCuento: ..., imagenUrl: ..., precioUnitario: ..., cantidad: ..., subtotal: ...}, Object{cuentoId: ..., nombreCuento: ..., imagenUrl: ..., precioUnitario: ..., cantidad: ..., subtotal: ...}], total: 40, estado: 'PAGO_PENDIENTE', userId: 1, correoUsuario: 'a@a.com'}[39m
Chrome 145.0.0.0 (Windows 10): Executed 58 of 75[31m (19 FAILED)[39m (0 secs / 1.185 secs)
LOG: 'Detalle del pedido:', Object{Id: 1, fecha: '2023-01-15T10:00:00Z', nombre: 'Cliente A', correo: 'a@a.com', direccion: 'Dir A', telefono: '123', items: [Object{cuentoId: ..., nombreCuento: ..., imagenUrl: ..., precioUnitario: ..., cantidad: ..., subtotal: ...}, Object{cuentoId: ..., nombreCuento: ..., imagenUrl: ..., precioUnitario: ..., cantidad: ..., subtotal: ...}], total: 40, estado: 'PAGO_PENDIENTE', userId: 1, correoUsuario: 'a@a.com'}
[1A[2K[31mChrome 145.0.0.0 (Windows 10) OrderDetailComponent Template Rendering should display "Detalle del Pedido #ID" title FAILED[39m
	Expected 'Detalle del Pedido #1' to contain 'Detalle del Pedido #undefined'.
	    at <Jasmine>
	    at UserContext.apply (src/app/components/pages/order-detail/order-detail.component.spec.ts:154:54)
	    at _ZoneDelegate.invoke (node_modules/zone.js/fesm2015/zone.js:369:28)
	    at ProxyZoneSpec.onInvoke (node_modules/zone.js/fesm2015/zone-testing.js:2081:39)
	    at _ZoneDelegate.invoke (node_modules/zone.js/fesm2015/zone.js:368:34)
Chrome 145.0.0.0 (Windows 10): Executed 59 of 75[31m (20 FAILED)[39m (0 secs / 1.199 secs)
[1A[2KLOG: [36m'Detalle del pedido:', Object{Id: 1, fecha: '2023-01-15T10:00:00Z', nombre: 'Cliente A', correo: 'a@a.com', direccion: 'Dir A', telefono: '123', items: [Object{cuentoId: ..., nombreCuento: ..., imagenUrl: ..., precioUnitario: ..., cantidad: ..., subtotal: ...}, Object{cuentoId: ..., nombreCuento: ..., imagenUrl: ..., precioUnitario: ..., cantidad: ..., subtotal: ...}], total: 40, estado: 'PAGO_PENDIENTE', userId: 1, correoUsuario: 'a@a.com'}[39m
Chrome 145.0.0.0 (Windows 10): Executed 59 of 75[31m (20 FAILED)[39m (0 secs / 1.199 secs)
LOG: 'Detalle del pedido:', Object{Id: 1, fecha: '2023-01-15T10:00:00Z', nombre: 'Cliente A', correo: 'a@a.com', direccion: 'Dir A', telefono: '123', items: [Object{cuentoId: ..., nombreCuento: ..., imagenUrl: ..., precioUnitario: ..., cantidad: ..., subtotal: ...}, Object{cuentoId: ..., nombreCuento: ..., imagenUrl: ..., precioUnitario: ..., cantidad: ..., subtotal: ...}], total: 40, estado: 'PAGO_PENDIENTE', userId: 1, correoUsuario: 'a@a.com'}
[1A[2KLOG: [36m'Detalle del pedido:', Object{Id: 1, fecha: '2023-01-15T10:00:00Z', nombre: 'Cliente A', correo: 'a@a.com', direccion: 'Dir A', telefono: '123', items: [Object{cuentoId: ..., nombreCuento: ..., imagenUrl: ..., precioUnitario: ..., cantidad: ..., subtotal: ...}, Object{cuentoId: ..., nombreCuento: ..., imagenUrl: ..., precioUnitario: ..., cantidad: ..., subtotal: ...}], total: 40, estado: 'PAGO_PENDIENTE', userId: 1, correoUsuario: 'a@a.com'}[39m
Chrome 145.0.0.0 (Windows 10): Executed 59 of 75[31m (20 FAILED)[39m (0 secs / 1.199 secs)
LOG: 'Detalle del pedido:', Object{Id: 1, fecha: '2023-01-15T10:00:00Z', nombre: 'Cliente A', correo: 'a@a.com', direccion: 'Dir A', telefono: '123', items: [Object{cuentoId: ..., nombreCuento: ..., imagenUrl: ..., precioUnitario: ..., cantidad: ..., subtotal: ...}, Object{cuentoId: ..., nombreCuento: ..., imagenUrl: ..., precioUnitario: ..., cantidad: ..., subtotal: ...}], total: 40, estado: 'PAGO_PENDIENTE', userId: 1, correoUsuario: 'a@a.com'}
[1A[2KChrome 145.0.0.0 (Windows 10): Executed 60 of 75[31m (20 FAILED)[39m (0 secs / 1.205 secs)
[1A[2KLOG: [36m'Detalle del pedido:', Object{Id: 1, fecha: '2023-01-15T10:00:00Z', nombre: 'Cliente A', correo: 'a@a.com', direccion: 'Dir A', telefono: '123', items: [Object{cuentoId: ..., nombreCuento: ..., imagenUrl: ..., precioUnitario: ..., cantidad: ..., subtotal: ...}, Object{cuentoId: ..., nombreCuento: ..., imagenUrl: ..., precioUnitario: ..., cantidad: ..., subtotal: ...}], total: 40, estado: 'PAGO_PENDIENTE', userId: 1, correoUsuario: 'a@a.com'}[39m
Chrome 145.0.0.0 (Windows 10): Executed 60 of 75[31m (20 FAILED)[39m (0 secs / 1.205 secs)
LOG: 'Detalle del pedido:', Object{Id: 1, fecha: '2023-01-15T10:00:00Z', nombre: 'Cliente A', correo: 'a@a.com', direccion: 'Dir A', telefono: '123', items: [Object{cuentoId: ..., nombreCuento: ..., imagenUrl: ..., precioUnitario: ..., cantidad: ..., subtotal: ...}, Object{cuentoId: ..., nombreCuento: ..., imagenUrl: ..., precioUnitario: ..., cantidad: ..., subtotal: ...}], total: 40, estado: 'PAGO_PENDIENTE', userId: 1, correoUsuario: 'a@a.com'}
[1A[2KLOG: [36m'Detalle del pedido:', Object{Id: 1, fecha: '2023-01-15T10:00:00Z', nombre: 'Cliente A', correo: 'a@a.com', direccion: 'Dir A', telefono: '123', items: [Object{cuentoId: ..., nombreCuento: ..., imagenUrl: ..., precioUnitario: ..., cantidad: ..., subtotal: ...}, Object{cuentoId: ..., nombreCuento: ..., imagenUrl: ..., precioUnitario: ..., cantidad: ..., subtotal: ...}], total: 40, estado: 'PAGO_PENDIENTE', userId: 1, correoUsuario: 'a@a.com'}[39m
Chrome 145.0.0.0 (Windows 10): Executed 60 of 75[31m (20 FAILED)[39m (0 secs / 1.205 secs)
LOG: 'Detalle del pedido:', Object{Id: 1, fecha: '2023-01-15T10:00:00Z', nombre: 'Cliente A', correo: 'a@a.com', direccion: 'Dir A', telefono: '123', items: [Object{cuentoId: ..., nombreCuento: ..., imagenUrl: ..., precioUnitario: ..., cantidad: ..., subtotal: ...}, Object{cuentoId: ..., nombreCuento: ..., imagenUrl: ..., precioUnitario: ..., cantidad: ..., subtotal: ...}], total: 40, estado: 'PAGO_PENDIENTE', userId: 1, correoUsuario: 'a@a.com'}
[1A[2K[31mChrome 145.0.0.0 (Windows 10) OrderDetailComponent Template Rendering should display general order information FAILED[39m
	Expected 'ID del Pedido: 1Fecha: 15/01/2023 05:00Estado:PAGO_PENDIENTENombre: Cliente ACorreo: a@a.comDirecci├│n: Dir ATel├®fono: 123Total del Pedido:$40.00' to contain 'ID del Pedido: undefined'.
	    at <Jasmine>
	    at UserContext.apply (src/app/components/pages/order-detail/order-detail.component.spec.ts:159:50)
	    at _ZoneDelegate.invoke (node_modules/zone.js/fesm2015/zone.js:369:28)
	    at ProxyZoneSpec.onInvoke (node_modules/zone.js/fesm2015/zone-testing.js:2081:39)
	    at _ZoneDelegate.invoke (node_modules/zone.js/fesm2015/zone.js:368:34)
	Expected 'ID del Pedido: 1Fecha: 15/01/2023 05:00Estado:PAGO_PENDIENTENombre: Cliente ACorreo: a@a.comDirecci├│n: Dir ATel├®fono: 123Total del Pedido:$40.00' to contain 'Estado: PAGO_PENDIENTE'.
	    at <Jasmine>
	    at UserContext.apply (src/app/components/pages/order-detail/order-detail.component.spec.ts:161:50)
	    at _ZoneDelegate.invoke (node_modules/zone.js/fesm2015/zone.js:369:28)
	    at ProxyZoneSpec.onInvoke (node_modules/zone.js/fesm2015/zone-testing.js:2081:39)
	    at _ZoneDelegate.invoke (node_modules/zone.js/fesm2015/zone.js:368:34)
Chrome 145.0.0.0 (Windows 10): Executed 61 of 75[31m (21 FAILED)[39m (0 secs / 1.212 secs)
[1A[2KLOG: [36m'Detalle del pedido:', Object{Id: 1, fecha: '2023-01-15T10:00:00Z', nombre: 'Cliente A', correo: 'a@a.com', direccion: 'Dir A', telefono: '123', items: [Object{cuentoId: ..., nombreCuento: ..., imagenUrl: ..., precioUnitario: ..., cantidad: ..., subtotal: ...}, Object{cuentoId: ..., nombreCuento: ..., imagenUrl: ..., precioUnitario: ..., cantidad: ..., subtotal: ...}], total: 40, estado: 'PAGO_PENDIENTE', userId: 1, correoUsuario: 'a@a.com'}[39m
Chrome 145.0.0.0 (Windows 10): Executed 61 of 75[31m (21 FAILED)[39m (0 secs / 1.212 secs)
LOG: 'Detalle del pedido:', Object{Id: 1, fecha: '2023-01-15T10:00:00Z', nombre: 'Cliente A', correo: 'a@a.com', direccion: 'Dir A', telefono: '123', items: [Object{cuentoId: ..., nombreCuento: ..., imagenUrl: ..., precioUnitario: ..., cantidad: ..., subtotal: ...}, Object{cuentoId: ..., nombreCuento: ..., imagenUrl: ..., precioUnitario: ..., cantidad: ..., subtotal: ...}], total: 40, estado: 'PAGO_PENDIENTE', userId: 1, correoUsuario: 'a@a.com'}
[1A[2KLOG: [36m'Detalle del pedido:', Object{Id: 1, fecha: '2023-01-15T10:00:00Z', nombre: 'Cliente A', correo: 'a@a.com', direccion: 'Dir A', telefono: '123', items: [Object{cuentoId: ..., nombreCuento: ..., imagenUrl: ..., precioUnitario: ..., cantidad: ..., subtotal: ...}, Object{cuentoId: ..., nombreCuento: ..., imagenUrl: ..., precioUnitario: ..., cantidad: ..., subtotal: ...}], total: 40, estado: 'PAGO_PENDIENTE', userId: 1, correoUsuario: 'a@a.com'}[39m
Chrome 145.0.0.0 (Windows 10): Executed 61 of 75[31m (21 FAILED)[39m (0 secs / 1.212 secs)
LOG: 'Detalle del pedido:', Object{Id: 1, fecha: '2023-01-15T10:00:00Z', nombre: 'Cliente A', correo: 'a@a.com', direccion: 'Dir A', telefono: '123', items: [Object{cuentoId: ..., nombreCuento: ..., imagenUrl: ..., precioUnitario: ..., cantidad: ..., subtotal: ...}, Object{cuentoId: ..., nombreCuento: ..., imagenUrl: ..., precioUnitario: ..., cantidad: ..., subtotal: ...}], total: 40, estado: 'PAGO_PENDIENTE', userId: 1, correoUsuario: 'a@a.com'}
[1A[2KChrome 145.0.0.0 (Windows 10): Executed 62 of 75[31m (21 FAILED)[39m (0 secs / 1.218 secs)
[1A[2KLOG: [36m'Detalle del pedido:', Object{Id: 1, fecha: '2023-01-15T10:00:00Z', nombre: 'Cliente A', correo: 'a@a.com', direccion: 'Dir A', telefono: '123', items: [Object{cuentoId: ..., nombreCuento: ..., imagenUrl: ..., precioUnitario: ..., cantidad: ..., subtotal: ...}, Object{cuentoId: ..., nombreCuento: ..., imagenUrl: ..., precioUnitario: ..., cantidad: ..., subtotal: ...}], total: 40, estado: 'PAGO_PENDIENTE', userId: 1, correoUsuario: 'a@a.com'}[39m
Chrome 145.0.0.0 (Windows 10): Executed 62 of 75[31m (21 FAILED)[39m (0 secs / 1.218 secs)
LOG: 'Detalle del pedido:', Object{Id: 1, fecha: '2023-01-15T10:00:00Z', nombre: 'Cliente A', correo: 'a@a.com', direccion: 'Dir A', telefono: '123', items: [Object{cuentoId: ..., nombreCuento: ..., imagenUrl: ..., precioUnitario: ..., cantidad: ..., subtotal: ...}, Object{cuentoId: ..., nombreCuento: ..., imagenUrl: ..., precioUnitario: ..., cantidad: ..., subtotal: ...}], total: 40, estado: 'PAGO_PENDIENTE', userId: 1, correoUsuario: 'a@a.com'}
[1A[2KLOG: [36m'Detalle del pedido:', Object{Id: 1, fecha: '2023-01-15T10:00:00Z', nombre: 'Cliente A', correo: 'a@a.com', direccion: 'Dir A', telefono: '123', items: [Object{cuentoId: ..., nombreCuento: ..., imagenUrl: ..., precioUnitario: ..., cantidad: ..., subtotal: ...}, Object{cuentoId: ..., nombreCuento: ..., imagenUrl: ..., precioUnitario: ..., cantidad: ..., subtotal: ...}], total: 40, estado: 'PAGO_PENDIENTE', userId: 1, correoUsuario: 'a@a.com'}[39m
Chrome 145.0.0.0 (Windows 10): Executed 62 of 75[31m (21 FAILED)[39m (0 secs / 1.218 secs)
LOG: 'Detalle del pedido:', Object{Id: 1, fecha: '2023-01-15T10:00:00Z', nombre: 'Cliente A', correo: 'a@a.com', direccion: 'Dir A', telefono: '123', items: [Object{cuentoId: ..., nombreCuento: ..., imagenUrl: ..., precioUnitario: ..., cantidad: ..., subtotal: ...}, Object{cuentoId: ..., nombreCuento: ..., imagenUrl: ..., precioUnitario: ..., cantidad: ..., subtotal: ...}], total: 40, estado: 'PAGO_PENDIENTE', userId: 1, correoUsuario: 'a@a.com'}
[1A[2KChrome 145.0.0.0 (Windows 10): Executed 63 of 75[31m (21 FAILED)[39m (0 secs / 1.226 secs)
[1A[2KLOG: [36m'Detalle del pedido:', Object{Id: 1, fecha: '2023-01-15T10:00:00Z', nombre: 'Cliente A', correo: 'a@a.com', direccion: 'Dir A', telefono: '123', items: [Object{cuentoId: ..., nombreCuento: ..., imagenUrl: ..., precioUnitario: ..., cantidad: ..., subtotal: ...}, Object{cuentoId: ..., nombreCuento: ..., imagenUrl: ..., precioUnitario: ..., cantidad: ..., subtotal: ...}], total: 40, estado: 'PAGO_PENDIENTE', userId: 1, correoUsuario: 'a@a.com'}[39m
Chrome 145.0.0.0 (Windows 10): Executed 63 of 75[31m (21 FAILED)[39m (0 secs / 1.226 secs)
LOG: 'Detalle del pedido:', Object{Id: 1, fecha: '2023-01-15T10:00:00Z', nombre: 'Cliente A', correo: 'a@a.com', direccion: 'Dir A', telefono: '123', items: [Object{cuentoId: ..., nombreCuento: ..., imagenUrl: ..., precioUnitario: ..., cantidad: ..., subtotal: ...}, Object{cuentoId: ..., nombreCuento: ..., imagenUrl: ..., precioUnitario: ..., cantidad: ..., subtotal: ...}], total: 40, estado: 'PAGO_PENDIENTE', userId: 1, correoUsuario: 'a@a.com'}
[1A[2KLOG: [36m'Detalle del pedido:', Object{Id: 1, fecha: '2023-01-15T10:00:00Z', nombre: 'Cliente A', correo: 'a@a.com', direccion: 'Dir A', telefono: '123', items: [Object{cuentoId: ..., nombreCuento: ..., imagenUrl: ..., precioUnitario: ..., cantidad: ..., subtotal: ...}, Object{cuentoId: ..., nombreCuento: ..., imagenUrl: ..., precioUnitario: ..., cantidad: ..., subtotal: ...}], total: 40, estado: 'PAGO_PENDIENTE', userId: 1, correoUsuario: 'a@a.com'}[39m
Chrome 145.0.0.0 (Windows 10): Executed 63 of 75[31m (21 FAILED)[39m (0 secs / 1.226 secs)
LOG: 'Detalle del pedido:', Object{Id: 1, fecha: '2023-01-15T10:00:00Z', nombre: 'Cliente A', correo: 'a@a.com', direccion: 'Dir A', telefono: '123', items: [Object{cuentoId: ..., nombreCuento: ..., imagenUrl: ..., precioUnitario: ..., cantidad: ..., subtotal: ...}, Object{cuentoId: ..., nombreCuento: ..., imagenUrl: ..., precioUnitario: ..., cantidad: ..., subtotal: ...}], total: 40, estado: 'PAGO_PENDIENTE', userId: 1, correoUsuario: 'a@a.com'}
[1A[2KChrome 145.0.0.0 (Windows 10): Executed 64 of 75[31m (21 FAILED)[39m (0 secs / 1.232 secs)
[1A[2K[31mChrome 145.0.0.0 (Windows 10) OrderDetailComponent pagarAhora should log a message and show a toast FAILED[39m
	Expected spy log to have been called with:
	  [ 'Intento de pago para el pedido:', undefined ]
	but actual calls were:
	  [ 'Intento de pago para el pedido:', 1 ].
	
	Call 0:
	  Expected $[1] = 1 to equal undefined.
	Error: Expected spy log to have been called with:
	  [ 'Intento de pago para el pedido:', undefined ]
	but actual calls were:
	  [ 'Intento de pago para el pedido:', 1 ].
	Call 0:
	  Expected $[1] = 1 to equal undefined.
	    at <Jasmine>
	    at UserContext.apply (src/app/components/pages/order-detail/order-detail.component.spec.ts:120:27)
	    at _ZoneDelegate.invoke (node_modules/zone.js/fesm2015/zone.js:369:28)
	    at ProxyZoneSpec.onInvoke (node_modules/zone.js/fesm2015/zone-testing.js:2081:39)
	    at _ZoneDelegate.invoke (node_modules/zone.js/fesm2015/zone.js:368:34)
Chrome 145.0.0.0 (Windows 10): Executed 65 of 75[31m (22 FAILED)[39m (0 secs / 1.236 secs)
[1A[2KChrome 145.0.0.0 (Windows 10): Executed 66 of 75[31m (22 FAILED)[39m (0 secs / 1.24 secs)
[1A[2KLOG: [36m'Detalle del pedido:', Object{Id: 1, fecha: '2023-01-15T10:00:00Z', nombre: 'Cliente A', correo: 'a@a.com', direccion: 'Dir A', telefono: '123', items: [Object{cuentoId: ..., nombreCuento: ..., imagenUrl: ..., precioUnitario: ..., cantidad: ..., subtotal: ...}, Object{cuentoId: ..., nombreCuento: ..., imagenUrl: ..., precioUnitario: ..., cantidad: ..., subtotal: ...}], total: 40, estado: 'PAGO_PENDIENTE', userId: 1, correoUsuario: 'a@a.com'}[39m
Chrome 145.0.0.0 (Windows 10): Executed 66 of 75[31m (22 FAILED)[39m (0 secs / 1.24 secs)
LOG: 'Detalle del pedido:', Object{Id: 1, fecha: '2023-01-15T10:00:00Z', nombre: 'Cliente A', correo: 'a@a.com', direccion: 'Dir A', telefono: '123', items: [Object{cuentoId: ..., nombreCuento: ..., imagenUrl: ..., precioUnitario: ..., cantidad: ..., subtotal: ...}, Object{cuentoId: ..., nombreCuento: ..., imagenUrl: ..., precioUnitario: ..., cantidad: ..., subtotal: ...}], total: 40, estado: 'PAGO_PENDIENTE', userId: 1, correoUsuario: 'a@a.com'}
[1A[2KChrome 145.0.0.0 (Windows 10): Executed 67 of 75[31m (22 FAILED)[39m (0 secs / 1.246 secs)
[1A[2KLOG: [36m'Detalle del pedido:', Object{Id: 1, fecha: '2023-01-15T10:00:00Z', nombre: 'Cliente A', correo: 'a@a.com', direccion: 'Dir A', telefono: '123', items: [Object{cuentoId: ..., nombreCuento: ..., imagenUrl: ..., precioUnitario: ..., cantidad: ..., subtotal: ...}, Object{cuentoId: ..., nombreCuento: ..., imagenUrl: ..., precioUnitario: ..., cantidad: ..., subtotal: ...}], total: 40, estado: 'PAGO_PENDIENTE', userId: 1, correoUsuario: 'a@a.com'}[39m
Chrome 145.0.0.0 (Windows 10): Executed 67 of 75[31m (22 FAILED)[39m (0 secs / 1.246 secs)
LOG: 'Detalle del pedido:', Object{Id: 1, fecha: '2023-01-15T10:00:00Z', nombre: 'Cliente A', correo: 'a@a.com', direccion: 'Dir A', telefono: '123', items: [Object{cuentoId: ..., nombreCuento: ..., imagenUrl: ..., precioUnitario: ..., cantidad: ..., subtotal: ...}, Object{cuentoId: ..., nombreCuento: ..., imagenUrl: ..., precioUnitario: ..., cantidad: ..., subtotal: ...}], total: 40, estado: 'PAGO_PENDIENTE', userId: 1, correoUsuario: 'a@a.com'}
[1A[2KChrome 145.0.0.0 (Windows 10): Executed 68 of 75[31m (22 FAILED)[39m (0 secs / 1.25 secs)
[1A[2KERROR: [36m'Error fetching order details:', Object{status: 404, message: 'Not Found'}[39m
Chrome 145.0.0.0 (Windows 10): Executed 68 of 75[31m (22 FAILED)[39m (0 secs / 1.25 secs)
ERROR: 'Error fetching order details:', Object{status: 404, message: 'Not Found'}
[1A[2K[31mChrome 145.0.0.0 (Windows 10) OrderDetailComponent ngOnInit should set errorMensaje and isLoading to false if service call fails FAILED[39m
	Expected null to be undefined.
	    at <Jasmine>
	    at UserContext.apply (src/app/components/pages/order-detail/order-detail.component.spec.ts:95:32)
	    at UserContext.apply (node_modules/zone.js/fesm2015/zone-testing.js:1702:26)
	    at _ZoneDelegate.invoke (node_modules/zone.js/fesm2015/zone.js:369:28)
	    at ProxyZoneSpec.onInvoke (node_modules/zone.js/fesm2015/zone-testing.js:2081:39)
Chrome 145.0.0.0 (Windows 10): Executed 69 of 75[31m (23 FAILED)[39m (0 secs / 1.273 secs)
[1A[2KChrome 145.0.0.0 (Windows 10): Executed 70 of 75[31m (23 FAILED)[39m (0 secs / 1.277 secs)
[1A[2KChrome 145.0.0.0 (Windows 10): Executed 71 of 75[31m (23 FAILED)[39m (0 secs / 1.279 secs)
[1A[2KChrome 145.0.0.0 (Windows 10): Executed 72 of 75[31m (23 FAILED)[39m (0 secs / 1.283 secs)
[1A[2KChrome 145.0.0.0 (Windows 10): Executed 73 of 75[31m (23 FAILED)[39m (0 secs / 1.288 secs)
[1A[2KChrome 145.0.0.0 (Windows 10): Executed 74 of 75[31m (23 FAILED)[39m (0 secs / 1.291 secs)
[1A[2K[31mChrome 145.0.0.0 (Windows 10) OrderDetailComponent isPagoPendiente should return true if estado is PENDIENTE (case insensitive) FAILED[39m
	Expected false to be true.
	    at <Jasmine>
	    at UserContext.apply (src/app/components/pages/order-detail/order-detail.component.spec.ts:132:43)
	    at _ZoneDelegate.invoke (node_modules/zone.js/fesm2015/zone.js:369:28)
	    at ProxyZoneSpec.onInvoke (node_modules/zone.js/fesm2015/zone-testing.js:2081:39)
	    at _ZoneDelegate.invoke (node_modules/zone.js/fesm2015/zone.js:368:34)
Chrome 145.0.0.0 (Windows 10): Executed 75 of 75[31m (24 FAILED)[39m (0 secs / 1.295 secs)
[1A[2KChrome 145.0.0.0 (Windows 10): Executed 75 of 75[31m (24 FAILED)[39m (1.391 secs / 1.295 secs)
[31mTOTAL: 24 FAILED, 51 SUCCESS[39m
ÔêÜ Browser application bundle generation complete.
ÔêÜ Browser application bundle generation complete.
Chrome 145.0.0.0 (Windows 10): Executed 0 of 75[32m SUCCESS[39m (0 secs / 0 secs)
[1A[2KChrome 145.0.0.0 (Windows 10): Executed 1 of 75[32m SUCCESS[39m (0 secs / 0.337 secs)
[1A[2KChrome 145.0.0.0 (Windows 10): Executed 2 of 75[32m SUCCESS[39m (0 secs / 0.385 secs)
[1A[2K[31mChrome 145.0.0.0 (Windows 10) LoginComponent should create FAILED[39m
	Error: NG0304: 'app-form-error' is not a known element (used in the 'LoginComponent' component template):
	1. If 'app-form-error' is an Angular component, then verify that it is included in the '@Component.imports' of this component.
	2. If 'app-form-error' is a Web Component then add 'CUSTOM_ELEMENTS_SCHEMA' to the '@Component.schemas' of this component to suppress this message.
	error properties: Object({ code: 304 })
	    at validateElementIsKnown (node_modules/@angular/core/fesm2022/core.mjs:10533:23)
	    at ╔Á╔ÁelementStart (node_modules/@angular/core/fesm2022/core.mjs:24343:9)
	    at ╔Á╔Áelement (node_modules/@angular/core/fesm2022/core.mjs:24418:5)
	    at templateFn (ng:///LoginComponent.js:36:38)
	    at executeTemplate (node_modules/@angular/core/fesm2022/core.mjs:12159:9)
	    at renderView (node_modules/@angular/core/fesm2022/core.mjs:13366:13)
	    at renderComponent (node_modules/@angular/core/fesm2022/core.mjs:13312:5)
	    at renderChildComponents (node_modules/@angular/core/fesm2022/core.mjs:13414:9)
	    at renderView (node_modules/@angular/core/fesm2022/core.mjs:13394:13)
	    at ComponentFactory.create (node_modules/@angular/core/fesm2022/core.mjs:16768:17)
Chrome 145.0.0.0 (Windows 10): Executed 3 of 75[31m (1 FAILED)[39m (0 secs / 0.43 secs)
[1A[2KChrome 145.0.0.0 (Windows 10): Executed 4 of 75[31m (1 FAILED)[39m (0 secs / 0.524 secs)
[1A[2KChrome 145.0.0.0 (Windows 10): Executed 5 of 75[31m (1 FAILED)[39m (0 secs / 0.565 secs)
[1A[2KChrome 145.0.0.0 (Windows 10): Executed 6 of 75[31m (1 FAILED)[39m (0 secs / 0.569 secs)
[1A[2KChrome 145.0.0.0 (Windows 10): Executed 7 of 75[31m (1 FAILED)[39m (0 secs / 0.577 secs)
[1A[2KChrome 145.0.0.0 (Windows 10): Executed 8 of 75[31m (1 FAILED)[39m (0 secs / 0.58 secs)
[1A[2KChrome 145.0.0.0 (Windows 10): Executed 9 of 75[31m (1 FAILED)[39m (0 secs / 0.606 secs)
[1A[2KChrome 145.0.0.0 (Windows 10): Executed 10 of 75[31m (1 FAILED)[39m (0 secs / 0.621 secs)
[1A[2KChrome 145.0.0.0 (Windows 10): Executed 11 of 75[31m (1 FAILED)[39m (0 secs / 0.627 secs)
[1A[2KChrome 145.0.0.0 (Windows 10): Executed 12 of 75[31m (1 FAILED)[39m (0 secs / 0.721 secs)
[1A[2KChrome 145.0.0.0 (Windows 10): Executed 13 of 75[31m (1 FAILED)[39m (0 secs / 0.867 secs)
[1A[2KChrome 145.0.0.0 (Windows 10): Executed 14 of 75[31m (1 FAILED)[39m (0 secs / 0.904 secs)
[1A[2KChrome 145.0.0.0 (Windows 10): Executed 15 of 75[31m (1 FAILED)[39m (0 secs / 0.946 secs)
[1A[2KChrome 145.0.0.0 (Windows 10): Executed 16 of 75[31m (1 FAILED)[39m (0 secs / 0.948 secs)
[1A[2KChrome 145.0.0.0 (Windows 10): Executed 17 of 75[31m (1 FAILED)[39m (0 secs / 0.95 secs)
[1A[2KChrome 145.0.0.0 (Windows 10): Executed 18 of 75[31m (1 FAILED)[39m (0 secs / 0.952 secs)
[1A[2KChrome 145.0.0.0 (Windows 10): Executed 19 of 75[31m (1 FAILED)[39m (0 secs / 0.954 secs)
[1A[2KChrome 145.0.0.0 (Windows 10): Executed 20 of 75[31m (1 FAILED)[39m (0 secs / 0.989 secs)
[1A[2KChrome 145.0.0.0 (Windows 10): Executed 21 of 75[31m (1 FAILED)[39m (0 secs / 0.995 secs)
[1A[2KChrome 145.0.0.0 (Windows 10): Executed 22 of 75[31m (1 FAILED)[39m (0 secs / 1 sec)
[1A[2K[31mChrome 145.0.0.0 (Windows 10) AdminPedidosComponent should open dialog on rechazarPago and call service on confirm FAILED[39m
	TypeError: Cannot read properties of undefined (reading 'subscribe')
	    at AdminPedidosComponent.confirmarRechazo (src/app/components/pages/admin/admin-pedidos/admin-pedidos.component.ts:103:71)
	    at UserContext.apply (src/app/components/pages/admin/admin-pedidos/admin-pedidos.component.spec.ts:38:15)
	    at _ZoneDelegate.invoke (node_modules/zone.js/fesm2015/zone.js:369:28)
	    at ProxyZoneSpec.onInvoke (node_modules/zone.js/fesm2015/zone-testing.js:2081:39)
	    at _ZoneDelegate.invoke (node_modules/zone.js/fesm2015/zone.js:368:34)
	    at ZoneImpl.run (node_modules/zone.js/fesm2015/zone.js:111:43)
	    at runInTestZone (node_modules/zone.js/fesm2015/zone-testing.js:216:38)
	    at UserContext.<anonymous> (node_modules/zone.js/fesm2015/zone-testing.js:234:32)
	    at <Jasmine>
Chrome 145.0.0.0 (Windows 10): Executed 23 of 75[31m (2 FAILED)[39m (0 secs / 1.006 secs)
[1A[2KChrome 145.0.0.0 (Windows 10): Executed 24 of 75[31m (2 FAILED)[39m (0 secs / 1.011 secs)
[1A[2KChrome 145.0.0.0 (Windows 10): Executed 25 of 75[31m (2 FAILED)[39m (0 secs / 1.029 secs)
[1A[2KChrome 145.0.0.0 (Windows 10): Executed 26 of 75[31m (2 FAILED)[39m (0 secs / 1.033 secs)
[1A[2K[31mChrome 145.0.0.0 (Windows 10) ERROR[39m
  Some of your tests did a full page reload!
Chrome 145.0.0.0 (Windows 10): Executed 26 of 75[31m (2 FAILED)[39m[31m ERROR[39m (0 secs / 1.033 secs)
Chrome 145.0.0.0 (Windows 10) ERROR
  Some of your tests did a full page reload!
[1A[2KChrome 145.0.0.0 (Windows 10): Executed 26 of 75[31m (2 FAILED)[39m[31m ERROR[39m (1.139 secs / 1.033 secs)
ÔêÜ Browser application bundle generation complete.
[33m27 02 2026 17:58:28.271:WARN [Chrome 145.0.0.0 (Windows 10)]: [39mDisconnected (0 times) , because no message in 30000 ms.
[31mChrome 145.0.0.0 (Windows 10) ERROR[39m
  Disconnected , because no message in 30000 ms.

Chrome 145.0.0.0 (Windows 10) ERROR
  Disconnected , because no message in 30000 ms.

[91m27 02 2026 18:01:01.617:ERROR [launcher]: [39mChrome crashed.
	[37168:2388:0227/161113.525:ERROR:google_apis\gcm\engine\registration_request.cc:290] Registration response error message: PHONE_REGISTRATION_ERROR
[37168:2388:0227/161113.530:ERROR:google_apis\gcm\engine\registration_request.cc:290] Registration response error message: PHONE_REGISTRATION_ERROR
[37168:2388:0227/161113.530:ERROR:google_apis\gcm\engine\registration_request.cc:290] Registration response error message: PHONE_REGISTRATION_ERROR
[37168:2388:0227/161113.863:ERROR:google_apis\gcm\engine\mcs_client.cc:700]   Error code: 401  Error message: Authentication Failed: wrong_secret
[37168:2388:0227/161113.863:ERROR:google_apis\gcm\engine\mcs_client.cc:702] Failed to log in to GCM, resetting connection.
Created TensorFlow Lite XNNPACK delegate for CPU.
[37168:2388:0227/161143.117:ERROR:google_apis\gcm\engine\registration_request.cc:290] Registration response error message: DEPRECATED_ENDPOINT
[37168:2388:0227/161233.144:ERROR:google_apis\gcm\engine\registration_request.cc:290] Registration response error message: DEPRECATED_ENDPOINT
[37168:2388:0227/161407.856:ERROR:google_apis\gcm\engine\registration_request.cc:290] Registration response error message: DEPRECATED_ENDPOINT
[37168:2388:0227/161742.671:ERROR:google_apis\gcm\engine\registration_request.cc:290] Registration response error message: DEPRECATED_ENDPOINT
[37168:2388:0227/162532.264:ERROR:google_apis\gcm\engine\registration_request.cc:290] Registration response error message: DEPRECATED_ENDPOINT
[37168:33652:0227/172847.030:ERROR:components\device_event_log\device_event_log_impl.cc:202] [17:28:47.031] USB: usb_service_win.cc:105 SetupDiGetDeviceProperty({{A45C254E-DF1C-4EFD-8020-67D146A850E0}, 6}) failed: No se ha encontrado el elemento. (0x490)
[37168:33652:0227/174452.491:ERROR:components\device_event_log\device_event_log_impl.cc:202] [17:44:52.487] USB: usb_service_win.cc:105 SetupDiGetDeviceProperty({{A45C254E-DF1C-4EFD-8020-67D146A850E0}, 6}) failed: No se ha encontrado el elemento. (0x490)

[91m27 02 2026 18:01:01.618:ERROR [launcher]: [39mChrome stdout: 
[91m27 02 2026 18:01:01.618:ERROR [launcher]: [39mChrome stderr: [37168:2388:0227/161113.525:ERROR:google_apis\gcm\engine\registration_request.cc:290] Registration response error message: PHONE_REGISTRATION_ERROR
[37168:2388:0227/161113.530:ERROR:google_apis\gcm\engine\registration_request.cc:290] Registration response error message: PHONE_REGISTRATION_ERROR
[37168:2388:0227/161113.530:ERROR:google_apis\gcm\engine\registration_request.cc:290] Registration response error message: PHONE_REGISTRATION_ERROR
[37168:2388:0227/161113.863:ERROR:google_apis\gcm\engine\mcs_client.cc:700]   Error code: 401  Error message: Authentication Failed: wrong_secret
[37168:2388:0227/161113.863:ERROR:google_apis\gcm\engine\mcs_client.cc:702] Failed to log in to GCM, resetting connection.
Created TensorFlow Lite XNNPACK delegate for CPU.
[37168:2388:0227/161143.117:ERROR:google_apis\gcm\engine\registration_request.cc:290] Registration response error message: DEPRECATED_ENDPOINT
[37168:2388:0227/161233.144:ERROR:google_apis\gcm\engine\registration_request.cc:290] Registration response error message: DEPRECATED_ENDPOINT
[37168:2388:0227/161407.856:ERROR:google_apis\gcm\engine\registration_request.cc:290] Registration response error message: DEPRECATED_ENDPOINT
[37168:2388:0227/161742.671:ERROR:google_apis\gcm\engine\registration_request.cc:290] Registration response error message: DEPRECATED_ENDPOINT
[37168:2388:0227/162532.264:ERROR:google_apis\gcm\engine\registration_request.cc:290] Registration response error message: DEPRECATED_ENDPOINT
[37168:33652:0227/172847.030:ERROR:components\device_event_log\device_event_log_impl.cc:202] [17:28:47.031] USB: usb_service_win.cc:105 SetupDiGetDeviceProperty({{A45C254E-DF1C-4EFD-8020-67D146A850E0}, 6}) failed: No se ha encontrado el elemento. (0x490)
[37168:33652:0227/174452.491:ERROR:components\device_event_log\device_event_log_impl.cc:202] [17:44:52.487] USB: usb_service_win.cc:105 SetupDiGetDeviceProperty({{A45C254E-DF1C-4EFD-8020-67D146A850E0}, 6}) failed: No se ha encontrado el elemento. (0x490)

